=== Job info ===
Case: murr_horiz
Solver: gamg
Scale: h2
Degree: 1
Nodes: 2
CPUs: 208
Date: Fri Aug 21 23:20:48 AEST 2026
G-ADOPT commit: 3ab20fabc820d68b6d1f820b80149bc8e452a7f4
Morrow commit: b153bd39bb0aa4da6fa4255ec076a2a14fc030fc
Driver SHA256: f5182d7d32b0293d79ef7050bbc979798d87c378f1525fe27f283ad0b4e5ba41
Solver SHA256: 0fae5ccb0c585016f61e4feecd9cd967f5a8c692c278ca3772963440bddc11b7
Firedrake module: singularity:intel-compiler-llvm/2024.2.1:petsc/main-20260815:firedrake/main-20260806
PETSC_OPTIONS: -log_view :/scratch/xd2/sg8812/morrow2026/parallel_scaling/results/murr_horiz/gamg/h2.profile
================
Could not save font_manager cache Lock error: Matplotlib failed to acquire the following lock file:
    /jobfs/176973764.gadi-pbs/matplotlib/fontlist-v3.11.0.json.matplotlib-lock
This maybe due to another process holding this lock file.  If you are sure no
other Matplotlib process is running, remove this file and try again.
Could not save font_manager cache Lock error: Matplotlib failed to acquire the following lock file:
    /jobfs/176973764.gadi-pbs/matplotlib/fontlist-v3.11.0.json.matplotlib-lock
This maybe due to another process holding this lock file.  If you are sure no
other Matplotlib process is running, remove this file and try again.
Could not save font_manager cache Lock error: Matplotlib failed to acquire the following lock file:
    /jobfs/176973764.gadi-pbs/matplotlib/fontlist-v3.11.0.json.matplotlib-lock
This maybe due to another process holding this lock file.  If you are sure no
other Matplotlib process is running, remove this file and try again.
Could not save font_manager cache Lock error: Matplotlib failed to acquire the following lock file:
    /jobfs/176973764.gadi-pbs/matplotlib/fontlist-v3.11.0.json.matplotlib-lock
This maybe due to another process holding this lock file.  If you are sure no
other Matplotlib process is running, remove this file and try again.
Could not save font_manager cache Lock error: Matplotlib failed to acquire the following lock file:
    /jobfs/176973764.gadi-pbs/matplotlib/fontlist-v3.11.0.json.matplotlib-lock
This maybe due to another process holding this lock file.  If you are sure no
other Matplotlib process is running, remove this file and try again.
Could not save font_manager cache Lock error: Matplotlib failed to acquire the following lock file:
    /jobfs/176973764.gadi-pbs/matplotlib/fontlist-v3.11.0.json.matplotlib-lock
This maybe due to another process holding this lock file.  If you are sure no
other Matplotlib process is running, remove this file and try again.
Could not save font_manager cache Lock error: Matplotlib failed to acquire the following lock file:
    /jobfs/176973764.gadi-pbs/matplotlib/fontlist-v3.11.0.json.matplotlib-lock
This maybe due to another process holding this lock file.  If you are sure no
other Matplotlib process is running, remove this file and try again.
Could not save font_manager cache Lock error: Matplotlib failed to acquire the following lock file:
    /jobfs/176973764.gadi-pbs/matplotlib/fontlist-v3.11.0.json.matplotlib-lock
This maybe due to another process holding this lock file.  If you are sure no
other Matplotlib process is running, remove this file and try again.
Could not save font_manager cache Lock error: Matplotlib failed to acquire the following lock file:
    /jobfs/176973764.gadi-pbs/matplotlib/fontlist-v3.11.0.json.matplotlib-lock
This maybe due to another process holding this lock file.  If you are sure no
other Matplotlib process is running, remove this file and try again.
Could not save font_manager cache Lock error: Matplotlib failed to acquire the following lock file:
    /jobfs/176973764.gadi-pbs/matplotlib/fontlist-v3.11.0.json.matplotlib-lock
This maybe due to another process holding this lock file.  If you are sure no
other Matplotlib process is running, remove this file and try again.
Could not save font_manager cache Lock error: Matplotlib failed to acquire the following lock file:
    /jobfs/176973764.gadi-pbs/matplotlib/fontlist-v3.11.0.json.matplotlib-lock
This maybe due to another process holding this lock file.  If you are sure no
other Matplotlib process is running, remove this file and try again.
Could not save font_manager cache Lock error: Matplotlib failed to acquire the following lock file:
    /jobfs/176973764.gadi-pbs/matplotlib/fontlist-v3.11.0.json.matplotlib-lock
This maybe due to another process holding this lock file.  If you are sure no
other Matplotlib process is running, remove this file and try again.
Could not save font_manager cache Lock error: Matplotlib failed to acquire the following lock file:
    /jobfs/176973764.gadi-pbs/matplotlib/fontlist-v3.11.0.json.matplotlib-lock
This maybe due to another process holding this lock file.  If you are sure no
other Matplotlib process is running, remove this file and try again.
Could not save font_manager cache Lock error: Matplotlib failed to acquire the following lock file:
    /jobfs/176973764.gadi-pbs/matplotlib/fontlist-v3.11.0.json.matplotlib-lock
This maybe due to another process holding this lock file.  If you are sure no
other Matplotlib process is running, remove this file and try again.
Could not save font_manager cache Lock error: Matplotlib failed to acquire the following lock file:
    /jobfs/176973764.gadi-pbs/matplotlib/fontlist-v3.11.0.json.matplotlib-lock
This maybe due to another process holding this lock file.  If you are sure no
other Matplotlib process is running, remove this file and try again.
Could not save font_manager cache Lock error: Matplotlib failed to acquire the following lock file:
    /jobfs/176973764.gadi-pbs/matplotlib/fontlist-v3.11.0.json.matplotlib-lock
This maybe due to another process holding this lock file.  If you are sure no
other Matplotlib process is running, remove this file and try again.
Could not save font_manager cache Lock error: Matplotlib failed to acquire the following lock file:
    /jobfs/176973764.gadi-pbs/matplotlib/fontlist-v3.11.0.json.matplotlib-lock
This maybe due to another process holding this lock file.  If you are sure no
other Matplotlib process is running, remove this file and try again.
Could not save font_manager cache Lock error: Matplotlib failed to acquire the following lock file:
    /jobfs/176973764.gadi-pbs/matplotlib/fontlist-v3.11.0.json.matplotlib-lock
This maybe due to another process holding this lock file.  If you are sure no
other Matplotlib process is running, remove this file and try again.
Could not save font_manager cache Lock error: Matplotlib failed to acquire the following lock file:
    /jobfs/176973764.gadi-pbs/matplotlib/fontlist-v3.11.0.json.matplotlib-lock
This maybe due to another process holding this lock file.  If you are sure no
other Matplotlib process is running, remove this file and try again.
Could not save font_manager cache Lock error: Matplotlib failed to acquire the following lock file:
    /jobfs/176973764.gadi-pbs/matplotlib/fontlist-v3.11.0.json.matplotlib-lock
This maybe due to another process holding this lock file.  If you are sure no
other Matplotlib process is running, remove this file and try again.
Number of degrees of freedom: 81964800
Horizontal resolution: 1250.0 m, Layers: 300, DG1
Time stepper: BackwardEuler, dt_init = 60.0 s, dt_max = 43200.0 s, growth = 1.5
Solver: gamg
Solver parameters: {'ksp_type': 'gmres', 'ksp_pc_side': 'right', 'ksp_rtol': 0.0001, 'ksp_max_it': 200, 'ksp_gmres_restart': 30, 'pc_type': 'gamg', 'pc_gamg_type': 'agg', 'pc_gamg_threshold': 0.02, 'pc_gamg_aggressive_coarsening': 1, 'pc_gamg_coarse_eq_limit': 1000, 'pc_gamg_process_eq_limit': 50, 'pc_gamg_agg_nsmooths': 1, 'pc_gamg_reuse_interpolation': True, 'mg_levels_ksp_type': 'chebyshev', 'mg_levels_ksp_max_it': 2, 'mg_levels_ksp_convergence_test': 'skip', 'mg_levels_pc_type': 'bjacobi', 'mg_levels_sub_pc_type': 'ilu', 'mg_levels_sub_pc_factor_levels': 0, 'mg_coarse_ksp_type': 'gmres', 'mg_coarse_ksp_max_it': 30, 'mg_coarse_pc_type': 'bjacobi', 'mg_coarse_sub_pc_type': 'ilu', 'snes_type': 'newtonls', 'snes_linesearch_type': 'bt', 'snes_rtol': 1e-08, 'snes_atol': 1e-12, 'snes_stol': 1e-08, 'snes_max_it': 50}
[1787318847.722297] [gadi-cpu-spr-0222:484406:0]           ib_md.c:349  UCX  ERROR ibv_reg_mr(address=0x149ec2da71a0, length=25939712, access=0xf) failed: Cannot allocate memory
[1787318847.741046] [gadi-cpu-spr-0222:484406:0]          ucp_mm.c:153  UCX  ERROR failed to register address 0x149ec2da71a0 mem_type bit 0x1 length 25939704 on md[4]=mlx5_0: Input/output error (md reg_mem_types 0x1)
[1787318847.741060] [gadi-cpu-spr-0222:484406:0]     ucp_request.c:501  UCX  ERROR failed to register user buffer datatype 0x8 address 0x149ec2da71a0 len 25939704: Input/output error
[1787318847.764108] [gadi-cpu-spr-0222:484394:0]           ib_md.c:349  UCX  ERROR ibv_reg_mr(address=0x14aa821f3e20, length=12717216, access=0xf) failed: Cannot allocate memory
[gadi-cpu-spr-0222:484406:0:484406]        rndv.c:485  Assertion `status == UCS_OK' failed
[1787318847.935637] [gadi-cpu-spr-0222:484394:0]          ucp_mm.c:153  UCX  ERROR failed to register address 0x14aa821f3e2c mem_type bit 0x1 length 12717192 on md[4]=mlx5_0: Input/output error (md reg_mem_types 0x1)
[1787318847.935664] [gadi-cpu-spr-0222:484394:0]     ucp_request.c:501  UCX  ERROR failed to register user buffer datatype 0x8 address 0x14aa821f3e2c len 12717192: Input/output error
[gadi-cpu-spr-0222:484394:0:484394]        rndv.c:485  Assertion `status == UCS_OK' failed
[1787318848.005748] [gadi-cpu-spr-0222:484407:0]           ib_md.c:349  UCX  ERROR ibv_reg_mr(address=0x146345214190, length=35385648, access=0xf) failed: Cannot allocate memory
--------------------------------------------------------------------------
Primary job  terminated normally, but 1 process returned
a non-zero exit code. Per user-direction, the job has been aborted.
--------------------------------------------------------------------------
[1787318848.246370] [gadi-cpu-spr-0222:484407:0]          ucp_mm.c:153  UCX  ERROR failed to register address 0x146345214198 mem_type bit 0x1 length 35385640 on md[4]=mlx5_0: Input/output error (md reg_mem_types 0x1)
[1787318848.246404] [gadi-cpu-spr-0222:484407:0]     ucp_request.c:501  UCX  ERROR failed to register user buffer datatype 0x8 address 0x146345214198 len 35385640: Input/output error
[gadi-cpu-spr-0222:484407:0:484407]        rndv.c:485  Assertion `status == UCS_OK' failed
[1787318848.792212] [gadi-cpu-spr-0222:484364:0]        mm_xpmem.c:161  UCX  ERROR   failed to attach xpmem apid 0x20007640c offset 0x146ba5a5b000 length 117538816: No such file or directory
[1787318848.792217] [gadi-cpu-spr-0222:484361:0]        mm_xpmem.c:161  UCX  ERROR   failed to attach xpmem apid 0x6800076409 offset 0x146baca72000 length 91049984: No such file or directory
[1787318848.792223] [gadi-cpu-spr-0222:484365:0]        mm_xpmem.c:161  UCX  ERROR   failed to attach xpmem apid 0x640007640d offset 0x146bb906f000 length 64847872: No such file or directory
[1787318848.861653] [gadi-cpu-spr-0222:484364:0]        ucp_rkey.c:418  UCX  ERROR   failed to unpack remote key from remote md[7]: Input/output error
[1787318848.861634] [gadi-cpu-spr-0222:484365:0]        ucp_rkey.c:418  UCX  ERROR   failed to unpack remote key from remote md[7]: Input/output error
[1787318848.861682] [gadi-cpu-spr-0222:484361:0]        ucp_rkey.c:418  UCX  ERROR   failed to unpack remote key from remote md[7]: Input/output error
[gadi-cpu-spr-0222:484364:0:484364]        rndv.c:1350 Fatal: failed to unpack rendezvous remote key received from <no debug data>: Input/output error
[gadi-cpu-spr-0222:484361:0:484361]        rndv.c:1350 Fatal: failed to unpack rendezvous remote key received from <no debug data>: Input/output error
[gadi-cpu-spr-0222:484365:0:484365]        rndv.c:1350 Fatal: failed to unpack rendezvous remote key received from <no debug data>: Input/output error
[1787318849.173567] [gadi-cpu-spr-0222:484363:0]        mm_xpmem.c:161  UCX  ERROR   failed to attach xpmem apid 0x670007640b offset 0x146bb2146000 length 24944640: No such file or directory
[1787318849.200745] [gadi-cpu-spr-0222:484363:0]        ucp_rkey.c:418  UCX  ERROR   failed to unpack remote key from remote md[7]: Input/output error
[gadi-cpu-spr-0222:484363:0:484363]        rndv.c:1350 Fatal: failed to unpack rendezvous remote key received from <no debug data>: Input/output error
--------------------------------------------------------------------------
mpiexec noticed that process rank 137 with PID 484362 on node gadi-cpu-spr-0222 exited on signal 9 (Killed).
--------------------------------------------------------------------------

======================================================================================
                  Resource Usage on 2026-08-21 23:27:42:
   Job Id:             176973764.gadi-pbs
   Project:            xd2
   Exit Status:        137 (Linux Signal 9 SIGKILL Kill, unblockable)
   Service Units:      47.61
   NCPUs Requested:    208                 CPU Time Used: 22:20:24        
   Memory Requested:   1000.0GB              Memory Used: 966.99GB        
   Walltime Requested: 06:00:00            Walltime Used: 00:06:52        
   JobFS Requested:    400.0GB                JobFS Used: 44.41MB         
======================================================================================
