=== Job info ===
Case: murr_strong
Solver: vlumping_inexact
Scale: s1
Degree: 1
Nodes: 1
CPUs: 104
Date: Thu Aug 20 23:38:47 AEST 2026
G-ADOPT commit: 7c88d823542349b5dfe272e69a23d79b8aca9c31
Morrow commit: 689b192257f4e1d4dab5c673542ac05744e76260
Driver SHA256: f5182d7d32b0293d79ef7050bbc979798d87c378f1525fe27f283ad0b4e5ba41
Solver SHA256: 2c1fea77947017c55672dcd44946714325fc140dbeed0a6c51d73a54a02904f3
Firedrake module: singularity:intel-compiler-llvm/2024.2.1:petsc/main-20260815:firedrake/main-20260806
PETSC_OPTIONS: -log_view :/scratch/xd2/sg8812/morrow2026/parallel_scaling/results/murr_strong/vlumping_inexact/s1.profile -BackwardEuler-Equation_lumped_pc_mg_log
================
Number of degrees of freedom: 322912800
Horizontal resolution: 620.0 m, Layers: 300, DG1
Time stepper: BackwardEuler, dt_init = 60.0 s, dt_max = 43200.0 s, growth = 1.5
Solver: vlumping_inexact
Solver parameters: {'mat_type': 'aij', 'ksp_type': 'fgmres', 'snes_linesearch_type': 'bt', 'ksp_rtol': 0.0001, 'ksp_max_it': 200, 'ksp_gmres_restart': 30, 'pc_type': 'python', 'pc_python_type': 'gadopt.VerticallyLumpedPC', 'lumped_mg_levels_ksp_type': 'chebyshev', 'lumped_mg_levels_ksp_max_it': 2, 'lumped_mg_levels_ksp_convergence_test': 'skip', 'lumped_mg_levels_pc_type': 'bjacobi', 'lumped_mg_levels_sub_pc_type': 'ilu', 'lumped_mg_levels_sub_pc_factor_levels': 0, 'lumped_mg_coarse_ksp_type': 'preonly', 'lumped_mg_coarse_pc_type': 'lu', 'lumped_mg_coarse_pc_factor_mat_solver_type': 'mumps', 'snes_type': 'newtonls', 'snes_rtol': 1e-08, 'snes_atol': 1e-12, 'snes_stol': 1e-08, 'snes_max_it': 50}
--------------------------------------------------------------------------
Primary job  terminated normally, but 1 process returned
a non-zero exit code. Per user-direction, the job has been aborted.
--------------------------------------------------------------------------
--------------------------------------------------------------------------
mpiexec noticed that process rank 26 with PID 0 on node gadi-cpu-spr-0278 exited on signal 9 (Killed).
--------------------------------------------------------------------------

======================================================================================
                  Resource Usage on 2026-08-20 23:41:33:
   Job Id:             176848325.gadi-pbs
   Project:            xd2
   Exit Status:        137 (Linux Signal 9 SIGKILL Kill, unblockable)
   Service Units:      9.48
   NCPUs Requested:    104                 CPU Time Used: 03:51:58        
   Memory Requested:   500.0GB               Memory Used: 493.64GB        
   Walltime Requested: 06:00:00            Walltime Used: 00:02:44        
   JobFS Requested:    400.0GB                JobFS Used: 985.19MB        
======================================================================================
