=== Job info ===
Case: murr_strong
Solver: vlumping_inexact
Scale: s32
Degree: 1
Nodes: 32
CPUs: 3328
Date: Thu Aug 20 23:28:44 AEST 2026
G-ADOPT commit: 7c88d823542349b5dfe272e69a23d79b8aca9c31
Morrow commit: 689b192257f4e1d4dab5c673542ac05744e76260
Driver SHA256: f5182d7d32b0293d79ef7050bbc979798d87c378f1525fe27f283ad0b4e5ba41
Solver SHA256: 2c1fea77947017c55672dcd44946714325fc140dbeed0a6c51d73a54a02904f3
Firedrake module: singularity:intel-compiler-llvm/2024.2.1:petsc/main-20260815:firedrake/main-20260806
PETSC_OPTIONS: -log_view :/scratch/xd2/sg8812/morrow2026/parallel_scaling/results/murr_strong/vlumping_inexact/s32.profile -BackwardEuler-Equation_lumped_pc_mg_log
================
Could not save font_manager cache Lock error: Matplotlib failed to acquire the following lock file:
    /jobfs/176848330.gadi-pbs/matplotlib/fontlist-v3.11.0.json.matplotlib-lock
This maybe due to another process holding this lock file.  If you are sure no
other Matplotlib process is running, remove this file and try again.
Could not save font_manager cache Lock error: Matplotlib failed to acquire the following lock file:
    /jobfs/176848330.gadi-pbs/matplotlib/fontlist-v3.11.0.json.matplotlib-lock
This maybe due to another process holding this lock file.  If you are sure no
other Matplotlib process is running, remove this file and try again.
Could not save font_manager cache Lock error: Matplotlib failed to acquire the following lock file:
    /jobfs/176848330.gadi-pbs/matplotlib/fontlist-v3.11.0.json.matplotlib-lock
This maybe due to another process holding this lock file.  If you are sure no
other Matplotlib process is running, remove this file and try again.
Number of degrees of freedom: 322912800
Horizontal resolution: 620.0 m, Layers: 300, DG1
Time stepper: BackwardEuler, dt_init = 60.0 s, dt_max = 43200.0 s, growth = 1.5
Solver: vlumping_inexact
Solver parameters: {'mat_type': 'aij', 'ksp_type': 'fgmres', 'snes_linesearch_type': 'bt', 'ksp_rtol': 0.0001, 'ksp_max_it': 200, 'ksp_gmres_restart': 30, 'pc_type': 'python', 'pc_python_type': 'gadopt.VerticallyLumpedPC', 'lumped_mg_levels_ksp_type': 'chebyshev', 'lumped_mg_levels_ksp_max_it': 2, 'lumped_mg_levels_ksp_convergence_test': 'skip', 'lumped_mg_levels_pc_type': 'bjacobi', 'lumped_mg_levels_sub_pc_type': 'ilu', 'lumped_mg_levels_sub_pc_factor_levels': 0, 'lumped_mg_coarse_ksp_type': 'preonly', 'lumped_mg_coarse_pc_type': 'lu', 'lumped_mg_coarse_pc_factor_mat_solver_type': 'mumps', 'snes_type': 'newtonls', 'snes_rtol': 1e-08, 'snes_atol': 1e-12, 'snes_stol': 1e-08, 'snes_max_it': 50}

======================================================================================
                  Resource Usage on 2026-08-21 05:29:33:
   Job Id:             176848330.gadi-pbs
   Project:            xd2
   Exit Status:        -29 (Job failed due to exceeding walltime)
   Service Units:      40024.75
   NCPUs Requested:    3328                CPU Time Used: 19994:20:35     
   Memory Requested:   15.62TB               Memory Used: 2.54TB          
   Walltime Requested: 06:00:00            Walltime Used: 06:00:48        
   JobFS Requested:    400.0GB                JobFS Used: 993.52MB        
======================================================================================
