=== Job info ===
Case: murrumbidgee
Solver: qn_gmg
Scale: sweep
Nodes: 1
CPUs: 48
Date: Wed Apr 15 10:54:27 AEST 2026
================
Number of degrees of freedom: 1209600
Horizontal resolution: 5000.0 m, Layers: 50, DG1
Time stepper: BackwardEuler, dt = 43200.0 s, steps = 20
Solver: qn_gmg
Solver parameters: {'snes_type': 'qn', 'snes_rtol': 1e-08, 'snes_atol': 1e-08, 'snes_max_it': 50, 'snes_qn_type': 'lbfgs', 'snes_qn_m': 10, 'snes_qn_restart_type': 'powell', 'snes_qn_powell_gamma': 0.9999, 'snes_qn_scale_type': 'jacobian', 'snes_linesearch_type': 'cp', 'snes_linesearch_order': 3, 'ksp_type': 'fgmres', 'ksp_rtol': 1e-06, 'ksp_max_it': 200, 'ksp_gmres_restart': 30, 'pc_type': 'mg', 'pc_mg_cycle_type': 'v', 'mg_levels_ksp_type': 'chebyshev', 'mg_levels_ksp_max_it': 1, 'mg_levels_ksp_convergence_test': 'skip', 'mg_levels_pc_type': 'bjacobi', 'mg_levels_sub_pc_type': 'ilu', 'mg_levels_sub_pc_factor_levels': 0, 'mg_coarse_ksp_type': 'gmres', 'mg_coarse_ksp_max_it': 30, 'mg_coarse_pc_type': 'bjacobi', 'mg_coarse_sub_pc_type': 'ilu'}
  0 SNES Function norm 1.253090912296e+08
    Linear BackwardEuler-Equation_ solve converged due to CONVERGED_RTOL iterations 7
  1 SNES Function norm 1.050956337497e+08
    Linear BackwardEuler-Equation_ solve converged due to CONVERGED_RTOL iterations 9
  2 SNES Function norm 9.416147311453e+09
    Linear BackwardEuler-Equation_ solve converged due to CONVERGED_RTOL iterations 11
  3 SNES Function norm 7.222874576052e+10
    Linear BackwardEuler-Equation_ solve did not converge due to DIVERGED_ITS iterations 200
  4 SNES Function norm 7.199292015077e+10
    Linear BackwardEuler-Equation_ solve did not converge due to DIVERGED_ITS iterations 200
  5 SNES Function norm 7.202026793475e+10
    Linear BackwardEuler-Equation_ solve did not converge due to DIVERGED_ITS iterations 200
  6 SNES Function norm 1.694821458229e+11
    Linear BackwardEuler-Equation_ solve did not converge due to DIVERGED_ITS iterations 200
  7 SNES Function norm 1.694310063900e+11
    Linear BackwardEuler-Equation_ solve did not converge due to DIVERGED_ITS iterations 200
  8 SNES Function norm 1.694408086630e+11
    Linear BackwardEuler-Equation_ solve did not converge due to DIVERGED_ITS iterations 200
  9 SNES Function norm 1.756346826857e+11
    Linear BackwardEuler-Equation_ solve did not converge due to DIVERGED_ITS iterations 200
 10 SNES Function norm 1.755846673445e+11
    Linear BackwardEuler-Equation_ solve did not converge due to DIVERGED_ITS iterations 200
 11 SNES Function norm 1.830022808583e+11
    Linear BackwardEuler-Equation_ solve did not converge due to DIVERGED_ITS iterations 200
 12 SNES Function norm 1.794413475256e+11
    Linear BackwardEuler-Equation_ solve did not converge due to DIVERGED_ITS iterations 200
 13 SNES Function norm 1.797569253952e+11
    Linear BackwardEuler-Equation_ solve did not converge due to DIVERGED_ITS iterations 200
 14 SNES Function norm 1.805711349414e+11
    Linear BackwardEuler-Equation_ solve did not converge due to DIVERGED_ITS iterations 200
 15 SNES Function norm 1.805176338717e+11
    Linear BackwardEuler-Equation_ solve did not converge due to DIVERGED_ITS iterations 200
 16 SNES Function norm 1.799416142140e+11
    Linear BackwardEuler-Equation_ solve did not converge due to DIVERGED_ITS iterations 200
 17 SNES Function norm 1.796533577852e+11
    Linear BackwardEuler-Equation_ solve did not converge due to DIVERGED_ITS iterations 200
 18 SNES Function norm 5.030417156454e+14
  Nonlinear BackwardEuler-Equation_ solve did not converge due to DIVERGED_DTOL iterations 18
Traceback (most recent call last):
  File "/scratch/xd2/sg8812/g-adopt-worktrees/sghelichkhani/richardson/tests/parallel_scaling_richards/murrumbidgee_3d.py", line 284, in <module>
Traceback (most recent call last):
  File "/scratch/xd2/sg8812/g-adopt-worktrees/sghelichkhani/richardson/tests/parallel_scaling_richards/murrumbidgee_3d.py", line 284, in <module>
Traceback (most recent call last):
  File "/scratch/xd2/sg8812/g-adopt-worktrees/sghelichkhani/richardson/tests/parallel_scaling_richards/murrumbidgee_3d.py", line 284, in <module>
Traceback (most recent call last):
  File "/scratch/xd2/sg8812/g-adopt-worktrees/sghelichkhani/richardson/tests/parallel_scaling_richards/murrumbidgee_3d.py", line 284, in <module>
Traceback (most recent call last):
  File "/scratch/xd2/sg8812/g-adopt-worktrees/sghelichkhani/richardson/tests/parallel_scaling_richards/murrumbidgee_3d.py", line 284, in <module>
Traceback (most recent call last):
  File "/scratch/xd2/sg8812/g-adopt-worktrees/sghelichkhani/richardson/tests/parallel_scaling_richards/murrumbidgee_3d.py", line 284, in <module>
Traceback (most recent call last):
  File "/scratch/xd2/sg8812/g-adopt-worktrees/sghelichkhani/richardson/tests/parallel_scaling_richards/murrumbidgee_3d.py", line 284, in <module>
Traceback (most recent call last):
  File "/scratch/xd2/sg8812/g-adopt-worktrees/sghelichkhani/richardson/tests/parallel_scaling_richards/murrumbidgee_3d.py", line 284, in <module>
Traceback (most recent call last):
  File "/scratch/xd2/sg8812/g-adopt-worktrees/sghelichkhani/richardson/tests/parallel_scaling_richards/murrumbidgee_3d.py", line 284, in <module>
Traceback (most recent call last):
  File "/scratch/xd2/sg8812/g-adopt-worktrees/sghelichkhani/richardson/tests/parallel_scaling_richards/murrumbidgee_3d.py", line 284, in <module>
Traceback (most recent call last):
  File "/scratch/xd2/sg8812/g-adopt-worktrees/sghelichkhani/richardson/tests/parallel_scaling_richards/murrumbidgee_3d.py", line 284, in <module>
Traceback (most recent call last):
  File "/scratch/xd2/sg8812/g-adopt-worktrees/sghelichkhani/richardson/tests/parallel_scaling_richards/murrumbidgee_3d.py", line 284, in <module>
Traceback (most recent call last):
  File "/scratch/xd2/sg8812/g-adopt-worktrees/sghelichkhani/richardson/tests/parallel_scaling_richards/murrumbidgee_3d.py", line 284, in <module>
Traceback (most recent call last):
  File "/scratch/xd2/sg8812/g-adopt-worktrees/sghelichkhani/richardson/tests/parallel_scaling_richards/murrumbidgee_3d.py", line 284, in <module>
Traceback (most recent call last):
  File "/scratch/xd2/sg8812/g-adopt-worktrees/sghelichkhani/richardson/tests/parallel_scaling_richards/murrumbidgee_3d.py", line 284, in <module>
Traceback (most recent call last):
  File "/scratch/xd2/sg8812/g-adopt-worktrees/sghelichkhani/richardson/tests/parallel_scaling_richards/murrumbidgee_3d.py", line 284, in <module>
Traceback (most recent call last):
  File "/scratch/xd2/sg8812/g-adopt-worktrees/sghelichkhani/richardson/tests/parallel_scaling_richards/murrumbidgee_3d.py", line 284, in <module>
Traceback (most recent call last):
  File "/scratch/xd2/sg8812/g-adopt-worktrees/sghelichkhani/richardson/tests/parallel_scaling_richards/murrumbidgee_3d.py", line 284, in <module>
Traceback (most recent call last):
  File "/scratch/xd2/sg8812/g-adopt-worktrees/sghelichkhani/richardson/tests/parallel_scaling_richards/murrumbidgee_3d.py", line 284, in <module>
Traceback (most recent call last):
  File "/scratch/xd2/sg8812/g-adopt-worktrees/sghelichkhani/richardson/tests/parallel_scaling_richards/murrumbidgee_3d.py", line 284, in <module>
Traceback (most recent call last):
  File "/scratch/xd2/sg8812/g-adopt-worktrees/sghelichkhani/richardson/tests/parallel_scaling_richards/murrumbidgee_3d.py", line 284, in <module>
Traceback (most recent call last):
  File "/scratch/xd2/sg8812/g-adopt-worktrees/sghelichkhani/richardson/tests/parallel_scaling_richards/murrumbidgee_3d.py", line 284, in <module>
Traceback (most recent call last):
  File "/scratch/xd2/sg8812/g-adopt-worktrees/sghelichkhani/richardson/tests/parallel_scaling_richards/murrumbidgee_3d.py", line 284, in <module>
Traceback (most recent call last):
  File "/scratch/xd2/sg8812/g-adopt-worktrees/sghelichkhani/richardson/tests/parallel_scaling_richards/murrumbidgee_3d.py", line 284, in <module>
Traceback (most recent call last):
  File "/scratch/xd2/sg8812/g-adopt-worktrees/sghelichkhani/richardson/tests/parallel_scaling_richards/murrumbidgee_3d.py", line 284, in <module>
Traceback (most recent call last):
  File "/scratch/xd2/sg8812/g-adopt-worktrees/sghelichkhani/richardson/tests/parallel_scaling_richards/murrumbidgee_3d.py", line 284, in <module>
Traceback (most recent call last):
  File "/scratch/xd2/sg8812/g-adopt-worktrees/sghelichkhani/richardson/tests/parallel_scaling_richards/murrumbidgee_3d.py", line 284, in <module>
Traceback (most recent call last):
  File "/scratch/xd2/sg8812/g-adopt-worktrees/sghelichkhani/richardson/tests/parallel_scaling_richards/murrumbidgee_3d.py", line 284, in <module>
Traceback (most recent call last):
  File "/scratch/xd2/sg8812/g-adopt-worktrees/sghelichkhani/richardson/tests/parallel_scaling_richards/murrumbidgee_3d.py", line 284, in <module>
Traceback (most recent call last):
  File "/scratch/xd2/sg8812/g-adopt-worktrees/sghelichkhani/richardson/tests/parallel_scaling_richards/murrumbidgee_3d.py", line 284, in <module>
Traceback (most recent call last):
  File "/scratch/xd2/sg8812/g-adopt-worktrees/sghelichkhani/richardson/tests/parallel_scaling_richards/murrumbidgee_3d.py", line 284, in <module>
Traceback (most recent call last):
  File "/scratch/xd2/sg8812/g-adopt-worktrees/sghelichkhani/richardson/tests/parallel_scaling_richards/murrumbidgee_3d.py", line 284, in <module>
Traceback (most recent call last):
  File "/scratch/xd2/sg8812/g-adopt-worktrees/sghelichkhani/richardson/tests/parallel_scaling_richards/murrumbidgee_3d.py", line 284, in <module>
Traceback (most recent call last):
  File "/scratch/xd2/sg8812/g-adopt-worktrees/sghelichkhani/richardson/tests/parallel_scaling_richards/murrumbidgee_3d.py", line 284, in <module>
Traceback (most recent call last):
  File "/scratch/xd2/sg8812/g-adopt-worktrees/sghelichkhani/richardson/tests/parallel_scaling_richards/murrumbidgee_3d.py", line 284, in <module>
Traceback (most recent call last):
  File "/scratch/xd2/sg8812/g-adopt-worktrees/sghelichkhani/richardson/tests/parallel_scaling_richards/murrumbidgee_3d.py", line 284, in <module>
Traceback (most recent call last):
  File "/scratch/xd2/sg8812/g-adopt-worktrees/sghelichkhani/richardson/tests/parallel_scaling_richards/murrumbidgee_3d.py", line 284, in <module>
Traceback (most recent call last):
  File "/scratch/xd2/sg8812/g-adopt-worktrees/sghelichkhani/richardson/tests/parallel_scaling_richards/murrumbidgee_3d.py", line 284, in <module>
Traceback (most recent call last):
  File "/scratch/xd2/sg8812/g-adopt-worktrees/sghelichkhani/richardson/tests/parallel_scaling_richards/murrumbidgee_3d.py", line 284, in <module>
Traceback (most recent call last):
  File "/scratch/xd2/sg8812/g-adopt-worktrees/sghelichkhani/richardson/tests/parallel_scaling_richards/murrumbidgee_3d.py", line 284, in <module>
Traceback (most recent call last):
  File "/scratch/xd2/sg8812/g-adopt-worktrees/sghelichkhani/richardson/tests/parallel_scaling_richards/murrumbidgee_3d.py", line 284, in <module>
Traceback (most recent call last):
  File "/scratch/xd2/sg8812/g-adopt-worktrees/sghelichkhani/richardson/tests/parallel_scaling_richards/murrumbidgee_3d.py", line 284, in <module>
Traceback (most recent call last):
  File "/scratch/xd2/sg8812/g-adopt-worktrees/sghelichkhani/richardson/tests/parallel_scaling_richards/murrumbidgee_3d.py", line 284, in <module>
Traceback (most recent call last):
  File "/scratch/xd2/sg8812/g-adopt-worktrees/sghelichkhani/richardson/tests/parallel_scaling_richards/murrumbidgee_3d.py", line 284, in <module>
Traceback (most recent call last):
  File "/scratch/xd2/sg8812/g-adopt-worktrees/sghelichkhani/richardson/tests/parallel_scaling_richards/murrumbidgee_3d.py", line 284, in <module>
Traceback (most recent call last):
  File "/scratch/xd2/sg8812/g-adopt-worktrees/sghelichkhani/richardson/tests/parallel_scaling_richards/murrumbidgee_3d.py", line 284, in <module>
Traceback (most recent call last):
  File "/scratch/xd2/sg8812/g-adopt-worktrees/sghelichkhani/richardson/tests/parallel_scaling_richards/murrumbidgee_3d.py", line 284, in <module>
Traceback (most recent call last):
  File "/scratch/xd2/sg8812/g-adopt-worktrees/sghelichkhani/richardson/tests/parallel_scaling_richards/murrumbidgee_3d.py", line 284, in <module>
    model(
  File "/scratch/xd2/sg8812/g-adopt-worktrees/sghelichkhani/richardson/tests/parallel_scaling_richards/murrumbidgee_3d.py", line 262, in model
    model(
  File "/scratch/xd2/sg8812/g-adopt-worktrees/sghelichkhani/richardson/tests/parallel_scaling_richards/murrumbidgee_3d.py", line 262, in model
    model(
  File "/scratch/xd2/sg8812/g-adopt-worktrees/sghelichkhani/richardson/tests/parallel_scaling_richards/murrumbidgee_3d.py", line 262, in model
    model(
  File "/scratch/xd2/sg8812/g-adopt-worktrees/sghelichkhani/richardson/tests/parallel_scaling_richards/murrumbidgee_3d.py", line 262, in model
    model(
  File "/scratch/xd2/sg8812/g-adopt-worktrees/sghelichkhani/richardson/tests/parallel_scaling_richards/murrumbidgee_3d.py", line 262, in model
    model(
  File "/scratch/xd2/sg8812/g-adopt-worktrees/sghelichkhani/richardson/tests/parallel_scaling_richards/murrumbidgee_3d.py", line 262, in model
    model(
  File "/scratch/xd2/sg8812/g-adopt-worktrees/sghelichkhani/richardson/tests/parallel_scaling_richards/murrumbidgee_3d.py", line 262, in model
    model(
  File "/scratch/xd2/sg8812/g-adopt-worktrees/sghelichkhani/richardson/tests/parallel_scaling_richards/murrumbidgee_3d.py", line 262, in model
    model(
  File "/scratch/xd2/sg8812/g-adopt-worktrees/sghelichkhani/richardson/tests/parallel_scaling_richards/murrumbidgee_3d.py", line 262, in model
    model(
  File "/scratch/xd2/sg8812/g-adopt-worktrees/sghelichkhani/richardson/tests/parallel_scaling_richards/murrumbidgee_3d.py", line 262, in model
    model(
  File "/scratch/xd2/sg8812/g-adopt-worktrees/sghelichkhani/richardson/tests/parallel_scaling_richards/murrumbidgee_3d.py", line 262, in model
    model(
  File "/scratch/xd2/sg8812/g-adopt-worktrees/sghelichkhani/richardson/tests/parallel_scaling_richards/murrumbidgee_3d.py", line 262, in model
    richards_solver.solve()
    model(
  File "/scratch/xd2/sg8812/g-adopt-worktrees/sghelichkhani/richardson/gadopt/richards_solver.py", line 566, in solve
    richards_solver.solve()
  File "/scratch/xd2/sg8812/g-adopt-worktrees/sghelichkhani/richardson/tests/parallel_scaling_richards/murrumbidgee_3d.py", line 262, in model
    richards_solver.solve()
    richards_solver.solve()
  File "/scratch/xd2/sg8812/g-adopt-worktrees/sghelichkhani/richardson/gadopt/richards_solver.py", line 566, in solve
  File "/scratch/xd2/sg8812/g-adopt-worktrees/sghelichkhani/richardson/gadopt/richards_solver.py", line 566, in solve
  File "/scratch/xd2/sg8812/g-adopt-worktrees/sghelichkhani/richardson/gadopt/richards_solver.py", line 566, in solve
    richards_solver.solve()
    richards_solver.solve()
    richards_solver.solve()
    model(
  File "/scratch/xd2/sg8812/g-adopt-worktrees/sghelichkhani/richardson/tests/parallel_scaling_richards/murrumbidgee_3d.py", line 262, in model
    richards_solver.solve()
    richards_solver.solve()
    richards_solver.solve()
  File "/scratch/xd2/sg8812/g-adopt-worktrees/sghelichkhani/richardson/gadopt/richards_solver.py", line 566, in solve
  File "/scratch/xd2/sg8812/g-adopt-worktrees/sghelichkhani/richardson/gadopt/richards_solver.py", line 566, in solve
  File "/scratch/xd2/sg8812/g-adopt-worktrees/sghelichkhani/richardson/gadopt/richards_solver.py", line 566, in solve
  File "/scratch/xd2/sg8812/g-adopt-worktrees/sghelichkhani/richardson/gadopt/richards_solver.py", line 566, in solve
  File "/scratch/xd2/sg8812/g-adopt-worktrees/sghelichkhani/richardson/gadopt/richards_solver.py", line 566, in solve
    richards_solver.solve()
  File "/scratch/xd2/sg8812/g-adopt-worktrees/sghelichkhani/richardson/gadopt/richards_solver.py", line 566, in solve
  File "/scratch/xd2/sg8812/g-adopt-worktrees/sghelichkhani/richardson/gadopt/richards_solver.py", line 566, in solve
    richards_solver.solve()
  File "/scratch/xd2/sg8812/g-adopt-worktrees/sghelichkhani/richardson/gadopt/richards_solver.py", line 566, in solve
    model(
  File "/scratch/xd2/sg8812/g-adopt-worktrees/sghelichkhani/richardson/tests/parallel_scaling_richards/murrumbidgee_3d.py", line 262, in model
    model(
  File "/scratch/xd2/sg8812/g-adopt-worktrees/sghelichkhani/richardson/tests/parallel_scaling_richards/murrumbidgee_3d.py", line 262, in model
    model(
  File "/scratch/xd2/sg8812/g-adopt-worktrees/sghelichkhani/richardson/tests/parallel_scaling_richards/murrumbidgee_3d.py", line 262, in model
    model(
  File "/scratch/xd2/sg8812/g-adopt-worktrees/sghelichkhani/richardson/tests/parallel_scaling_richards/murrumbidgee_3d.py", line 262, in model
    model(
  File "/scratch/xd2/sg8812/g-adopt-worktrees/sghelichkhani/richardson/tests/parallel_scaling_richards/murrumbidgee_3d.py", line 262, in model
    model(
  File "/scratch/xd2/sg8812/g-adopt-worktrees/sghelichkhani/richardson/tests/parallel_scaling_richards/murrumbidgee_3d.py", line 262, in model
    model(
  File "/scratch/xd2/sg8812/g-adopt-worktrees/sghelichkhani/richardson/tests/parallel_scaling_richards/murrumbidgee_3d.py", line 262, in model
    model(
  File "/scratch/xd2/sg8812/g-adopt-worktrees/sghelichkhani/richardson/tests/parallel_scaling_richards/murrumbidgee_3d.py", line 262, in model
    model(
  File "/scratch/xd2/sg8812/g-adopt-worktrees/sghelichkhani/richardson/tests/parallel_scaling_richards/murrumbidgee_3d.py", line 262, in model
    return self.ts.advance(t)
           ^^^^^^^^^^^^^^^^^^
    model(
  File "/scratch/xd2/sg8812/g-adopt-worktrees/sghelichkhani/richardson/tests/parallel_scaling_richards/murrumbidgee_3d.py", line 262, in model
    model(
  File "/scratch/xd2/sg8812/g-adopt-worktrees/sghelichkhani/richardson/tests/parallel_scaling_richards/murrumbidgee_3d.py", line 262, in model
    model(
  File "/scratch/xd2/sg8812/g-adopt-worktrees/sghelichkhani/richardson/tests/parallel_scaling_richards/murrumbidgee_3d.py", line 262, in model
    model(
  File "/scratch/xd2/sg8812/g-adopt-worktrees/sghelichkhani/richardson/tests/parallel_scaling_richards/murrumbidgee_3d.py", line 262, in model
    model(
  File "/scratch/xd2/sg8812/g-adopt-worktrees/sghelichkhani/richardson/tests/parallel_scaling_richards/murrumbidgee_3d.py", line 262, in model
    model(
  File "/scratch/xd2/sg8812/g-adopt-worktrees/sghelichkhani/richardson/tests/parallel_scaling_richards/murrumbidgee_3d.py", line 262, in model
    return self.ts.advance(t)
           ^^^^^^^^^^^^^^^^^^
  File "/scratch/xd2/sg8812/g-adopt-worktrees/sghelichkhani/richardson/gadopt/time_stepper.py", line 244, in advance
    model(
  File "/scratch/xd2/sg8812/g-adopt-worktrees/sghelichkhani/richardson/tests/parallel_scaling_richards/murrumbidgee_3d.py", line 262, in model
    model(
  File "/scratch/xd2/sg8812/g-adopt-worktrees/sghelichkhani/richardson/tests/parallel_scaling_richards/murrumbidgee_3d.py", line 262, in model
    model(
  File "/scratch/xd2/sg8812/g-adopt-worktrees/sghelichkhani/richardson/tests/parallel_scaling_richards/murrumbidgee_3d.py", line 262, in model
  File "/scratch/xd2/sg8812/g-adopt-worktrees/sghelichkhani/richardson/gadopt/time_stepper.py", line 244, in advance
    return self.ts.advance(t)
           ^^^^^^^^^^^^^^^^^^
  File "/scratch/xd2/sg8812/g-adopt-worktrees/sghelichkhani/richardson/gadopt/time_stepper.py", line 244, in advance
    return self.ts.advance(t)
           ^^^^^^^^^^^^^^^^^^
  File "/scratch/xd2/sg8812/g-adopt-worktrees/sghelichkhani/richardson/gadopt/time_stepper.py", line 244, in advance
    model(
  File "/scratch/xd2/sg8812/g-adopt-worktrees/sghelichkhani/richardson/tests/parallel_scaling_richards/murrumbidgee_3d.py", line 262, in model
    return self.ts.advance(t)
           ^^^^^^^^^^^^^^^^^^
  File "/scratch/xd2/sg8812/g-adopt-worktrees/sghelichkhani/richardson/gadopt/time_stepper.py", line 244, in advance
    return self.ts.advance(t)
           ^^^^^^^^^^^^^^^^^^
  File "/scratch/xd2/sg8812/g-adopt-worktrees/sghelichkhani/richardson/gadopt/time_stepper.py", line 244, in advance
    return self.ts.advance(t)
           ^^^^^^^^^^^^^^^^^^
  File "/scratch/xd2/sg8812/g-adopt-worktrees/sghelichkhani/richardson/gadopt/time_stepper.py", line 244, in advance
    model(
  File "/scratch/xd2/sg8812/g-adopt-worktrees/sghelichkhani/richardson/tests/parallel_scaling_richards/murrumbidgee_3d.py", line 262, in model
    model(
  File "/scratch/xd2/sg8812/g-adopt-worktrees/sghelichkhani/richardson/tests/parallel_scaling_richards/murrumbidgee_3d.py", line 262, in model
    return self.ts.advance(t)
           ^^^^^^^^^^^^^^^^^^
  File "/scratch/xd2/sg8812/g-adopt-worktrees/sghelichkhani/richardson/gadopt/time_stepper.py", line 244, in advance
    model(
  File "/scratch/xd2/sg8812/g-adopt-worktrees/sghelichkhani/richardson/tests/parallel_scaling_richards/murrumbidgee_3d.py", line 262, in model
    model(
  File "/scratch/xd2/sg8812/g-adopt-worktrees/sghelichkhani/richardson/tests/parallel_scaling_richards/murrumbidgee_3d.py", line 262, in model
    model(
  File "/scratch/xd2/sg8812/g-adopt-worktrees/sghelichkhani/richardson/tests/parallel_scaling_richards/murrumbidgee_3d.py", line 262, in model
    return self.ts.advance(t)
           ^^^^^^^^^^^^^^^^^^
  File "/scratch/xd2/sg8812/g-adopt-worktrees/sghelichkhani/richardson/gadopt/time_stepper.py", line 244, in advance
    return self.ts.advance(t)
           ^^^^^^^^^^^^^^^^^^
  File "/scratch/xd2/sg8812/g-adopt-worktrees/sghelichkhani/richardson/gadopt/time_stepper.py", line 244, in advance
    return self.ts.advance(t)
           ^^^^^^^^^^^^^^^^^^
  File "/scratch/xd2/sg8812/g-adopt-worktrees/sghelichkhani/richardson/gadopt/time_stepper.py", line 244, in advance
    richards_solver.solve()
    richards_solver.solve()
    richards_solver.solve()
    richards_solver.solve()
    richards_solver.solve()
  File "/scratch/xd2/sg8812/g-adopt-worktrees/sghelichkhani/richardson/gadopt/richards_solver.py", line 566, in solve
  File "/scratch/xd2/sg8812/g-adopt-worktrees/sghelichkhani/richardson/gadopt/richards_solver.py", line 566, in solve
    richards_solver.solve()
    richards_solver.solve()
  File "/scratch/xd2/sg8812/g-adopt-worktrees/sghelichkhani/richardson/gadopt/richards_solver.py", line 566, in solve
    richards_solver.solve()
    richards_solver.solve()
    return self.ts.advance(t)
  File "/scratch/xd2/sg8812/g-adopt-worktrees/sghelichkhani/richardson/gadopt/richards_solver.py", line 566, in solve
  File "/scratch/xd2/sg8812/g-adopt-worktrees/sghelichkhani/richardson/gadopt/richards_solver.py", line 566, in solve
    richards_solver.solve()
  File "/scratch/xd2/sg8812/g-adopt-worktrees/sghelichkhani/richardson/gadopt/richards_solver.py", line 566, in solve
  File "/scratch/xd2/sg8812/g-adopt-worktrees/sghelichkhani/richardson/gadopt/richards_solver.py", line 566, in solve
  File "/scratch/xd2/sg8812/g-adopt-worktrees/sghelichkhani/richardson/gadopt/richards_solver.py", line 566, in solve
  File "/scratch/xd2/sg8812/g-adopt-worktrees/sghelichkhani/richardson/gadopt/richards_solver.py", line 566, in solve
           ^^^^^^^^^^^^^^^^^^
  File "/scratch/xd2/sg8812/g-adopt-worktrees/sghelichkhani/richardson/gadopt/time_stepper.py", line 244, in advance
    richards_solver.solve()
  File "/scratch/xd2/sg8812/g-adopt-worktrees/sghelichkhani/richardson/gadopt/richards_solver.py", line 566, in solve
    richards_solver.solve()
  File "/scratch/xd2/sg8812/g-adopt-worktrees/sghelichkhani/richardson/gadopt/richards_solver.py", line 566, in solve
    richards_solver.solve()
    richards_solver.solve()
  File "/scratch/xd2/sg8812/g-adopt-worktrees/sghelichkhani/richardson/gadopt/richards_solver.py", line 566, in solve
    richards_solver.solve()
    richards_solver.solve()
    richards_solver.solve()
  File "/scratch/xd2/sg8812/g-adopt-worktrees/sghelichkhani/richardson/gadopt/richards_solver.py", line 566, in solve
    richards_solver.solve()
    richards_solver.solve()
    richards_solver.solve()
    richards_solver.solve()
    richards_solver.solve()
  File "/scratch/xd2/sg8812/g-adopt-worktrees/sghelichkhani/richardson/gadopt/richards_solver.py", line 566, in solve
    richards_solver.solve()
  File "/scratch/xd2/sg8812/g-adopt-worktrees/sghelichkhani/richardson/gadopt/richards_solver.py", line 566, in solve
  File "/scratch/xd2/sg8812/g-adopt-worktrees/sghelichkhani/richardson/gadopt/richards_solver.py", line 566, in solve
    richards_solver.solve()
  File "/scratch/xd2/sg8812/g-adopt-worktrees/sghelichkhani/richardson/gadopt/richards_solver.py", line 566, in solve
    richards_solver.solve()
  File "/scratch/xd2/sg8812/g-adopt-worktrees/sghelichkhani/richardson/gadopt/richards_solver.py", line 566, in solve
  File "/scratch/xd2/sg8812/g-adopt-worktrees/sghelichkhani/richardson/gadopt/richards_solver.py", line 566, in solve
    richards_solver.solve()
  File "/scratch/xd2/sg8812/g-adopt-worktrees/sghelichkhani/richardson/gadopt/richards_solver.py", line 566, in solve
  File "/scratch/xd2/sg8812/g-adopt-worktrees/sghelichkhani/richardson/gadopt/richards_solver.py", line 566, in solve
  File "/scratch/xd2/sg8812/g-adopt-worktrees/sghelichkhani/richardson/gadopt/richards_solver.py", line 566, in solve
  File "/scratch/xd2/sg8812/g-adopt-worktrees/sghelichkhani/richardson/gadopt/richards_solver.py", line 566, in solve
  File "/scratch/xd2/sg8812/g-adopt-worktrees/sghelichkhani/richardson/gadopt/richards_solver.py", line 566, in solve
  File "/scratch/xd2/sg8812/g-adopt-worktrees/sghelichkhani/richardson/gadopt/richards_solver.py", line 566, in solve
  File "/scratch/xd2/sg8812/g-adopt-worktrees/sghelichkhani/richardson/gadopt/richards_solver.py", line 566, in solve
    return self.ts.advance(t)
           ^^^^^^^^^^^^^^^^^^
  File "/scratch/xd2/sg8812/g-adopt-worktrees/sghelichkhani/richardson/gadopt/time_stepper.py", line 244, in advance
    return self.ts.advance(t)
    return self.ts.advance(t)
           ^^^^^^^^^^^^^^^^^^
  File "/scratch/xd2/sg8812/g-adopt-worktrees/sghelichkhani/richardson/gadopt/time_stepper.py", line 244, in advance
    return self.ts.advance(t)
           ^^^^^^^^^^^^^^^^^^
           ^^^^^^^^^^^^^^^^^^
  File "/scratch/xd2/sg8812/g-adopt-worktrees/sghelichkhani/richardson/gadopt/time_stepper.py", line 244, in advance
    return self.ts.advance(t)
           ^^^^^^^^^^^^^^^^^^
  File "/scratch/xd2/sg8812/g-adopt-worktrees/sghelichkhani/richardson/gadopt/time_stepper.py", line 244, in advance
  File "/scratch/xd2/sg8812/g-adopt-worktrees/sghelichkhani/richardson/gadopt/time_stepper.py", line 244, in advance
    model(
  File "/scratch/xd2/sg8812/g-adopt-worktrees/sghelichkhani/richardson/tests/parallel_scaling_richards/murrumbidgee_3d.py", line 262, in model
    model(
  File "/scratch/xd2/sg8812/g-adopt-worktrees/sghelichkhani/richardson/tests/parallel_scaling_richards/murrumbidgee_3d.py", line 262, in model
    model(
  File "/scratch/xd2/sg8812/g-adopt-worktrees/sghelichkhani/richardson/tests/parallel_scaling_richards/murrumbidgee_3d.py", line 262, in model
    model(
  File "/scratch/xd2/sg8812/g-adopt-worktrees/sghelichkhani/richardson/tests/parallel_scaling_richards/murrumbidgee_3d.py", line 262, in model
    model(
  File "/scratch/xd2/sg8812/g-adopt-worktrees/sghelichkhani/richardson/tests/parallel_scaling_richards/murrumbidgee_3d.py", line 262, in model
    model(
  File "/scratch/xd2/sg8812/g-adopt-worktrees/sghelichkhani/richardson/tests/parallel_scaling_richards/murrumbidgee_3d.py", line 262, in model
    return self.ts.advance(t)
           ^^^^^^^^^^^^^^^^^^
  File "/scratch/xd2/sg8812/g-adopt-worktrees/sghelichkhani/richardson/gadopt/time_stepper.py", line 244, in advance
    return self.ts.advance(t)
           ^^^^^^^^^^^^^^^^^^
  File "/scratch/xd2/sg8812/g-adopt-worktrees/sghelichkhani/richardson/gadopt/time_stepper.py", line 244, in advance
    model(
  File "/scratch/xd2/sg8812/g-adopt-worktrees/sghelichkhani/richardson/tests/parallel_scaling_richards/murrumbidgee_3d.py", line 262, in model
    model(
  File "/scratch/xd2/sg8812/g-adopt-worktrees/sghelichkhani/richardson/tests/parallel_scaling_richards/murrumbidgee_3d.py", line 262, in model
    return self.ts.advance(t)
           ^^^^^^^^^^^^^^^^^^
  File "/scratch/xd2/sg8812/g-adopt-worktrees/sghelichkhani/richardson/gadopt/time_stepper.py", line 244, in advance
    return self.ts.advance(t)
           ^^^^^^^^^^^^^^^^^^
  File "/scratch/xd2/sg8812/g-adopt-worktrees/sghelichkhani/richardson/gadopt/time_stepper.py", line 244, in advance
    return self.ts.advance(t)
           ^^^^^^^^^^^^^^^^^^
  File "/scratch/xd2/sg8812/g-adopt-worktrees/sghelichkhani/richardson/gadopt/time_stepper.py", line 244, in advance
    return self.ts.advance(t)
           ^^^^^^^^^^^^^^^^^^
  File "/scratch/xd2/sg8812/g-adopt-worktrees/sghelichkhani/richardson/gadopt/time_stepper.py", line 244, in advance
    return self.ts.advance(t)
           ^^^^^^^^^^^^^^^^^^
  File "/scratch/xd2/sg8812/g-adopt-worktrees/sghelichkhani/richardson/gadopt/time_stepper.py", line 244, in advance
    return self.ts.advance(t)
           ^^^^^^^^^^^^^^^^^^
  File "/scratch/xd2/sg8812/g-adopt-worktrees/sghelichkhani/richardson/gadopt/time_stepper.py", line 244, in advance
    return self.ts.advance(t)
           ^^^^^^^^^^^^^^^^^^
  File "/scratch/xd2/sg8812/g-adopt-worktrees/sghelichkhani/richardson/gadopt/time_stepper.py", line 244, in advance
    return self.ts.advance(t)
           ^^^^^^^^^^^^^^^^^^
  File "/scratch/xd2/sg8812/g-adopt-worktrees/sghelichkhani/richardson/gadopt/time_stepper.py", line 244, in advance
    return self.ts.advance(t)
           ^^^^^^^^^^^^^^^^^^
  File "/scratch/xd2/sg8812/g-adopt-worktrees/sghelichkhani/richardson/gadopt/time_stepper.py", line 244, in advance
    return self.ts.advance(t)
           ^^^^^^^^^^^^^^^^^^
  File "/scratch/xd2/sg8812/g-adopt-worktrees/sghelichkhani/richardson/gadopt/time_stepper.py", line 244, in advance
    return self.ts.advance(t)
           ^^^^^^^^^^^^^^^^^^
  File "/scratch/xd2/sg8812/g-adopt-worktrees/sghelichkhani/richardson/gadopt/time_stepper.py", line 244, in advance
    return self.ts.advance(t)
           ^^^^^^^^^^^^^^^^^^
  File "/scratch/xd2/sg8812/g-adopt-worktrees/sghelichkhani/richardson/gadopt/time_stepper.py", line 244, in advance
    return self.ts.advance(t)
           ^^^^^^^^^^^^^^^^^^
    result = self.stepper.advance()
             ^^^^^^^^^^^^^^^^^^^^^^
  File "/scratch/xd2/sg8812/Irksome/irksome/base_time_stepper.py", line 147, in advance
    result = self.stepper.advance()
             ^^^^^^^^^^^^^^^^^^^^^^
    return self.ts.advance(t)
           ^^^^^^^^^^^^^^^^^^
  File "/scratch/xd2/sg8812/g-adopt-worktrees/sghelichkhani/richardson/gadopt/time_stepper.py", line 244, in advance
    return self.ts.advance(t)
           ^^^^^^^^^^^^^^^^^^
  File "/scratch/xd2/sg8812/g-adopt-worktrees/sghelichkhani/richardson/gadopt/time_stepper.py", line 244, in advance
    result = self.stepper.advance()
             ^^^^^^^^^^^^^^^^^^^^^^
  File "/scratch/xd2/sg8812/Irksome/irksome/base_time_stepper.py", line 147, in advance
    return self.ts.advance(t)
           ^^^^^^^^^^^^^^^^^^
  File "/scratch/xd2/sg8812/g-adopt-worktrees/sghelichkhani/richardson/gadopt/time_stepper.py", line 244, in advance
    result = self.stepper.advance()
             ^^^^^^^^^^^^^^^^^^^^^^
  File "/scratch/xd2/sg8812/Irksome/irksome/base_time_stepper.py", line 147, in advance
    result = self.stepper.advance()
             ^^^^^^^^^^^^^^^^^^^^^^
  File "/scratch/xd2/sg8812/Irksome/irksome/base_time_stepper.py", line 147, in advance
    return self.ts.advance(t)
           ^^^^^^^^^^^^^^^^^^
  File "/scratch/xd2/sg8812/g-adopt-worktrees/sghelichkhani/richardson/gadopt/time_stepper.py", line 244, in advance
    return self.ts.advance(t)
           ^^^^^^^^^^^^^^^^^^
  File "/scratch/xd2/sg8812/g-adopt-worktrees/sghelichkhani/richardson/gadopt/time_stepper.py", line 244, in advance
    result = self.stepper.advance()
             ^^^^^^^^^^^^^^^^^^^^^^
  File "/scratch/xd2/sg8812/Irksome/irksome/base_time_stepper.py", line 147, in advance
    result = self.stepper.advance()
             ^^^^^^^^^^^^^^^^^^^^^^
  File "/scratch/xd2/sg8812/g-adopt-worktrees/sghelichkhani/richardson/gadopt/time_stepper.py", line 244, in advance
    richards_solver.solve()
  File "/scratch/xd2/sg8812/g-adopt-worktrees/sghelichkhani/richardson/gadopt/richards_solver.py", line 566, in solve
  File "/scratch/xd2/sg8812/Irksome/irksome/base_time_stepper.py", line 147, in advance
    result = self.stepper.advance()
             ^^^^^^^^^^^^^^^^^^^^^^
  File "/scratch/xd2/sg8812/Irksome/irksome/base_time_stepper.py", line 147, in advance
    result = self.stepper.advance()
             ^^^^^^^^^^^^^^^^^^^^^^
  File "/scratch/xd2/sg8812/Irksome/irksome/base_time_stepper.py", line 147, in advance
    result = self.stepper.advance()
             ^^^^^^^^^^^^^^^^^^^^^^
  File "/scratch/xd2/sg8812/Irksome/irksome/base_time_stepper.py", line 147, in advance
    result = self.stepper.advance()
             ^^^^^^^^^^^^^^^^^^^^^^
  File "/scratch/xd2/sg8812/Irksome/irksome/base_time_stepper.py", line 147, in advance
    richards_solver.solve()
  File "/scratch/xd2/sg8812/g-adopt-worktrees/sghelichkhani/richardson/gadopt/richards_solver.py", line 566, in solve
    result = self.stepper.advance()
             ^^^^^^^^^^^^^^^^^^^^^^
  File "/scratch/xd2/sg8812/Irksome/irksome/base_time_stepper.py", line 147, in advance
    result = self.stepper.advance()
             ^^^^^^^^^^^^^^^^^^^^^^
  File "/scratch/xd2/sg8812/Irksome/irksome/base_time_stepper.py", line 147, in advance
    result = self.stepper.advance()
             ^^^^^^^^^^^^^^^^^^^^^^
  File "/scratch/xd2/sg8812/Irksome/irksome/base_time_stepper.py", line 147, in advance
    richards_solver.solve()
  File "/scratch/xd2/sg8812/g-adopt-worktrees/sghelichkhani/richardson/gadopt/richards_solver.py", line 566, in solve
    return self.ts.advance(t)
           ^^^^^^^^^^^^^^^^^^
  File "/scratch/xd2/sg8812/g-adopt-worktrees/sghelichkhani/richardson/gadopt/time_stepper.py", line 244, in advance
  File "/scratch/xd2/sg8812/Irksome/irksome/base_time_stepper.py", line 147, in advance
    result = self.stepper.advance()
             ^^^^^^^^^^^^^^^^^^^^^^
  File "/scratch/xd2/sg8812/Irksome/irksome/base_time_stepper.py", line 147, in advance
    richards_solver.solve()
  File "/scratch/xd2/sg8812/g-adopt-worktrees/sghelichkhani/richardson/gadopt/richards_solver.py", line 566, in solve
    result = self.stepper.advance()
             ^^^^^^^^^^^^^^^^^^^^^^
  File "/scratch/xd2/sg8812/Irksome/irksome/base_time_stepper.py", line 147, in advance
    richards_solver.solve()
  File "/scratch/xd2/sg8812/g-adopt-worktrees/sghelichkhani/richardson/gadopt/richards_solver.py", line 566, in solve
    result = self.stepper.advance()
             ^^^^^^^^^^^^^^^^^^^^^^
  File "/scratch/xd2/sg8812/Irksome/irksome/base_time_stepper.py", line 147, in advance
    richards_solver.solve()
  File "/scratch/xd2/sg8812/g-adopt-worktrees/sghelichkhani/richardson/gadopt/richards_solver.py", line 566, in solve
    richards_solver.solve()
  File "/scratch/xd2/sg8812/g-adopt-worktrees/sghelichkhani/richardson/gadopt/richards_solver.py", line 566, in solve
    result = self.stepper.advance()
             ^^^^^^^^^^^^^^^^^^^^^^
  File "/scratch/xd2/sg8812/Irksome/irksome/base_time_stepper.py", line 147, in advance
    result = self.stepper.advance()
             ^^^^^^^^^^^^^^^^^^^^^^
  File "/scratch/xd2/sg8812/Irksome/irksome/base_time_stepper.py", line 147, in advance
    richards_solver.solve()
  File "/scratch/xd2/sg8812/g-adopt-worktrees/sghelichkhani/richardson/gadopt/richards_solver.py", line 566, in solve
    result = self.stepper.advance()
             ^^^^^^^^^^^^^^^^^^^^^^
  File "/scratch/xd2/sg8812/Irksome/irksome/base_time_stepper.py", line 147, in advance
    result = self.stepper.advance()
             ^^^^^^^^^^^^^^^^^^^^^^
  File "/scratch/xd2/sg8812/Irksome/irksome/base_time_stepper.py", line 147, in advance
    result = self.stepper.advance()
             ^^^^^^^^^^^^^^^^^^^^^^
  File "/scratch/xd2/sg8812/Irksome/irksome/base_time_stepper.py", line 147, in advance
    result = self.stepper.advance()
             ^^^^^^^^^^^^^^^^^^^^^^
  File "/scratch/xd2/sg8812/Irksome/irksome/base_time_stepper.py", line 147, in advance
    result = self.stepper.advance()
             ^^^^^^^^^^^^^^^^^^^^^^
    result = self.stepper.advance()
    result = self.stepper.advance()
             ^^^^^^^^^^^^^^^^^^^^^^
  File "/scratch/xd2/sg8812/Irksome/irksome/base_time_stepper.py", line 147, in advance
    result = self.stepper.advance()
    result = self.stepper.advance()
             ^^^^^^^^^^^^^^^^^^^^^^
  File "/scratch/xd2/sg8812/Irksome/irksome/base_time_stepper.py", line 147, in advance
  File "/scratch/xd2/sg8812/Irksome/irksome/base_time_stepper.py", line 147, in advance
    result = self.stepper.advance()
             ^^^^^^^^^^^^^^^^^^^^^^
  File "/scratch/xd2/sg8812/Irksome/irksome/base_time_stepper.py", line 147, in advance
    result = self.stepper.advance()
    result = self.stepper.advance()
             ^^^^^^^^^^^^^^^^^^^^^^
  File "/scratch/xd2/sg8812/Irksome/irksome/base_time_stepper.py", line 147, in advance
             ^^^^^^^^^^^^^^^^^^^^^^
  File "/scratch/xd2/sg8812/Irksome/irksome/base_time_stepper.py", line 147, in advance
    result = self.stepper.advance()
             ^^^^^^^^^^^^^^^^^^^^^^
  File "/scratch/xd2/sg8812/Irksome/irksome/base_time_stepper.py", line 147, in advance
             ^^^^^^^^^^^^^^^^^^^^^^
  File "/scratch/xd2/sg8812/Irksome/irksome/base_time_stepper.py", line 147, in advance
    result = self.stepper.advance()
             ^^^^^^^^^^^^^^^^^^^^^^
  File "/scratch/xd2/sg8812/Irksome/irksome/base_time_stepper.py", line 147, in advance
    result = self.stepper.advance()
             ^^^^^^^^^^^^^^^^^^^^^^
  File "/scratch/xd2/sg8812/Irksome/irksome/base_time_stepper.py", line 147, in advance
    result = self.stepper.advance()
             ^^^^^^^^^^^^^^^^^^^^^^
  File "/scratch/xd2/sg8812/Irksome/irksome/base_time_stepper.py", line 147, in advance
    result = self.stepper.advance()
             ^^^^^^^^^^^^^^^^^^^^^^
  File "/scratch/xd2/sg8812/Irksome/irksome/base_time_stepper.py", line 147, in advance
    result = self.stepper.advance()
             ^^^^^^^^^^^^^^^^^^^^^^
  File "/scratch/xd2/sg8812/Irksome/irksome/base_time_stepper.py", line 147, in advance
             ^^^^^^^^^^^^^^^^^^^^^^
  File "/scratch/xd2/sg8812/Irksome/irksome/base_time_stepper.py", line 147, in advance
    model(
  File "/scratch/xd2/sg8812/g-adopt-worktrees/sghelichkhani/richardson/tests/parallel_scaling_richards/murrumbidgee_3d.py", line 262, in model
    return self.ts.advance(t)
           ^^^^^^^^^^^^^^^^^^
  File "/scratch/xd2/sg8812/g-adopt-worktrees/sghelichkhani/richardson/gadopt/time_stepper.py", line 244, in advance
    result = self.stepper.advance()
             ^^^^^^^^^^^^^^^^^^^^^^
  File "/scratch/xd2/sg8812/Irksome/irksome/base_time_stepper.py", line 147, in advance
    model(
  File "/scratch/xd2/sg8812/g-adopt-worktrees/sghelichkhani/richardson/tests/parallel_scaling_richards/murrumbidgee_3d.py", line 262, in model
    result = self.stepper.advance()
             ^^^^^^^^^^^^^^^^^^^^^^
  File "/scratch/xd2/sg8812/Irksome/irksome/base_time_stepper.py", line 147, in advance
    self.solver.solve(bounds=self.stage_bounds)
  File "petsc4py/PETSc/Log.pyx", line 250, in petsc4py.PETSc.Log.EventDecorator.decorator.wrapped_func
    richards_solver.solve()
  File "/scratch/xd2/sg8812/g-adopt-worktrees/sghelichkhani/richardson/gadopt/richards_solver.py", line 566, in solve
    self.solver.solve(bounds=self.stage_bounds)
  File "petsc4py/PETSc/Log.pyx", line 250, in petsc4py.PETSc.Log.EventDecorator.decorator.wrapped_func
    self.solver.solve(bounds=self.stage_bounds)
  File "petsc4py/PETSc/Log.pyx", line 250, in petsc4py.PETSc.Log.EventDecorator.decorator.wrapped_func
    richards_solver.solve()
    self.solver.solve(bounds=self.stage_bounds)
  File "petsc4py/PETSc/Log.pyx", line 250, in petsc4py.PETSc.Log.EventDecorator.decorator.wrapped_func
    return self.ts.advance(t)
           ^^^^^^^^^^^^^^^^^^
  File "/scratch/xd2/sg8812/g-adopt-worktrees/sghelichkhani/richardson/gadopt/time_stepper.py", line 244, in advance
    return self.ts.advance(t)
    return self.ts.advance(t)
           ^^^^^^^^^^^^^^^^^^
  File "/scratch/xd2/sg8812/g-adopt-worktrees/sghelichkhani/richardson/gadopt/time_stepper.py", line 244, in advance
    self.solver.solve(bounds=self.stage_bounds)
  File "petsc4py/PETSc/Log.pyx", line 250, in petsc4py.PETSc.Log.EventDecorator.decorator.wrapped_func
  File "/scratch/xd2/sg8812/g-adopt-worktrees/sghelichkhani/richardson/gadopt/richards_solver.py", line 566, in solve
    return self.ts.advance(t)
    return self.ts.advance(t)
           ^^^^^^^^^^^^^^^^^^
  File "/scratch/xd2/sg8812/g-adopt-worktrees/sghelichkhani/richardson/gadopt/time_stepper.py", line 244, in advance
    return self.ts.advance(t)
           ^^^^^^^^^^^^^^^^^^
  File "/scratch/xd2/sg8812/g-adopt-worktrees/sghelichkhani/richardson/gadopt/time_stepper.py", line 244, in advance
           ^^^^^^^^^^^^^^^^^^
  File "/scratch/xd2/sg8812/g-adopt-worktrees/sghelichkhani/richardson/gadopt/time_stepper.py", line 244, in advance
           ^^^^^^^^^^^^^^^^^^
  File "/scratch/xd2/sg8812/g-adopt-worktrees/sghelichkhani/richardson/gadopt/time_stepper.py", line 244, in advance
    return self.ts.advance(t)
           ^^^^^^^^^^^^^^^^^^
  File "/scratch/xd2/sg8812/g-adopt-worktrees/sghelichkhani/richardson/gadopt/time_stepper.py", line 244, in advance
    return self.ts.advance(t)
           ^^^^^^^^^^^^^^^^^^
  File "/scratch/xd2/sg8812/g-adopt-worktrees/sghelichkhani/richardson/gadopt/time_stepper.py", line 244, in advance
    return self.ts.advance(t)
           ^^^^^^^^^^^^^^^^^^
  File "/scratch/xd2/sg8812/g-adopt-worktrees/sghelichkhani/richardson/gadopt/time_stepper.py", line 244, in advance
    self.solver.solve(bounds=self.stage_bounds)
  File "petsc4py/PETSc/Log.pyx", line 250, in petsc4py.PETSc.Log.EventDecorator.decorator.wrapped_func
    result = self.stepper.advance()
    result = self.stepper.advance()
             ^^^^^^^^^^^^^^^^^^^^^^
  File "/scratch/xd2/sg8812/Irksome/irksome/base_time_stepper.py", line 147, in advance
             ^^^^^^^^^^^^^^^^^^^^^^
  File "/scratch/xd2/sg8812/Irksome/irksome/base_time_stepper.py", line 147, in advance
    result = self.stepper.advance()
             ^^^^^^^^^^^^^^^^^^^^^^
  File "/scratch/xd2/sg8812/Irksome/irksome/base_time_stepper.py", line 147, in advance
    result = self.stepper.advance()
             ^^^^^^^^^^^^^^^^^^^^^^
  File "/scratch/xd2/sg8812/Irksome/irksome/base_time_stepper.py", line 147, in advance
    result = self.stepper.advance()
             ^^^^^^^^^^^^^^^^^^^^^^
  File "/scratch/xd2/sg8812/Irksome/irksome/base_time_stepper.py", line 147, in advance
    result = self.stepper.advance()
             ^^^^^^^^^^^^^^^^^^^^^^
  File "/scratch/xd2/sg8812/Irksome/irksome/base_time_stepper.py", line 147, in advance
    result = self.stepper.advance()
             ^^^^^^^^^^^^^^^^^^^^^^
  File "/scratch/xd2/sg8812/Irksome/irksome/base_time_stepper.py", line 147, in advance
    result = self.stepper.advance()
             ^^^^^^^^^^^^^^^^^^^^^^
  File "/scratch/xd2/sg8812/Irksome/irksome/base_time_stepper.py", line 147, in advance
    result = self.stepper.advance()
             ^^^^^^^^^^^^^^^^^^^^^^
  File "/scratch/xd2/sg8812/Irksome/irksome/base_time_stepper.py", line 147, in advance
    self.solver.solve(bounds=self.stage_bounds)
  File "petsc4py/PETSc/Log.pyx", line 250, in petsc4py.PETSc.Log.EventDecorator.decorator.wrapped_func
    self.solver.solve(bounds=self.stage_bounds)
  File "petsc4py/PETSc/Log.pyx", line 250, in petsc4py.PETSc.Log.EventDecorator.decorator.wrapped_func
    self.solver.solve(bounds=self.stage_bounds)
  File "petsc4py/PETSc/Log.pyx", line 250, in petsc4py.PETSc.Log.EventDecorator.decorator.wrapped_func
    self.solver.solve(bounds=self.stage_bounds)
    self.solver.solve(bounds=self.stage_bounds)
  File "petsc4py/PETSc/Log.pyx", line 250, in petsc4py.PETSc.Log.EventDecorator.decorator.wrapped_func
    self.solver.solve(bounds=self.stage_bounds)
  File "petsc4py/PETSc/Log.pyx", line 250, in petsc4py.PETSc.Log.EventDecorator.decorator.wrapped_func
    self.solver.solve(bounds=self.stage_bounds)
  File "petsc4py/PETSc/Log.pyx", line 250, in petsc4py.PETSc.Log.EventDecorator.decorator.wrapped_func
    self.solver.solve(bounds=self.stage_bounds)
  File "petsc4py/PETSc/Log.pyx", line 250, in petsc4py.PETSc.Log.EventDecorator.decorator.wrapped_func
    self.solver.solve(bounds=self.stage_bounds)
  File "petsc4py/PETSc/Log.pyx", line 250, in petsc4py.PETSc.Log.EventDecorator.decorator.wrapped_func
    self.solver.solve(bounds=self.stage_bounds)
  File "petsc4py/PETSc/Log.pyx", line 250, in petsc4py.PETSc.Log.EventDecorator.decorator.wrapped_func
    self.solver.solve(bounds=self.stage_bounds)
  File "petsc4py/PETSc/Log.pyx", line 250, in petsc4py.PETSc.Log.EventDecorator.decorator.wrapped_func
    self.solver.solve(bounds=self.stage_bounds)
  File "petsc4py/PETSc/Log.pyx", line 250, in petsc4py.PETSc.Log.EventDecorator.decorator.wrapped_func
    self.solver.solve(bounds=self.stage_bounds)
  File "petsc4py/PETSc/Log.pyx", line 250, in petsc4py.PETSc.Log.EventDecorator.decorator.wrapped_func
    self.solver.solve(bounds=self.stage_bounds)
  File "petsc4py/PETSc/Log.pyx", line 250, in petsc4py.PETSc.Log.EventDecorator.decorator.wrapped_func
    self.solver.solve(bounds=self.stage_bounds)
  File "petsc4py/PETSc/Log.pyx", line 250, in petsc4py.PETSc.Log.EventDecorator.decorator.wrapped_func
  File "petsc4py/PETSc/Log.pyx", line 250, in petsc4py.PETSc.Log.EventDecorator.decorator.wrapped_func
    self.solver.solve(bounds=self.stage_bounds)
  File "petsc4py/PETSc/Log.pyx", line 250, in petsc4py.PETSc.Log.EventDecorator.decorator.wrapped_func
    self.solver.solve(bounds=self.stage_bounds)
  File "petsc4py/PETSc/Log.pyx", line 250, in petsc4py.PETSc.Log.EventDecorator.decorator.wrapped_func
    self.solver.solve(bounds=self.stage_bounds)
  File "petsc4py/PETSc/Log.pyx", line 250, in petsc4py.PETSc.Log.EventDecorator.decorator.wrapped_func
  File "petsc4py/PETSc/Log.pyx", line 251, in petsc4py.PETSc.Log.EventDecorator.decorator.wrapped_func
  File "petsc4py/PETSc/Log.pyx", line 251, in petsc4py.PETSc.Log.EventDecorator.decorator.wrapped_func
  File "petsc4py/PETSc/Log.pyx", line 251, in petsc4py.PETSc.Log.EventDecorator.decorator.wrapped_func
  File "petsc4py/PETSc/Log.pyx", line 251, in petsc4py.PETSc.Log.EventDecorator.decorator.wrapped_func
    self.solver.solve(bounds=self.stage_bounds)
  File "petsc4py/PETSc/Log.pyx", line 250, in petsc4py.PETSc.Log.EventDecorator.decorator.wrapped_func
    self.solver.solve(bounds=self.stage_bounds)
  File "petsc4py/PETSc/Log.pyx", line 250, in petsc4py.PETSc.Log.EventDecorator.decorator.wrapped_func
    self.solver.solve(bounds=self.stage_bounds)
  File "petsc4py/PETSc/Log.pyx", line 250, in petsc4py.PETSc.Log.EventDecorator.decorator.wrapped_func
  File "petsc4py/PETSc/Log.pyx", line 251, in petsc4py.PETSc.Log.EventDecorator.decorator.wrapped_func
    self.solver.solve(bounds=self.stage_bounds)
  File "petsc4py/PETSc/Log.pyx", line 250, in petsc4py.PETSc.Log.EventDecorator.decorator.wrapped_func
    self.solver.solve(bounds=self.stage_bounds)
  File "petsc4py/PETSc/Log.pyx", line 250, in petsc4py.PETSc.Log.EventDecorator.decorator.wrapped_func
  File "petsc4py/PETSc/Log.pyx", line 251, in petsc4py.PETSc.Log.EventDecorator.decorator.wrapped_func
  File "petsc4py/PETSc/Log.pyx", line 251, in petsc4py.PETSc.Log.EventDecorator.decorator.wrapped_func
  File "petsc4py/PETSc/Log.pyx", line 251, in petsc4py.PETSc.Log.EventDecorator.decorator.wrapped_func
  File "petsc4py/PETSc/Log.pyx", line 251, in petsc4py.PETSc.Log.EventDecorator.decorator.wrapped_func
  File "petsc4py/PETSc/Log.pyx", line 251, in petsc4py.PETSc.Log.EventDecorator.decorator.wrapped_func
    self.solver.solve(bounds=self.stage_bounds)
  File "petsc4py/PETSc/Log.pyx", line 250, in petsc4py.PETSc.Log.EventDecorator.decorator.wrapped_func
    self.solver.solve(bounds=self.stage_bounds)
  File "petsc4py/PETSc/Log.pyx", line 250, in petsc4py.PETSc.Log.EventDecorator.decorator.wrapped_func
  File "petsc4py/PETSc/Log.pyx", line 251, in petsc4py.PETSc.Log.EventDecorator.decorator.wrapped_func
  File "petsc4py/PETSc/Log.pyx", line 251, in petsc4py.PETSc.Log.EventDecorator.decorator.wrapped_func
  File "petsc4py/PETSc/Log.pyx", line 251, in petsc4py.PETSc.Log.EventDecorator.decorator.wrapped_func
  File "petsc4py/PETSc/Log.pyx", line 251, in petsc4py.PETSc.Log.EventDecorator.decorator.wrapped_func
    self.solver.solve(bounds=self.stage_bounds)
  File "petsc4py/PETSc/Log.pyx", line 250, in petsc4py.PETSc.Log.EventDecorator.decorator.wrapped_func
  File "petsc4py/PETSc/Log.pyx", line 251, in petsc4py.PETSc.Log.EventDecorator.decorator.wrapped_func
    self.solver.solve(bounds=self.stage_bounds)
  File "petsc4py/PETSc/Log.pyx", line 250, in petsc4py.PETSc.Log.EventDecorator.decorator.wrapped_func
  File "petsc4py/PETSc/Log.pyx", line 251, in petsc4py.PETSc.Log.EventDecorator.decorator.wrapped_func
    self.solver.solve(bounds=self.stage_bounds)
  File "petsc4py/PETSc/Log.pyx", line 250, in petsc4py.PETSc.Log.EventDecorator.decorator.wrapped_func
  File "petsc4py/PETSc/Log.pyx", line 251, in petsc4py.PETSc.Log.EventDecorator.decorator.wrapped_func
  File "petsc4py/PETSc/Log.pyx", line 251, in petsc4py.PETSc.Log.EventDecorator.decorator.wrapped_func
    self.solver.solve(bounds=self.stage_bounds)
  File "petsc4py/PETSc/Log.pyx", line 250, in petsc4py.PETSc.Log.EventDecorator.decorator.wrapped_func
  File "petsc4py/PETSc/Log.pyx", line 251, in petsc4py.PETSc.Log.EventDecorator.decorator.wrapped_func
  File "petsc4py/PETSc/Log.pyx", line 251, in petsc4py.PETSc.Log.EventDecorator.decorator.wrapped_func
  File "petsc4py/PETSc/Log.pyx", line 251, in petsc4py.PETSc.Log.EventDecorator.decorator.wrapped_func
  File "petsc4py/PETSc/Log.pyx", line 251, in petsc4py.PETSc.Log.EventDecorator.decorator.wrapped_func
    self.solver.solve(bounds=self.stage_bounds)
  File "petsc4py/PETSc/Log.pyx", line 250, in petsc4py.PETSc.Log.EventDecorator.decorator.wrapped_func
  File "petsc4py/PETSc/Log.pyx", line 251, in petsc4py.PETSc.Log.EventDecorator.decorator.wrapped_func
    self.solver.solve(bounds=self.stage_bounds)
  File "petsc4py/PETSc/Log.pyx", line 250, in petsc4py.PETSc.Log.EventDecorator.decorator.wrapped_func
  File "/scratch/xd2/sg8812/firedrake-override/firedrake/adjoint_utils/variational_solver.py", line 116, in wrapper
  File "/scratch/xd2/sg8812/firedrake-override/firedrake/adjoint_utils/variational_solver.py", line 116, in wrapper
    self.solver.solve(bounds=self.stage_bounds)
  File "petsc4py/PETSc/Log.pyx", line 250, in petsc4py.PETSc.Log.EventDecorator.decorator.wrapped_func
    self.solver.solve(bounds=self.stage_bounds)
  File "petsc4py/PETSc/Log.pyx", line 250, in petsc4py.PETSc.Log.EventDecorator.decorator.wrapped_func
    self.solver.solve(bounds=self.stage_bounds)
  File "petsc4py/PETSc/Log.pyx", line 250, in petsc4py.PETSc.Log.EventDecorator.decorator.wrapped_func
    self.solver.solve(bounds=self.stage_bounds)
  File "petsc4py/PETSc/Log.pyx", line 250, in petsc4py.PETSc.Log.EventDecorator.decorator.wrapped_func
    self.solver.solve(bounds=self.stage_bounds)
  File "petsc4py/PETSc/Log.pyx", line 250, in petsc4py.PETSc.Log.EventDecorator.decorator.wrapped_func
  File "/scratch/xd2/sg8812/firedrake-override/firedrake/adjoint_utils/variational_solver.py", line 116, in wrapper
  File "/scratch/xd2/sg8812/firedrake-override/firedrake/adjoint_utils/variational_solver.py", line 116, in wrapper
  File "/scratch/xd2/sg8812/firedrake-override/firedrake/adjoint_utils/variational_solver.py", line 116, in wrapper
  File "/scratch/xd2/sg8812/firedrake-override/firedrake/adjoint_utils/variational_solver.py", line 116, in wrapper
  File "/scratch/xd2/sg8812/firedrake-override/firedrake/adjoint_utils/variational_solver.py", line 116, in wrapper
  File "/scratch/xd2/sg8812/firedrake-override/firedrake/adjoint_utils/variational_solver.py", line 116, in wrapper
  File "/scratch/xd2/sg8812/firedrake-override/firedrake/adjoint_utils/variational_solver.py", line 116, in wrapper
  File "/scratch/xd2/sg8812/firedrake-override/firedrake/adjoint_utils/variational_solver.py", line 116, in wrapper
  File "/scratch/xd2/sg8812/firedrake-override/firedrake/adjoint_utils/variational_solver.py", line 116, in wrapper
  File "petsc4py/PETSc/Log.pyx", line 251, in petsc4py.PETSc.Log.EventDecorator.decorator.wrapped_func
  File "/scratch/xd2/sg8812/firedrake-override/firedrake/adjoint_utils/variational_solver.py", line 116, in wrapper
  File "petsc4py/PETSc/Log.pyx", line 251, in petsc4py.PETSc.Log.EventDecorator.decorator.wrapped_func
  File "petsc4py/PETSc/Log.pyx", line 251, in petsc4py.PETSc.Log.EventDecorator.decorator.wrapped_func
  File "petsc4py/PETSc/Log.pyx", line 251, in petsc4py.PETSc.Log.EventDecorator.decorator.wrapped_func
  File "/scratch/xd2/sg8812/firedrake-override/firedrake/adjoint_utils/variational_solver.py", line 116, in wrapper
  File "/scratch/xd2/sg8812/firedrake-override/firedrake/adjoint_utils/variational_solver.py", line 116, in wrapper
  File "petsc4py/PETSc/Log.pyx", line 251, in petsc4py.PETSc.Log.EventDecorator.decorator.wrapped_func
  File "petsc4py/PETSc/Log.pyx", line 251, in petsc4py.PETSc.Log.EventDecorator.decorator.wrapped_func
  File "/scratch/xd2/sg8812/firedrake-override/firedrake/adjoint_utils/variational_solver.py", line 116, in wrapper
  File "petsc4py/PETSc/Log.pyx", line 251, in petsc4py.PETSc.Log.EventDecorator.decorator.wrapped_func
  File "/scratch/xd2/sg8812/firedrake-override/firedrake/adjoint_utils/variational_solver.py", line 116, in wrapper
  File "/scratch/xd2/sg8812/firedrake-override/firedrake/adjoint_utils/variational_solver.py", line 116, in wrapper
  File "/scratch/xd2/sg8812/firedrake-override/firedrake/adjoint_utils/variational_solver.py", line 116, in wrapper
  File "petsc4py/PETSc/Log.pyx", line 251, in petsc4py.PETSc.Log.EventDecorator.decorator.wrapped_func
  File "/scratch/xd2/sg8812/firedrake-override/firedrake/adjoint_utils/variational_solver.py", line 116, in wrapper
  File "petsc4py/PETSc/Log.pyx", line 251, in petsc4py.PETSc.Log.EventDecorator.decorator.wrapped_func
  File "petsc4py/PETSc/Log.pyx", line 251, in petsc4py.PETSc.Log.EventDecorator.decorator.wrapped_func
  File "petsc4py/PETSc/Log.pyx", line 251, in petsc4py.PETSc.Log.EventDecorator.decorator.wrapped_func
    out = solve(self, **kwargs)
  File "petsc4py/PETSc/Log.pyx", line 251, in petsc4py.PETSc.Log.EventDecorator.decorator.wrapped_func
  File "petsc4py/PETSc/Log.pyx", line 251, in petsc4py.PETSc.Log.EventDecorator.decorator.wrapped_func
  File "petsc4py/PETSc/Log.pyx", line 251, in petsc4py.PETSc.Log.EventDecorator.decorator.wrapped_func
  File "petsc4py/PETSc/Log.pyx", line 251, in petsc4py.PETSc.Log.EventDecorator.decorator.wrapped_func
  File "/scratch/xd2/sg8812/firedrake-override/firedrake/adjoint_utils/variational_solver.py", line 116, in wrapper
  File "/scratch/xd2/sg8812/firedrake-override/firedrake/adjoint_utils/variational_solver.py", line 116, in wrapper
  File "/scratch/xd2/sg8812/firedrake-override/firedrake/adjoint_utils/variational_solver.py", line 116, in wrapper
          ^^^^^^^^^^^^^^^^^^^^^
  File "/scratch/xd2/sg8812/firedrake-override/firedrake/variational_solver.py", line 403, in solve
  File "petsc4py/PETSc/Log.pyx", line 251, in petsc4py.PETSc.Log.EventDecorator.decorator.wrapped_func
  File "petsc4py/PETSc/Log.pyx", line 251, in petsc4py.PETSc.Log.EventDecorator.decorator.wrapped_func
  File "/scratch/xd2/sg8812/firedrake-override/firedrake/adjoint_utils/variational_solver.py", line 116, in wrapper
  File "petsc4py/PETSc/Log.pyx", line 251, in petsc4py.PETSc.Log.EventDecorator.decorator.wrapped_func
  File "/scratch/xd2/sg8812/firedrake-override/firedrake/adjoint_utils/variational_solver.py", line 116, in wrapper
  File "/scratch/xd2/sg8812/firedrake-override/firedrake/adjoint_utils/variational_solver.py", line 116, in wrapper
  File "/scratch/xd2/sg8812/firedrake-override/firedrake/adjoint_utils/variational_solver.py", line 116, in wrapper
  File "/scratch/xd2/sg8812/firedrake-override/firedrake/adjoint_utils/variational_solver.py", line 116, in wrapper
    out = solve(self, **kwargs)
          ^^^^^^^^^^^^^^^^^^^^^
  File "/scratch/xd2/sg8812/firedrake-override/firedrake/variational_solver.py", line 403, in solve
  File "/scratch/xd2/sg8812/firedrake-override/firedrake/adjoint_utils/variational_solver.py", line 116, in wrapper
  File "/scratch/xd2/sg8812/firedrake-override/firedrake/adjoint_utils/variational_solver.py", line 116, in wrapper
  File "/scratch/xd2/sg8812/firedrake-override/firedrake/adjoint_utils/variational_solver.py", line 116, in wrapper
    out = solve(self, **kwargs)
          ^^^^^^^^^^^^^^^^^^^^^
  File "/scratch/xd2/sg8812/firedrake-override/firedrake/adjoint_utils/variational_solver.py", line 116, in wrapper
    solving_utils.check_snes_convergence(self.snes)
  File "/scratch/xd2/sg8812/firedrake-override/firedrake/solving_utils.py", line 129, in check_snes_convergence
  File "/scratch/xd2/sg8812/firedrake-override/firedrake/adjoint_utils/variational_solver.py", line 116, in wrapper
  File "/scratch/xd2/sg8812/firedrake-override/firedrake/adjoint_utils/variational_solver.py", line 116, in wrapper
  File "/scratch/xd2/sg8812/firedrake-override/firedrake/variational_solver.py", line 403, in solve
  File "/scratch/xd2/sg8812/firedrake-override/firedrake/adjoint_utils/variational_solver.py", line 116, in wrapper
  File "/scratch/xd2/sg8812/firedrake-override/firedrake/adjoint_utils/variational_solver.py", line 116, in wrapper
  File "/scratch/xd2/sg8812/firedrake-override/firedrake/adjoint_utils/variational_solver.py", line 116, in wrapper
  File "/scratch/xd2/sg8812/firedrake-override/firedrake/adjoint_utils/variational_solver.py", line 116, in wrapper
  File "/scratch/xd2/sg8812/firedrake-override/firedrake/adjoint_utils/variational_solver.py", line 116, in wrapper
  File "/scratch/xd2/sg8812/firedrake-override/firedrake/adjoint_utils/variational_solver.py", line 116, in wrapper
  File "/scratch/xd2/sg8812/firedrake-override/firedrake/adjoint_utils/variational_solver.py", line 116, in wrapper
  File "/scratch/xd2/sg8812/firedrake-override/firedrake/adjoint_utils/variational_solver.py", line 116, in wrapper
    solving_utils.check_snes_convergence(self.snes)
    out = solve(self, **kwargs)
    raise ConvergenceError(r"""Nonlinear solve failed to converge after %d nonlinear iterations.
firedrake.exceptions.ConvergenceError: Nonlinear solve failed to converge after 18 nonlinear iterations.
Reason:
   DIVERGED_DTOL  File "/scratch/xd2/sg8812/firedrake-override/firedrake/solving_utils.py", line 129, in check_snes_convergence

    out = solve(self, **kwargs)
          ^^^^^^^^^^^^^^^^^^^^^
  File "/scratch/xd2/sg8812/firedrake-override/firedrake/variational_solver.py", line 403, in solve
          ^^^^^^^^^^^^^^^^^^^^^
  File "/scratch/xd2/sg8812/firedrake-override/firedrake/variational_solver.py", line 403, in solve
    solving_utils.check_snes_convergence(self.snes)
    raise ConvergenceError(r"""Nonlinear solve failed to converge after %d nonlinear iterations.
firedrake.exceptions.ConvergenceError: Nonlinear solve failed to converge after 18 nonlinear iterations.
Reason:
   DIVERGED_DTOL  File "/scratch/xd2/sg8812/firedrake-override/firedrake/solving_utils.py", line 129, in check_snes_convergence

    raise ConvergenceError(r"""Nonlinear solve failed to converge after %d nonlinear iterations.
firedrake.exceptions.ConvergenceError: Nonlinear solve failed to converge after 18 nonlinear iterations.
Reason:
   DIVERGED_DTOL
    solving_utils.check_snes_convergence(self.snes)
  File "/scratch/xd2/sg8812/firedrake-override/firedrake/solving_utils.py", line 129, in check_snes_convergence
    solving_utils.check_snes_convergence(self.snes)
  File "/scratch/xd2/sg8812/firedrake-override/firedrake/solving_utils.py", line 129, in check_snes_convergence
    out = solve(self, **kwargs)
          ^^^^^^^^^^^^^^^^^^^^^
    raise ConvergenceError(r"""Nonlinear solve failed to converge after %d nonlinear iterations.
  File "/scratch/xd2/sg8812/firedrake-override/firedrake/variational_solver.py", line 403, in solve
    out = solve(self, **kwargs)
    raise ConvergenceError(r"""Nonlinear solve failed to converge after %d nonlinear iterations.
firedrake.exceptions.ConvergenceError: Nonlinear solve failed to converge after 18 nonlinear iterations.
Reason:
   DIVERGED_DTOL
    out = solve(self, **kwargs)
    out = solve(self, **kwargs)
          ^^^^^^^^^^^^^^^^^^^^^
  File "/scratch/xd2/sg8812/firedrake-override/firedrake/variational_solver.py", line 403, in solve
firedrake.exceptions.ConvergenceError: Nonlinear solve failed to converge after 18 nonlinear iterations.
Reason:
   DIVERGED_DTOL
    out = solve(self, **kwargs)
    out = solve(self, **kwargs)
          ^^^^^^^^^^^^^^^^^^^^^
    out = solve(self, **kwargs)
          ^^^^^^^^^^^^^^^^^^^^^
    out = solve(self, **kwargs)
          ^^^^^^^^^^^^^^^^^^^^^
  File "/scratch/xd2/sg8812/firedrake-override/firedrake/variational_solver.py", line 403, in solve
          ^^^^^^^^^^^^^^^^^^^^^
  File "/scratch/xd2/sg8812/firedrake-override/firedrake/variational_solver.py", line 403, in solve
    out = solve(self, **kwargs)
          ^^^^^^^^^^^^^^^^^^^^^
  File "/scratch/xd2/sg8812/firedrake-override/firedrake/variational_solver.py", line 403, in solve
    out = solve(self, **kwargs)
  File "/scratch/xd2/sg8812/firedrake-override/firedrake/variational_solver.py", line 403, in solve
    out = solve(self, **kwargs)
    out = solve(self, **kwargs)
  File "/scratch/xd2/sg8812/firedrake-override/firedrake/variational_solver.py", line 403, in solve
          ^^^^^^^^^^^^^^^^^^^^^
  File "/scratch/xd2/sg8812/firedrake-override/firedrake/variational_solver.py", line 403, in solve
          ^^^^^^^^^^^^^^^^^^^^^
  File "/scratch/xd2/sg8812/firedrake-override/firedrake/variational_solver.py", line 403, in solve
    out = solve(self, **kwargs)
          ^^^^^^^^^^^^^^^^^^^^^
  File "/scratch/xd2/sg8812/firedrake-override/firedrake/variational_solver.py", line 403, in solve
    solving_utils.check_snes_convergence(self.snes)
          ^^^^^^^^^^^^^^^^^^^^^
  File "/scratch/xd2/sg8812/firedrake-override/firedrake/variational_solver.py", line 403, in solve
    out = solve(self, **kwargs)
          ^^^^^^^^^^^^^^^^^^^^^
  File "/scratch/xd2/sg8812/firedrake-override/firedrake/variational_solver.py", line 403, in solve
          ^^^^^^^^^^^^^^^^^^^^^
  File "/scratch/xd2/sg8812/firedrake-override/firedrake/variational_solver.py", line 403, in solve
          ^^^^^^^^^^^^^^^^^^^^^
  File "/scratch/xd2/sg8812/firedrake-override/firedrake/variational_solver.py", line 403, in solve
    out = solve(self, **kwargs)
    out = solve(self, **kwargs)
          ^^^^^^^^^^^^^^^^^^^^^
    out = solve(self, **kwargs)
          ^^^^^^^^^^^^^^^^^^^^^
  File "/scratch/xd2/sg8812/firedrake-override/firedrake/variational_solver.py", line 403, in solve
    out = solve(self, **kwargs)
          ^^^^^^^^^^^^^^^^^^^^^
  File "/scratch/xd2/sg8812/firedrake-override/firedrake/solving_utils.py", line 129, in check_snes_convergence
    out = solve(self, **kwargs)
    out = solve(self, **kwargs)
          ^^^^^^^^^^^^^^^^^^^^^
  File "/scratch/xd2/sg8812/firedrake-override/firedrake/variational_solver.py", line 403, in solve
  File "/scratch/xd2/sg8812/firedrake-override/firedrake/variational_solver.py", line 403, in solve
    out = solve(self, **kwargs)
          ^^^^^^^^^^^^^^^^^^^^^
  File "/scratch/xd2/sg8812/firedrake-override/firedrake/variational_solver.py", line 403, in solve
    out = solve(self, **kwargs)
          ^^^^^^^^^^^^^^^^^^^^^
  File "/scratch/xd2/sg8812/firedrake-override/firedrake/variational_solver.py", line 403, in solve
          ^^^^^^^^^^^^^^^^^^^^^
  File "/scratch/xd2/sg8812/firedrake-override/firedrake/variational_solver.py", line 403, in solve
    solving_utils.check_snes_convergence(self.snes)
    out = solve(self, **kwargs)
          ^^^^^^^^^^^^^^^^^^^^^
  File "/scratch/xd2/sg8812/firedrake-override/firedrake/variational_solver.py", line 403, in solve
    solving_utils.check_snes_convergence(self.snes)
  File "/scratch/xd2/sg8812/firedrake-override/firedrake/solving_utils.py", line 129, in check_snes_convergence
    solving_utils.check_snes_convergence(self.snes)
  File "/scratch/xd2/sg8812/firedrake-override/firedrake/solving_utils.py", line 129, in check_snes_convergence
          ^^^^^^^^^^^^^^^^^^^^^
  File "/scratch/xd2/sg8812/firedrake-override/firedrake/variational_solver.py", line 403, in solve
    solving_utils.check_snes_convergence(self.snes)
  File "/scratch/xd2/sg8812/firedrake-override/firedrake/solving_utils.py", line 129, in check_snes_convergence
    out = solve(self, **kwargs)
    solving_utils.check_snes_convergence(self.snes)
    out = solve(self, **kwargs)
    solving_utils.check_snes_convergence(self.snes)
  File "/scratch/xd2/sg8812/firedrake-override/firedrake/solving_utils.py", line 129, in check_snes_convergence
    solving_utils.check_snes_convergence(self.snes)
  File "/scratch/xd2/sg8812/firedrake-override/firedrake/solving_utils.py", line 129, in check_snes_convergence
    out = solve(self, **kwargs)
          ^^^^^^^^^^^^^^^^^^^^^
  File "/scratch/xd2/sg8812/firedrake-override/firedrake/variational_solver.py", line 403, in solve
  File "/scratch/xd2/sg8812/firedrake-override/firedrake/variational_solver.py", line 403, in solve
    raise ConvergenceError(r"""Nonlinear solve failed to converge after %d nonlinear iterations.
firedrake.exceptions.ConvergenceError: Nonlinear solve failed to converge after 18 nonlinear iterations.
Reason:
   DIVERGED_DTOL
    solving_utils.check_snes_convergence(self.snes)
  File "/scratch/xd2/sg8812/firedrake-override/firedrake/solving_utils.py", line 129, in check_snes_convergence
    out = solve(self, **kwargs)
          ^^^^^^^^^^^^^^^^^^^^^
  File "/scratch/xd2/sg8812/firedrake-override/firedrake/variational_solver.py", line 403, in solve
    solving_utils.check_snes_convergence(self.snes)
  File "/scratch/xd2/sg8812/firedrake-override/firedrake/solving_utils.py", line 129, in check_snes_convergence
    out = solve(self, **kwargs)
  File "/scratch/xd2/sg8812/firedrake-override/firedrake/solving_utils.py", line 129, in check_snes_convergence
    solving_utils.check_snes_convergence(self.snes)
          ^^^^^^^^^^^^^^^^^^^^^
  File "/scratch/xd2/sg8812/firedrake-override/firedrake/variational_solver.py", line 403, in solve
    solving_utils.check_snes_convergence(self.snes)
    out = solve(self, **kwargs)
  File "/scratch/xd2/sg8812/firedrake-override/firedrake/solving_utils.py", line 129, in check_snes_convergence
    out = solve(self, **kwargs)
          ^^^^^^^^^^^^^^^^^^^^^
  File "/scratch/xd2/sg8812/firedrake-override/firedrake/variational_solver.py", line 403, in solve
  File "/scratch/xd2/sg8812/firedrake-override/firedrake/solving_utils.py", line 129, in check_snes_convergence
          ^^^^^^^^^^^^^^^^^^^^^
  File "/scratch/xd2/sg8812/firedrake-override/firedrake/variational_solver.py", line 403, in solve
    solving_utils.check_snes_convergence(self.snes)
  File "/scratch/xd2/sg8812/firedrake-override/firedrake/solving_utils.py", line 129, in check_snes_convergence
    raise ConvergenceError(r"""Nonlinear solve failed to converge after %d nonlinear iterations.
firedrake.exceptions.ConvergenceError: Nonlinear solve failed to converge after 18 nonlinear iterations.
Reason:
   DIVERGED_DTOL    solving_utils.check_snes_convergence(self.snes)
  File "/scratch/xd2/sg8812/firedrake-override/firedrake/solving_utils.py", line 129, in check_snes_convergence
    solving_utils.check_snes_convergence(self.snes)
  File "/scratch/xd2/sg8812/firedrake-override/firedrake/solving_utils.py", line 129, in check_snes_convergence
    out = solve(self, **kwargs)
          ^^^^^^^^^^^^^^^^^^^^^
  File "/scratch/xd2/sg8812/firedrake-override/firedrake/variational_solver.py", line 403, in solve
    raise ConvergenceError(r"""Nonlinear solve failed to converge after %d nonlinear iterations.
firedrake.exceptions.ConvergenceError: Nonlinear solve failed to converge after 18 nonlinear iterations.
Reason:
   DIVERGED_DTOL
    solving_utils.check_snes_convergence(self.snes)
  File "/scratch/xd2/sg8812/firedrake-override/firedrake/solving_utils.py", line 129, in check_snes_convergence
    solving_utils.check_snes_convergence(self.snes)
  File "/scratch/xd2/sg8812/firedrake-override/firedrake/solving_utils.py", line 129, in check_snes_convergence
    out = solve(self, **kwargs)
          ^^^^^^^^^^^^^^^^^^^^^
  File "/scratch/xd2/sg8812/firedrake-override/firedrake/variational_solver.py", line 403, in solve
          ^^^^^^^^^^^^^^^^^^^^^
  File "/scratch/xd2/sg8812/firedrake-override/firedrake/variational_solver.py", line 403, in solve
    out = solve(self, **kwargs)
          ^^^^^^^^^^^^^^^^^^^^^
  File "/scratch/xd2/sg8812/firedrake-override/firedrake/variational_solver.py", line 403, in solve
    out = solve(self, **kwargs)
          ^^^^^^^^^^^^^^^^^^^^^
  File "/scratch/xd2/sg8812/firedrake-override/firedrake/variational_solver.py", line 403, in solve
    raise ConvergenceError(r"""Nonlinear solve failed to converge after %d nonlinear iterations.
firedrake.exceptions.ConvergenceError: Nonlinear solve failed to converge after 18 nonlinear iterations.
Reason:
   DIVERGED_DTOL
    raise ConvergenceError(r"""Nonlinear solve failed to converge after %d nonlinear iterations.
firedrake.exceptions.ConvergenceError: Nonlinear solve failed to converge after 18 nonlinear iterations.
Reason:
   DIVERGED_DTOL
    raise ConvergenceError(r"""Nonlinear solve failed to converge after %d nonlinear iterations.
firedrake.exceptions.ConvergenceError: Nonlinear solve failed to converge after 18 nonlinear iterations.
Reason:
   DIVERGED_DTOL
    out = solve(self, **kwargs)
          ^^^^^^^^^^^^^^^^^^^^^
  File "/scratch/xd2/sg8812/firedrake-override/firedrake/variational_solver.py", line 403, in solve
    raise ConvergenceError(r"""Nonlinear solve failed to converge after %d nonlinear iterations.
firedrake.exceptions.ConvergenceError: Nonlinear solve failed to converge after 18 nonlinear iterations.
Reason:
   DIVERGED_DTOL
    solving_utils.check_snes_convergence(self.snes)
  File "/scratch/xd2/sg8812/firedrake-override/firedrake/solving_utils.py", line 129, in check_snes_convergence
    raise ConvergenceError(r"""Nonlinear solve failed to converge after %d nonlinear iterations.
firedrake.exceptions.ConvergenceError: Nonlinear solve failed to converge after 18 nonlinear iterations.
Reason:
   DIVERGED_DTOL          ^^^^^^^^^^^^^^^^^^^^^
  File "/scratch/xd2/sg8812/firedrake-override/firedrake/variational_solver.py", line 403, in solve
    raise ConvergenceError(r"""Nonlinear solve failed to converge after %d nonlinear iterations.
firedrake.exceptions.ConvergenceError: Nonlinear solve failed to converge after 18 nonlinear iterations.
Reason:
   DIVERGED_DTOL
    solving_utils.check_snes_convergence(self.snes)
  File "/scratch/xd2/sg8812/firedrake-override/firedrake/solving_utils.py", line 129, in check_snes_convergence
    solving_utils.check_snes_convergence(self.snes)
  File "/scratch/xd2/sg8812/firedrake-override/firedrake/solving_utils.py", line 129, in check_snes_convergence
    raise ConvergenceError(r"""Nonlinear solve failed to converge after %d nonlinear iterations.
firedrake.exceptions.ConvergenceError: Nonlinear solve failed to converge after 18 nonlinear iterations.
Reason:
   DIVERGED_DTOL
    raise ConvergenceError(r"""Nonlinear solve failed to converge after %d nonlinear iterations.
firedrake.exceptions.ConvergenceError: Nonlinear solve failed to converge after 18 nonlinear iterations.
Reason:
   DIVERGED_DTOL

    solving_utils.check_snes_convergence(self.snes)
  File "/scratch/xd2/sg8812/firedrake-override/firedrake/solving_utils.py", line 129, in check_snes_convergence
    raise ConvergenceError(r"""Nonlinear solve failed to converge after %d nonlinear iterations.
firedrake.exceptions.ConvergenceError: Nonlinear solve failed to converge after 18 nonlinear iterations.
Reason:
   DIVERGED_DTOL
    raise ConvergenceError(r"""Nonlinear solve failed to converge after %d nonlinear iterations.
firedrake.exceptions.ConvergenceError: Nonlinear solve failed to converge after 18 nonlinear iterations.
Reason:
   DIVERGED_DTOL
    solving_utils.check_snes_convergence(self.snes)
  File "/scratch/xd2/sg8812/firedrake-override/firedrake/solving_utils.py", line 129, in check_snes_convergence
    raise ConvergenceError(r"""Nonlinear solve failed to converge after %d nonlinear iterations.
firedrake.exceptions.ConvergenceError: Nonlinear solve failed to converge after 18 nonlinear iterations.
Reason:
   DIVERGED_DTOL
    solving_utils.check_snes_convergence(self.snes)
  File "/scratch/xd2/sg8812/firedrake-override/firedrake/solving_utils.py", line 129, in check_snes_convergence
    raise ConvergenceError(r"""Nonlinear solve failed to converge after %d nonlinear iterations.
firedrake.exceptions.ConvergenceError: Nonlinear solve failed to converge after 18 nonlinear iterations.
Reason:
   DIVERGED_DTOL
    solving_utils.check_snes_convergence(self.snes)
  File "/scratch/xd2/sg8812/firedrake-override/firedrake/solving_utils.py", line 129, in check_snes_convergence
    raise ConvergenceError(r"""Nonlinear solve failed to converge after %d nonlinear iterations.
firedrake.exceptions.ConvergenceError: Nonlinear solve failed to converge after 18 nonlinear iterations.
Reason:
   DIVERGED_DTOL    solving_utils.check_snes_convergence(self.snes)
  File "/scratch/xd2/sg8812/firedrake-override/firedrake/solving_utils.py", line 129, in check_snes_convergence
    raise ConvergenceError(r"""Nonlinear solve failed to converge after %d nonlinear iterations.
firedrake.exceptions.ConvergenceError: Nonlinear solve failed to converge after 18 nonlinear iterations.
Reason:
   DIVERGED_DTOL    out = solve(self, **kwargs)
          ^^^^^^^^^^^^^^^^^^^^^
  File "/scratch/xd2/sg8812/firedrake-override/firedrake/variational_solver.py", line 403, in solve
  File "/scratch/xd2/sg8812/firedrake-override/firedrake/solving_utils.py", line 129, in check_snes_convergence
    raise ConvergenceError(r"""Nonlinear solve failed to converge after %d nonlinear iterations.
firedrake.exceptions.ConvergenceError: Nonlinear solve failed to converge after 18 nonlinear iterations.
Reason:
   DIVERGED_DTOL
    raise ConvergenceError(r"""Nonlinear solve failed to converge after %d nonlinear iterations.
firedrake.exceptions.ConvergenceError: Nonlinear solve failed to converge after 18 nonlinear iterations.
Reason:
   DIVERGED_DTOL
    solving_utils.check_snes_convergence(self.snes)
  File "/scratch/xd2/sg8812/firedrake-override/firedrake/solving_utils.py", line 129, in check_snes_convergence
    raise ConvergenceError(r"""Nonlinear solve failed to converge after %d nonlinear iterations.
firedrake.exceptions.ConvergenceError: Nonlinear solve failed to converge after 18 nonlinear iterations.
Reason:
   DIVERGED_DTOL
    solving_utils.check_snes_convergence(self.snes)
  File "/scratch/xd2/sg8812/firedrake-override/firedrake/solving_utils.py", line 129, in check_snes_convergence
    raise ConvergenceError(r"""Nonlinear solve failed to converge after %d nonlinear iterations.
    raise ConvergenceError(r"""Nonlinear solve failed to converge after %d nonlinear iterations.
firedrake.exceptions.ConvergenceError: Nonlinear solve failed to converge after 18 nonlinear iterations.
Reason:
   DIVERGED_DTOL
    raise ConvergenceError(r"""Nonlinear solve failed to converge after %d nonlinear iterations.
firedrake.exceptions.ConvergenceError: Nonlinear solve failed to converge after 18 nonlinear iterations.
Reason:
   DIVERGED_DTOL
    solving_utils.check_snes_convergence(self.snes)
  File "/scratch/xd2/sg8812/firedrake-override/firedrake/solving_utils.py", line 129, in check_snes_convergence
    solving_utils.check_snes_convergence(self.snes)
  File "/scratch/xd2/sg8812/firedrake-override/firedrake/solving_utils.py", line 129, in check_snes_convergence
    raise ConvergenceError(r"""Nonlinear solve failed to converge after %d nonlinear iterations.
firedrake.exceptions.ConvergenceError: Nonlinear solve failed to converge after 18 nonlinear iterations.
Reason:
   DIVERGED_DTOL
    raise ConvergenceError(r"""Nonlinear solve failed to converge after %d nonlinear iterations.
firedrake.exceptions.ConvergenceError: Nonlinear solve failed to converge after 18 nonlinear iterations.
Reason:
   DIVERGED_DTOL
    raise ConvergenceError(r"""Nonlinear solve failed to converge after %d nonlinear iterations.
firedrake.exceptions.ConvergenceError: Nonlinear solve failed to converge after 18 nonlinear iterations.
Reason:
   DIVERGED_DTOL
    solving_utils.check_snes_convergence(self.snes)
  File "/scratch/xd2/sg8812/firedrake-override/firedrake/solving_utils.py", line 129, in check_snes_convergence
    raise ConvergenceError(r"""Nonlinear solve failed to converge after %d nonlinear iterations.
firedrake.exceptions.ConvergenceError: Nonlinear solve failed to converge after 18 nonlinear iterations.
Reason:
   DIVERGED_DTOL    solving_utils.check_snes_convergence(self.snes)
  File "/scratch/xd2/sg8812/firedrake-override/firedrake/solving_utils.py", line 129, in check_snes_convergence
    solving_utils.check_snes_convergence(self.snes)
  File "/scratch/xd2/sg8812/firedrake-override/firedrake/solving_utils.py", line 129, in check_snes_convergence
    raise ConvergenceError(r"""Nonlinear solve failed to converge after %d nonlinear iterations.
    solving_utils.check_snes_convergence(self.snes)
  File "/scratch/xd2/sg8812/firedrake-override/firedrake/solving_utils.py", line 129, in check_snes_convergence

    solving_utils.check_snes_convergence(self.snes)
  File "/scratch/xd2/sg8812/firedrake-override/firedrake/solving_utils.py", line 129, in check_snes_convergence

    raise ConvergenceError(r"""Nonlinear solve failed to converge after %d nonlinear iterations.
firedrake.exceptions.ConvergenceError: Nonlinear solve failed to converge after 18 nonlinear iterations.
Reason:
   DIVERGED_DTOL
    solving_utils.check_snes_convergence(self.snes)
  File "/scratch/xd2/sg8812/firedrake-override/firedrake/solving_utils.py", line 129, in check_snes_convergence
    raise ConvergenceError(r"""Nonlinear solve failed to converge after %d nonlinear iterations.
    raise ConvergenceError(r"""Nonlinear solve failed to converge after %d nonlinear iterations.
firedrake.exceptions.ConvergenceError: Nonlinear solve failed to converge after 18 nonlinear iterations.
Reason:
   DIVERGED_DTOL
firedrake.exceptions.ConvergenceError: Nonlinear solve failed to converge after 18 nonlinear iterations.
Reason:
   DIVERGED_DTOL
    raise ConvergenceError(r"""Nonlinear solve failed to converge after %d nonlinear iterations.
firedrake.exceptions.ConvergenceError: Nonlinear solve failed to converge after 18 nonlinear iterations.
Reason:
   DIVERGED_DTOL
    raise ConvergenceError(r"""Nonlinear solve failed to converge after %d nonlinear iterations.
firedrake.exceptions.ConvergenceError: Nonlinear solve failed to converge after 18 nonlinear iterations.
Reason:
   DIVERGED_DTOL

    raise ConvergenceError(r"""Nonlinear solve failed to converge after %d nonlinear iterations.
firedrake.exceptions.ConvergenceError: Nonlinear solve failed to converge after 18 nonlinear iterations.
Reason:
   DIVERGED_DTOL
firedrake.exceptions.ConvergenceError: Nonlinear solve failed to converge after 18 nonlinear iterations.
Reason:
   DIVERGED_DTOL
    raise ConvergenceError(r"""Nonlinear solve failed to converge after %d nonlinear iterations.
firedrake.exceptions.ConvergenceError: Nonlinear solve failed to converge after 18 nonlinear iterations.
Reason:
   DIVERGED_DTOL
    solving_utils.check_snes_convergence(self.snes)
  File "/scratch/xd2/sg8812/firedrake-override/firedrake/solving_utils.py", line 129, in check_snes_convergence

firedrake.exceptions.ConvergenceError: Nonlinear solve failed to converge after 18 nonlinear iterations.
Reason:
   DIVERGED_DTOL
    raise ConvergenceError(r"""Nonlinear solve failed to converge after %d nonlinear iterations.
firedrake.exceptions.ConvergenceError: Nonlinear solve failed to converge after 18 nonlinear iterations.
Reason:
   DIVERGED_DTOL
    self.solver.solve(bounds=self.stage_bounds)
  File "petsc4py/PETSc/Log.pyx", line 250, in petsc4py.PETSc.Log.EventDecorator.decorator.wrapped_func
    self.solver.solve(bounds=self.stage_bounds)
  File "petsc4py/PETSc/Log.pyx", line 250, in petsc4py.PETSc.Log.EventDecorator.decorator.wrapped_func
    self.solver.solve(bounds=self.stage_bounds)
  File "petsc4py/PETSc/Log.pyx", line 250, in petsc4py.PETSc.Log.EventDecorator.decorator.wrapped_func
    self.solver.solve(bounds=self.stage_bounds)
  File "petsc4py/PETSc/Log.pyx", line 250, in petsc4py.PETSc.Log.EventDecorator.decorator.wrapped_func
    self.solver.solve(bounds=self.stage_bounds)
  File "petsc4py/PETSc/Log.pyx", line 250, in petsc4py.PETSc.Log.EventDecorator.decorator.wrapped_func
    self.solver.solve(bounds=self.stage_bounds)
  File "petsc4py/PETSc/Log.pyx", line 250, in petsc4py.PETSc.Log.EventDecorator.decorator.wrapped_func
  File "petsc4py/PETSc/Log.pyx", line 251, in petsc4py.PETSc.Log.EventDecorator.decorator.wrapped_func
  File "petsc4py/PETSc/Log.pyx", line 251, in petsc4py.PETSc.Log.EventDecorator.decorator.wrapped_func
  File "petsc4py/PETSc/Log.pyx", line 251, in petsc4py.PETSc.Log.EventDecorator.decorator.wrapped_func
  File "petsc4py/PETSc/Log.pyx", line 251, in petsc4py.PETSc.Log.EventDecorator.decorator.wrapped_func
  File "petsc4py/PETSc/Log.pyx", line 251, in petsc4py.PETSc.Log.EventDecorator.decorator.wrapped_func
  File "/scratch/xd2/sg8812/firedrake-override/firedrake/adjoint_utils/variational_solver.py", line 116, in wrapper
  File "/scratch/xd2/sg8812/firedrake-override/firedrake/adjoint_utils/variational_solver.py", line 116, in wrapper
  File "/scratch/xd2/sg8812/firedrake-override/firedrake/adjoint_utils/variational_solver.py", line 116, in wrapper
  File "/scratch/xd2/sg8812/firedrake-override/firedrake/adjoint_utils/variational_solver.py", line 116, in wrapper
  File "/scratch/xd2/sg8812/firedrake-override/firedrake/adjoint_utils/variational_solver.py", line 116, in wrapper
  File "petsc4py/PETSc/Log.pyx", line 251, in petsc4py.PETSc.Log.EventDecorator.decorator.wrapped_func
  File "/scratch/xd2/sg8812/firedrake-override/firedrake/adjoint_utils/variational_solver.py", line 116, in wrapper
  File "petsc4py/PETSc/Log.pyx", line 251, in petsc4py.PETSc.Log.EventDecorator.decorator.wrapped_func
  File "/scratch/xd2/sg8812/firedrake-override/firedrake/adjoint_utils/variational_solver.py", line 116, in wrapper
    out = solve(self, **kwargs)
          ^^^^^^^^^^^^^^^^^^^^^
  File "/scratch/xd2/sg8812/firedrake-override/firedrake/variational_solver.py", line 403, in solve
    out = solve(self, **kwargs)
          ^^^^^^^^^^^^^^^^^^^^^
  File "/scratch/xd2/sg8812/firedrake-override/firedrake/variational_solver.py", line 403, in solve
    out = solve(self, **kwargs)
    out = solve(self, **kwargs)
          ^^^^^^^^^^^^^^^^^^^^^
    out = solve(self, **kwargs)
    out = solve(self, **kwargs)
          ^^^^^^^^^^^^^^^^^^^^^
  File "/scratch/xd2/sg8812/firedrake-override/firedrake/variational_solver.py", line 403, in solve
          ^^^^^^^^^^^^^^^^^^^^^
  File "/scratch/xd2/sg8812/firedrake-override/firedrake/variational_solver.py", line 403, in solve
  File "/scratch/xd2/sg8812/firedrake-override/firedrake/variational_solver.py", line 403, in solve
          ^^^^^^^^^^^^^^^^^^^^^
  File "/scratch/xd2/sg8812/firedrake-override/firedrake/variational_solver.py", line 403, in solve
    solving_utils.check_snes_convergence(self.snes)
  File "/scratch/xd2/sg8812/firedrake-override/firedrake/solving_utils.py", line 129, in check_snes_convergence
    solving_utils.check_snes_convergence(self.snes)
  File "/scratch/xd2/sg8812/firedrake-override/firedrake/solving_utils.py", line 129, in check_snes_convergence
    raise ConvergenceError(r"""Nonlinear solve failed to converge after %d nonlinear iterations.
firedrake.exceptions.ConvergenceError: Nonlinear solve failed to converge after 18 nonlinear iterations.
Reason:
   DIVERGED_DTOL    solving_utils.check_snes_convergence(self.snes)
  File "/scratch/xd2/sg8812/firedrake-override/firedrake/solving_utils.py", line 129, in check_snes_convergence
    solving_utils.check_snes_convergence(self.snes)
  File "/scratch/xd2/sg8812/firedrake-override/firedrake/solving_utils.py", line 129, in check_snes_convergence
    solving_utils.check_snes_convergence(self.snes)
  File "/scratch/xd2/sg8812/firedrake-override/firedrake/solving_utils.py", line 129, in check_snes_convergence
    raise ConvergenceError(r"""Nonlinear solve failed to converge after %d nonlinear iterations.
firedrake.exceptions.ConvergenceError: Nonlinear solve failed to converge after 18 nonlinear iterations.
Reason:
   DIVERGED_DTOL

    solving_utils.check_snes_convergence(self.snes)
  File "/scratch/xd2/sg8812/firedrake-override/firedrake/solving_utils.py", line 129, in check_snes_convergence
    raise ConvergenceError(r"""Nonlinear solve failed to converge after %d nonlinear iterations.
    raise ConvergenceError(r"""Nonlinear solve failed to converge after %d nonlinear iterations.
firedrake.exceptions.ConvergenceError: Nonlinear solve failed to converge after 18 nonlinear iterations.
Reason:
   DIVERGED_DTOL    raise ConvergenceError(r"""Nonlinear solve failed to converge after %d nonlinear iterations.
firedrake.exceptions.ConvergenceError: Nonlinear solve failed to converge after 18 nonlinear iterations.
Reason:
   DIVERGED_DTOL
firedrake.exceptions.ConvergenceError: Nonlinear solve failed to converge after 18 nonlinear iterations.
Reason:
   DIVERGED_DTOL
    raise ConvergenceError(r"""Nonlinear solve failed to converge after %d nonlinear iterations.
firedrake.exceptions.ConvergenceError: Nonlinear solve failed to converge after 18 nonlinear iterations.
Reason:
   DIVERGED_DTOL

--------------------------------------------------------------------------
MPI_ABORT was invoked on rank 4 in communicator MPI_COMM_WORLD
with errorcode 1.

NOTE: invoking MPI_ABORT causes Open MPI to kill all MPI processes.
You may or may not see output from other processes, depending on
exactly when Open MPI kills them.
--------------------------------------------------------------------------
    out = solve(self, **kwargs)
          ^^^^^^^^^^^^^^^^^^^^^
  File "/scratch/xd2/sg8812/firedrake-override/firedrake/variational_solver.py", line 403, in solve
    solving_utils.check_snes_convergence(self.snes)
  File "/scratch/xd2/sg8812/firedrake-override/firedrake/solving_utils.py", line 129, in check_snes_convergence
    raise ConvergenceError(r"""Nonlinear solve failed to converge after %d nonlinear iterations.
firedrake.exceptions.ConvergenceError: Nonlinear solve failed to converge after 18 nonlinear iterations.
Reason:
   DIVERGED_DTOL
[gadi-cpu-spr-0396.gadi.nci.org.au:1494428] 47 more processes have sent help message help-mpi-api.txt / mpi-abort
[gadi-cpu-spr-0396.gadi.nci.org.au:1494428] Set MCA parameter "orte_base_help_aggregate" to 0 to see all help / error messages
=== Job completed: Wed Apr 15 10:58:39 AEST 2026 ===

======================================================================================
                  Resource Usage on 2026-04-15 10:58:43:
   Job Id:             165687804.gadi-pbs
   Project:            xd2
   Exit Status:        0
   Service Units:      14.17
   NCPUs Requested:    48                  CPU Time Used: 03:07:27        
   Memory Requested:   500.0GB               Memory Used: 42.95GB         
   Walltime Requested: 03:00:00            Walltime Used: 00:04:15        
   JobFS Requested:    400.0GB                JobFS Used: 45.51MB         
======================================================================================
