=== Job info ===
Case: cockett (visualisation movie, DQ1)
Mesh: 120x120x156, degree 1 (~18M DOF)
Nodes: 1  CPUs: 104
Solver: boomeramg
dt: 2400 s (108 steps to 72 h)
Output: theta + pressure head (CG1), every 6 steps (~19 frames)
Date: Tue Jul 28 02:40:09 AEST 2026
================
Could not save font_manager cache Lock error: Matplotlib failed to acquire the following lock file:
    /jobfs/174860576.gadi-pbs/matplotlib/fontlist-v3.11.0.json.matplotlib-lock
This maybe due to another process holding this lock file.  If you are sure no
other Matplotlib process is running, remove this file and try again.
Could not save font_manager cache Lock error: Matplotlib failed to acquire the following lock file:
    /jobfs/174860576.gadi-pbs/matplotlib/fontlist-v3.11.0.json.matplotlib-lock
This maybe due to another process holding this lock file.  If you are sure no
other Matplotlib process is running, remove this file and try again.
Could not save font_manager cache Lock error: Matplotlib failed to acquire the following lock file:
    /jobfs/174860576.gadi-pbs/matplotlib/fontlist-v3.11.0.json.matplotlib-lock
This maybe due to another process holding this lock file.  If you are sure no
other Matplotlib process is running, remove this file and try again.
Could not save font_manager cache Lock error: Matplotlib failed to acquire the following lock file:
    /jobfs/174860576.gadi-pbs/matplotlib/fontlist-v3.11.0.json.matplotlib-lock
This maybe due to another process holding this lock file.  If you are sure no
other Matplotlib process is running, remove this file and try again.
Could not save font_manager cache Lock error: Matplotlib failed to acquire the following lock file:
    /jobfs/174860576.gadi-pbs/matplotlib/fontlist-v3.11.0.json.matplotlib-lock
This maybe due to another process holding this lock file.  If you are sure no
other Matplotlib process is running, remove this file and try again.
Could not save font_manager cache Lock error: Matplotlib failed to acquire the following lock file:
    /jobfs/174860576.gadi-pbs/matplotlib/fontlist-v3.11.0.json.matplotlib-lock
This maybe due to another process holding this lock file.  If you are sure no
other Matplotlib process is running, remove this file and try again.
Could not save font_manager cache Lock error: Matplotlib failed to acquire the following lock file:
    /jobfs/174860576.gadi-pbs/matplotlib/fontlist-v3.11.0.json.matplotlib-lock
This maybe due to another process holding this lock file.  If you are sure no
other Matplotlib process is running, remove this file and try again.
Could not save font_manager cache Lock error: Matplotlib failed to acquire the following lock file:
    /jobfs/174860576.gadi-pbs/matplotlib/fontlist-v3.11.0.json.matplotlib-lock
This maybe due to another process holding this lock file.  If you are sure no
other Matplotlib process is running, remove this file and try again.
Could not save font_manager cache Lock error: Matplotlib failed to acquire the following lock file:
    /jobfs/174860576.gadi-pbs/matplotlib/fontlist-v3.11.0.json.matplotlib-lock
This maybe due to another process holding this lock file.  If you are sure no
other Matplotlib process is running, remove this file and try again.
Could not save font_manager cache Lock error: Matplotlib failed to acquire the following lock file:
    /jobfs/174860576.gadi-pbs/matplotlib/fontlist-v3.11.0.json.matplotlib-lock
This maybe due to another process holding this lock file.  If you are sure no
other Matplotlib process is running, remove this file and try again.
Could not save font_manager cache Lock error: Matplotlib failed to acquire the following lock file:
    /jobfs/174860576.gadi-pbs/matplotlib/fontlist-v3.11.0.json.matplotlib-lock
This maybe due to another process holding this lock file.  If you are sure no
other Matplotlib process is running, remove this file and try again.
Could not save font_manager cache Lock error: Matplotlib failed to acquire the following lock file:
    /jobfs/174860576.gadi-pbs/matplotlib/fontlist-v3.11.0.json.matplotlib-lock
This maybe due to another process holding this lock file.  If you are sure no
other Matplotlib process is running, remove this file and try again.
Could not save font_manager cache Lock error: Matplotlib failed to acquire the following lock file:
    /jobfs/174860576.gadi-pbs/matplotlib/fontlist-v3.11.0.json.matplotlib-lock
This maybe due to another process holding this lock file.  If you are sure no
other Matplotlib process is running, remove this file and try again.
Could not save font_manager cache Lock error: Matplotlib failed to acquire the following lock file:
    /jobfs/174860576.gadi-pbs/matplotlib/fontlist-v3.11.0.json.matplotlib-lock
This maybe due to another process holding this lock file.  If you are sure no
other Matplotlib process is running, remove this file and try again.
Could not save font_manager cache Lock error: Matplotlib failed to acquire the following lock file:
    /jobfs/174860576.gadi-pbs/matplotlib/fontlist-v3.11.0.json.matplotlib-lock
This maybe due to another process holding this lock file.  If you are sure no
other Matplotlib process is running, remove this file and try again.
Could not save font_manager cache Lock error: Matplotlib failed to acquire the following lock file:
    /jobfs/174860576.gadi-pbs/matplotlib/fontlist-v3.11.0.json.matplotlib-lock
This maybe due to another process holding this lock file.  If you are sure no
other Matplotlib process is running, remove this file and try again.
Could not save font_manager cache Lock error: Matplotlib failed to acquire the following lock file:
    /jobfs/174860576.gadi-pbs/matplotlib/fontlist-v3.11.0.json.matplotlib-lock
This maybe due to another process holding this lock file.  If you are sure no
other Matplotlib process is running, remove this file and try again.
Could not save font_manager cache Lock error: Matplotlib failed to acquire the following lock file:
    /jobfs/174860576.gadi-pbs/matplotlib/fontlist-v3.11.0.json.matplotlib-lock
This maybe due to another process holding this lock file.  If you are sure no
other Matplotlib process is running, remove this file and try again.
Could not save font_manager cache Lock error: Matplotlib failed to acquire the following lock file:
    /jobfs/174860576.gadi-pbs/matplotlib/fontlist-v3.11.0.json.matplotlib-lock
This maybe due to another process holding this lock file.  If you are sure no
other Matplotlib process is running, remove this file and try again.
Could not save font_manager cache Lock error: Matplotlib failed to acquire the following lock file:
    /jobfs/174860576.gadi-pbs/matplotlib/fontlist-v3.11.0.json.matplotlib-lock
This maybe due to another process holding this lock file.  If you are sure no
other Matplotlib process is running, remove this file and try again.
Could not save font_manager cache Lock error: Matplotlib failed to acquire the following lock file:
    /jobfs/174860576.gadi-pbs/matplotlib/fontlist-v3.11.0.json.matplotlib-lock
This maybe due to another process holding this lock file.  If you are sure no
other Matplotlib process is running, remove this file and try again.
Could not save font_manager cache Lock error: Matplotlib failed to acquire the following lock file:
    /jobfs/174860576.gadi-pbs/matplotlib/fontlist-v3.11.0.json.matplotlib-lock
This maybe due to another process holding this lock file.  If you are sure no
other Matplotlib process is running, remove this file and try again.
Could not save font_manager cache Lock error: Matplotlib failed to acquire the following lock file:
    /jobfs/174860576.gadi-pbs/matplotlib/fontlist-v3.11.0.json.matplotlib-lock
This maybe due to another process holding this lock file.  If you are sure no
other Matplotlib process is running, remove this file and try again.
Could not save font_manager cache Lock error: Matplotlib failed to acquire the following lock file:
    /jobfs/174860576.gadi-pbs/matplotlib/fontlist-v3.11.0.json.matplotlib-lock
This maybe due to another process holding this lock file.  If you are sure no
other Matplotlib process is running, remove this file and try again.
Could not save font_manager cache Lock error: Matplotlib failed to acquire the following lock file:
    /jobfs/174860576.gadi-pbs/matplotlib/fontlist-v3.11.0.json.matplotlib-lock
This maybe due to another process holding this lock file.  If you are sure no
other Matplotlib process is running, remove this file and try again.
Could not save font_manager cache Lock error: Matplotlib failed to acquire the following lock file:
    /jobfs/174860576.gadi-pbs/matplotlib/fontlist-v3.11.0.json.matplotlib-lock
This maybe due to another process holding this lock file.  If you are sure no
other Matplotlib process is running, remove this file and try again.
Could not save font_manager cache Lock error: Matplotlib failed to acquire the following lock file:
    /jobfs/174860576.gadi-pbs/matplotlib/fontlist-v3.11.0.json.matplotlib-lock
This maybe due to another process holding this lock file.  If you are sure no
other Matplotlib process is running, remove this file and try again.
Could not save font_manager cache Lock error: Matplotlib failed to acquire the following lock file:
    /jobfs/174860576.gadi-pbs/matplotlib/fontlist-v3.11.0.json.matplotlib-lock
This maybe due to another process holding this lock file.  If you are sure no
other Matplotlib process is running, remove this file and try again.
Could not save font_manager cache Lock error: Matplotlib failed to acquire the following lock file:
    /jobfs/174860576.gadi-pbs/matplotlib/fontlist-v3.11.0.json.matplotlib-lock
This maybe due to another process holding this lock file.  If you are sure no
other Matplotlib process is running, remove this file and try again.
Could not save font_manager cache Lock error: Matplotlib failed to acquire the following lock file:
    /jobfs/174860576.gadi-pbs/matplotlib/fontlist-v3.11.0.json.matplotlib-lock
This maybe due to another process holding this lock file.  If you are sure no
other Matplotlib process is running, remove this file and try again.
Could not save font_manager cache Lock error: Matplotlib failed to acquire the following lock file:
    /jobfs/174860576.gadi-pbs/matplotlib/fontlist-v3.11.0.json.matplotlib-lock
This maybe due to another process holding this lock file.  If you are sure no
other Matplotlib process is running, remove this file and try again.
Could not save font_manager cache Lock error: Matplotlib failed to acquire the following lock file:
    /jobfs/174860576.gadi-pbs/matplotlib/fontlist-v3.11.0.json.matplotlib-lock
This maybe due to another process holding this lock file.  If you are sure no
other Matplotlib process is running, remove this file and try again.
Could not save font_manager cache Lock error: Matplotlib failed to acquire the following lock file:
    /jobfs/174860576.gadi-pbs/matplotlib/fontlist-v3.11.0.json.matplotlib-lock
This maybe due to another process holding this lock file.  If you are sure no
other Matplotlib process is running, remove this file and try again.
Could not save font_manager cache Lock error: Matplotlib failed to acquire the following lock file:
    /jobfs/174860576.gadi-pbs/matplotlib/fontlist-v3.11.0.json.matplotlib-lock
This maybe due to another process holding this lock file.  If you are sure no
other Matplotlib process is running, remove this file and try again.
Could not save font_manager cache Lock error: Matplotlib failed to acquire the following lock file:
    /jobfs/174860576.gadi-pbs/matplotlib/fontlist-v3.11.0.json.matplotlib-lock
This maybe due to another process holding this lock file.  If you are sure no
other Matplotlib process is running, remove this file and try again.
Could not save font_manager cache Lock error: Matplotlib failed to acquire the following lock file:
    /jobfs/174860576.gadi-pbs/matplotlib/fontlist-v3.11.0.json.matplotlib-lock
This maybe due to another process holding this lock file.  If you are sure no
other Matplotlib process is running, remove this file and try again.
Could not save font_manager cache Lock error: Matplotlib failed to acquire the following lock file:
    /jobfs/174860576.gadi-pbs/matplotlib/fontlist-v3.11.0.json.matplotlib-lock
This maybe due to another process holding this lock file.  If you are sure no
other Matplotlib process is running, remove this file and try again.
Could not save font_manager cache Lock error: Matplotlib failed to acquire the following lock file:
    /jobfs/174860576.gadi-pbs/matplotlib/fontlist-v3.11.0.json.matplotlib-lock
This maybe due to another process holding this lock file.  If you are sure no
other Matplotlib process is running, remove this file and try again.
Could not save font_manager cache Lock error: Matplotlib failed to acquire the following lock file:
    /jobfs/174860576.gadi-pbs/matplotlib/fontlist-v3.11.0.json.matplotlib-lock
This maybe due to another process holding this lock file.  If you are sure no
other Matplotlib process is running, remove this file and try again.
Could not save font_manager cache Lock error: Matplotlib failed to acquire the following lock file:
    /jobfs/174860576.gadi-pbs/matplotlib/fontlist-v3.11.0.json.matplotlib-lock
This maybe due to another process holding this lock file.  If you are sure no
other Matplotlib process is running, remove this file and try again.
Could not save font_manager cache Lock error: Matplotlib failed to acquire the following lock file:
    /jobfs/174860576.gadi-pbs/matplotlib/fontlist-v3.11.0.json.matplotlib-lock
This maybe due to another process holding this lock file.  If you are sure no
other Matplotlib process is running, remove this file and try again.
Could not save font_manager cache Lock error: Matplotlib failed to acquire the following lock file:
    /jobfs/174860576.gadi-pbs/matplotlib/fontlist-v3.11.0.json.matplotlib-lock
This maybe due to another process holding this lock file.  If you are sure no
other Matplotlib process is running, remove this file and try again.
Could not save font_manager cache Lock error: Matplotlib failed to acquire the following lock file:
    /jobfs/174860576.gadi-pbs/matplotlib/fontlist-v3.11.0.json.matplotlib-lock
This maybe due to another process holding this lock file.  If you are sure no
other Matplotlib process is running, remove this file and try again.
Could not save font_manager cache Lock error: Matplotlib failed to acquire the following lock file:
    /jobfs/174860576.gadi-pbs/matplotlib/fontlist-v3.11.0.json.matplotlib-lock
This maybe due to another process holding this lock file.  If you are sure no
other Matplotlib process is running, remove this file and try again.
Could not save font_manager cache Lock error: Matplotlib failed to acquire the following lock file:
    /jobfs/174860576.gadi-pbs/matplotlib/fontlist-v3.11.0.json.matplotlib-lock
This maybe due to another process holding this lock file.  If you are sure no
other Matplotlib process is running, remove this file and try again.
Cockett visualise: 120x120x156 DQ1, DOFs=17971200
Solver: boomeramg
108 steps, frame every 6 steps (~4.0 h), ~19 frames
frame at t = 0.00 h
    Linear BackwardEuler-Equation_ solve converged due to CONVERGED_RTOL iterations 31
    Linear BackwardEuler-Equation_ solve converged due to CONVERGED_RTOL iterations 35
    Linear BackwardEuler-Equation_ solve converged due to CONVERGED_RTOL iterations 36
    Linear BackwardEuler-Equation_ solve converged due to CONVERGED_RTOL iterations 37
  Nonlinear BackwardEuler-Equation_ solve converged due to CONVERGED_FNORM_ABS iterations 4
t = 2400.0 s | step 1/108 | wall 79.31 s | NL 4 | L 139
    Linear BackwardEuler-Equation_ solve converged due to CONVERGED_RTOL iterations 29
    Linear BackwardEuler-Equation_ solve converged due to CONVERGED_RTOL iterations 33
    Linear BackwardEuler-Equation_ solve converged due to CONVERGED_RTOL iterations 36
  Nonlinear BackwardEuler-Equation_ solve converged due to CONVERGED_FNORM_ABS iterations 3
t = 4800.0 s | step 2/108 | wall 31.49 s | NL 3 | L 98
    Linear BackwardEuler-Equation_ solve converged due to CONVERGED_RTOL iterations 28
    Linear BackwardEuler-Equation_ solve converged due to CONVERGED_RTOL iterations 32
    Linear BackwardEuler-Equation_ solve converged due to CONVERGED_RTOL iterations 37
  Nonlinear BackwardEuler-Equation_ solve converged due to CONVERGED_FNORM_ABS iterations 3
t = 7200.0 s | step 3/108 | wall 31.10 s | NL 3 | L 97
    Linear BackwardEuler-Equation_ solve converged due to CONVERGED_RTOL iterations 28
    Linear BackwardEuler-Equation_ solve converged due to CONVERGED_RTOL iterations 33
    Linear BackwardEuler-Equation_ solve converged due to CONVERGED_RTOL iterations 36
  Nonlinear BackwardEuler-Equation_ solve converged due to CONVERGED_FNORM_ABS iterations 3
t = 9600.0 s | step 4/108 | wall 31.10 s | NL 3 | L 97
    Linear BackwardEuler-Equation_ solve converged due to CONVERGED_RTOL iterations 28
    Linear BackwardEuler-Equation_ solve converged due to CONVERGED_RTOL iterations 31
    Linear BackwardEuler-Equation_ solve converged due to CONVERGED_RTOL iterations 34
  Nonlinear BackwardEuler-Equation_ solve converged due to CONVERGED_FNORM_ABS iterations 3
t = 12000.0 s | step 5/108 | wall 30.28 s | NL 3 | L 93
    Linear BackwardEuler-Equation_ solve converged due to CONVERGED_RTOL iterations 28
    Linear BackwardEuler-Equation_ solve converged due to CONVERGED_RTOL iterations 32
    Linear BackwardEuler-Equation_ solve converged due to CONVERGED_RTOL iterations 37
  Nonlinear BackwardEuler-Equation_ solve converged due to CONVERGED_FNORM_ABS iterations 3
t = 14400.0 s | step 6/108 | wall 31.19 s | NL 3 | L 97
frame at t = 4.00 h
    Linear BackwardEuler-Equation_ solve converged due to CONVERGED_RTOL iterations 29
    Linear BackwardEuler-Equation_ solve converged due to CONVERGED_RTOL iterations 32
    Linear BackwardEuler-Equation_ solve converged due to CONVERGED_RTOL iterations 37
  Nonlinear BackwardEuler-Equation_ solve converged due to CONVERGED_FNORM_ABS iterations 3
t = 16800.0 s | step 7/108 | wall 31.53 s | NL 3 | L 98
    Linear BackwardEuler-Equation_ solve converged due to CONVERGED_RTOL iterations 27
    Linear BackwardEuler-Equation_ solve converged due to CONVERGED_RTOL iterations 32
    Linear BackwardEuler-Equation_ solve converged due to CONVERGED_RTOL iterations 35
  Nonlinear BackwardEuler-Equation_ solve converged due to CONVERGED_FNORM_ABS iterations 3
t = 19200.0 s | step 8/108 | wall 30.29 s | NL 3 | L 94
    Linear BackwardEuler-Equation_ solve converged due to CONVERGED_RTOL iterations 29
    Linear BackwardEuler-Equation_ solve converged due to CONVERGED_RTOL iterations 32
    Linear BackwardEuler-Equation_ solve converged due to CONVERGED_RTOL iterations 36
  Nonlinear BackwardEuler-Equation_ solve converged due to CONVERGED_FNORM_ABS iterations 3
t = 21600.0 s | step 9/108 | wall 31.06 s | NL 3 | L 97
    Linear BackwardEuler-Equation_ solve converged due to CONVERGED_RTOL iterations 29
    Linear BackwardEuler-Equation_ solve converged due to CONVERGED_RTOL iterations 32
    Linear BackwardEuler-Equation_ solve converged due to CONVERGED_RTOL iterations 36
  Nonlinear BackwardEuler-Equation_ solve converged due to CONVERGED_FNORM_ABS iterations 3
t = 24000.0 s | step 10/108 | wall 31.24 s | NL 3 | L 97
    Linear BackwardEuler-Equation_ solve converged due to CONVERGED_RTOL iterations 29
    Linear BackwardEuler-Equation_ solve converged due to CONVERGED_RTOL iterations 32
    Linear BackwardEuler-Equation_ solve converged due to CONVERGED_RTOL iterations 34
  Nonlinear BackwardEuler-Equation_ solve converged due to CONVERGED_FNORM_ABS iterations 3
t = 26400.0 s | step 11/108 | wall 30.70 s | NL 3 | L 95
    Linear BackwardEuler-Equation_ solve converged due to CONVERGED_RTOL iterations 28
    Linear BackwardEuler-Equation_ solve converged due to CONVERGED_RTOL iterations 32
    Linear BackwardEuler-Equation_ solve converged due to CONVERGED_RTOL iterations 35
  Nonlinear BackwardEuler-Equation_ solve converged due to CONVERGED_FNORM_ABS iterations 3
t = 28800.0 s | step 12/108 | wall 30.71 s | NL 3 | L 95
frame at t = 8.00 h
    Linear BackwardEuler-Equation_ solve converged due to CONVERGED_RTOL iterations 29
    Linear BackwardEuler-Equation_ solve converged due to CONVERGED_RTOL iterations 33
    Linear BackwardEuler-Equation_ solve converged due to CONVERGED_RTOL iterations 36
  Nonlinear BackwardEuler-Equation_ solve converged due to CONVERGED_FNORM_ABS iterations 3
t = 31200.0 s | step 13/108 | wall 31.43 s | NL 3 | L 98
    Linear BackwardEuler-Equation_ solve converged due to CONVERGED_RTOL iterations 29
    Linear BackwardEuler-Equation_ solve converged due to CONVERGED_RTOL iterations 33
    Linear BackwardEuler-Equation_ solve converged due to CONVERGED_RTOL iterations 36
  Nonlinear BackwardEuler-Equation_ solve converged due to CONVERGED_FNORM_ABS iterations 3
t = 33600.0 s | step 14/108 | wall 31.53 s | NL 3 | L 98
    Linear BackwardEuler-Equation_ solve converged due to CONVERGED_RTOL iterations 29
    Linear BackwardEuler-Equation_ solve converged due to CONVERGED_RTOL iterations 33
    Linear BackwardEuler-Equation_ solve converged due to CONVERGED_RTOL iterations 37
  Nonlinear BackwardEuler-Equation_ solve converged due to CONVERGED_FNORM_ABS iterations 3
t = 36000.0 s | step 15/108 | wall 31.59 s | NL 3 | L 99
    Linear BackwardEuler-Equation_ solve converged due to CONVERGED_RTOL iterations 29
    Linear BackwardEuler-Equation_ solve converged due to CONVERGED_RTOL iterations 35
    Linear BackwardEuler-Equation_ solve converged due to CONVERGED_RTOL iterations 35
  Nonlinear BackwardEuler-Equation_ solve converged due to CONVERGED_FNORM_ABS iterations 3
t = 38400.0 s | step 16/108 | wall 31.64 s | NL 3 | L 99
    Linear BackwardEuler-Equation_ solve converged due to CONVERGED_RTOL iterations 30
    Linear BackwardEuler-Equation_ solve converged due to CONVERGED_RTOL iterations 36
    Linear BackwardEuler-Equation_ solve converged due to CONVERGED_RTOL iterations 36
  Nonlinear BackwardEuler-Equation_ solve converged due to CONVERGED_FNORM_ABS iterations 3
t = 40800.0 s | step 17/108 | wall 32.44 s | NL 3 | L 102
    Linear BackwardEuler-Equation_ solve converged due to CONVERGED_RTOL iterations 31
    Linear BackwardEuler-Equation_ solve converged due to CONVERGED_RTOL iterations 35
    Linear BackwardEuler-Equation_ solve converged due to CONVERGED_RTOL iterations 39
  Nonlinear BackwardEuler-Equation_ solve converged due to CONVERGED_FNORM_ABS iterations 3
t = 43200.0 s | step 18/108 | wall 33.44 s | NL 3 | L 105
frame at t = 12.00 h
    Linear BackwardEuler-Equation_ solve converged due to CONVERGED_RTOL iterations 32
    Linear BackwardEuler-Equation_ solve converged due to CONVERGED_RTOL iterations 34
    Linear BackwardEuler-Equation_ solve converged due to CONVERGED_RTOL iterations 36
  Nonlinear BackwardEuler-Equation_ solve converged due to CONVERGED_FNORM_ABS iterations 3
t = 45600.0 s | step 19/108 | wall 32.73 s | NL 3 | L 102
    Linear BackwardEuler-Equation_ solve converged due to CONVERGED_RTOL iterations 30
    Linear BackwardEuler-Equation_ solve converged due to CONVERGED_RTOL iterations 34
    Linear BackwardEuler-Equation_ solve converged due to CONVERGED_RTOL iterations 37
  Nonlinear BackwardEuler-Equation_ solve converged due to CONVERGED_FNORM_ABS iterations 3
t = 48000.0 s | step 20/108 | wall 32.20 s | NL 3 | L 101
    Linear BackwardEuler-Equation_ solve converged due to CONVERGED_RTOL iterations 31
    Linear BackwardEuler-Equation_ solve converged due to CONVERGED_RTOL iterations 35
    Linear BackwardEuler-Equation_ solve converged due to CONVERGED_RTOL iterations 36
  Nonlinear BackwardEuler-Equation_ solve converged due to CONVERGED_FNORM_ABS iterations 3
t = 50400.0 s | step 21/108 | wall 32.49 s | NL 3 | L 102
    Linear BackwardEuler-Equation_ solve converged due to CONVERGED_RTOL iterations 32
    Linear BackwardEuler-Equation_ solve converged due to CONVERGED_RTOL iterations 33
    Linear BackwardEuler-Equation_ solve converged due to CONVERGED_RTOL iterations 36
  Nonlinear BackwardEuler-Equation_ solve converged due to CONVERGED_FNORM_ABS iterations 3
t = 52800.0 s | step 22/108 | wall 32.38 s | NL 3 | L 101
    Linear BackwardEuler-Equation_ solve converged due to CONVERGED_RTOL iterations 31
    Linear BackwardEuler-Equation_ solve converged due to CONVERGED_RTOL iterations 33
    Linear BackwardEuler-Equation_ solve converged due to CONVERGED_RTOL iterations 35
  Nonlinear BackwardEuler-Equation_ solve converged due to CONVERGED_FNORM_ABS iterations 3
t = 55200.0 s | step 23/108 | wall 31.85 s | NL 3 | L 99
    Linear BackwardEuler-Equation_ solve converged due to CONVERGED_RTOL iterations 30
    Linear BackwardEuler-Equation_ solve converged due to CONVERGED_RTOL iterations 34
    Linear BackwardEuler-Equation_ solve converged due to CONVERGED_RTOL iterations 35
  Nonlinear BackwardEuler-Equation_ solve converged due to CONVERGED_FNORM_ABS iterations 3
t = 57600.0 s | step 24/108 | wall 31.56 s | NL 3 | L 99
frame at t = 16.00 h
    Linear BackwardEuler-Equation_ solve converged due to CONVERGED_RTOL iterations 30
    Linear BackwardEuler-Equation_ solve converged due to CONVERGED_RTOL iterations 34
    Linear BackwardEuler-Equation_ solve converged due to CONVERGED_RTOL iterations 35
  Nonlinear BackwardEuler-Equation_ solve converged due to CONVERGED_FNORM_ABS iterations 3
t = 60000.0 s | step 25/108 | wall 31.94 s | NL 3 | L 99
    Linear BackwardEuler-Equation_ solve converged due to CONVERGED_RTOL iterations 30
    Linear BackwardEuler-Equation_ solve converged due to CONVERGED_RTOL iterations 35
    Linear BackwardEuler-Equation_ solve converged due to CONVERGED_RTOL iterations 34
  Nonlinear BackwardEuler-Equation_ solve converged due to CONVERGED_FNORM_ABS iterations 3
t = 62400.0 s | step 26/108 | wall 31.69 s | NL 3 | L 99
    Linear BackwardEuler-Equation_ solve converged due to CONVERGED_RTOL iterations 30
    Linear BackwardEuler-Equation_ solve converged due to CONVERGED_RTOL iterations 33
    Linear BackwardEuler-Equation_ solve converged due to CONVERGED_RTOL iterations 35
  Nonlinear BackwardEuler-Equation_ solve converged due to CONVERGED_FNORM_ABS iterations 3
t = 64800.0 s | step 27/108 | wall 31.38 s | NL 3 | L 98
    Linear BackwardEuler-Equation_ solve converged due to CONVERGED_RTOL iterations 30
    Linear BackwardEuler-Equation_ solve converged due to CONVERGED_RTOL iterations 35
    Linear BackwardEuler-Equation_ solve converged due to CONVERGED_RTOL iterations 34
  Nonlinear BackwardEuler-Equation_ solve converged due to CONVERGED_FNORM_ABS iterations 3
t = 67200.0 s | step 28/108 | wall 31.81 s | NL 3 | L 99
    Linear BackwardEuler-Equation_ solve converged due to CONVERGED_RTOL iterations 29
    Linear BackwardEuler-Equation_ solve converged due to CONVERGED_RTOL iterations 34
    Linear BackwardEuler-Equation_ solve converged due to CONVERGED_RTOL iterations 35
  Nonlinear BackwardEuler-Equation_ solve converged due to CONVERGED_FNORM_ABS iterations 3
t = 69600.0 s | step 29/108 | wall 31.55 s | NL 3 | L 98
    Linear BackwardEuler-Equation_ solve converged due to CONVERGED_RTOL iterations 31
    Linear BackwardEuler-Equation_ solve converged due to CONVERGED_RTOL iterations 33
    Linear BackwardEuler-Equation_ solve converged due to CONVERGED_RTOL iterations 35
  Nonlinear BackwardEuler-Equation_ solve converged due to CONVERGED_FNORM_ABS iterations 3
t = 72000.0 s | step 30/108 | wall 31.89 s | NL 3 | L 99
frame at t = 20.00 h
    Linear BackwardEuler-Equation_ solve converged due to CONVERGED_RTOL iterations 31
    Linear BackwardEuler-Equation_ solve converged due to CONVERGED_RTOL iterations 33
    Linear BackwardEuler-Equation_ solve converged due to CONVERGED_RTOL iterations 35
  Nonlinear BackwardEuler-Equation_ solve converged due to CONVERGED_FNORM_ABS iterations 3
t = 74400.0 s | step 31/108 | wall 32.06 s | NL 3 | L 99
    Linear BackwardEuler-Equation_ solve converged due to CONVERGED_RTOL iterations 31
    Linear BackwardEuler-Equation_ solve converged due to CONVERGED_RTOL iterations 34
    Linear BackwardEuler-Equation_ solve converged due to CONVERGED_RTOL iterations 34
  Nonlinear BackwardEuler-Equation_ solve converged due to CONVERGED_FNORM_ABS iterations 3
t = 76800.0 s | step 32/108 | wall 31.94 s | NL 3 | L 99
    Linear BackwardEuler-Equation_ solve converged due to CONVERGED_RTOL iterations 30
    Linear BackwardEuler-Equation_ solve converged due to CONVERGED_RTOL iterations 34
    Linear BackwardEuler-Equation_ solve converged due to CONVERGED_RTOL iterations 35
  Nonlinear BackwardEuler-Equation_ solve converged due to CONVERGED_FNORM_ABS iterations 3
t = 79200.0 s | step 33/108 | wall 31.73 s | NL 3 | L 99
    Linear BackwardEuler-Equation_ solve converged due to CONVERGED_RTOL iterations 30
    Linear BackwardEuler-Equation_ solve converged due to CONVERGED_RTOL iterations 33
    Linear BackwardEuler-Equation_ solve converged due to CONVERGED_RTOL iterations 34
  Nonlinear BackwardEuler-Equation_ solve converged due to CONVERGED_FNORM_ABS iterations 3
t = 81600.0 s | step 34/108 | wall 31.23 s | NL 3 | L 97
    Linear BackwardEuler-Equation_ solve converged due to CONVERGED_RTOL iterations 30
    Linear BackwardEuler-Equation_ solve converged due to CONVERGED_RTOL iterations 35
    Linear BackwardEuler-Equation_ solve converged due to CONVERGED_RTOL iterations 35
  Nonlinear BackwardEuler-Equation_ solve converged due to CONVERGED_FNORM_ABS iterations 3
t = 84000.0 s | step 35/108 | wall 31.96 s | NL 3 | L 100
    Linear BackwardEuler-Equation_ solve converged due to CONVERGED_RTOL iterations 31
    Linear BackwardEuler-Equation_ solve converged due to CONVERGED_RTOL iterations 34
    Linear BackwardEuler-Equation_ solve converged due to CONVERGED_RTOL iterations 34
  Nonlinear BackwardEuler-Equation_ solve converged due to CONVERGED_FNORM_ABS iterations 3
t = 86400.0 s | step 36/108 | wall 31.96 s | NL 3 | L 99
frame at t = 24.00 h
    Linear BackwardEuler-Equation_ solve converged due to CONVERGED_RTOL iterations 31
    Linear BackwardEuler-Equation_ solve converged due to CONVERGED_RTOL iterations 34
    Linear BackwardEuler-Equation_ solve converged due to CONVERGED_RTOL iterations 35
  Nonlinear BackwardEuler-Equation_ solve converged due to CONVERGED_FNORM_ABS iterations 3
t = 88800.0 s | step 37/108 | wall 32.34 s | NL 3 | L 100
    Linear BackwardEuler-Equation_ solve converged due to CONVERGED_RTOL iterations 31
    Linear BackwardEuler-Equation_ solve converged due to CONVERGED_RTOL iterations 34
    Linear BackwardEuler-Equation_ solve converged due to CONVERGED_RTOL iterations 36
  Nonlinear BackwardEuler-Equation_ solve converged due to CONVERGED_FNORM_ABS iterations 3
t = 91200.0 s | step 38/108 | wall 32.30 s | NL 3 | L 101
    Linear BackwardEuler-Equation_ solve converged due to CONVERGED_RTOL iterations 32
    Linear BackwardEuler-Equation_ solve converged due to CONVERGED_RTOL iterations 34
    Linear BackwardEuler-Equation_ solve converged due to CONVERGED_RTOL iterations 34
  Nonlinear BackwardEuler-Equation_ solve converged due to CONVERGED_FNORM_ABS iterations 3
t = 93600.0 s | step 39/108 | wall 32.15 s | NL 3 | L 100
    Linear BackwardEuler-Equation_ solve converged due to CONVERGED_RTOL iterations 30
    Linear BackwardEuler-Equation_ solve converged due to CONVERGED_RTOL iterations 36
    Linear BackwardEuler-Equation_ solve converged due to CONVERGED_RTOL iterations 36
  Nonlinear BackwardEuler-Equation_ solve converged due to CONVERGED_FNORM_ABS iterations 3
t = 96000.0 s | step 40/108 | wall 32.48 s | NL 3 | L 102
    Linear BackwardEuler-Equation_ solve converged due to CONVERGED_RTOL iterations 33
    Linear BackwardEuler-Equation_ solve converged due to CONVERGED_RTOL iterations 36
    Linear BackwardEuler-Equation_ solve converged due to CONVERGED_RTOL iterations 34
  Nonlinear BackwardEuler-Equation_ solve converged due to CONVERGED_FNORM_ABS iterations 3
t = 98400.0 s | step 41/108 | wall 32.83 s | NL 3 | L 103
    Linear BackwardEuler-Equation_ solve converged due to CONVERGED_RTOL iterations 31
    Linear BackwardEuler-Equation_ solve converged due to CONVERGED_RTOL iterations 34
    Linear BackwardEuler-Equation_ solve converged due to CONVERGED_RTOL iterations 36
  Nonlinear BackwardEuler-Equation_ solve converged due to CONVERGED_FNORM_ABS iterations 3
t = 100800.0 s | step 42/108 | wall 32.21 s | NL 3 | L 101
frame at t = 28.00 h
    Linear BackwardEuler-Equation_ solve converged due to CONVERGED_RTOL iterations 33
    Linear BackwardEuler-Equation_ solve converged due to CONVERGED_RTOL iterations 36
    Linear BackwardEuler-Equation_ solve converged due to CONVERGED_RTOL iterations 36
  Nonlinear BackwardEuler-Equation_ solve converged due to CONVERGED_FNORM_ABS iterations 3
t = 103200.0 s | step 43/108 | wall 33.45 s | NL 3 | L 105
    Linear BackwardEuler-Equation_ solve converged due to CONVERGED_RTOL iterations 33
    Linear BackwardEuler-Equation_ solve converged due to CONVERGED_RTOL iterations 36
    Linear BackwardEuler-Equation_ solve converged due to CONVERGED_RTOL iterations 36
  Nonlinear BackwardEuler-Equation_ solve converged due to CONVERGED_FNORM_ABS iterations 3
t = 105600.0 s | step 44/108 | wall 33.32 s | NL 3 | L 105
    Linear BackwardEuler-Equation_ solve converged due to CONVERGED_RTOL iterations 33
    Linear BackwardEuler-Equation_ solve converged due to CONVERGED_RTOL iterations 36
    Linear BackwardEuler-Equation_ solve converged due to CONVERGED_RTOL iterations 36
  Nonlinear BackwardEuler-Equation_ solve converged due to CONVERGED_FNORM_ABS iterations 3
t = 108000.0 s | step 45/108 | wall 33.18 s | NL 3 | L 105
    Linear BackwardEuler-Equation_ solve converged due to CONVERGED_RTOL iterations 33
    Linear BackwardEuler-Equation_ solve converged due to CONVERGED_RTOL iterations 35
    Linear BackwardEuler-Equation_ solve converged due to CONVERGED_RTOL iterations 36
  Nonlinear BackwardEuler-Equation_ solve converged due to CONVERGED_FNORM_ABS iterations 3
t = 110400.0 s | step 46/108 | wall 33.02 s | NL 3 | L 104
    Linear BackwardEuler-Equation_ solve converged due to CONVERGED_RTOL iterations 33
    Linear BackwardEuler-Equation_ solve converged due to CONVERGED_RTOL iterations 35
    Linear BackwardEuler-Equation_ solve converged due to CONVERGED_RTOL iterations 36
  Nonlinear BackwardEuler-Equation_ solve converged due to CONVERGED_FNORM_ABS iterations 3
t = 112800.0 s | step 47/108 | wall 32.99 s | NL 3 | L 104
    Linear BackwardEuler-Equation_ solve converged due to CONVERGED_RTOL iterations 33
    Linear BackwardEuler-Equation_ solve converged due to CONVERGED_RTOL iterations 35
    Linear BackwardEuler-Equation_ solve converged due to CONVERGED_RTOL iterations 35
  Nonlinear BackwardEuler-Equation_ solve converged due to CONVERGED_FNORM_ABS iterations 3
t = 115200.0 s | step 48/108 | wall 32.78 s | NL 3 | L 103
frame at t = 32.00 h
    Linear BackwardEuler-Equation_ solve converged due to CONVERGED_RTOL iterations 33
    Linear BackwardEuler-Equation_ solve converged due to CONVERGED_RTOL iterations 35
    Linear BackwardEuler-Equation_ solve converged due to CONVERGED_RTOL iterations 36
  Nonlinear BackwardEuler-Equation_ solve converged due to CONVERGED_FNORM_ABS iterations 3
t = 117600.0 s | step 49/108 | wall 33.67 s | NL 3 | L 104
    Linear BackwardEuler-Equation_ solve converged due to CONVERGED_RTOL iterations 33
    Linear BackwardEuler-Equation_ solve converged due to CONVERGED_RTOL iterations 35
    Linear BackwardEuler-Equation_ solve converged due to CONVERGED_RTOL iterations 36
  Nonlinear BackwardEuler-Equation_ solve converged due to CONVERGED_FNORM_ABS iterations 3
t = 120000.0 s | step 50/108 | wall 33.04 s | NL 3 | L 104
    Linear BackwardEuler-Equation_ solve converged due to CONVERGED_RTOL iterations 32
    Linear BackwardEuler-Equation_ solve converged due to CONVERGED_RTOL iterations 34
    Linear BackwardEuler-Equation_ solve converged due to CONVERGED_RTOL iterations 36
  Nonlinear BackwardEuler-Equation_ solve converged due to CONVERGED_FNORM_ABS iterations 3
t = 122400.0 s | step 51/108 | wall 32.68 s | NL 3 | L 102
    Linear BackwardEuler-Equation_ solve converged due to CONVERGED_RTOL iterations 32
    Linear BackwardEuler-Equation_ solve converged due to CONVERGED_RTOL iterations 35
    Linear BackwardEuler-Equation_ solve converged due to CONVERGED_RTOL iterations 36
  Nonlinear BackwardEuler-Equation_ solve converged due to CONVERGED_FNORM_ABS iterations 3
t = 124800.0 s | step 52/108 | wall 32.90 s | NL 3 | L 103
    Linear BackwardEuler-Equation_ solve converged due to CONVERGED_RTOL iterations 33
    Linear BackwardEuler-Equation_ solve converged due to CONVERGED_RTOL iterations 35
    Linear BackwardEuler-Equation_ solve converged due to CONVERGED_RTOL iterations 36
  Nonlinear BackwardEuler-Equation_ solve converged due to CONVERGED_FNORM_ABS iterations 3
t = 127200.0 s | step 53/108 | wall 33.06 s | NL 3 | L 104
    Linear BackwardEuler-Equation_ solve converged due to CONVERGED_RTOL iterations 31
    Linear BackwardEuler-Equation_ solve converged due to CONVERGED_RTOL iterations 35
    Linear BackwardEuler-Equation_ solve converged due to CONVERGED_RTOL iterations 36
  Nonlinear BackwardEuler-Equation_ solve converged due to CONVERGED_FNORM_ABS iterations 3
t = 129600.0 s | step 54/108 | wall 32.57 s | NL 3 | L 102
frame at t = 36.00 h
    Linear BackwardEuler-Equation_ solve converged due to CONVERGED_RTOL iterations 32
    Linear BackwardEuler-Equation_ solve converged due to CONVERGED_RTOL iterations 35
    Linear BackwardEuler-Equation_ solve converged due to CONVERGED_RTOL iterations 36
  Nonlinear BackwardEuler-Equation_ solve converged due to CONVERGED_FNORM_ABS iterations 3
t = 132000.0 s | step 55/108 | wall 33.15 s | NL 3 | L 103
    Linear BackwardEuler-Equation_ solve converged due to CONVERGED_RTOL iterations 32
    Linear BackwardEuler-Equation_ solve converged due to CONVERGED_RTOL iterations 35
    Linear BackwardEuler-Equation_ solve converged due to CONVERGED_RTOL iterations 36
  Nonlinear BackwardEuler-Equation_ solve converged due to CONVERGED_FNORM_ABS iterations 3
t = 134400.0 s | step 56/108 | wall 32.76 s | NL 3 | L 103
    Linear BackwardEuler-Equation_ solve converged due to CONVERGED_RTOL iterations 32
    Linear BackwardEuler-Equation_ solve converged due to CONVERGED_RTOL iterations 36
    Linear BackwardEuler-Equation_ solve converged due to CONVERGED_RTOL iterations 37
  Nonlinear BackwardEuler-Equation_ solve converged due to CONVERGED_FNORM_ABS iterations 3
t = 136800.0 s | step 57/108 | wall 33.21 s | NL 3 | L 105
    Linear BackwardEuler-Equation_ solve converged due to CONVERGED_RTOL iterations 33
    Linear BackwardEuler-Equation_ solve converged due to CONVERGED_RTOL iterations 36
    Linear BackwardEuler-Equation_ solve converged due to CONVERGED_RTOL iterations 36
  Nonlinear BackwardEuler-Equation_ solve converged due to CONVERGED_FNORM_ABS iterations 3
t = 139200.0 s | step 58/108 | wall 33.26 s | NL 3 | L 105
    Linear BackwardEuler-Equation_ solve converged due to CONVERGED_RTOL iterations 33
    Linear BackwardEuler-Equation_ solve converged due to CONVERGED_RTOL iterations 35
    Linear BackwardEuler-Equation_ solve converged due to CONVERGED_RTOL iterations 37
  Nonlinear BackwardEuler-Equation_ solve converged due to CONVERGED_FNORM_ABS iterations 3
t = 141600.0 s | step 59/108 | wall 33.36 s | NL 3 | L 105
    Linear BackwardEuler-Equation_ solve converged due to CONVERGED_RTOL iterations 33
    Linear BackwardEuler-Equation_ solve converged due to CONVERGED_RTOL iterations 34
    Linear BackwardEuler-Equation_ solve converged due to CONVERGED_RTOL iterations 36
  Nonlinear BackwardEuler-Equation_ solve converged due to CONVERGED_FNORM_ABS iterations 3
t = 144000.0 s | step 60/108 | wall 32.82 s | NL 3 | L 103
frame at t = 40.00 h
    Linear BackwardEuler-Equation_ solve converged due to CONVERGED_RTOL iterations 32
    Linear BackwardEuler-Equation_ solve converged due to CONVERGED_RTOL iterations 34
    Linear BackwardEuler-Equation_ solve converged due to CONVERGED_RTOL iterations 36
  Nonlinear BackwardEuler-Equation_ solve converged due to CONVERGED_FNORM_ABS iterations 3
t = 146400.0 s | step 61/108 | wall 33.16 s | NL 3 | L 102
    Linear BackwardEuler-Equation_ solve converged due to CONVERGED_RTOL iterations 32
    Linear BackwardEuler-Equation_ solve converged due to CONVERGED_RTOL iterations 35
    Linear BackwardEuler-Equation_ solve converged due to CONVERGED_RTOL iterations 37
  Nonlinear BackwardEuler-Equation_ solve converged due to CONVERGED_FNORM_ABS iterations 3
t = 148800.0 s | step 62/108 | wall 33.01 s | NL 3 | L 104
    Linear BackwardEuler-Equation_ solve converged due to CONVERGED_RTOL iterations 31
    Linear BackwardEuler-Equation_ solve converged due to CONVERGED_RTOL iterations 35
    Linear BackwardEuler-Equation_ solve converged due to CONVERGED_RTOL iterations 37
  Nonlinear BackwardEuler-Equation_ solve converged due to CONVERGED_FNORM_ABS iterations 3
t = 151200.0 s | step 63/108 | wall 32.81 s | NL 3 | L 103
    Linear BackwardEuler-Equation_ solve converged due to CONVERGED_RTOL iterations 31
    Linear BackwardEuler-Equation_ solve converged due to CONVERGED_RTOL iterations 35
    Linear BackwardEuler-Equation_ solve converged due to CONVERGED_RTOL iterations 37
  Nonlinear BackwardEuler-Equation_ solve converged due to CONVERGED_FNORM_ABS iterations 3
t = 153600.0 s | step 64/108 | wall 32.80 s | NL 3 | L 103
    Linear BackwardEuler-Equation_ solve converged due to CONVERGED_RTOL iterations 32
    Linear BackwardEuler-Equation_ solve converged due to CONVERGED_RTOL iterations 35
    Linear BackwardEuler-Equation_ solve converged due to CONVERGED_RTOL iterations 37
  Nonlinear BackwardEuler-Equation_ solve converged due to CONVERGED_FNORM_ABS iterations 3
t = 156000.0 s | step 65/108 | wall 32.96 s | NL 3 | L 104
    Linear BackwardEuler-Equation_ solve converged due to CONVERGED_RTOL iterations 32
    Linear BackwardEuler-Equation_ solve converged due to CONVERGED_RTOL iterations 35
    Linear BackwardEuler-Equation_ solve converged due to CONVERGED_RTOL iterations 37
  Nonlinear BackwardEuler-Equation_ solve converged due to CONVERGED_FNORM_ABS iterations 3
t = 158400.0 s | step 66/108 | wall 33.11 s | NL 3 | L 104
frame at t = 44.00 h
    Linear BackwardEuler-Equation_ solve converged due to CONVERGED_RTOL iterations 32
    Linear BackwardEuler-Equation_ solve converged due to CONVERGED_RTOL iterations 35
    Linear BackwardEuler-Equation_ solve converged due to CONVERGED_RTOL iterations 37
  Nonlinear BackwardEuler-Equation_ solve converged due to CONVERGED_FNORM_ABS iterations 3
t = 160800.0 s | step 67/108 | wall 33.32 s | NL 3 | L 104
    Linear BackwardEuler-Equation_ solve converged due to CONVERGED_RTOL iterations 31
    Linear BackwardEuler-Equation_ solve converged due to CONVERGED_RTOL iterations 35
    Linear BackwardEuler-Equation_ solve converged due to CONVERGED_RTOL iterations 36
  Nonlinear BackwardEuler-Equation_ solve converged due to CONVERGED_FNORM_ABS iterations 3
t = 163200.0 s | step 68/108 | wall 32.62 s | NL 3 | L 102
    Linear BackwardEuler-Equation_ solve converged due to CONVERGED_RTOL iterations 31
    Linear BackwardEuler-Equation_ solve converged due to CONVERGED_RTOL iterations 35
    Linear BackwardEuler-Equation_ solve converged due to CONVERGED_RTOL iterations 36
  Nonlinear BackwardEuler-Equation_ solve converged due to CONVERGED_FNORM_ABS iterations 3
t = 165600.0 s | step 69/108 | wall 32.63 s | NL 3 | L 102
    Linear BackwardEuler-Equation_ solve converged due to CONVERGED_RTOL iterations 31
    Linear BackwardEuler-Equation_ solve converged due to CONVERGED_RTOL iterations 35
    Linear BackwardEuler-Equation_ solve converged due to CONVERGED_RTOL iterations 36
  Nonlinear BackwardEuler-Equation_ solve converged due to CONVERGED_FNORM_ABS iterations 3
t = 168000.0 s | step 70/108 | wall 32.70 s | NL 3 | L 102
    Linear BackwardEuler-Equation_ solve converged due to CONVERGED_RTOL iterations 31
    Linear BackwardEuler-Equation_ solve converged due to CONVERGED_RTOL iterations 35
    Linear BackwardEuler-Equation_ solve converged due to CONVERGED_RTOL iterations 37
  Nonlinear BackwardEuler-Equation_ solve converged due to CONVERGED_FNORM_ABS iterations 3
t = 170400.0 s | step 71/108 | wall 32.77 s | NL 3 | L 103
    Linear BackwardEuler-Equation_ solve converged due to CONVERGED_RTOL iterations 31
    Linear BackwardEuler-Equation_ solve converged due to CONVERGED_RTOL iterations 35
  Nonlinear BackwardEuler-Equation_ solve converged due to CONVERGED_FNORM_ABS iterations 2
t = 172800.0 s | step 72/108 | wall 21.39 s | NL 2 | L 66
frame at t = 48.00 h
    Linear BackwardEuler-Equation_ solve converged due to CONVERGED_RTOL iterations 31
    Linear BackwardEuler-Equation_ solve converged due to CONVERGED_RTOL iterations 35
  Nonlinear BackwardEuler-Equation_ solve converged due to CONVERGED_FNORM_ABS iterations 2
t = 175200.0 s | step 73/108 | wall 21.63 s | NL 2 | L 66
    Linear BackwardEuler-Equation_ solve converged due to CONVERGED_RTOL iterations 31
    Linear BackwardEuler-Equation_ solve converged due to CONVERGED_RTOL iterations 35
  Nonlinear BackwardEuler-Equation_ solve converged due to CONVERGED_FNORM_ABS iterations 2
t = 177600.0 s | step 74/108 | wall 21.37 s | NL 2 | L 66
    Linear BackwardEuler-Equation_ solve converged due to CONVERGED_RTOL iterations 31
    Linear BackwardEuler-Equation_ solve converged due to CONVERGED_RTOL iterations 35
  Nonlinear BackwardEuler-Equation_ solve converged due to CONVERGED_FNORM_ABS iterations 2
t = 180000.0 s | step 75/108 | wall 21.48 s | NL 2 | L 66
    Linear BackwardEuler-Equation_ solve converged due to CONVERGED_RTOL iterations 32
    Linear BackwardEuler-Equation_ solve converged due to CONVERGED_RTOL iterations 35
  Nonlinear BackwardEuler-Equation_ solve converged due to CONVERGED_FNORM_ABS iterations 2
t = 182400.0 s | step 76/108 | wall 21.60 s | NL 2 | L 67
    Linear BackwardEuler-Equation_ solve converged due to CONVERGED_RTOL iterations 32
    Linear BackwardEuler-Equation_ solve converged due to CONVERGED_RTOL iterations 35
  Nonlinear BackwardEuler-Equation_ solve converged due to CONVERGED_FNORM_ABS iterations 2
t = 184800.0 s | step 77/108 | wall 21.68 s | NL 2 | L 67
    Linear BackwardEuler-Equation_ solve converged due to CONVERGED_RTOL iterations 32
    Linear BackwardEuler-Equation_ solve converged due to CONVERGED_RTOL iterations 35
  Nonlinear BackwardEuler-Equation_ solve converged due to CONVERGED_FNORM_ABS iterations 2
t = 187200.0 s | step 78/108 | wall 21.71 s | NL 2 | L 67
frame at t = 52.00 h
    Linear BackwardEuler-Equation_ solve converged due to CONVERGED_RTOL iterations 32
    Linear BackwardEuler-Equation_ solve converged due to CONVERGED_RTOL iterations 35
  Nonlinear BackwardEuler-Equation_ solve converged due to CONVERGED_FNORM_ABS iterations 2
t = 189600.0 s | step 79/108 | wall 21.84 s | NL 2 | L 67
    Linear BackwardEuler-Equation_ solve converged due to CONVERGED_RTOL iterations 32
    Linear BackwardEuler-Equation_ solve converged due to CONVERGED_RTOL iterations 35
  Nonlinear BackwardEuler-Equation_ solve converged due to CONVERGED_FNORM_ABS iterations 2
t = 192000.0 s | step 80/108 | wall 21.67 s | NL 2 | L 67
    Linear BackwardEuler-Equation_ solve converged due to CONVERGED_RTOL iterations 32
    Linear BackwardEuler-Equation_ solve converged due to CONVERGED_RTOL iterations 35
  Nonlinear BackwardEuler-Equation_ solve converged due to CONVERGED_FNORM_ABS iterations 2
t = 194400.0 s | step 81/108 | wall 21.66 s | NL 2 | L 67
    Linear BackwardEuler-Equation_ solve converged due to CONVERGED_RTOL iterations 32
    Linear BackwardEuler-Equation_ solve converged due to CONVERGED_RTOL iterations 36
  Nonlinear BackwardEuler-Equation_ solve converged due to CONVERGED_FNORM_ABS iterations 2
t = 196800.0 s | step 82/108 | wall 21.86 s | NL 2 | L 68
    Linear BackwardEuler-Equation_ solve converged due to CONVERGED_RTOL iterations 32
    Linear BackwardEuler-Equation_ solve converged due to CONVERGED_RTOL iterations 35
  Nonlinear BackwardEuler-Equation_ solve converged due to CONVERGED_FNORM_ABS iterations 2
t = 199200.0 s | step 83/108 | wall 21.66 s | NL 2 | L 67
    Linear BackwardEuler-Equation_ solve converged due to CONVERGED_RTOL iterations 32
    Linear BackwardEuler-Equation_ solve converged due to CONVERGED_RTOL iterations 36
  Nonlinear BackwardEuler-Equation_ solve converged due to CONVERGED_FNORM_ABS iterations 2
t = 201600.0 s | step 84/108 | wall 21.91 s | NL 2 | L 68
frame at t = 56.00 h
    Linear BackwardEuler-Equation_ solve converged due to CONVERGED_RTOL iterations 32
    Linear BackwardEuler-Equation_ solve converged due to CONVERGED_RTOL iterations 35
  Nonlinear BackwardEuler-Equation_ solve converged due to CONVERGED_FNORM_ABS iterations 2
t = 204000.0 s | step 85/108 | wall 21.89 s | NL 2 | L 67
    Linear BackwardEuler-Equation_ solve converged due to CONVERGED_RTOL iterations 33
    Linear BackwardEuler-Equation_ solve converged due to CONVERGED_RTOL iterations 36
  Nonlinear BackwardEuler-Equation_ solve converged due to CONVERGED_FNORM_ABS iterations 2
t = 206400.0 s | step 86/108 | wall 22.15 s | NL 2 | L 69
    Linear BackwardEuler-Equation_ solve converged due to CONVERGED_RTOL iterations 33
    Linear BackwardEuler-Equation_ solve converged due to CONVERGED_RTOL iterations 35
  Nonlinear BackwardEuler-Equation_ solve converged due to CONVERGED_FNORM_ABS iterations 2
t = 208800.0 s | step 87/108 | wall 21.89 s | NL 2 | L 68
    Linear BackwardEuler-Equation_ solve converged due to CONVERGED_RTOL iterations 33
    Linear BackwardEuler-Equation_ solve converged due to CONVERGED_RTOL iterations 36
  Nonlinear BackwardEuler-Equation_ solve converged due to CONVERGED_FNORM_ABS iterations 2
t = 211200.0 s | step 88/108 | wall 22.13 s | NL 2 | L 69
    Linear BackwardEuler-Equation_ solve converged due to CONVERGED_RTOL iterations 33
    Linear BackwardEuler-Equation_ solve converged due to CONVERGED_RTOL iterations 37
  Nonlinear BackwardEuler-Equation_ solve converged due to CONVERGED_FNORM_ABS iterations 2
t = 213600.0 s | step 89/108 | wall 22.41 s | NL 2 | L 70
    Linear BackwardEuler-Equation_ solve converged due to CONVERGED_RTOL iterations 34
    Linear BackwardEuler-Equation_ solve converged due to CONVERGED_RTOL iterations 36
  Nonlinear BackwardEuler-Equation_ solve converged due to CONVERGED_FNORM_ABS iterations 2
t = 216000.0 s | step 90/108 | wall 22.44 s | NL 2 | L 70
frame at t = 60.00 h
    Linear BackwardEuler-Equation_ solve converged due to CONVERGED_RTOL iterations 34
    Linear BackwardEuler-Equation_ solve converged due to CONVERGED_RTOL iterations 36
  Nonlinear BackwardEuler-Equation_ solve converged due to CONVERGED_FNORM_ABS iterations 2
t = 218400.0 s | step 91/108 | wall 22.56 s | NL 2 | L 70
    Linear BackwardEuler-Equation_ solve converged due to CONVERGED_RTOL iterations 33
    Linear BackwardEuler-Equation_ solve converged due to CONVERGED_RTOL iterations 37
  Nonlinear BackwardEuler-Equation_ solve converged due to CONVERGED_FNORM_ABS iterations 2
t = 220800.0 s | step 92/108 | wall 22.53 s | NL 2 | L 70
    Linear BackwardEuler-Equation_ solve converged due to CONVERGED_RTOL iterations 34
    Linear BackwardEuler-Equation_ solve converged due to CONVERGED_RTOL iterations 36
  Nonlinear BackwardEuler-Equation_ solve converged due to CONVERGED_FNORM_ABS iterations 2
t = 223200.0 s | step 93/108 | wall 22.40 s | NL 2 | L 70
    Linear BackwardEuler-Equation_ solve converged due to CONVERGED_RTOL iterations 34
    Linear BackwardEuler-Equation_ solve converged due to CONVERGED_RTOL iterations 35
  Nonlinear BackwardEuler-Equation_ solve converged due to CONVERGED_FNORM_ABS iterations 2
t = 225600.0 s | step 94/108 | wall 22.12 s | NL 2 | L 69
    Linear BackwardEuler-Equation_ solve converged due to CONVERGED_RTOL iterations 34
    Linear BackwardEuler-Equation_ solve converged due to CONVERGED_RTOL iterations 35
  Nonlinear BackwardEuler-Equation_ solve converged due to CONVERGED_FNORM_ABS iterations 2
t = 228000.0 s | step 95/108 | wall 22.14 s | NL 2 | L 69
    Linear BackwardEuler-Equation_ solve converged due to CONVERGED_RTOL iterations 33
    Linear BackwardEuler-Equation_ solve converged due to CONVERGED_RTOL iterations 35
  Nonlinear BackwardEuler-Equation_ solve converged due to CONVERGED_FNORM_ABS iterations 2
t = 230400.0 s | step 96/108 | wall 21.95 s | NL 2 | L 68
frame at t = 64.00 h
    Linear BackwardEuler-Equation_ solve converged due to CONVERGED_RTOL iterations 33
    Linear BackwardEuler-Equation_ solve converged due to CONVERGED_RTOL iterations 35
  Nonlinear BackwardEuler-Equation_ solve converged due to CONVERGED_FNORM_ABS iterations 2
t = 232800.0 s | step 97/108 | wall 22.19 s | NL 2 | L 68
    Linear BackwardEuler-Equation_ solve converged due to CONVERGED_RTOL iterations 33
    Linear BackwardEuler-Equation_ solve converged due to CONVERGED_RTOL iterations 35
  Nonlinear BackwardEuler-Equation_ solve converged due to CONVERGED_FNORM_ABS iterations 2
t = 235200.0 s | step 98/108 | wall 21.93 s | NL 2 | L 68
    Linear BackwardEuler-Equation_ solve converged due to CONVERGED_RTOL iterations 33
    Linear BackwardEuler-Equation_ solve converged due to CONVERGED_RTOL iterations 35
  Nonlinear BackwardEuler-Equation_ solve converged due to CONVERGED_FNORM_ABS iterations 2
t = 237600.0 s | step 99/108 | wall 22.00 s | NL 2 | L 68
    Linear BackwardEuler-Equation_ solve converged due to CONVERGED_RTOL iterations 33
    Linear BackwardEuler-Equation_ solve converged due to CONVERGED_RTOL iterations 35
  Nonlinear BackwardEuler-Equation_ solve converged due to CONVERGED_FNORM_ABS iterations 2
t = 240000.0 s | step 100/108 | wall 22.03 s | NL 2 | L 68
    Linear BackwardEuler-Equation_ solve converged due to CONVERGED_RTOL iterations 33
    Linear BackwardEuler-Equation_ solve converged due to CONVERGED_RTOL iterations 36
  Nonlinear BackwardEuler-Equation_ solve converged due to CONVERGED_FNORM_ABS iterations 2
t = 242400.0 s | step 101/108 | wall 22.18 s | NL 2 | L 69
    Linear BackwardEuler-Equation_ solve converged due to CONVERGED_RTOL iterations 33
    Linear BackwardEuler-Equation_ solve converged due to CONVERGED_RTOL iterations 35
  Nonlinear BackwardEuler-Equation_ solve converged due to CONVERGED_FNORM_ABS iterations 2
t = 244800.0 s | step 102/108 | wall 21.97 s | NL 2 | L 68
frame at t = 68.00 h
    Linear BackwardEuler-Equation_ solve converged due to CONVERGED_RTOL iterations 33
    Linear BackwardEuler-Equation_ solve converged due to CONVERGED_RTOL iterations 34
  Nonlinear BackwardEuler-Equation_ solve converged due to CONVERGED_FNORM_ABS iterations 2
t = 247200.0 s | step 103/108 | wall 22.37 s | NL 2 | L 67
    Linear BackwardEuler-Equation_ solve converged due to CONVERGED_RTOL iterations 33
    Linear BackwardEuler-Equation_ solve converged due to CONVERGED_RTOL iterations 34
  Nonlinear BackwardEuler-Equation_ solve converged due to CONVERGED_FNORM_ABS iterations 2
t = 249600.0 s | step 104/108 | wall 21.71 s | NL 2 | L 67
    Linear BackwardEuler-Equation_ solve converged due to CONVERGED_RTOL iterations 33
    Linear BackwardEuler-Equation_ solve converged due to CONVERGED_RTOL iterations 34
  Nonlinear BackwardEuler-Equation_ solve converged due to CONVERGED_FNORM_ABS iterations 2
t = 252000.0 s | step 105/108 | wall 21.71 s | NL 2 | L 67
    Linear BackwardEuler-Equation_ solve converged due to CONVERGED_RTOL iterations 32
    Linear BackwardEuler-Equation_ solve converged due to CONVERGED_RTOL iterations 34
  Nonlinear BackwardEuler-Equation_ solve converged due to CONVERGED_FNORM_ABS iterations 2
t = 254400.0 s | step 106/108 | wall 21.51 s | NL 2 | L 66
    Linear BackwardEuler-Equation_ solve converged due to CONVERGED_RTOL iterations 32
    Linear BackwardEuler-Equation_ solve converged due to CONVERGED_RTOL iterations 34
  Nonlinear BackwardEuler-Equation_ solve converged due to CONVERGED_FNORM_ABS iterations 2
t = 256800.0 s | step 107/108 | wall 21.55 s | NL 2 | L 66
    Linear BackwardEuler-Equation_ solve converged due to CONVERGED_RTOL iterations 33
    Linear BackwardEuler-Equation_ solve converged due to CONVERGED_RTOL iterations 34
  Nonlinear BackwardEuler-Equation_ solve converged due to CONVERGED_FNORM_ABS iterations 2
t = 259200.0 s | step 108/108 | wall 21.75 s | NL 2 | L 67
frame at t = 72.00 h
Cockett visualise complete: 108 steps, t = 72.0 h, output in /scratch/xd2/sg8812/morrow2026/parallel_scaling/results/cockett_hires
=== Job completed: Tue Jul 28 03:33:31 AEST 2026 ===

======================================================================================
                  Resource Usage on 2026-07-28 03:33:35:
   Job Id:             174860576.gadi-pbs
   Project:            xd2
   Exit Status:        0
   Service Units:      185.12
   NCPUs Requested:    104                 CPU Time Used: 92:01:36        
   Memory Requested:   500.0GB               Memory Used: 109.64GB        
   Walltime Requested: 02:00:00            Walltime Used: 00:53:24        
   JobFS Requested:    100.0GB                JobFS Used: 57.73MB         
======================================================================================
