=== Job info ===
Case: murrumbidgee
Solver: ngmres_gmg
Scale: sweep
Nodes: 1
CPUs: 48
Date: Wed Apr 15 10:54:26 AEST 2026
================
Number of degrees of freedom: 1209600
Horizontal resolution: 5000.0 m, Layers: 50, DG1
Time stepper: BackwardEuler, dt = 43200.0 s, steps = 20
Solver: ngmres_gmg
Solver parameters: {'snes_type': 'ngmres', 'snes_rtol': 1e-08, 'snes_atol': 1e-08, 'snes_max_it': 50, 'snes_ngmres_m': 30, 'snes_ngmres_restart': 30, 'snes_ngmres_select_type': 'difference', 'snes_ngmres_restart_type': 'difference', 'snes_ngmres_gammaA': 2.0, 'snes_ngmres_gammaC': 2.0, 'npc_snes_type': 'newtonls', 'npc_snes_linesearch_type': 'bt', 'npc_snes_max_it': 1, 'ksp_type': 'fgmres', 'ksp_rtol': 1e-06, 'ksp_max_it': 200, 'ksp_gmres_restart': 30, 'pc_type': 'mg', 'pc_mg_cycle_type': 'v', 'mg_levels_ksp_type': 'chebyshev', 'mg_levels_ksp_max_it': 1, 'mg_levels_ksp_convergence_test': 'skip', 'mg_levels_pc_type': 'bjacobi', 'mg_levels_sub_pc_type': 'ilu', 'mg_levels_sub_pc_factor_levels': 0, 'mg_coarse_ksp_type': 'gmres', 'mg_coarse_ksp_max_it': 30, 'mg_coarse_pc_type': 'bjacobi', 'mg_coarse_sub_pc_type': 'ilu'}
  0 SNES Function norm 1.253090912296e+08
  1 SNES Function norm 8.085128605901e+07
  2 SNES Function norm 5.247548742632e+07
  3 SNES Function norm 7.410922587057e+07
  4 SNES Function norm 7.203483070820e+06
  5 SNES Function norm 6.481394804333e+06
  6 SNES Function norm 5.893429949130e+06
  7 SNES Function norm 4.669371261521e+06
  8 SNES Function norm 3.571889604648e+06
  9 SNES Function norm 2.802976791219e+06
 10 SNES Function norm 2.590249556354e+06
 11 SNES Function norm 1.290688213562e+06
 12 SNES Function norm 1.158160643088e+06
 13 SNES Function norm 8.693847200339e+05
 14 SNES Function norm 8.409910845713e+05
 15 SNES Function norm 8.388239793940e+05
 16 SNES Function norm 6.860698238623e+05
 17 SNES Function norm 6.842100305800e+05
 18 SNES Function norm 6.571309739636e+05
 19 SNES Function norm 6.570205970573e+05
 20 SNES Function norm 6.543386793493e+05
 21 SNES Function norm 6.475326383207e+05
 22 SNES Function norm 6.403810177917e+05
 23 SNES Function norm 5.828820818331e+05
 24 SNES Function norm 4.902588243382e+05
 25 SNES Function norm 4.436936282486e+05
 26 SNES Function norm 4.165464325185e+05
 27 SNES Function norm 4.677200359210e+05
 28 SNES Function norm 3.690684314888e+05
 29 SNES Function norm 3.690476074010e+05
 30 SNES Function norm 4.023463541137e+05
 31 SNES Function norm 3.683141581696e+05
 32 SNES Function norm 3.390475265007e+05
 33 SNES Function norm 3.360976349447e+05
 34 SNES Function norm 3.165870705316e+05
 35 SNES Function norm 3.158469931291e+05
 36 SNES Function norm 2.938837790975e+05
 37 SNES Function norm 2.937169817703e+05
 38 SNES Function norm 2.932386482935e+05
 39 SNES Function norm 2.932314680515e+05
 40 SNES Function norm 2.931490226384e+05
 41 SNES Function norm 2.929450765928e+05
 42 SNES Function norm 2.917887324281e+05
 43 SNES Function norm 2.902447022184e+05
 44 SNES Function norm 3.610054094075e+05
 45 SNES Function norm 3.536648947446e+05
 46 SNES Function norm 3.223007599534e+05
 47 SNES Function norm 3.064186760822e+05
 48 SNES Function norm 3.115627920234e+05
 49 SNES Function norm 2.892795404085e+05
 50 SNES Function norm 2.810228390135e+05
Traceback (most recent call last):
Traceback (most recent call last):
  File "/scratch/xd2/sg8812/g-adopt-worktrees/sghelichkhani/richardson/tests/parallel_scaling_richards/murrumbidgee_3d.py", line 284, in <module>
Traceback (most recent call last):
  File "/scratch/xd2/sg8812/g-adopt-worktrees/sghelichkhani/richardson/tests/parallel_scaling_richards/murrumbidgee_3d.py", line 284, in <module>
Traceback (most recent call last):
  File "/scratch/xd2/sg8812/g-adopt-worktrees/sghelichkhani/richardson/tests/parallel_scaling_richards/murrumbidgee_3d.py", line 284, in <module>
Traceback (most recent call last):
  File "/scratch/xd2/sg8812/g-adopt-worktrees/sghelichkhani/richardson/tests/parallel_scaling_richards/murrumbidgee_3d.py", line 284, in <module>
Traceback (most recent call last):
  File "/scratch/xd2/sg8812/g-adopt-worktrees/sghelichkhani/richardson/tests/parallel_scaling_richards/murrumbidgee_3d.py", line 284, in <module>
Traceback (most recent call last):
  File "/scratch/xd2/sg8812/g-adopt-worktrees/sghelichkhani/richardson/tests/parallel_scaling_richards/murrumbidgee_3d.py", line 284, in <module>
  Nonlinear BackwardEuler-Equation_ solve did not converge due to DIVERGED_MAX_IT iterations 50
Traceback (most recent call last):
  File "/scratch/xd2/sg8812/g-adopt-worktrees/sghelichkhani/richardson/tests/parallel_scaling_richards/murrumbidgee_3d.py", line 284, in <module>
  File "/scratch/xd2/sg8812/g-adopt-worktrees/sghelichkhani/richardson/tests/parallel_scaling_richards/murrumbidgee_3d.py", line 284, in <module>
Traceback (most recent call last):
  File "/scratch/xd2/sg8812/g-adopt-worktrees/sghelichkhani/richardson/tests/parallel_scaling_richards/murrumbidgee_3d.py", line 284, in <module>
Traceback (most recent call last):
  File "/scratch/xd2/sg8812/g-adopt-worktrees/sghelichkhani/richardson/tests/parallel_scaling_richards/murrumbidgee_3d.py", line 284, in <module>
Traceback (most recent call last):
  File "/scratch/xd2/sg8812/g-adopt-worktrees/sghelichkhani/richardson/tests/parallel_scaling_richards/murrumbidgee_3d.py", line 284, in <module>
Traceback (most recent call last):
  File "/scratch/xd2/sg8812/g-adopt-worktrees/sghelichkhani/richardson/tests/parallel_scaling_richards/murrumbidgee_3d.py", line 284, in <module>
Traceback (most recent call last):
  File "/scratch/xd2/sg8812/g-adopt-worktrees/sghelichkhani/richardson/tests/parallel_scaling_richards/murrumbidgee_3d.py", line 284, in <module>
Traceback (most recent call last):
  File "/scratch/xd2/sg8812/g-adopt-worktrees/sghelichkhani/richardson/tests/parallel_scaling_richards/murrumbidgee_3d.py", line 284, in <module>
Traceback (most recent call last):
  File "/scratch/xd2/sg8812/g-adopt-worktrees/sghelichkhani/richardson/tests/parallel_scaling_richards/murrumbidgee_3d.py", line 284, in <module>
Traceback (most recent call last):
  File "/scratch/xd2/sg8812/g-adopt-worktrees/sghelichkhani/richardson/tests/parallel_scaling_richards/murrumbidgee_3d.py", line 284, in <module>
Traceback (most recent call last):
  File "/scratch/xd2/sg8812/g-adopt-worktrees/sghelichkhani/richardson/tests/parallel_scaling_richards/murrumbidgee_3d.py", line 284, in <module>
Traceback (most recent call last):
  File "/scratch/xd2/sg8812/g-adopt-worktrees/sghelichkhani/richardson/tests/parallel_scaling_richards/murrumbidgee_3d.py", line 284, in <module>
Traceback (most recent call last):
  File "/scratch/xd2/sg8812/g-adopt-worktrees/sghelichkhani/richardson/tests/parallel_scaling_richards/murrumbidgee_3d.py", line 284, in <module>
Traceback (most recent call last):
  File "/scratch/xd2/sg8812/g-adopt-worktrees/sghelichkhani/richardson/tests/parallel_scaling_richards/murrumbidgee_3d.py", line 284, in <module>
Traceback (most recent call last):
  File "/scratch/xd2/sg8812/g-adopt-worktrees/sghelichkhani/richardson/tests/parallel_scaling_richards/murrumbidgee_3d.py", line 284, in <module>
Traceback (most recent call last):
  File "/scratch/xd2/sg8812/g-adopt-worktrees/sghelichkhani/richardson/tests/parallel_scaling_richards/murrumbidgee_3d.py", line 284, in <module>
Traceback (most recent call last):
  File "/scratch/xd2/sg8812/g-adopt-worktrees/sghelichkhani/richardson/tests/parallel_scaling_richards/murrumbidgee_3d.py", line 284, in <module>
Traceback (most recent call last):
  File "/scratch/xd2/sg8812/g-adopt-worktrees/sghelichkhani/richardson/tests/parallel_scaling_richards/murrumbidgee_3d.py", line 284, in <module>
Traceback (most recent call last):
  File "/scratch/xd2/sg8812/g-adopt-worktrees/sghelichkhani/richardson/tests/parallel_scaling_richards/murrumbidgee_3d.py", line 284, in <module>
Traceback (most recent call last):
  File "/scratch/xd2/sg8812/g-adopt-worktrees/sghelichkhani/richardson/tests/parallel_scaling_richards/murrumbidgee_3d.py", line 284, in <module>
Traceback (most recent call last):
  File "/scratch/xd2/sg8812/g-adopt-worktrees/sghelichkhani/richardson/tests/parallel_scaling_richards/murrumbidgee_3d.py", line 284, in <module>
Traceback (most recent call last):
  File "/scratch/xd2/sg8812/g-adopt-worktrees/sghelichkhani/richardson/tests/parallel_scaling_richards/murrumbidgee_3d.py", line 284, in <module>
Traceback (most recent call last):
  File "/scratch/xd2/sg8812/g-adopt-worktrees/sghelichkhani/richardson/tests/parallel_scaling_richards/murrumbidgee_3d.py", line 284, in <module>
Traceback (most recent call last):
  File "/scratch/xd2/sg8812/g-adopt-worktrees/sghelichkhani/richardson/tests/parallel_scaling_richards/murrumbidgee_3d.py", line 284, in <module>
Traceback (most recent call last):
  File "/scratch/xd2/sg8812/g-adopt-worktrees/sghelichkhani/richardson/tests/parallel_scaling_richards/murrumbidgee_3d.py", line 284, in <module>
Traceback (most recent call last):
  File "/scratch/xd2/sg8812/g-adopt-worktrees/sghelichkhani/richardson/tests/parallel_scaling_richards/murrumbidgee_3d.py", line 284, in <module>
Traceback (most recent call last):
  File "/scratch/xd2/sg8812/g-adopt-worktrees/sghelichkhani/richardson/tests/parallel_scaling_richards/murrumbidgee_3d.py", line 284, in <module>
Traceback (most recent call last):
  File "/scratch/xd2/sg8812/g-adopt-worktrees/sghelichkhani/richardson/tests/parallel_scaling_richards/murrumbidgee_3d.py", line 284, in <module>
Traceback (most recent call last):
  File "/scratch/xd2/sg8812/g-adopt-worktrees/sghelichkhani/richardson/tests/parallel_scaling_richards/murrumbidgee_3d.py", line 284, in <module>
Traceback (most recent call last):
  File "/scratch/xd2/sg8812/g-adopt-worktrees/sghelichkhani/richardson/tests/parallel_scaling_richards/murrumbidgee_3d.py", line 284, in <module>
Traceback (most recent call last):
  File "/scratch/xd2/sg8812/g-adopt-worktrees/sghelichkhani/richardson/tests/parallel_scaling_richards/murrumbidgee_3d.py", line 284, in <module>
Traceback (most recent call last):
  File "/scratch/xd2/sg8812/g-adopt-worktrees/sghelichkhani/richardson/tests/parallel_scaling_richards/murrumbidgee_3d.py", line 284, in <module>
Traceback (most recent call last):
  File "/scratch/xd2/sg8812/g-adopt-worktrees/sghelichkhani/richardson/tests/parallel_scaling_richards/murrumbidgee_3d.py", line 284, in <module>
Traceback (most recent call last):
  File "/scratch/xd2/sg8812/g-adopt-worktrees/sghelichkhani/richardson/tests/parallel_scaling_richards/murrumbidgee_3d.py", line 284, in <module>
Traceback (most recent call last):
  File "/scratch/xd2/sg8812/g-adopt-worktrees/sghelichkhani/richardson/tests/parallel_scaling_richards/murrumbidgee_3d.py", line 284, in <module>
Traceback (most recent call last):
  File "/scratch/xd2/sg8812/g-adopt-worktrees/sghelichkhani/richardson/tests/parallel_scaling_richards/murrumbidgee_3d.py", line 284, in <module>
Traceback (most recent call last):
  File "/scratch/xd2/sg8812/g-adopt-worktrees/sghelichkhani/richardson/tests/parallel_scaling_richards/murrumbidgee_3d.py", line 284, in <module>
Traceback (most recent call last):
  File "/scratch/xd2/sg8812/g-adopt-worktrees/sghelichkhani/richardson/tests/parallel_scaling_richards/murrumbidgee_3d.py", line 284, in <module>
Traceback (most recent call last):
  File "/scratch/xd2/sg8812/g-adopt-worktrees/sghelichkhani/richardson/tests/parallel_scaling_richards/murrumbidgee_3d.py", line 284, in <module>
Traceback (most recent call last):
  File "/scratch/xd2/sg8812/g-adopt-worktrees/sghelichkhani/richardson/tests/parallel_scaling_richards/murrumbidgee_3d.py", line 284, in <module>
Traceback (most recent call last):
  File "/scratch/xd2/sg8812/g-adopt-worktrees/sghelichkhani/richardson/tests/parallel_scaling_richards/murrumbidgee_3d.py", line 284, in <module>
Traceback (most recent call last):
  File "/scratch/xd2/sg8812/g-adopt-worktrees/sghelichkhani/richardson/tests/parallel_scaling_richards/murrumbidgee_3d.py", line 284, in <module>
    model(
    model(
  File "/scratch/xd2/sg8812/g-adopt-worktrees/sghelichkhani/richardson/tests/parallel_scaling_richards/murrumbidgee_3d.py", line 262, in model
  File "/scratch/xd2/sg8812/g-adopt-worktrees/sghelichkhani/richardson/tests/parallel_scaling_richards/murrumbidgee_3d.py", line 262, in model
    model(
  File "/scratch/xd2/sg8812/g-adopt-worktrees/sghelichkhani/richardson/tests/parallel_scaling_richards/murrumbidgee_3d.py", line 262, in model
    model(
  File "/scratch/xd2/sg8812/g-adopt-worktrees/sghelichkhani/richardson/tests/parallel_scaling_richards/murrumbidgee_3d.py", line 262, in model
    model(
  File "/scratch/xd2/sg8812/g-adopt-worktrees/sghelichkhani/richardson/tests/parallel_scaling_richards/murrumbidgee_3d.py", line 262, in model
    model(
  File "/scratch/xd2/sg8812/g-adopt-worktrees/sghelichkhani/richardson/tests/parallel_scaling_richards/murrumbidgee_3d.py", line 262, in model
    model(
  File "/scratch/xd2/sg8812/g-adopt-worktrees/sghelichkhani/richardson/tests/parallel_scaling_richards/murrumbidgee_3d.py", line 262, in model
    model(
  File "/scratch/xd2/sg8812/g-adopt-worktrees/sghelichkhani/richardson/tests/parallel_scaling_richards/murrumbidgee_3d.py", line 262, in model
    model(
  File "/scratch/xd2/sg8812/g-adopt-worktrees/sghelichkhani/richardson/tests/parallel_scaling_richards/murrumbidgee_3d.py", line 262, in model
    model(
  File "/scratch/xd2/sg8812/g-adopt-worktrees/sghelichkhani/richardson/tests/parallel_scaling_richards/murrumbidgee_3d.py", line 262, in model
    model(
  File "/scratch/xd2/sg8812/g-adopt-worktrees/sghelichkhani/richardson/tests/parallel_scaling_richards/murrumbidgee_3d.py", line 262, in model
    model(
  File "/scratch/xd2/sg8812/g-adopt-worktrees/sghelichkhani/richardson/tests/parallel_scaling_richards/murrumbidgee_3d.py", line 262, in model
    model(
  File "/scratch/xd2/sg8812/g-adopt-worktrees/sghelichkhani/richardson/tests/parallel_scaling_richards/murrumbidgee_3d.py", line 262, in model
    richards_solver.solve()
  File "/scratch/xd2/sg8812/g-adopt-worktrees/sghelichkhani/richardson/gadopt/richards_solver.py", line 566, in solve
    model(
  File "/scratch/xd2/sg8812/g-adopt-worktrees/sghelichkhani/richardson/tests/parallel_scaling_richards/murrumbidgee_3d.py", line 262, in model
    model(
  File "/scratch/xd2/sg8812/g-adopt-worktrees/sghelichkhani/richardson/tests/parallel_scaling_richards/murrumbidgee_3d.py", line 262, in model
    model(
  File "/scratch/xd2/sg8812/g-adopt-worktrees/sghelichkhani/richardson/tests/parallel_scaling_richards/murrumbidgee_3d.py", line 262, in model
    model(
  File "/scratch/xd2/sg8812/g-adopt-worktrees/sghelichkhani/richardson/tests/parallel_scaling_richards/murrumbidgee_3d.py", line 262, in model
    model(
  File "/scratch/xd2/sg8812/g-adopt-worktrees/sghelichkhani/richardson/tests/parallel_scaling_richards/murrumbidgee_3d.py", line 262, in model
    richards_solver.solve()
  File "/scratch/xd2/sg8812/g-adopt-worktrees/sghelichkhani/richardson/gadopt/richards_solver.py", line 566, in solve
    model(
  File "/scratch/xd2/sg8812/g-adopt-worktrees/sghelichkhani/richardson/tests/parallel_scaling_richards/murrumbidgee_3d.py", line 262, in model
    richards_solver.solve()
    model(
    richards_solver.solve()
  File "/scratch/xd2/sg8812/g-adopt-worktrees/sghelichkhani/richardson/tests/parallel_scaling_richards/murrumbidgee_3d.py", line 262, in model
  File "/scratch/xd2/sg8812/g-adopt-worktrees/sghelichkhani/richardson/gadopt/richards_solver.py", line 566, in solve
  File "/scratch/xd2/sg8812/g-adopt-worktrees/sghelichkhani/richardson/gadopt/richards_solver.py", line 566, in solve
    richards_solver.solve()
    richards_solver.solve()
    richards_solver.solve()
    richards_solver.solve()
  File "/scratch/xd2/sg8812/g-adopt-worktrees/sghelichkhani/richardson/gadopt/richards_solver.py", line 566, in solve
  File "/scratch/xd2/sg8812/g-adopt-worktrees/sghelichkhani/richardson/gadopt/richards_solver.py", line 566, in solve
  File "/scratch/xd2/sg8812/g-adopt-worktrees/sghelichkhani/richardson/gadopt/richards_solver.py", line 566, in solve
  File "/scratch/xd2/sg8812/g-adopt-worktrees/sghelichkhani/richardson/gadopt/richards_solver.py", line 566, in solve
    richards_solver.solve()
    richards_solver.solve()
    richards_solver.solve()
    richards_solver.solve()
    richards_solver.solve()
  File "/scratch/xd2/sg8812/g-adopt-worktrees/sghelichkhani/richardson/gadopt/richards_solver.py", line 566, in solve
  File "/scratch/xd2/sg8812/g-adopt-worktrees/sghelichkhani/richardson/gadopt/richards_solver.py", line 566, in solve
    model(
  File "/scratch/xd2/sg8812/g-adopt-worktrees/sghelichkhani/richardson/tests/parallel_scaling_richards/murrumbidgee_3d.py", line 262, in model
  File "/scratch/xd2/sg8812/g-adopt-worktrees/sghelichkhani/richardson/gadopt/richards_solver.py", line 566, in solve
  File "/scratch/xd2/sg8812/g-adopt-worktrees/sghelichkhani/richardson/gadopt/richards_solver.py", line 566, in solve
  File "/scratch/xd2/sg8812/g-adopt-worktrees/sghelichkhani/richardson/gadopt/richards_solver.py", line 566, in solve
    richards_solver.solve()
  File "/scratch/xd2/sg8812/g-adopt-worktrees/sghelichkhani/richardson/gadopt/richards_solver.py", line 566, in solve
    return self.ts.advance(t)
    return self.ts.advance(t)
           ^^^^^^^^^^^^^^^^^^
  File "/scratch/xd2/sg8812/g-adopt-worktrees/sghelichkhani/richardson/gadopt/time_stepper.py", line 244, in advance
    return self.ts.advance(t)
           ^^^^^^^^^^^^^^^^^^
  File "/scratch/xd2/sg8812/g-adopt-worktrees/sghelichkhani/richardson/gadopt/time_stepper.py", line 244, in advance
           ^^^^^^^^^^^^^^^^^^
  File "/scratch/xd2/sg8812/g-adopt-worktrees/sghelichkhani/richardson/gadopt/time_stepper.py", line 244, in advance
    richards_solver.solve()
    return self.ts.advance(t)
  File "/scratch/xd2/sg8812/g-adopt-worktrees/sghelichkhani/richardson/gadopt/richards_solver.py", line 566, in solve
    return self.ts.advance(t)
           ^^^^^^^^^^^^^^^^^^
  File "/scratch/xd2/sg8812/g-adopt-worktrees/sghelichkhani/richardson/gadopt/time_stepper.py", line 244, in advance
    return self.ts.advance(t)
           ^^^^^^^^^^^^^^^^^^
  File "/scratch/xd2/sg8812/g-adopt-worktrees/sghelichkhani/richardson/gadopt/time_stepper.py", line 244, in advance
    return self.ts.advance(t)
           ^^^^^^^^^^^^^^^^^^
  File "/scratch/xd2/sg8812/g-adopt-worktrees/sghelichkhani/richardson/gadopt/time_stepper.py", line 244, in advance
           ^^^^^^^^^^^^^^^^^^
  File "/scratch/xd2/sg8812/g-adopt-worktrees/sghelichkhani/richardson/gadopt/time_stepper.py", line 244, in advance
    return self.ts.advance(t)
    return self.ts.advance(t)
    return self.ts.advance(t)
           ^^^^^^^^^^^^^^^^^^
  File "/scratch/xd2/sg8812/g-adopt-worktrees/sghelichkhani/richardson/gadopt/time_stepper.py", line 244, in advance
    return self.ts.advance(t)
    return self.ts.advance(t)
    return self.ts.advance(t)
           ^^^^^^^^^^^^^^^^^^
           ^^^^^^^^^^^^^^^^^^
  File "/scratch/xd2/sg8812/g-adopt-worktrees/sghelichkhani/richardson/gadopt/time_stepper.py", line 244, in advance
    return self.ts.advance(t)
           ^^^^^^^^^^^^^^^^^^
  File "/scratch/xd2/sg8812/g-adopt-worktrees/sghelichkhani/richardson/gadopt/time_stepper.py", line 244, in advance
  File "/scratch/xd2/sg8812/g-adopt-worktrees/sghelichkhani/richardson/gadopt/time_stepper.py", line 244, in advance
           ^^^^^^^^^^^^^^^^^^
  File "/scratch/xd2/sg8812/g-adopt-worktrees/sghelichkhani/richardson/gadopt/time_stepper.py", line 244, in advance
           ^^^^^^^^^^^^^^^^^^
  File "/scratch/xd2/sg8812/g-adopt-worktrees/sghelichkhani/richardson/gadopt/time_stepper.py", line 244, in advance
           ^^^^^^^^^^^^^^^^^^
  File "/scratch/xd2/sg8812/g-adopt-worktrees/sghelichkhani/richardson/gadopt/time_stepper.py", line 244, in advance
    richards_solver.solve()
  File "/scratch/xd2/sg8812/g-adopt-worktrees/sghelichkhani/richardson/gadopt/richards_solver.py", line 566, in solve
    richards_solver.solve()
  File "/scratch/xd2/sg8812/g-adopt-worktrees/sghelichkhani/richardson/gadopt/richards_solver.py", line 566, in solve
    model(
  File "/scratch/xd2/sg8812/g-adopt-worktrees/sghelichkhani/richardson/tests/parallel_scaling_richards/murrumbidgee_3d.py", line 262, in model
    model(
  File "/scratch/xd2/sg8812/g-adopt-worktrees/sghelichkhani/richardson/tests/parallel_scaling_richards/murrumbidgee_3d.py", line 262, in model
    model(
  File "/scratch/xd2/sg8812/g-adopt-worktrees/sghelichkhani/richardson/tests/parallel_scaling_richards/murrumbidgee_3d.py", line 262, in model
    model(
  File "/scratch/xd2/sg8812/g-adopt-worktrees/sghelichkhani/richardson/tests/parallel_scaling_richards/murrumbidgee_3d.py", line 262, in model
    model(
  File "/scratch/xd2/sg8812/g-adopt-worktrees/sghelichkhani/richardson/tests/parallel_scaling_richards/murrumbidgee_3d.py", line 262, in model
    model(
  File "/scratch/xd2/sg8812/g-adopt-worktrees/sghelichkhani/richardson/tests/parallel_scaling_richards/murrumbidgee_3d.py", line 262, in model
    model(
  File "/scratch/xd2/sg8812/g-adopt-worktrees/sghelichkhani/richardson/tests/parallel_scaling_richards/murrumbidgee_3d.py", line 262, in model
    model(
  File "/scratch/xd2/sg8812/g-adopt-worktrees/sghelichkhani/richardson/tests/parallel_scaling_richards/murrumbidgee_3d.py", line 262, in model
    richards_solver.solve()
  File "/scratch/xd2/sg8812/g-adopt-worktrees/sghelichkhani/richardson/gadopt/richards_solver.py", line 566, in solve
    model(
  File "/scratch/xd2/sg8812/g-adopt-worktrees/sghelichkhani/richardson/tests/parallel_scaling_richards/murrumbidgee_3d.py", line 262, in model
    model(
  File "/scratch/xd2/sg8812/g-adopt-worktrees/sghelichkhani/richardson/tests/parallel_scaling_richards/murrumbidgee_3d.py", line 262, in model
    model(
  File "/scratch/xd2/sg8812/g-adopt-worktrees/sghelichkhani/richardson/tests/parallel_scaling_richards/murrumbidgee_3d.py", line 262, in model
    model(
  File "/scratch/xd2/sg8812/g-adopt-worktrees/sghelichkhani/richardson/tests/parallel_scaling_richards/murrumbidgee_3d.py", line 262, in model
    model(
  File "/scratch/xd2/sg8812/g-adopt-worktrees/sghelichkhani/richardson/tests/parallel_scaling_richards/murrumbidgee_3d.py", line 262, in model
    model(
  File "/scratch/xd2/sg8812/g-adopt-worktrees/sghelichkhani/richardson/tests/parallel_scaling_richards/murrumbidgee_3d.py", line 262, in model
    model(
  File "/scratch/xd2/sg8812/g-adopt-worktrees/sghelichkhani/richardson/tests/parallel_scaling_richards/murrumbidgee_3d.py", line 262, in model
    model(
  File "/scratch/xd2/sg8812/g-adopt-worktrees/sghelichkhani/richardson/tests/parallel_scaling_richards/murrumbidgee_3d.py", line 262, in model
    model(
  File "/scratch/xd2/sg8812/g-adopt-worktrees/sghelichkhani/richardson/tests/parallel_scaling_richards/murrumbidgee_3d.py", line 262, in model
    model(
  File "/scratch/xd2/sg8812/g-adopt-worktrees/sghelichkhani/richardson/tests/parallel_scaling_richards/murrumbidgee_3d.py", line 262, in model
    return self.ts.advance(t)
           ^^^^^^^^^^^^^^^^^^
  File "/scratch/xd2/sg8812/g-adopt-worktrees/sghelichkhani/richardson/gadopt/time_stepper.py", line 244, in advance
    model(
  File "/scratch/xd2/sg8812/g-adopt-worktrees/sghelichkhani/richardson/tests/parallel_scaling_richards/murrumbidgee_3d.py", line 262, in model
    model(
  File "/scratch/xd2/sg8812/g-adopt-worktrees/sghelichkhani/richardson/tests/parallel_scaling_richards/murrumbidgee_3d.py", line 262, in model
    model(
  File "/scratch/xd2/sg8812/g-adopt-worktrees/sghelichkhani/richardson/tests/parallel_scaling_richards/murrumbidgee_3d.py", line 262, in model
    model(
  File "/scratch/xd2/sg8812/g-adopt-worktrees/sghelichkhani/richardson/tests/parallel_scaling_richards/murrumbidgee_3d.py", line 262, in model
    model(
  File "/scratch/xd2/sg8812/g-adopt-worktrees/sghelichkhani/richardson/tests/parallel_scaling_richards/murrumbidgee_3d.py", line 262, in model
    model(
  File "/scratch/xd2/sg8812/g-adopt-worktrees/sghelichkhani/richardson/tests/parallel_scaling_richards/murrumbidgee_3d.py", line 262, in model
    model(
  File "/scratch/xd2/sg8812/g-adopt-worktrees/sghelichkhani/richardson/tests/parallel_scaling_richards/murrumbidgee_3d.py", line 262, in model
    result = self.stepper.advance()
             ^^^^^^^^^^^^^^^^^^^^^^
  File "/scratch/xd2/sg8812/Irksome/irksome/base_time_stepper.py", line 147, in advance
    result = self.stepper.advance()
             ^^^^^^^^^^^^^^^^^^^^^^
  File "/scratch/xd2/sg8812/Irksome/irksome/base_time_stepper.py", line 147, in advance
    result = self.stepper.advance()
             ^^^^^^^^^^^^^^^^^^^^^^
  File "/scratch/xd2/sg8812/Irksome/irksome/base_time_stepper.py", line 147, in advance
    result = self.stepper.advance()
             ^^^^^^^^^^^^^^^^^^^^^^
  File "/scratch/xd2/sg8812/Irksome/irksome/base_time_stepper.py", line 147, in advance
    result = self.stepper.advance()
             ^^^^^^^^^^^^^^^^^^^^^^
  File "/scratch/xd2/sg8812/Irksome/irksome/base_time_stepper.py", line 147, in advance
    model(
  File "/scratch/xd2/sg8812/g-adopt-worktrees/sghelichkhani/richardson/tests/parallel_scaling_richards/murrumbidgee_3d.py", line 262, in model
    model(
  File "/scratch/xd2/sg8812/g-adopt-worktrees/sghelichkhani/richardson/tests/parallel_scaling_richards/murrumbidgee_3d.py", line 262, in model
    richards_solver.solve()
  File "/scratch/xd2/sg8812/g-adopt-worktrees/sghelichkhani/richardson/gadopt/richards_solver.py", line 566, in solve
    richards_solver.solve()
  File "/scratch/xd2/sg8812/g-adopt-worktrees/sghelichkhani/richardson/gadopt/richards_solver.py", line 566, in solve
    richards_solver.solve()
    result = self.stepper.advance()
             ^^^^^^^^^^^^^^^^^^^^^^
  File "/scratch/xd2/sg8812/Irksome/irksome/base_time_stepper.py", line 147, in advance
    result = self.stepper.advance()
             ^^^^^^^^^^^^^^^^^^^^^^
  File "/scratch/xd2/sg8812/Irksome/irksome/base_time_stepper.py", line 147, in advance
    return self.ts.advance(t)
           ^^^^^^^^^^^^^^^^^^
  File "/scratch/xd2/sg8812/g-adopt-worktrees/sghelichkhani/richardson/gadopt/time_stepper.py", line 244, in advance
    richards_solver.solve()
  File "/scratch/xd2/sg8812/g-adopt-worktrees/sghelichkhani/richardson/gadopt/richards_solver.py", line 566, in solve
    richards_solver.solve()
    richards_solver.solve()
  File "/scratch/xd2/sg8812/g-adopt-worktrees/sghelichkhani/richardson/gadopt/richards_solver.py", line 566, in solve
    richards_solver.solve()
  File "/scratch/xd2/sg8812/g-adopt-worktrees/sghelichkhani/richardson/gadopt/richards_solver.py", line 566, in solve
    result = self.stepper.advance()
             ^^^^^^^^^^^^^^^^^^^^^^
    richards_solver.solve()
  File "/scratch/xd2/sg8812/g-adopt-worktrees/sghelichkhani/richardson/gadopt/richards_solver.py", line 566, in solve
    richards_solver.solve()
    result = self.stepper.advance()
  File "/scratch/xd2/sg8812/g-adopt-worktrees/sghelichkhani/richardson/gadopt/richards_solver.py", line 566, in solve
    richards_solver.solve()
  File "/scratch/xd2/sg8812/g-adopt-worktrees/sghelichkhani/richardson/gadopt/richards_solver.py", line 566, in solve
  File "/scratch/xd2/sg8812/g-adopt-worktrees/sghelichkhani/richardson/gadopt/richards_solver.py", line 566, in solve
    richards_solver.solve()
  File "/scratch/xd2/sg8812/g-adopt-worktrees/sghelichkhani/richardson/gadopt/richards_solver.py", line 566, in solve
  File "/scratch/xd2/sg8812/Irksome/irksome/base_time_stepper.py", line 147, in advance
    return self.ts.advance(t)
           ^^^^^^^^^^^^^^^^^^
  File "/scratch/xd2/sg8812/g-adopt-worktrees/sghelichkhani/richardson/gadopt/time_stepper.py", line 244, in advance
  File "/scratch/xd2/sg8812/g-adopt-worktrees/sghelichkhani/richardson/gadopt/richards_solver.py", line 566, in solve
             ^^^^^^^^^^^^^^^^^^^^^^
  File "/scratch/xd2/sg8812/Irksome/irksome/base_time_stepper.py", line 147, in advance
    result = self.stepper.advance()
             ^^^^^^^^^^^^^^^^^^^^^^
  File "/scratch/xd2/sg8812/Irksome/irksome/base_time_stepper.py", line 147, in advance
    richards_solver.solve()
    richards_solver.solve()
    richards_solver.solve()
    richards_solver.solve()
    richards_solver.solve()
    richards_solver.solve()
    richards_solver.solve()
    richards_solver.solve()
  File "/scratch/xd2/sg8812/g-adopt-worktrees/sghelichkhani/richardson/gadopt/richards_solver.py", line 566, in solve
    return self.ts.advance(t)
           ^^^^^^^^^^^^^^^^^^
  File "/scratch/xd2/sg8812/g-adopt-worktrees/sghelichkhani/richardson/gadopt/time_stepper.py", line 244, in advance
    richards_solver.solve()
    richards_solver.solve()
  File "/scratch/xd2/sg8812/g-adopt-worktrees/sghelichkhani/richardson/gadopt/richards_solver.py", line 566, in solve
    return self.ts.advance(t)
    richards_solver.solve()
  File "/scratch/xd2/sg8812/g-adopt-worktrees/sghelichkhani/richardson/gadopt/richards_solver.py", line 566, in solve
    richards_solver.solve()
  File "/scratch/xd2/sg8812/g-adopt-worktrees/sghelichkhani/richardson/gadopt/richards_solver.py", line 566, in solve
  File "/scratch/xd2/sg8812/g-adopt-worktrees/sghelichkhani/richardson/gadopt/richards_solver.py", line 566, in solve
  File "/scratch/xd2/sg8812/g-adopt-worktrees/sghelichkhani/richardson/gadopt/richards_solver.py", line 566, in solve
  File "/scratch/xd2/sg8812/g-adopt-worktrees/sghelichkhani/richardson/gadopt/richards_solver.py", line 566, in solve
    richards_solver.solve()
  File "/scratch/xd2/sg8812/g-adopt-worktrees/sghelichkhani/richardson/gadopt/richards_solver.py", line 566, in solve
    richards_solver.solve()
  File "/scratch/xd2/sg8812/g-adopt-worktrees/sghelichkhani/richardson/gadopt/richards_solver.py", line 566, in solve
    richards_solver.solve()
  File "/scratch/xd2/sg8812/g-adopt-worktrees/sghelichkhani/richardson/gadopt/richards_solver.py", line 566, in solve
  File "/scratch/xd2/sg8812/g-adopt-worktrees/sghelichkhani/richardson/gadopt/richards_solver.py", line 566, in solve
    richards_solver.solve()
  File "/scratch/xd2/sg8812/g-adopt-worktrees/sghelichkhani/richardson/gadopt/richards_solver.py", line 566, in solve
  File "/scratch/xd2/sg8812/g-adopt-worktrees/sghelichkhani/richardson/gadopt/richards_solver.py", line 566, in solve
    richards_solver.solve()
  File "/scratch/xd2/sg8812/g-adopt-worktrees/sghelichkhani/richardson/gadopt/richards_solver.py", line 566, in solve
  File "/scratch/xd2/sg8812/g-adopt-worktrees/sghelichkhani/richardson/gadopt/richards_solver.py", line 566, in solve
    richards_solver.solve()
  File "/scratch/xd2/sg8812/g-adopt-worktrees/sghelichkhani/richardson/gadopt/richards_solver.py", line 566, in solve
    result = self.stepper.advance()
             ^^^^^^^^^^^^^^^^^^^^^^
  File "/scratch/xd2/sg8812/Irksome/irksome/base_time_stepper.py", line 147, in advance
  File "/scratch/xd2/sg8812/g-adopt-worktrees/sghelichkhani/richardson/gadopt/richards_solver.py", line 566, in solve
    return self.ts.advance(t)
           ^^^^^^^^^^^^^^^^^^
  File "/scratch/xd2/sg8812/g-adopt-worktrees/sghelichkhani/richardson/gadopt/time_stepper.py", line 244, in advance
    return self.ts.advance(t)
           ^^^^^^^^^^^^^^^^^^
  File "/scratch/xd2/sg8812/g-adopt-worktrees/sghelichkhani/richardson/gadopt/time_stepper.py", line 244, in advance
           ^^^^^^^^^^^^^^^^^^
  File "/scratch/xd2/sg8812/g-adopt-worktrees/sghelichkhani/richardson/gadopt/time_stepper.py", line 244, in advance
    return self.ts.advance(t)
           ^^^^^^^^^^^^^^^^^^
  File "/scratch/xd2/sg8812/g-adopt-worktrees/sghelichkhani/richardson/gadopt/time_stepper.py", line 244, in advance
    return self.ts.advance(t)
           ^^^^^^^^^^^^^^^^^^
  File "/scratch/xd2/sg8812/g-adopt-worktrees/sghelichkhani/richardson/gadopt/time_stepper.py", line 244, in advance
  File "/scratch/xd2/sg8812/g-adopt-worktrees/sghelichkhani/richardson/gadopt/richards_solver.py", line 566, in solve
    result = self.stepper.advance()
             ^^^^^^^^^^^^^^^^^^^^^^
  File "/scratch/xd2/sg8812/Irksome/irksome/base_time_stepper.py", line 147, in advance
    return self.ts.advance(t)
           ^^^^^^^^^^^^^^^^^^
  File "/scratch/xd2/sg8812/g-adopt-worktrees/sghelichkhani/richardson/gadopt/time_stepper.py", line 244, in advance
    return self.ts.advance(t)
           ^^^^^^^^^^^^^^^^^^
  File "/scratch/xd2/sg8812/g-adopt-worktrees/sghelichkhani/richardson/gadopt/time_stepper.py", line 244, in advance
    richards_solver.solve()
    result = self.stepper.advance()
             ^^^^^^^^^^^^^^^^^^^^^^
  File "/scratch/xd2/sg8812/g-adopt-worktrees/sghelichkhani/richardson/gadopt/richards_solver.py", line 566, in solve
    self.solver.solve(bounds=self.stage_bounds)
  File "petsc4py/PETSc/Log.pyx", line 250, in petsc4py.PETSc.Log.EventDecorator.decorator.wrapped_func
  File "/scratch/xd2/sg8812/Irksome/irksome/base_time_stepper.py", line 147, in advance
    result = self.stepper.advance()
             ^^^^^^^^^^^^^^^^^^^^^^
  File "/scratch/xd2/sg8812/Irksome/irksome/base_time_stepper.py", line 147, in advance
    result = self.stepper.advance()
             ^^^^^^^^^^^^^^^^^^^^^^
  File "/scratch/xd2/sg8812/Irksome/irksome/base_time_stepper.py", line 147, in advance
    self.solver.solve(bounds=self.stage_bounds)
  File "petsc4py/PETSc/Log.pyx", line 250, in petsc4py.PETSc.Log.EventDecorator.decorator.wrapped_func
    self.solver.solve(bounds=self.stage_bounds)
  File "petsc4py/PETSc/Log.pyx", line 250, in petsc4py.PETSc.Log.EventDecorator.decorator.wrapped_func
    self.solver.solve(bounds=self.stage_bounds)
  File "petsc4py/PETSc/Log.pyx", line 250, in petsc4py.PETSc.Log.EventDecorator.decorator.wrapped_func
    result = self.stepper.advance()
             ^^^^^^^^^^^^^^^^^^^^^^
  File "/scratch/xd2/sg8812/Irksome/irksome/base_time_stepper.py", line 147, in advance
    return self.ts.advance(t)
    result = self.stepper.advance()
             ^^^^^^^^^^^^^^^^^^^^^^
  File "/scratch/xd2/sg8812/Irksome/irksome/base_time_stepper.py", line 147, in advance
    return self.ts.advance(t)
           ^^^^^^^^^^^^^^^^^^
  File "/scratch/xd2/sg8812/g-adopt-worktrees/sghelichkhani/richardson/gadopt/time_stepper.py", line 244, in advance
    return self.ts.advance(t)
    self.solver.solve(bounds=self.stage_bounds)
    result = self.stepper.advance()
             ^^^^^^^^^^^^^^^^^^^^^^
  File "/scratch/xd2/sg8812/Irksome/irksome/base_time_stepper.py", line 147, in advance
    self.solver.solve(bounds=self.stage_bounds)
  File "petsc4py/PETSc/Log.pyx", line 250, in petsc4py.PETSc.Log.EventDecorator.decorator.wrapped_func
    result = self.stepper.advance()
             ^^^^^^^^^^^^^^^^^^^^^^
  File "/scratch/xd2/sg8812/Irksome/irksome/base_time_stepper.py", line 147, in advance
    return self.ts.advance(t)
           ^^^^^^^^^^^^^^^^^^
  File "/scratch/xd2/sg8812/g-adopt-worktrees/sghelichkhani/richardson/gadopt/time_stepper.py", line 244, in advance
    self.solver.solve(bounds=self.stage_bounds)
  File "petsc4py/PETSc/Log.pyx", line 250, in petsc4py.PETSc.Log.EventDecorator.decorator.wrapped_func
           ^^^^^^^^^^^^^^^^^^
  File "/scratch/xd2/sg8812/g-adopt-worktrees/sghelichkhani/richardson/gadopt/time_stepper.py", line 244, in advance
    self.solver.solve(bounds=self.stage_bounds)
    self.solver.solve(bounds=self.stage_bounds)
           ^^^^^^^^^^^^^^^^^^
  File "/scratch/xd2/sg8812/g-adopt-worktrees/sghelichkhani/richardson/gadopt/time_stepper.py", line 244, in advance
  File "petsc4py/PETSc/Log.pyx", line 250, in petsc4py.PETSc.Log.EventDecorator.decorator.wrapped_func
    return self.ts.advance(t)
           ^^^^^^^^^^^^^^^^^^
  File "/scratch/xd2/sg8812/g-adopt-worktrees/sghelichkhani/richardson/gadopt/time_stepper.py", line 244, in advance
    self.solver.solve(bounds=self.stage_bounds)
  File "petsc4py/PETSc/Log.pyx", line 250, in petsc4py.PETSc.Log.EventDecorator.decorator.wrapped_func
    self.solver.solve(bounds=self.stage_bounds)
  File "petsc4py/PETSc/Log.pyx", line 250, in petsc4py.PETSc.Log.EventDecorator.decorator.wrapped_func
    self.solver.solve(bounds=self.stage_bounds)
    return self.ts.advance(t)
           ^^^^^^^^^^^^^^^^^^
  File "/scratch/xd2/sg8812/g-adopt-worktrees/sghelichkhani/richardson/gadopt/time_stepper.py", line 244, in advance
    return self.ts.advance(t)
    self.solver.solve(bounds=self.stage_bounds)
    return self.ts.advance(t)
  File "petsc4py/PETSc/Log.pyx", line 250, in petsc4py.PETSc.Log.EventDecorator.decorator.wrapped_func
  File "petsc4py/PETSc/Log.pyx", line 250, in petsc4py.PETSc.Log.EventDecorator.decorator.wrapped_func
    self.solver.solve(bounds=self.stage_bounds)
  File "petsc4py/PETSc/Log.pyx", line 250, in petsc4py.PETSc.Log.EventDecorator.decorator.wrapped_func
    self.solver.solve(bounds=self.stage_bounds)
  File "petsc4py/PETSc/Log.pyx", line 250, in petsc4py.PETSc.Log.EventDecorator.decorator.wrapped_func
    self.solver.solve(bounds=self.stage_bounds)
  File "petsc4py/PETSc/Log.pyx", line 250, in petsc4py.PETSc.Log.EventDecorator.decorator.wrapped_func
  File "petsc4py/PETSc/Log.pyx", line 250, in petsc4py.PETSc.Log.EventDecorator.decorator.wrapped_func
           ^^^^^^^^^^^^^^^^^^
  File "/scratch/xd2/sg8812/g-adopt-worktrees/sghelichkhani/richardson/gadopt/time_stepper.py", line 244, in advance
    self.solver.solve(bounds=self.stage_bounds)
  File "petsc4py/PETSc/Log.pyx", line 250, in petsc4py.PETSc.Log.EventDecorator.decorator.wrapped_func
    result = self.stepper.advance()
             ^^^^^^^^^^^^^^^^^^^^^^
  File "/scratch/xd2/sg8812/Irksome/irksome/base_time_stepper.py", line 147, in advance
  File "petsc4py/PETSc/Log.pyx", line 250, in petsc4py.PETSc.Log.EventDecorator.decorator.wrapped_func
           ^^^^^^^^^^^^^^^^^^
  File "/scratch/xd2/sg8812/g-adopt-worktrees/sghelichkhani/richardson/gadopt/time_stepper.py", line 244, in advance
    self.solver.solve(bounds=self.stage_bounds)
  File "petsc4py/PETSc/Log.pyx", line 250, in petsc4py.PETSc.Log.EventDecorator.decorator.wrapped_func
    return self.ts.advance(t)
           ^^^^^^^^^^^^^^^^^^
    result = self.stepper.advance()
             ^^^^^^^^^^^^^^^^^^^^^^
  File "/scratch/xd2/sg8812/Irksome/irksome/base_time_stepper.py", line 147, in advance
    result = self.stepper.advance()
  File "/scratch/xd2/sg8812/g-adopt-worktrees/sghelichkhani/richardson/gadopt/time_stepper.py", line 244, in advance
    result = self.stepper.advance()
             ^^^^^^^^^^^^^^^^^^^^^^
  File "/scratch/xd2/sg8812/Irksome/irksome/base_time_stepper.py", line 147, in advance
    result = self.stepper.advance()
             ^^^^^^^^^^^^^^^^^^^^^^
  File "/scratch/xd2/sg8812/Irksome/irksome/base_time_stepper.py", line 147, in advance
             ^^^^^^^^^^^^^^^^^^^^^^
  File "/scratch/xd2/sg8812/Irksome/irksome/base_time_stepper.py", line 147, in advance
    result = self.stepper.advance()
             ^^^^^^^^^^^^^^^^^^^^^^
    return self.ts.advance(t)
    return self.ts.advance(t)
    return self.ts.advance(t)
    return self.ts.advance(t)
    return self.ts.advance(t)
           ^^^^^^^^^^^^^^^^^^
  File "/scratch/xd2/sg8812/g-adopt-worktrees/sghelichkhani/richardson/gadopt/time_stepper.py", line 244, in advance
    return self.ts.advance(t)
           ^^^^^^^^^^^^^^^^^^
  File "/scratch/xd2/sg8812/g-adopt-worktrees/sghelichkhani/richardson/gadopt/time_stepper.py", line 244, in advance
    return self.ts.advance(t)
           ^^^^^^^^^^^^^^^^^^
  File "/scratch/xd2/sg8812/g-adopt-worktrees/sghelichkhani/richardson/gadopt/time_stepper.py", line 244, in advance
    return self.ts.advance(t)
           ^^^^^^^^^^^^^^^^^^
  File "/scratch/xd2/sg8812/g-adopt-worktrees/sghelichkhani/richardson/gadopt/time_stepper.py", line 244, in advance
    return self.ts.advance(t)
           ^^^^^^^^^^^^^^^^^^
  File "/scratch/xd2/sg8812/g-adopt-worktrees/sghelichkhani/richardson/gadopt/time_stepper.py", line 244, in advance
  File "/scratch/xd2/sg8812/Irksome/irksome/base_time_stepper.py", line 147, in advance
           ^^^^^^^^^^^^^^^^^^
  File "/scratch/xd2/sg8812/g-adopt-worktrees/sghelichkhani/richardson/gadopt/time_stepper.py", line 244, in advance
    return self.ts.advance(t)
           ^^^^^^^^^^^^^^^^^^
  File "/scratch/xd2/sg8812/g-adopt-worktrees/sghelichkhani/richardson/gadopt/time_stepper.py", line 244, in advance
    result = self.stepper.advance()
             ^^^^^^^^^^^^^^^^^^^^^^
  File "/scratch/xd2/sg8812/Irksome/irksome/base_time_stepper.py", line 147, in advance
    return self.ts.advance(t)
           ^^^^^^^^^^^^^^^^^^
           ^^^^^^^^^^^^^^^^^^
  File "/scratch/xd2/sg8812/g-adopt-worktrees/sghelichkhani/richardson/gadopt/time_stepper.py", line 244, in advance
           ^^^^^^^^^^^^^^^^^^
  File "/scratch/xd2/sg8812/g-adopt-worktrees/sghelichkhani/richardson/gadopt/time_stepper.py", line 244, in advance
           ^^^^^^^^^^^^^^^^^^
  File "/scratch/xd2/sg8812/g-adopt-worktrees/sghelichkhani/richardson/gadopt/time_stepper.py", line 244, in advance
    return self.ts.advance(t)
           ^^^^^^^^^^^^^^^^^^
  File "/scratch/xd2/sg8812/g-adopt-worktrees/sghelichkhani/richardson/gadopt/time_stepper.py", line 244, in advance
    result = self.stepper.advance()
             ^^^^^^^^^^^^^^^^^^^^^^
  File "/scratch/xd2/sg8812/Irksome/irksome/base_time_stepper.py", line 147, in advance
    return self.ts.advance(t)
           ^^^^^^^^^^^^^^^^^^
  File "/scratch/xd2/sg8812/g-adopt-worktrees/sghelichkhani/richardson/gadopt/time_stepper.py", line 244, in advance
  File "/scratch/xd2/sg8812/g-adopt-worktrees/sghelichkhani/richardson/gadopt/time_stepper.py", line 244, in advance
    self.solver.solve(bounds=self.stage_bounds)
  File "petsc4py/PETSc/Log.pyx", line 250, in petsc4py.PETSc.Log.EventDecorator.decorator.wrapped_func
    result = self.stepper.advance()
             ^^^^^^^^^^^^^^^^^^^^^^
  File "/scratch/xd2/sg8812/Irksome/irksome/base_time_stepper.py", line 147, in advance
    result = self.stepper.advance()
    result = self.stepper.advance()
             ^^^^^^^^^^^^^^^^^^^^^^
  File "/scratch/xd2/sg8812/Irksome/irksome/base_time_stepper.py", line 147, in advance
             ^^^^^^^^^^^^^^^^^^^^^^
  File "/scratch/xd2/sg8812/Irksome/irksome/base_time_stepper.py", line 147, in advance
    result = self.stepper.advance()
    result = self.stepper.advance()
             ^^^^^^^^^^^^^^^^^^^^^^
  File "/scratch/xd2/sg8812/Irksome/irksome/base_time_stepper.py", line 147, in advance
    result = self.stepper.advance()
    self.solver.solve(bounds=self.stage_bounds)
             ^^^^^^^^^^^^^^^^^^^^^^
  File "/scratch/xd2/sg8812/Irksome/irksome/base_time_stepper.py", line 147, in advance
    result = self.stepper.advance()
             ^^^^^^^^^^^^^^^^^^^^^^
    result = self.stepper.advance()
             ^^^^^^^^^^^^^^^^^^^^^^
    self.solver.solve(bounds=self.stage_bounds)
  File "petsc4py/PETSc/Log.pyx", line 250, in petsc4py.PETSc.Log.EventDecorator.decorator.wrapped_func
    result = self.stepper.advance()
             ^^^^^^^^^^^^^^^^^^^^^^
  File "/scratch/xd2/sg8812/Irksome/irksome/base_time_stepper.py", line 147, in advance
    result = self.stepper.advance()
    result = self.stepper.advance()
             ^^^^^^^^^^^^^^^^^^^^^^
  File "/scratch/xd2/sg8812/Irksome/irksome/base_time_stepper.py", line 147, in advance
    result = self.stepper.advance()
             ^^^^^^^^^^^^^^^^^^^^^^
  File "/scratch/xd2/sg8812/Irksome/irksome/base_time_stepper.py", line 147, in advance
             ^^^^^^^^^^^^^^^^^^^^^^
  File "/scratch/xd2/sg8812/Irksome/irksome/base_time_stepper.py", line 147, in advance
    result = self.stepper.advance()
             ^^^^^^^^^^^^^^^^^^^^^^
  File "/scratch/xd2/sg8812/Irksome/irksome/base_time_stepper.py", line 147, in advance
  File "petsc4py/PETSc/Log.pyx", line 250, in petsc4py.PETSc.Log.EventDecorator.decorator.wrapped_func
    self.solver.solve(bounds=self.stage_bounds)
  File "petsc4py/PETSc/Log.pyx", line 250, in petsc4py.PETSc.Log.EventDecorator.decorator.wrapped_func
  File "/scratch/xd2/sg8812/Irksome/irksome/base_time_stepper.py", line 147, in advance
    result = self.stepper.advance()
  File "/scratch/xd2/sg8812/Irksome/irksome/base_time_stepper.py", line 147, in advance
             ^^^^^^^^^^^^^^^^^^^^^^
  File "/scratch/xd2/sg8812/Irksome/irksome/base_time_stepper.py", line 147, in advance
    self.solver.solve(bounds=self.stage_bounds)
             ^^^^^^^^^^^^^^^^^^^^^^
  File "/scratch/xd2/sg8812/Irksome/irksome/base_time_stepper.py", line 147, in advance
  File "petsc4py/PETSc/Log.pyx", line 250, in petsc4py.PETSc.Log.EventDecorator.decorator.wrapped_func
    self.solver.solve(bounds=self.stage_bounds)
  File "petsc4py/PETSc/Log.pyx", line 250, in petsc4py.PETSc.Log.EventDecorator.decorator.wrapped_func
    result = self.stepper.advance()
             ^^^^^^^^^^^^^^^^^^^^^^
  File "/scratch/xd2/sg8812/Irksome/irksome/base_time_stepper.py", line 147, in advance
    result = self.stepper.advance()
             ^^^^^^^^^^^^^^^^^^^^^^
  File "/scratch/xd2/sg8812/Irksome/irksome/base_time_stepper.py", line 147, in advance
    result = self.stepper.advance()
             ^^^^^^^^^^^^^^^^^^^^^^
  File "/scratch/xd2/sg8812/Irksome/irksome/base_time_stepper.py", line 147, in advance
    result = self.stepper.advance()
             ^^^^^^^^^^^^^^^^^^^^^^
  File "/scratch/xd2/sg8812/Irksome/irksome/base_time_stepper.py", line 147, in advance
    result = self.stepper.advance()
             ^^^^^^^^^^^^^^^^^^^^^^
  File "/scratch/xd2/sg8812/Irksome/irksome/base_time_stepper.py", line 147, in advance
    return self.ts.advance(t)
           ^^^^^^^^^^^^^^^^^^
  File "/scratch/xd2/sg8812/g-adopt-worktrees/sghelichkhani/richardson/gadopt/time_stepper.py", line 244, in advance
    self.solver.solve(bounds=self.stage_bounds)
    self.solver.solve(bounds=self.stage_bounds)
  File "petsc4py/PETSc/Log.pyx", line 250, in petsc4py.PETSc.Log.EventDecorator.decorator.wrapped_func
    self.solver.solve(bounds=self.stage_bounds)
  File "petsc4py/PETSc/Log.pyx", line 250, in petsc4py.PETSc.Log.EventDecorator.decorator.wrapped_func
    self.solver.solve(bounds=self.stage_bounds)
  File "petsc4py/PETSc/Log.pyx", line 250, in petsc4py.PETSc.Log.EventDecorator.decorator.wrapped_func
  File "petsc4py/PETSc/Log.pyx", line 250, in petsc4py.PETSc.Log.EventDecorator.decorator.wrapped_func
    result = self.stepper.advance()
             ^^^^^^^^^^^^^^^^^^^^^^
  File "/scratch/xd2/sg8812/Irksome/irksome/base_time_stepper.py", line 147, in advance
    self.solver.solve(bounds=self.stage_bounds)
  File "petsc4py/PETSc/Log.pyx", line 250, in petsc4py.PETSc.Log.EventDecorator.decorator.wrapped_func
    self.solver.solve(bounds=self.stage_bounds)
  File "petsc4py/PETSc/Log.pyx", line 250, in petsc4py.PETSc.Log.EventDecorator.decorator.wrapped_func
    result = self.stepper.advance()
             ^^^^^^^^^^^^^^^^^^^^^^
  File "/scratch/xd2/sg8812/Irksome/irksome/base_time_stepper.py", line 147, in advance
    self.solver.solve(bounds=self.stage_bounds)
  File "petsc4py/PETSc/Log.pyx", line 250, in petsc4py.PETSc.Log.EventDecorator.decorator.wrapped_func
  File "petsc4py/PETSc/Log.pyx", line 251, in petsc4py.PETSc.Log.EventDecorator.decorator.wrapped_func
  File "petsc4py/PETSc/Log.pyx", line 251, in petsc4py.PETSc.Log.EventDecorator.decorator.wrapped_func
  File "/scratch/xd2/sg8812/firedrake-override/firedrake/adjoint_utils/variational_solver.py", line 116, in wrapper
  File "/scratch/xd2/sg8812/firedrake-override/firedrake/adjoint_utils/variational_solver.py", line 116, in wrapper
  File "petsc4py/PETSc/Log.pyx", line 251, in petsc4py.PETSc.Log.EventDecorator.decorator.wrapped_func
  File "petsc4py/PETSc/Log.pyx", line 251, in petsc4py.PETSc.Log.EventDecorator.decorator.wrapped_func
  File "petsc4py/PETSc/Log.pyx", line 251, in petsc4py.PETSc.Log.EventDecorator.decorator.wrapped_func
    self.solver.solve(bounds=self.stage_bounds)
  File "petsc4py/PETSc/Log.pyx", line 250, in petsc4py.PETSc.Log.EventDecorator.decorator.wrapped_func
  File "/scratch/xd2/sg8812/firedrake-override/firedrake/adjoint_utils/variational_solver.py", line 116, in wrapper
  File "/scratch/xd2/sg8812/firedrake-override/firedrake/adjoint_utils/variational_solver.py", line 116, in wrapper
    self.solver.solve(bounds=self.stage_bounds)
  File "petsc4py/PETSc/Log.pyx", line 250, in petsc4py.PETSc.Log.EventDecorator.decorator.wrapped_func
    self.solver.solve(bounds=self.stage_bounds)
  File "petsc4py/PETSc/Log.pyx", line 250, in petsc4py.PETSc.Log.EventDecorator.decorator.wrapped_func
  File "/scratch/xd2/sg8812/firedrake-override/firedrake/adjoint_utils/variational_solver.py", line 116, in wrapper
  File "petsc4py/PETSc/Log.pyx", line 251, in petsc4py.PETSc.Log.EventDecorator.decorator.wrapped_func
    self.solver.solve(bounds=self.stage_bounds)
  File "petsc4py/PETSc/Log.pyx", line 250, in petsc4py.PETSc.Log.EventDecorator.decorator.wrapped_func
    self.solver.solve(bounds=self.stage_bounds)
  File "petsc4py/PETSc/Log.pyx", line 250, in petsc4py.PETSc.Log.EventDecorator.decorator.wrapped_func
    self.solver.solve(bounds=self.stage_bounds)
  File "petsc4py/PETSc/Log.pyx", line 250, in petsc4py.PETSc.Log.EventDecorator.decorator.wrapped_func
    self.solver.solve(bounds=self.stage_bounds)
  File "petsc4py/PETSc/Log.pyx", line 250, in petsc4py.PETSc.Log.EventDecorator.decorator.wrapped_func
    self.solver.solve(bounds=self.stage_bounds)
  File "petsc4py/PETSc/Log.pyx", line 250, in petsc4py.PETSc.Log.EventDecorator.decorator.wrapped_func
    self.solver.solve(bounds=self.stage_bounds)
  File "petsc4py/PETSc/Log.pyx", line 250, in petsc4py.PETSc.Log.EventDecorator.decorator.wrapped_func
    self.solver.solve(bounds=self.stage_bounds)
  File "petsc4py/PETSc/Log.pyx", line 250, in petsc4py.PETSc.Log.EventDecorator.decorator.wrapped_func
    self.solver.solve(bounds=self.stage_bounds)
  File "petsc4py/PETSc/Log.pyx", line 250, in petsc4py.PETSc.Log.EventDecorator.decorator.wrapped_func
    self.solver.solve(bounds=self.stage_bounds)
  File "petsc4py/PETSc/Log.pyx", line 250, in petsc4py.PETSc.Log.EventDecorator.decorator.wrapped_func
    self.solver.solve(bounds=self.stage_bounds)
  File "petsc4py/PETSc/Log.pyx", line 250, in petsc4py.PETSc.Log.EventDecorator.decorator.wrapped_func
    self.solver.solve(bounds=self.stage_bounds)
  File "petsc4py/PETSc/Log.pyx", line 250, in petsc4py.PETSc.Log.EventDecorator.decorator.wrapped_func
  File "petsc4py/PETSc/Log.pyx", line 251, in petsc4py.PETSc.Log.EventDecorator.decorator.wrapped_func
    self.solver.solve(bounds=self.stage_bounds)
  File "petsc4py/PETSc/Log.pyx", line 250, in petsc4py.PETSc.Log.EventDecorator.decorator.wrapped_func
    self.solver.solve(bounds=self.stage_bounds)
  File "petsc4py/PETSc/Log.pyx", line 250, in petsc4py.PETSc.Log.EventDecorator.decorator.wrapped_func
  File "/scratch/xd2/sg8812/firedrake-override/firedrake/adjoint_utils/variational_solver.py", line 116, in wrapper
  File "petsc4py/PETSc/Log.pyx", line 251, in petsc4py.PETSc.Log.EventDecorator.decorator.wrapped_func
    self.solver.solve(bounds=self.stage_bounds)
  File "petsc4py/PETSc/Log.pyx", line 251, in petsc4py.PETSc.Log.EventDecorator.decorator.wrapped_func
  File "petsc4py/PETSc/Log.pyx", line 251, in petsc4py.PETSc.Log.EventDecorator.decorator.wrapped_func
  File "petsc4py/PETSc/Log.pyx", line 251, in petsc4py.PETSc.Log.EventDecorator.decorator.wrapped_func
  File "petsc4py/PETSc/Log.pyx", line 250, in petsc4py.PETSc.Log.EventDecorator.decorator.wrapped_func
  File "petsc4py/PETSc/Log.pyx", line 251, in petsc4py.PETSc.Log.EventDecorator.decorator.wrapped_func
  File "petsc4py/PETSc/Log.pyx", line 251, in petsc4py.PETSc.Log.EventDecorator.decorator.wrapped_func
  File "petsc4py/PETSc/Log.pyx", line 251, in petsc4py.PETSc.Log.EventDecorator.decorator.wrapped_func
  File "petsc4py/PETSc/Log.pyx", line 251, in petsc4py.PETSc.Log.EventDecorator.decorator.wrapped_func
  File "petsc4py/PETSc/Log.pyx", line 251, in petsc4py.PETSc.Log.EventDecorator.decorator.wrapped_func
  File "petsc4py/PETSc/Log.pyx", line 251, in petsc4py.PETSc.Log.EventDecorator.decorator.wrapped_func
  File "petsc4py/PETSc/Log.pyx", line 251, in petsc4py.PETSc.Log.EventDecorator.decorator.wrapped_func
  File "petsc4py/PETSc/Log.pyx", line 251, in petsc4py.PETSc.Log.EventDecorator.decorator.wrapped_func
  File "/scratch/xd2/sg8812/firedrake-override/firedrake/adjoint_utils/variational_solver.py", line 116, in wrapper
  File "petsc4py/PETSc/Log.pyx", line 251, in petsc4py.PETSc.Log.EventDecorator.decorator.wrapped_func
  File "petsc4py/PETSc/Log.pyx", line 251, in petsc4py.PETSc.Log.EventDecorator.decorator.wrapped_func
  File "petsc4py/PETSc/Log.pyx", line 251, in petsc4py.PETSc.Log.EventDecorator.decorator.wrapped_func
  File "petsc4py/PETSc/Log.pyx", line 251, in petsc4py.PETSc.Log.EventDecorator.decorator.wrapped_func
  File "petsc4py/PETSc/Log.pyx", line 251, in petsc4py.PETSc.Log.EventDecorator.decorator.wrapped_func
  File "petsc4py/PETSc/Log.pyx", line 251, in petsc4py.PETSc.Log.EventDecorator.decorator.wrapped_func
  File "petsc4py/PETSc/Log.pyx", line 251, in petsc4py.PETSc.Log.EventDecorator.decorator.wrapped_func
  File "/scratch/xd2/sg8812/firedrake-override/firedrake/adjoint_utils/variational_solver.py", line 116, in wrapper
  File "/scratch/xd2/sg8812/firedrake-override/firedrake/adjoint_utils/variational_solver.py", line 116, in wrapper
  File "/scratch/xd2/sg8812/firedrake-override/firedrake/adjoint_utils/variational_solver.py", line 116, in wrapper
  File "/scratch/xd2/sg8812/firedrake-override/firedrake/adjoint_utils/variational_solver.py", line 116, in wrapper
  File "/scratch/xd2/sg8812/firedrake-override/firedrake/adjoint_utils/variational_solver.py", line 116, in wrapper
  File "/scratch/xd2/sg8812/firedrake-override/firedrake/adjoint_utils/variational_solver.py", line 116, in wrapper
  File "/scratch/xd2/sg8812/firedrake-override/firedrake/adjoint_utils/variational_solver.py", line 116, in wrapper
  File "petsc4py/PETSc/Log.pyx", line 251, in petsc4py.PETSc.Log.EventDecorator.decorator.wrapped_func
  File "petsc4py/PETSc/Log.pyx", line 251, in petsc4py.PETSc.Log.EventDecorator.decorator.wrapped_func
  File "/scratch/xd2/sg8812/firedrake-override/firedrake/adjoint_utils/variational_solver.py", line 116, in wrapper
  File "/scratch/xd2/sg8812/firedrake-override/firedrake/adjoint_utils/variational_solver.py", line 116, in wrapper
  File "/scratch/xd2/sg8812/firedrake-override/firedrake/adjoint_utils/variational_solver.py", line 116, in wrapper
  File "/scratch/xd2/sg8812/firedrake-override/firedrake/adjoint_utils/variational_solver.py", line 116, in wrapper
    out = solve(self, **kwargs)
  File "/scratch/xd2/sg8812/firedrake-override/firedrake/adjoint_utils/variational_solver.py", line 116, in wrapper
    out = solve(self, **kwargs)
  File "/scratch/xd2/sg8812/firedrake-override/firedrake/adjoint_utils/variational_solver.py", line 116, in wrapper
  File "/scratch/xd2/sg8812/firedrake-override/firedrake/adjoint_utils/variational_solver.py", line 116, in wrapper
  File "/scratch/xd2/sg8812/firedrake-override/firedrake/adjoint_utils/variational_solver.py", line 116, in wrapper
  File "/scratch/xd2/sg8812/firedrake-override/firedrake/adjoint_utils/variational_solver.py", line 116, in wrapper
  File "/scratch/xd2/sg8812/firedrake-override/firedrake/adjoint_utils/variational_solver.py", line 116, in wrapper
    out = solve(self, **kwargs)
          ^^^^^^^^^^^^^^^^^^^^^
          ^^^^^^^^^^^^^^^^^^^^^
  File "/scratch/xd2/sg8812/firedrake-override/firedrake/variational_solver.py", line 403, in solve
  File "/scratch/xd2/sg8812/firedrake-override/firedrake/adjoint_utils/variational_solver.py", line 116, in wrapper
    out = solve(self, **kwargs)
          ^^^^^^^^^^^^^^^^^^^^^
  File "/scratch/xd2/sg8812/firedrake-override/firedrake/variational_solver.py", line 403, in solve
  File "/scratch/xd2/sg8812/firedrake-override/firedrake/adjoint_utils/variational_solver.py", line 116, in wrapper
  File "/scratch/xd2/sg8812/firedrake-override/firedrake/adjoint_utils/variational_solver.py", line 116, in wrapper
  File "petsc4py/PETSc/Log.pyx", line 251, in petsc4py.PETSc.Log.EventDecorator.decorator.wrapped_func
  File "/scratch/xd2/sg8812/firedrake-override/firedrake/variational_solver.py", line 403, in solve
  File "/scratch/xd2/sg8812/firedrake-override/firedrake/adjoint_utils/variational_solver.py", line 116, in wrapper
          ^^^^^^^^^^^^^^^^^^^^^
  File "/scratch/xd2/sg8812/firedrake-override/firedrake/variational_solver.py", line 403, in solve
  File "petsc4py/PETSc/Log.pyx", line 251, in petsc4py.PETSc.Log.EventDecorator.decorator.wrapped_func
    out = solve(self, **kwargs)
          ^^^^^^^^^^^^^^^^^^^^^
    out = solve(self, **kwargs)
  File "/scratch/xd2/sg8812/firedrake-override/firedrake/variational_solver.py", line 403, in solve
          ^^^^^^^^^^^^^^^^^^^^^
  File "/scratch/xd2/sg8812/firedrake-override/firedrake/variational_solver.py", line 403, in solve
  File "/scratch/xd2/sg8812/firedrake-override/firedrake/adjoint_utils/variational_solver.py", line 116, in wrapper
  File "/scratch/xd2/sg8812/firedrake-override/firedrake/adjoint_utils/variational_solver.py", line 116, in wrapper
    solving_utils.check_snes_convergence(self.snes)
    solving_utils.check_snes_convergence(self.snes)
    solving_utils.check_snes_convergence(self.snes)
  File "/scratch/xd2/sg8812/firedrake-override/firedrake/solving_utils.py", line 129, in check_snes_convergence
  File "/scratch/xd2/sg8812/firedrake-override/firedrake/solving_utils.py", line 129, in check_snes_convergence
    solving_utils.check_snes_convergence(self.snes)
  File "/scratch/xd2/sg8812/firedrake-override/firedrake/solving_utils.py", line 129, in check_snes_convergence
  File "/scratch/xd2/sg8812/firedrake-override/firedrake/solving_utils.py", line 129, in check_snes_convergence
    out = solve(self, **kwargs)
    out = solve(self, **kwargs)
    out = solve(self, **kwargs)
    out = solve(self, **kwargs)
          ^^^^^^^^^^^^^^^^^^^^^
    solving_utils.check_snes_convergence(self.snes)
    out = solve(self, **kwargs)
  File "petsc4py/PETSc/Log.pyx", line 251, in petsc4py.PETSc.Log.EventDecorator.decorator.wrapped_func
    raise ConvergenceError(r"""Nonlinear solve failed to converge after %d nonlinear iterations.
firedrake.exceptions.ConvergenceError: Nonlinear solve failed to converge after 50 nonlinear iterations.
Reason:
   DIVERGED_MAX_IT    out = solve(self, **kwargs)
          ^^^^^^^^^^^^^^^^^^^^^
  File "/scratch/xd2/sg8812/firedrake-override/firedrake/variational_solver.py", line 403, in solve
          ^^^^^^^^^^^^^^^^^^^^^
  File "/scratch/xd2/sg8812/firedrake-override/firedrake/variational_solver.py", line 403, in solve
    out = solve(self, **kwargs)
    out = solve(self, **kwargs)
          ^^^^^^^^^^^^^^^^^^^^^
          ^^^^^^^^^^^^^^^^^^^^^
  File "/scratch/xd2/sg8812/firedrake-override/firedrake/variational_solver.py", line 403, in solve
    out = solve(self, **kwargs)
          ^^^^^^^^^^^^^^^^^^^^^
          ^^^^^^^^^^^^^^^^^^^^^
  File "/scratch/xd2/sg8812/firedrake-override/firedrake/variational_solver.py", line 403, in solve
    solving_utils.check_snes_convergence(self.snes)
  File "/scratch/xd2/sg8812/firedrake-override/firedrake/solving_utils.py", line 129, in check_snes_convergence
    out = solve(self, **kwargs)
          ^^^^^^^^^^^^^^^^^^^^^
    out = solve(self, **kwargs)
          ^^^^^^^^^^^^^^^^^^^^^
  File "/scratch/xd2/sg8812/firedrake-override/firedrake/variational_solver.py", line 403, in solve
    out = solve(self, **kwargs)
          ^^^^^^^^^^^^^^^^^^^^^
  File "/scratch/xd2/sg8812/firedrake-override/firedrake/variational_solver.py", line 403, in solve
  File "/scratch/xd2/sg8812/firedrake-override/firedrake/variational_solver.py", line 403, in solve
  File "/scratch/xd2/sg8812/firedrake-override/firedrake/solving_utils.py", line 129, in check_snes_convergence
    out = solve(self, **kwargs)
          ^^^^^^^^^^^^^^^^^^^^^
  File "/scratch/xd2/sg8812/firedrake-override/firedrake/variational_solver.py", line 403, in solve
    out = solve(self, **kwargs)
          ^^^^^^^^^^^^^^^^^^^^^
  File "/scratch/xd2/sg8812/firedrake-override/firedrake/variational_solver.py", line 403, in solve
  File "petsc4py/PETSc/Log.pyx", line 251, in petsc4py.PETSc.Log.EventDecorator.decorator.wrapped_func
    raise ConvergenceError(r"""Nonlinear solve failed to converge after %d nonlinear iterations.
firedrake.exceptions.ConvergenceError: Nonlinear solve failed to converge after 50 nonlinear iterations.
Reason:
   DIVERGED_MAX_IT
          ^^^^^^^^^^^^^^^^^^^^^
  File "/scratch/xd2/sg8812/firedrake-override/firedrake/variational_solver.py", line 403, in solve
    raise ConvergenceError(r"""Nonlinear solve failed to converge after %d nonlinear iterations.
firedrake.exceptions.ConvergenceError: Nonlinear solve failed to converge after 50 nonlinear iterations.
Reason:
   DIVERGED_MAX_IT

    out = solve(self, **kwargs)
          ^^^^^^^^^^^^^^^^^^^^^
  File "/scratch/xd2/sg8812/firedrake-override/firedrake/variational_solver.py", line 403, in solve
          ^^^^^^^^^^^^^^^^^^^^^
  File "/scratch/xd2/sg8812/firedrake-override/firedrake/variational_solver.py", line 403, in solve
  File "/scratch/xd2/sg8812/firedrake-override/firedrake/variational_solver.py", line 403, in solve
    out = solve(self, **kwargs)
          ^^^^^^^^^^^^^^^^^^^^^
  File "/scratch/xd2/sg8812/firedrake-override/firedrake/variational_solver.py", line 403, in solve
    out = solve(self, **kwargs)
          ^^^^^^^^^^^^^^^^^^^^^
  File "/scratch/xd2/sg8812/firedrake-override/firedrake/variational_solver.py", line 403, in solve
  File "/scratch/xd2/sg8812/firedrake-override/firedrake/variational_solver.py", line 403, in solve
    out = solve(self, **kwargs)
          ^^^^^^^^^^^^^^^^^^^^^
  File "/scratch/xd2/sg8812/firedrake-override/firedrake/variational_solver.py", line 403, in solve
    out = solve(self, **kwargs)
          ^^^^^^^^^^^^^^^^^^^^^
  File "/scratch/xd2/sg8812/firedrake-override/firedrake/variational_solver.py", line 403, in solve
    out = solve(self, **kwargs)
          ^^^^^^^^^^^^^^^^^^^^^
  File "/scratch/xd2/sg8812/firedrake-override/firedrake/variational_solver.py", line 403, in solve
    raise ConvergenceError(r"""Nonlinear solve failed to converge after %d nonlinear iterations.
firedrake.exceptions.ConvergenceError: Nonlinear solve failed to converge after 50 nonlinear iterations.
Reason:
   DIVERGED_MAX_IT
    out = solve(self, **kwargs)
          ^^^^^^^^^^^^^^^^^^^^^
  File "/scratch/xd2/sg8812/firedrake-override/firedrake/variational_solver.py", line 403, in solve
    out = solve(self, **kwargs)
          ^^^^^^^^^^^^^^^^^^^^^
  File "/scratch/xd2/sg8812/firedrake-override/firedrake/variational_solver.py", line 403, in solve
    out = solve(self, **kwargs)
          ^^^^^^^^^^^^^^^^^^^^^
  File "/scratch/xd2/sg8812/firedrake-override/firedrake/variational_solver.py", line 403, in solve
    raise ConvergenceError(r"""Nonlinear solve failed to converge after %d nonlinear iterations.
firedrake.exceptions.ConvergenceError: Nonlinear solve failed to converge after 50 nonlinear iterations.
Reason:
   DIVERGED_MAX_IT
  File "/scratch/xd2/sg8812/firedrake-override/firedrake/variational_solver.py", line 403, in solve
    raise ConvergenceError(r"""Nonlinear solve failed to converge after %d nonlinear iterations.
firedrake.exceptions.ConvergenceError: Nonlinear solve failed to converge after 50 nonlinear iterations.
Reason:
   DIVERGED_MAX_IT
  File "/scratch/xd2/sg8812/firedrake-override/firedrake/adjoint_utils/variational_solver.py", line 116, in wrapper
  File "/scratch/xd2/sg8812/firedrake-override/firedrake/adjoint_utils/variational_solver.py", line 116, in wrapper
    solving_utils.check_snes_convergence(self.snes)
    solving_utils.check_snes_convergence(self.snes)
  File "/scratch/xd2/sg8812/firedrake-override/firedrake/solving_utils.py", line 129, in check_snes_convergence
    solving_utils.check_snes_convergence(self.snes)
  File "/scratch/xd2/sg8812/firedrake-override/firedrake/solving_utils.py", line 129, in check_snes_convergence
    solving_utils.check_snes_convergence(self.snes)
  File "/scratch/xd2/sg8812/firedrake-override/firedrake/solving_utils.py", line 129, in check_snes_convergence
    out = solve(self, **kwargs)
          ^^^^^^^^^^^^^^^^^^^^^
  File "/scratch/xd2/sg8812/firedrake-override/firedrake/variational_solver.py", line 403, in solve
  File "petsc4py/PETSc/Log.pyx", line 251, in petsc4py.PETSc.Log.EventDecorator.decorator.wrapped_func
  File "petsc4py/PETSc/Log.pyx", line 251, in petsc4py.PETSc.Log.EventDecorator.decorator.wrapped_func
    solving_utils.check_snes_convergence(self.snes)
  File "/scratch/xd2/sg8812/firedrake-override/firedrake/solving_utils.py", line 129, in check_snes_convergence
    solving_utils.check_snes_convergence(self.snes)
  File "/scratch/xd2/sg8812/firedrake-override/firedrake/solving_utils.py", line 129, in check_snes_convergence
    solving_utils.check_snes_convergence(self.snes)
  File "/scratch/xd2/sg8812/firedrake-override/firedrake/solving_utils.py", line 129, in check_snes_convergence
    solving_utils.check_snes_convergence(self.snes)
  File "/scratch/xd2/sg8812/firedrake-override/firedrake/solving_utils.py", line 129, in check_snes_convergence
    solving_utils.check_snes_convergence(self.snes)
  File "/scratch/xd2/sg8812/firedrake-override/firedrake/solving_utils.py", line 129, in check_snes_convergence
  File "/scratch/xd2/sg8812/firedrake-override/firedrake/solving_utils.py", line 129, in check_snes_convergence
    solving_utils.check_snes_convergence(self.snes)
    solving_utils.check_snes_convergence(self.snes)
  File "/scratch/xd2/sg8812/firedrake-override/firedrake/solving_utils.py", line 129, in check_snes_convergence
    solving_utils.check_snes_convergence(self.snes)
  File "/scratch/xd2/sg8812/firedrake-override/firedrake/solving_utils.py", line 129, in check_snes_convergence
    solving_utils.check_snes_convergence(self.snes)
  File "/scratch/xd2/sg8812/firedrake-override/firedrake/solving_utils.py", line 129, in check_snes_convergence
    solving_utils.check_snes_convergence(self.snes)
  File "/scratch/xd2/sg8812/firedrake-override/firedrake/solving_utils.py", line 129, in check_snes_convergence
    solving_utils.check_snes_convergence(self.snes)
  File "/scratch/xd2/sg8812/firedrake-override/firedrake/solving_utils.py", line 129, in check_snes_convergence
    raise ConvergenceError(r"""Nonlinear solve failed to converge after %d nonlinear iterations.
firedrake.exceptions.ConvergenceError: Nonlinear solve failed to converge after 50 nonlinear iterations.
Reason:
   DIVERGED_MAX_IT
  File "/scratch/xd2/sg8812/firedrake-override/firedrake/adjoint_utils/variational_solver.py", line 116, in wrapper
    solving_utils.check_snes_convergence(self.snes)
  File "/scratch/xd2/sg8812/firedrake-override/firedrake/solving_utils.py", line 129, in check_snes_convergence
  File "petsc4py/PETSc/Log.pyx", line 251, in petsc4py.PETSc.Log.EventDecorator.decorator.wrapped_func
    solving_utils.check_snes_convergence(self.snes)
  File "/scratch/xd2/sg8812/firedrake-override/firedrake/solving_utils.py", line 129, in check_snes_convergence
    raise ConvergenceError(r"""Nonlinear solve failed to converge after %d nonlinear iterations.
firedrake.exceptions.ConvergenceError: Nonlinear solve failed to converge after 50 nonlinear iterations.
Reason:
   DIVERGED_MAX_IT
    solving_utils.check_snes_convergence(self.snes)
  File "/scratch/xd2/sg8812/firedrake-override/firedrake/solving_utils.py", line 129, in check_snes_convergence
    raise ConvergenceError(r"""Nonlinear solve failed to converge after %d nonlinear iterations.
firedrake.exceptions.ConvergenceError: Nonlinear solve failed to converge after 50 nonlinear iterations.
Reason:
   DIVERGED_MAX_IT
    raise ConvergenceError(r"""Nonlinear solve failed to converge after %d nonlinear iterations.
firedrake.exceptions.ConvergenceError: Nonlinear solve failed to converge after 50 nonlinear iterations.
Reason:
   DIVERGED_MAX_IT
  File "/scratch/xd2/sg8812/firedrake-override/firedrake/solving_utils.py", line 129, in check_snes_convergence
    solving_utils.check_snes_convergence(self.snes)
  File "/scratch/xd2/sg8812/firedrake-override/firedrake/solving_utils.py", line 129, in check_snes_convergence
    solving_utils.check_snes_convergence(self.snes)
  File "/scratch/xd2/sg8812/firedrake-override/firedrake/solving_utils.py", line 129, in check_snes_convergence
    solving_utils.check_snes_convergence(self.snes)
  File "/scratch/xd2/sg8812/firedrake-override/firedrake/solving_utils.py", line 129, in check_snes_convergence
    solving_utils.check_snes_convergence(self.snes)
  File "/scratch/xd2/sg8812/firedrake-override/firedrake/solving_utils.py", line 129, in check_snes_convergence
    solving_utils.check_snes_convergence(self.snes)
  File "/scratch/xd2/sg8812/firedrake-override/firedrake/solving_utils.py", line 129, in check_snes_convergence
    raise ConvergenceError(r"""Nonlinear solve failed to converge after %d nonlinear iterations.
firedrake.exceptions.ConvergenceError: Nonlinear solve failed to converge after 50 nonlinear iterations.
Reason:
   DIVERGED_MAX_IT
    raise ConvergenceError(r"""Nonlinear solve failed to converge after %d nonlinear iterations.
firedrake.exceptions.ConvergenceError: Nonlinear solve failed to converge after 50 nonlinear iterations.
Reason:
   DIVERGED_MAX_IT
  File "/scratch/xd2/sg8812/firedrake-override/firedrake/adjoint_utils/variational_solver.py", line 116, in wrapper
    raise ConvergenceError(r"""Nonlinear solve failed to converge after %d nonlinear iterations.
firedrake.exceptions.ConvergenceError: Nonlinear solve failed to converge after 50 nonlinear iterations.
Reason:
   DIVERGED_MAX_IT
    raise ConvergenceError(r"""Nonlinear solve failed to converge after %d nonlinear iterations.
firedrake.exceptions.ConvergenceError: Nonlinear solve failed to converge after 50 nonlinear iterations.
Reason:
   DIVERGED_MAX_IT
    raise ConvergenceError(r"""Nonlinear solve failed to converge after %d nonlinear iterations.
firedrake.exceptions.ConvergenceError: Nonlinear solve failed to converge after 50 nonlinear iterations.
Reason:
   DIVERGED_MAX_IT
    raise ConvergenceError(r"""Nonlinear solve failed to converge after %d nonlinear iterations.
firedrake.exceptions.ConvergenceError: Nonlinear solve failed to converge after 50 nonlinear iterations.
Reason:
   DIVERGED_MAX_IT    raise ConvergenceError(r"""Nonlinear solve failed to converge after %d nonlinear iterations.
firedrake.exceptions.ConvergenceError: Nonlinear solve failed to converge after 50 nonlinear iterations.
Reason:
   DIVERGED_MAX_IT
    raise ConvergenceError(r"""Nonlinear solve failed to converge after %d nonlinear iterations.
firedrake.exceptions.ConvergenceError: Nonlinear solve failed to converge after 50 nonlinear iterations.
Reason:
   DIVERGED_MAX_IT
    raise ConvergenceError(r"""Nonlinear solve failed to converge after %d nonlinear iterations.
firedrake.exceptions.ConvergenceError: Nonlinear solve failed to converge after 50 nonlinear iterations.
Reason:
   DIVERGED_MAX_IT    raise ConvergenceError(r"""Nonlinear solve failed to converge after %d nonlinear iterations.
firedrake.exceptions.ConvergenceError: Nonlinear solve failed to converge after 50 nonlinear iterations.
Reason:
   DIVERGED_MAX_IT
  File "petsc4py/PETSc/Log.pyx", line 251, in petsc4py.PETSc.Log.EventDecorator.decorator.wrapped_func
    raise ConvergenceError(r"""Nonlinear solve failed to converge after %d nonlinear iterations.
firedrake.exceptions.ConvergenceError: Nonlinear solve failed to converge after 50 nonlinear iterations.
Reason:
   DIVERGED_MAX_IT
    raise ConvergenceError(r"""Nonlinear solve failed to converge after %d nonlinear iterations.
firedrake.exceptions.ConvergenceError: Nonlinear solve failed to converge after 50 nonlinear iterations.
Reason:
   DIVERGED_MAX_IT
    raise ConvergenceError(r"""Nonlinear solve failed to converge after %d nonlinear iterations.
firedrake.exceptions.ConvergenceError: Nonlinear solve failed to converge after 50 nonlinear iterations.
Reason:
   DIVERGED_MAX_IT
    raise ConvergenceError(r"""Nonlinear solve failed to converge after %d nonlinear iterations.
firedrake.exceptions.ConvergenceError: Nonlinear solve failed to converge after 50 nonlinear iterations.
Reason:
   DIVERGED_MAX_IT
    raise ConvergenceError(r"""Nonlinear solve failed to converge after %d nonlinear iterations.
firedrake.exceptions.ConvergenceError: Nonlinear solve failed to converge after 50 nonlinear iterations.
Reason:
   DIVERGED_MAX_IT
    raise ConvergenceError(r"""Nonlinear solve failed to converge after %d nonlinear iterations.
firedrake.exceptions.ConvergenceError: Nonlinear solve failed to converge after 50 nonlinear iterations.
Reason:
   DIVERGED_MAX_IT
    raise ConvergenceError(r"""Nonlinear solve failed to converge after %d nonlinear iterations.
firedrake.exceptions.ConvergenceError: Nonlinear solve failed to converge after 50 nonlinear iterations.
Reason:
   DIVERGED_MAX_IT
    raise ConvergenceError(r"""Nonlinear solve failed to converge after %d nonlinear iterations.
firedrake.exceptions.ConvergenceError: Nonlinear solve failed to converge after 50 nonlinear iterations.
Reason:
   DIVERGED_MAX_IT
    raise ConvergenceError(r"""Nonlinear solve failed to converge after %d nonlinear iterations.
firedrake.exceptions.ConvergenceError: Nonlinear solve failed to converge after 50 nonlinear iterations.
Reason:
   DIVERGED_MAX_IT
    solving_utils.check_snes_convergence(self.snes)
  File "/scratch/xd2/sg8812/firedrake-override/firedrake/solving_utils.py", line 129, in check_snes_convergence
    raise ConvergenceError(r"""Nonlinear solve failed to converge after %d nonlinear iterations.
firedrake.exceptions.ConvergenceError: Nonlinear solve failed to converge after 50 nonlinear iterations.
Reason:
   DIVERGED_MAX_IT
  File "/scratch/xd2/sg8812/firedrake-override/firedrake/adjoint_utils/variational_solver.py", line 116, in wrapper
  File "petsc4py/PETSc/Log.pyx", line 251, in petsc4py.PETSc.Log.EventDecorator.decorator.wrapped_func


  File "/scratch/xd2/sg8812/firedrake-override/firedrake/adjoint_utils/variational_solver.py", line 116, in wrapper
    out = solve(self, **kwargs)
    out = solve(self, **kwargs)
    out = solve(self, **kwargs)
  File "/scratch/xd2/sg8812/firedrake-override/firedrake/adjoint_utils/variational_solver.py", line 116, in wrapper
  File "petsc4py/PETSc/Log.pyx", line 251, in petsc4py.PETSc.Log.EventDecorator.decorator.wrapped_func
    out = solve(self, **kwargs)
          ^^^^^^^^^^^^^^^^^^^^^
  File "/scratch/xd2/sg8812/firedrake-override/firedrake/variational_solver.py", line 403, in solve
          ^^^^^^^^^^^^^^^^^^^^^
  File "/scratch/xd2/sg8812/firedrake-override/firedrake/variational_solver.py", line 403, in solve
          ^^^^^^^^^^^^^^^^^^^^^
  File "/scratch/xd2/sg8812/firedrake-override/firedrake/variational_solver.py", line 403, in solve
    out = solve(self, **kwargs)
          ^^^^^^^^^^^^^^^^^^^^^
  File "/scratch/xd2/sg8812/firedrake-override/firedrake/variational_solver.py", line 403, in solve
          ^^^^^^^^^^^^^^^^^^^^^
  File "/scratch/xd2/sg8812/firedrake-override/firedrake/variational_solver.py", line 403, in solve
  File "petsc4py/PETSc/Log.pyx", line 251, in petsc4py.PETSc.Log.EventDecorator.decorator.wrapped_func
  File "/scratch/xd2/sg8812/firedrake-override/firedrake/adjoint_utils/variational_solver.py", line 116, in wrapper
    out = solve(self, **kwargs)
          ^^^^^^^^^^^^^^^^^^^^^
  File "/scratch/xd2/sg8812/firedrake-override/firedrake/variational_solver.py", line 403, in solve
  File "petsc4py/PETSc/Log.pyx", line 251, in petsc4py.PETSc.Log.EventDecorator.decorator.wrapped_func
  File "/scratch/xd2/sg8812/firedrake-override/firedrake/adjoint_utils/variational_solver.py", line 116, in wrapper
  File "petsc4py/PETSc/Log.pyx", line 251, in petsc4py.PETSc.Log.EventDecorator.decorator.wrapped_func
    solving_utils.check_snes_convergence(self.snes)
    solving_utils.check_snes_convergence(self.snes)
    solving_utils.check_snes_convergence(self.snes)
  File "/scratch/xd2/sg8812/firedrake-override/firedrake/solving_utils.py", line 129, in check_snes_convergence
    out = solve(self, **kwargs)
          ^^^^^^^^^^^^^^^^^^^^^
  File "/scratch/xd2/sg8812/firedrake-override/firedrake/solving_utils.py", line 129, in check_snes_convergence
  File "/scratch/xd2/sg8812/firedrake-override/firedrake/solving_utils.py", line 129, in check_snes_convergence
  File "/scratch/xd2/sg8812/firedrake-override/firedrake/adjoint_utils/variational_solver.py", line 116, in wrapper
    solving_utils.check_snes_convergence(self.snes)
  File "/scratch/xd2/sg8812/firedrake-override/firedrake/variational_solver.py", line 403, in solve
    raise ConvergenceError(r"""Nonlinear solve failed to converge after %d nonlinear iterations.
firedrake.exceptions.ConvergenceError: Nonlinear solve failed to converge after 50 nonlinear iterations.
Reason:
   DIVERGED_MAX_IT
  File "/scratch/xd2/sg8812/firedrake-override/firedrake/adjoint_utils/variational_solver.py", line 116, in wrapper
    raise ConvergenceError(r"""Nonlinear solve failed to converge after %d nonlinear iterations.
firedrake.exceptions.ConvergenceError: Nonlinear solve failed to converge after 50 nonlinear iterations.
Reason:
   DIVERGED_MAX_IT
    solving_utils.check_snes_convergence(self.snes)
  File "/scratch/xd2/sg8812/firedrake-override/firedrake/solving_utils.py", line 129, in check_snes_convergence
    solving_utils.check_snes_convergence(self.snes)
  File "/scratch/xd2/sg8812/firedrake-override/firedrake/solving_utils.py", line 129, in check_snes_convergence
    raise ConvergenceError(r"""Nonlinear solve failed to converge after %d nonlinear iterations.
firedrake.exceptions.ConvergenceError: Nonlinear solve failed to converge after 50 nonlinear iterations.
Reason:
   DIVERGED_MAX_IT
  File "/scratch/xd2/sg8812/firedrake-override/firedrake/solving_utils.py", line 129, in check_snes_convergence
    raise ConvergenceError(r"""Nonlinear solve failed to converge after %d nonlinear iterations.
  File "petsc4py/PETSc/Log.pyx", line 251, in petsc4py.PETSc.Log.EventDecorator.decorator.wrapped_func
    raise ConvergenceError(r"""Nonlinear solve failed to converge after %d nonlinear iterations.
firedrake.exceptions.ConvergenceError: Nonlinear solve failed to converge after 50 nonlinear iterations.
Reason:
   DIVERGED_MAX_IT
    raise ConvergenceError(r"""Nonlinear solve failed to converge after %d nonlinear iterations.
firedrake.exceptions.ConvergenceError: Nonlinear solve failed to converge after 50 nonlinear iterations.
Reason:
   DIVERGED_MAX_IT
firedrake.exceptions.ConvergenceError: Nonlinear solve failed to converge after 50 nonlinear iterations.
Reason:
   DIVERGED_MAX_IT
    solving_utils.check_snes_convergence(self.snes)
  File "/scratch/xd2/sg8812/firedrake-override/firedrake/solving_utils.py", line 129, in check_snes_convergence
  File "/scratch/xd2/sg8812/firedrake-override/firedrake/adjoint_utils/variational_solver.py", line 116, in wrapper
    raise ConvergenceError(r"""Nonlinear solve failed to converge after %d nonlinear iterations.
firedrake.exceptions.ConvergenceError: Nonlinear solve failed to converge after 50 nonlinear iterations.
Reason:
   DIVERGED_MAX_IT
  File "petsc4py/PETSc/Log.pyx", line 251, in petsc4py.PETSc.Log.EventDecorator.decorator.wrapped_func
    out = solve(self, **kwargs)
    out = solve(self, **kwargs)
    out = solve(self, **kwargs)
          ^^^^^^^^^^^^^^^^^^^^^
  File "/scratch/xd2/sg8812/firedrake-override/firedrake/variational_solver.py", line 403, in solve
          ^^^^^^^^^^^^^^^^^^^^^
  File "/scratch/xd2/sg8812/firedrake-override/firedrake/variational_solver.py", line 403, in solve
  File "/scratch/xd2/sg8812/firedrake-override/firedrake/adjoint_utils/variational_solver.py", line 116, in wrapper
  File "petsc4py/PETSc/Log.pyx", line 251, in petsc4py.PETSc.Log.EventDecorator.decorator.wrapped_func
          ^^^^^^^^^^^^^^^^^^^^^
  File "/scratch/xd2/sg8812/firedrake-override/firedrake/variational_solver.py", line 403, in solve
  File "petsc4py/PETSc/Log.pyx", line 251, in petsc4py.PETSc.Log.EventDecorator.decorator.wrapped_func
    out = solve(self, **kwargs)
          ^^^^^^^^^^^^^^^^^^^^^
    out = solve(self, **kwargs)
  File "/scratch/xd2/sg8812/firedrake-override/firedrake/variational_solver.py", line 403, in solve
  File "petsc4py/PETSc/Log.pyx", line 251, in petsc4py.PETSc.Log.EventDecorator.decorator.wrapped_func
          ^^^^^^^^^^^^^^^^^^^^^
  File "/scratch/xd2/sg8812/firedrake-override/firedrake/variational_solver.py", line 403, in solve
  File "/scratch/xd2/sg8812/firedrake-override/firedrake/adjoint_utils/variational_solver.py", line 116, in wrapper
  File "/scratch/xd2/sg8812/firedrake-override/firedrake/adjoint_utils/variational_solver.py", line 116, in wrapper
    solving_utils.check_snes_convergence(self.snes)
  File "/scratch/xd2/sg8812/firedrake-override/firedrake/solving_utils.py", line 129, in check_snes_convergence
    solving_utils.check_snes_convergence(self.snes)
  File "/scratch/xd2/sg8812/firedrake-override/firedrake/solving_utils.py", line 129, in check_snes_convergence
    solving_utils.check_snes_convergence(self.snes)
  File "/scratch/xd2/sg8812/firedrake-override/firedrake/solving_utils.py", line 129, in check_snes_convergence
  File "/scratch/xd2/sg8812/firedrake-override/firedrake/adjoint_utils/variational_solver.py", line 116, in wrapper
    out = solve(self, **kwargs)
          ^^^^^^^^^^^^^^^^^^^^^
    solving_utils.check_snes_convergence(self.snes)
  File "/scratch/xd2/sg8812/firedrake-override/firedrake/solving_utils.py", line 129, in check_snes_convergence
    raise ConvergenceError(r"""Nonlinear solve failed to converge after %d nonlinear iterations.
firedrake.exceptions.ConvergenceError: Nonlinear solve failed to converge after 50 nonlinear iterations.
Reason:
   DIVERGED_MAX_IT    raise ConvergenceError(r"""Nonlinear solve failed to converge after %d nonlinear iterations.
firedrake.exceptions.ConvergenceError: Nonlinear solve failed to converge after 50 nonlinear iterations.
Reason:
   DIVERGED_MAX_IT    solving_utils.check_snes_convergence(self.snes)
  File "/scratch/xd2/sg8812/firedrake-override/firedrake/variational_solver.py", line 403, in solve


    raise ConvergenceError(r"""Nonlinear solve failed to converge after %d nonlinear iterations.
firedrake.exceptions.ConvergenceError: Nonlinear solve failed to converge after 50 nonlinear iterations.
Reason:
   DIVERGED_MAX_IT
  File "/scratch/xd2/sg8812/firedrake-override/firedrake/solving_utils.py", line 129, in check_snes_convergence
    raise ConvergenceError(r"""Nonlinear solve failed to converge after %d nonlinear iterations.
firedrake.exceptions.ConvergenceError: Nonlinear solve failed to converge after 50 nonlinear iterations.
Reason:
   DIVERGED_MAX_IT    raise ConvergenceError(r"""Nonlinear solve failed to converge after %d nonlinear iterations.
firedrake.exceptions.ConvergenceError: Nonlinear solve failed to converge after 50 nonlinear iterations.
Reason:
   DIVERGED_MAX_IT

    solving_utils.check_snes_convergence(self.snes)
  File "/scratch/xd2/sg8812/firedrake-override/firedrake/solving_utils.py", line 129, in check_snes_convergence
    raise ConvergenceError(r"""Nonlinear solve failed to converge after %d nonlinear iterations.
firedrake.exceptions.ConvergenceError: Nonlinear solve failed to converge after 50 nonlinear iterations.
Reason:
   DIVERGED_MAX_IT
  File "petsc4py/PETSc/Log.pyx", line 251, in petsc4py.PETSc.Log.EventDecorator.decorator.wrapped_func
    out = solve(self, **kwargs)
    out = solve(self, **kwargs)
          ^^^^^^^^^^^^^^^^^^^^^
  File "/scratch/xd2/sg8812/firedrake-override/firedrake/variational_solver.py", line 403, in solve
          ^^^^^^^^^^^^^^^^^^^^^
  File "/scratch/xd2/sg8812/firedrake-override/firedrake/variational_solver.py", line 403, in solve
  File "/scratch/xd2/sg8812/firedrake-override/firedrake/adjoint_utils/variational_solver.py", line 116, in wrapper
    out = solve(self, **kwargs)
          ^^^^^^^^^^^^^^^^^^^^^
  File "/scratch/xd2/sg8812/firedrake-override/firedrake/variational_solver.py", line 403, in solve
    solving_utils.check_snes_convergence(self.snes)
    solving_utils.check_snes_convergence(self.snes)
  File "/scratch/xd2/sg8812/firedrake-override/firedrake/solving_utils.py", line 129, in check_snes_convergence
    raise ConvergenceError(r"""Nonlinear solve failed to converge after %d nonlinear iterations.
  File "petsc4py/PETSc/Log.pyx", line 251, in petsc4py.PETSc.Log.EventDecorator.decorator.wrapped_func
  File "/scratch/xd2/sg8812/firedrake-override/firedrake/solving_utils.py", line 129, in check_snes_convergence
firedrake.exceptions.ConvergenceError: Nonlinear solve failed to converge after 50 nonlinear iterations.
Reason:
   DIVERGED_MAX_IT
  File "/scratch/xd2/sg8812/firedrake-override/firedrake/adjoint_utils/variational_solver.py", line 116, in wrapper
    solving_utils.check_snes_convergence(self.snes)
    raise ConvergenceError(r"""Nonlinear solve failed to converge after %d nonlinear iterations.
firedrake.exceptions.ConvergenceError: Nonlinear solve failed to converge after 50 nonlinear iterations.
Reason:
   DIVERGED_MAX_IT
  File "/scratch/xd2/sg8812/firedrake-override/firedrake/solving_utils.py", line 129, in check_snes_convergence
    out = solve(self, **kwargs)
          ^^^^^^^^^^^^^^^^^^^^^
    raise ConvergenceError(r"""Nonlinear solve failed to converge after %d nonlinear iterations.
  File "/scratch/xd2/sg8812/firedrake-override/firedrake/variational_solver.py", line 403, in solve
firedrake.exceptions.ConvergenceError: Nonlinear solve failed to converge after 50 nonlinear iterations.
Reason:
   DIVERGED_MAX_IT
    solving_utils.check_snes_convergence(self.snes)
  File "/scratch/xd2/sg8812/firedrake-override/firedrake/solving_utils.py", line 129, in check_snes_convergence
    out = solve(self, **kwargs)
    raise ConvergenceError(r"""Nonlinear solve failed to converge after %d nonlinear iterations.
firedrake.exceptions.ConvergenceError: Nonlinear solve failed to converge after 50 nonlinear iterations.
Reason:
   DIVERGED_MAX_IT
          ^^^^^^^^^^^^^^^^^^^^^
  File "/scratch/xd2/sg8812/firedrake-override/firedrake/variational_solver.py", line 403, in solve
    solving_utils.check_snes_convergence(self.snes)
  File "/scratch/xd2/sg8812/firedrake-override/firedrake/solving_utils.py", line 129, in check_snes_convergence
    raise ConvergenceError(r"""Nonlinear solve failed to converge after %d nonlinear iterations.
firedrake.exceptions.ConvergenceError: Nonlinear solve failed to converge after 50 nonlinear iterations.
Reason:
   DIVERGED_MAX_IT
--------------------------------------------------------------------------
MPI_ABORT was invoked on rank 29 in communicator MPI_COMM_WORLD
with errorcode 1.

NOTE: invoking MPI_ABORT causes Open MPI to kill all MPI processes.
You may or may not see output from other processes, depending on
exactly when Open MPI kills them.
--------------------------------------------------------------------------
[gadi-cpu-spr-0395.gadi.nci.org.au:53859] PMIX ERROR: UNREACHABLE in file /jobfs/35226956.gadi-pbs/0/openmpi/4.0.7/source/openmpi-4.0.7/opal/mca/pmix/pmix3x/pmix/src/server/pmix_server.c at line 2198
[gadi-cpu-spr-0395.gadi.nci.org.au:53859] PMIX ERROR: UNREACHABLE in file /jobfs/35226956.gadi-pbs/0/openmpi/4.0.7/source/openmpi-4.0.7/opal/mca/pmix/pmix3x/pmix/src/server/pmix_server.c at line 2198
[gadi-cpu-spr-0395.gadi.nci.org.au:53859] PMIX ERROR: UNREACHABLE in file /jobfs/35226956.gadi-pbs/0/openmpi/4.0.7/source/openmpi-4.0.7/opal/mca/pmix/pmix3x/pmix/src/server/pmix_server.c at line 2198
[gadi-cpu-spr-0395.gadi.nci.org.au:53859] PMIX ERROR: UNREACHABLE in file /jobfs/35226956.gadi-pbs/0/openmpi/4.0.7/source/openmpi-4.0.7/opal/mca/pmix/pmix3x/pmix/src/server/pmix_server.c at line 2198
[gadi-cpu-spr-0395.gadi.nci.org.au:53859] PMIX ERROR: UNREACHABLE in file /jobfs/35226956.gadi-pbs/0/openmpi/4.0.7/source/openmpi-4.0.7/opal/mca/pmix/pmix3x/pmix/src/server/pmix_server.c at line 2198
[gadi-cpu-spr-0395.gadi.nci.org.au:53859] PMIX ERROR: UNREACHABLE in file /jobfs/35226956.gadi-pbs/0/openmpi/4.0.7/source/openmpi-4.0.7/opal/mca/pmix/pmix3x/pmix/src/server/pmix_server.c at line 2198
[gadi-cpu-spr-0395.gadi.nci.org.au:53859] PMIX ERROR: UNREACHABLE in file /jobfs/35226956.gadi-pbs/0/openmpi/4.0.7/source/openmpi-4.0.7/opal/mca/pmix/pmix3x/pmix/src/server/pmix_server.c at line 2198
[gadi-cpu-spr-0395.gadi.nci.org.au:53859] PMIX ERROR: UNREACHABLE in file /jobfs/35226956.gadi-pbs/0/openmpi/4.0.7/source/openmpi-4.0.7/opal/mca/pmix/pmix3x/pmix/src/server/pmix_server.c at line 2198
[gadi-cpu-spr-0395.gadi.nci.org.au:53859] PMIX ERROR: UNREACHABLE in file /jobfs/35226956.gadi-pbs/0/openmpi/4.0.7/source/openmpi-4.0.7/opal/mca/pmix/pmix3x/pmix/src/server/pmix_server.c at line 2198
[gadi-cpu-spr-0395.gadi.nci.org.au:53859] PMIX ERROR: UNREACHABLE in file /jobfs/35226956.gadi-pbs/0/openmpi/4.0.7/source/openmpi-4.0.7/opal/mca/pmix/pmix3x/pmix/src/server/pmix_server.c at line 2198
[gadi-cpu-spr-0395.gadi.nci.org.au:53859] PMIX ERROR: UNREACHABLE in file /jobfs/35226956.gadi-pbs/0/openmpi/4.0.7/source/openmpi-4.0.7/opal/mca/pmix/pmix3x/pmix/src/server/pmix_server.c at line 2198
[gadi-cpu-spr-0395.gadi.nci.org.au:53859] PMIX ERROR: UNREACHABLE in file /jobfs/35226956.gadi-pbs/0/openmpi/4.0.7/source/openmpi-4.0.7/opal/mca/pmix/pmix3x/pmix/src/server/pmix_server.c at line 2198
[gadi-cpu-spr-0395.gadi.nci.org.au:53859] PMIX ERROR: UNREACHABLE in file /jobfs/35226956.gadi-pbs/0/openmpi/4.0.7/source/openmpi-4.0.7/opal/mca/pmix/pmix3x/pmix/src/server/pmix_server.c at line 2198
[gadi-cpu-spr-0395.gadi.nci.org.au:53859] PMIX ERROR: UNREACHABLE in file /jobfs/35226956.gadi-pbs/0/openmpi/4.0.7/source/openmpi-4.0.7/opal/mca/pmix/pmix3x/pmix/src/server/pmix_server.c at line 2198
[gadi-cpu-spr-0395.gadi.nci.org.au:53859] PMIX ERROR: UNREACHABLE in file /jobfs/35226956.gadi-pbs/0/openmpi/4.0.7/source/openmpi-4.0.7/opal/mca/pmix/pmix3x/pmix/src/server/pmix_server.c at line 2198
[gadi-cpu-spr-0395.gadi.nci.org.au:53859] PMIX ERROR: UNREACHABLE in file /jobfs/35226956.gadi-pbs/0/openmpi/4.0.7/source/openmpi-4.0.7/opal/mca/pmix/pmix3x/pmix/src/server/pmix_server.c at line 2198
[gadi-cpu-spr-0395.gadi.nci.org.au:53859] PMIX ERROR: UNREACHABLE in file /jobfs/35226956.gadi-pbs/0/openmpi/4.0.7/source/openmpi-4.0.7/opal/mca/pmix/pmix3x/pmix/src/server/pmix_server.c at line 2198
[gadi-cpu-spr-0395.gadi.nci.org.au:53859] PMIX ERROR: UNREACHABLE in file /jobfs/35226956.gadi-pbs/0/openmpi/4.0.7/source/openmpi-4.0.7/opal/mca/pmix/pmix3x/pmix/src/server/pmix_server.c at line 2198
[gadi-cpu-spr-0395.gadi.nci.org.au:53859] PMIX ERROR: UNREACHABLE in file /jobfs/35226956.gadi-pbs/0/openmpi/4.0.7/source/openmpi-4.0.7/opal/mca/pmix/pmix3x/pmix/src/server/pmix_server.c at line 2198
[gadi-cpu-spr-0395.gadi.nci.org.au:53859] PMIX ERROR: UNREACHABLE in file /jobfs/35226956.gadi-pbs/0/openmpi/4.0.7/source/openmpi-4.0.7/opal/mca/pmix/pmix3x/pmix/src/server/pmix_server.c at line 2198
[gadi-cpu-spr-0395.gadi.nci.org.au:53859] PMIX ERROR: UNREACHABLE in file /jobfs/35226956.gadi-pbs/0/openmpi/4.0.7/source/openmpi-4.0.7/opal/mca/pmix/pmix3x/pmix/src/server/pmix_server.c at line 2198
[gadi-cpu-spr-0395.gadi.nci.org.au:53859] PMIX ERROR: UNREACHABLE in file /jobfs/35226956.gadi-pbs/0/openmpi/4.0.7/source/openmpi-4.0.7/opal/mca/pmix/pmix3x/pmix/src/server/pmix_server.c at line 2198
[gadi-cpu-spr-0395.gadi.nci.org.au:53859] PMIX ERROR: UNREACHABLE in file /jobfs/35226956.gadi-pbs/0/openmpi/4.0.7/source/openmpi-4.0.7/opal/mca/pmix/pmix3x/pmix/src/server/pmix_server.c at line 2198
[gadi-cpu-spr-0395.gadi.nci.org.au:53859] PMIX ERROR: UNREACHABLE in file /jobfs/35226956.gadi-pbs/0/openmpi/4.0.7/source/openmpi-4.0.7/opal/mca/pmix/pmix3x/pmix/src/server/pmix_server.c at line 2198
[gadi-cpu-spr-0395.gadi.nci.org.au:53859] PMIX ERROR: UNREACHABLE in file /jobfs/35226956.gadi-pbs/0/openmpi/4.0.7/source/openmpi-4.0.7/opal/mca/pmix/pmix3x/pmix/src/server/pmix_server.c at line 2198
[gadi-cpu-spr-0395.gadi.nci.org.au:53859] PMIX ERROR: UNREACHABLE in file /jobfs/35226956.gadi-pbs/0/openmpi/4.0.7/source/openmpi-4.0.7/opal/mca/pmix/pmix3x/pmix/src/server/pmix_server.c at line 2198
[gadi-cpu-spr-0395.gadi.nci.org.au:53859] PMIX ERROR: UNREACHABLE in file /jobfs/35226956.gadi-pbs/0/openmpi/4.0.7/source/openmpi-4.0.7/opal/mca/pmix/pmix3x/pmix/src/server/pmix_server.c at line 2198
[gadi-cpu-spr-0395.gadi.nci.org.au:53859] PMIX ERROR: UNREACHABLE in file /jobfs/35226956.gadi-pbs/0/openmpi/4.0.7/source/openmpi-4.0.7/opal/mca/pmix/pmix3x/pmix/src/server/pmix_server.c at line 2198
[gadi-cpu-spr-0395.gadi.nci.org.au:53859] PMIX ERROR: UNREACHABLE in file /jobfs/35226956.gadi-pbs/0/openmpi/4.0.7/source/openmpi-4.0.7/opal/mca/pmix/pmix3x/pmix/src/server/pmix_server.c at line 2198
[gadi-cpu-spr-0395.gadi.nci.org.au:53859] PMIX ERROR: UNREACHABLE in file /jobfs/35226956.gadi-pbs/0/openmpi/4.0.7/source/openmpi-4.0.7/opal/mca/pmix/pmix3x/pmix/src/server/pmix_server.c at line 2198
[gadi-cpu-spr-0395.gadi.nci.org.au:53859] PMIX ERROR: UNREACHABLE in file /jobfs/35226956.gadi-pbs/0/openmpi/4.0.7/source/openmpi-4.0.7/opal/mca/pmix/pmix3x/pmix/src/server/pmix_server.c at line 2198
[gadi-cpu-spr-0395.gadi.nci.org.au:53859] PMIX ERROR: UNREACHABLE in file /jobfs/35226956.gadi-pbs/0/openmpi/4.0.7/source/openmpi-4.0.7/opal/mca/pmix/pmix3x/pmix/src/server/pmix_server.c at line 2198
[gadi-cpu-spr-0395.gadi.nci.org.au:53859] PMIX ERROR: UNREACHABLE in file /jobfs/35226956.gadi-pbs/0/openmpi/4.0.7/source/openmpi-4.0.7/opal/mca/pmix/pmix3x/pmix/src/server/pmix_server.c at line 2198
[gadi-cpu-spr-0395.gadi.nci.org.au:53859] PMIX ERROR: UNREACHABLE in file /jobfs/35226956.gadi-pbs/0/openmpi/4.0.7/source/openmpi-4.0.7/opal/mca/pmix/pmix3x/pmix/src/server/pmix_server.c at line 2198
[gadi-cpu-spr-0395.gadi.nci.org.au:53859] PMIX ERROR: UNREACHABLE in file /jobfs/35226956.gadi-pbs/0/openmpi/4.0.7/source/openmpi-4.0.7/opal/mca/pmix/pmix3x/pmix/src/server/pmix_server.c at line 2198
[gadi-cpu-spr-0395.gadi.nci.org.au:53859] PMIX ERROR: UNREACHABLE in file /jobfs/35226956.gadi-pbs/0/openmpi/4.0.7/source/openmpi-4.0.7/opal/mca/pmix/pmix3x/pmix/src/server/pmix_server.c at line 2198
[gadi-cpu-spr-0395.gadi.nci.org.au:53859] PMIX ERROR: UNREACHABLE in file /jobfs/35226956.gadi-pbs/0/openmpi/4.0.7/source/openmpi-4.0.7/opal/mca/pmix/pmix3x/pmix/src/server/pmix_server.c at line 2198
[gadi-cpu-spr-0395.gadi.nci.org.au:53859] PMIX ERROR: UNREACHABLE in file /jobfs/35226956.gadi-pbs/0/openmpi/4.0.7/source/openmpi-4.0.7/opal/mca/pmix/pmix3x/pmix/src/server/pmix_server.c at line 2198
[gadi-cpu-spr-0395.gadi.nci.org.au:53859] PMIX ERROR: UNREACHABLE in file /jobfs/35226956.gadi-pbs/0/openmpi/4.0.7/source/openmpi-4.0.7/opal/mca/pmix/pmix3x/pmix/src/server/pmix_server.c at line 2198
[gadi-cpu-spr-0395.gadi.nci.org.au:53859] PMIX ERROR: UNREACHABLE in file /jobfs/35226956.gadi-pbs/0/openmpi/4.0.7/source/openmpi-4.0.7/opal/mca/pmix/pmix3x/pmix/src/server/pmix_server.c at line 2198
[gadi-cpu-spr-0395.gadi.nci.org.au:53859] PMIX ERROR: UNREACHABLE in file /jobfs/35226956.gadi-pbs/0/openmpi/4.0.7/source/openmpi-4.0.7/opal/mca/pmix/pmix3x/pmix/src/server/pmix_server.c at line 2198
[gadi-cpu-spr-0395.gadi.nci.org.au:53859] PMIX ERROR: UNREACHABLE in file /jobfs/35226956.gadi-pbs/0/openmpi/4.0.7/source/openmpi-4.0.7/opal/mca/pmix/pmix3x/pmix/src/server/pmix_server.c at line 2198
[gadi-cpu-spr-0395.gadi.nci.org.au:53859] PMIX ERROR: UNREACHABLE in file /jobfs/35226956.gadi-pbs/0/openmpi/4.0.7/source/openmpi-4.0.7/opal/mca/pmix/pmix3x/pmix/src/server/pmix_server.c at line 2198
[gadi-cpu-spr-0395.gadi.nci.org.au:53859] PMIX ERROR: UNREACHABLE in file /jobfs/35226956.gadi-pbs/0/openmpi/4.0.7/source/openmpi-4.0.7/opal/mca/pmix/pmix3x/pmix/src/server/pmix_server.c at line 2198
[gadi-cpu-spr-0395.gadi.nci.org.au:53859] PMIX ERROR: UNREACHABLE in file /jobfs/35226956.gadi-pbs/0/openmpi/4.0.7/source/openmpi-4.0.7/opal/mca/pmix/pmix3x/pmix/src/server/pmix_server.c at line 2198
[gadi-cpu-spr-0395.gadi.nci.org.au:53859] PMIX ERROR: UNREACHABLE in file /jobfs/35226956.gadi-pbs/0/openmpi/4.0.7/source/openmpi-4.0.7/opal/mca/pmix/pmix3x/pmix/src/server/pmix_server.c at line 2198
[gadi-cpu-spr-0395.gadi.nci.org.au:53859] 47 more processes have sent help message help-mpi-api.txt / mpi-abort
[gadi-cpu-spr-0395.gadi.nci.org.au:53859] Set MCA parameter "orte_base_help_aggregate" to 0 to see all help / error messages
=== Job completed: Wed Apr 15 10:56:10 AEST 2026 ===

======================================================================================
                  Resource Usage on 2026-04-15 10:56:19:
   Job Id:             165687803.gadi-pbs
   Project:            xd2
   Exit Status:        0
   Service Units:      5.89
   NCPUs Requested:    48                  CPU Time Used: 01:09:14        
   Memory Requested:   500.0GB               Memory Used: 41.8GB          
   Walltime Requested: 03:00:00            Walltime Used: 00:01:46        
   JobFS Requested:    400.0GB                JobFS Used: 22.57MB         
======================================================================================
