=== Job info ===
Case: murr_horiz
Solver: sor
Scale: h2
Degree: 1
Nodes: 2
CPUs: 208
Date: Fri Aug 21 23:20:47 AEST 2026
G-ADOPT commit: 3ab20fabc820d68b6d1f820b80149bc8e452a7f4
Morrow commit: b153bd39bb0aa4da6fa4255ec076a2a14fc030fc
Driver SHA256: f5182d7d32b0293d79ef7050bbc979798d87c378f1525fe27f283ad0b4e5ba41
Solver SHA256: b8136ce5616e955b370a2afbbdf77964c4692837ee482b58dc98e7ec16c83a11
Firedrake module: singularity:intel-compiler-llvm/2024.2.1:petsc/main-20260815:firedrake/main-20260806
PETSC_OPTIONS: -log_view :/scratch/xd2/sg8812/morrow2026/parallel_scaling/results/murr_horiz/sor/h2.profile
================
Could not save font_manager cache Lock error: Matplotlib failed to acquire the following lock file:
    /jobfs/176973742.gadi-pbs/matplotlib/fontlist-v3.11.0.json.matplotlib-lock
This maybe due to another process holding this lock file.  If you are sure no
other Matplotlib process is running, remove this file and try again.
Could not save font_manager cache Lock error: Matplotlib failed to acquire the following lock file:
    /jobfs/176973742.gadi-pbs/matplotlib/fontlist-v3.11.0.json.matplotlib-lock
This maybe due to another process holding this lock file.  If you are sure no
other Matplotlib process is running, remove this file and try again.
Could not save font_manager cache Lock error: Matplotlib failed to acquire the following lock file:
    /jobfs/176973742.gadi-pbs/matplotlib/fontlist-v3.11.0.json.matplotlib-lock
This maybe due to another process holding this lock file.  If you are sure no
other Matplotlib process is running, remove this file and try again.
Could not save font_manager cache Lock error: Matplotlib failed to acquire the following lock file:
    /jobfs/176973742.gadi-pbs/matplotlib/fontlist-v3.11.0.json.matplotlib-lock
This maybe due to another process holding this lock file.  If you are sure no
other Matplotlib process is running, remove this file and try again.
Could not save font_manager cache Lock error: Matplotlib failed to acquire the following lock file:
    /jobfs/176973742.gadi-pbs/matplotlib/fontlist-v3.11.0.json.matplotlib-lock
This maybe due to another process holding this lock file.  If you are sure no
other Matplotlib process is running, remove this file and try again.
Could not save font_manager cache Lock error: Matplotlib failed to acquire the following lock file:
    /jobfs/176973742.gadi-pbs/matplotlib/fontlist-v3.11.0.json.matplotlib-lock
This maybe due to another process holding this lock file.  If you are sure no
other Matplotlib process is running, remove this file and try again.
Could not save font_manager cache Lock error: Matplotlib failed to acquire the following lock file:
    /jobfs/176973742.gadi-pbs/matplotlib/fontlist-v3.11.0.json.matplotlib-lock
This maybe due to another process holding this lock file.  If you are sure no
other Matplotlib process is running, remove this file and try again.
Number of degrees of freedom: 81964800
Horizontal resolution: 1250.0 m, Layers: 300, DG1
Time stepper: BackwardEuler, dt_init = 60.0 s, dt_max = 43200.0 s, growth = 1.5
Solver: sor
Solver parameters: {'ksp_type': 'gmres', 'ksp_pc_side': 'right', 'ksp_rtol': 0.0001, 'ksp_max_it': 200, 'pc_type': 'sor', 'snes_type': 'newtonls', 'snes_linesearch_type': 'bt', 'snes_rtol': 1e-08, 'snes_atol': 1e-12, 'snes_stol': 1e-08, 'snes_max_it': 50}
    Linear BackwardEuler-Equation_ solve did not converge due to DIVERGED_ITS iterations 200
  Nonlinear BackwardEuler-Equation_ solve did not converge due to DIVERGED_LINEAR_SOLVE iterations 0
Step 1 FAILED (ConvergenceError), shrinking dt to 30.0 s
    Linear BackwardEuler-Equation_ solve did not converge due to DIVERGED_ITS iterations 200
  Nonlinear BackwardEuler-Equation_ solve did not converge due to DIVERGED_LINEAR_SOLVE iterations 0
Step 1 FAILED (ConvergenceError), shrinking dt to 15.0 s
    Linear BackwardEuler-Equation_ solve did not converge due to DIVERGED_ITS iterations 200
  Nonlinear BackwardEuler-Equation_ solve did not converge due to DIVERGED_LINEAR_SOLVE iterations 0
Step 1 FAILED (ConvergenceError), shrinking dt to 7.5 s
    Linear BackwardEuler-Equation_ solve did not converge due to DIVERGED_ITS iterations 200
  Nonlinear BackwardEuler-Equation_ solve did not converge due to DIVERGED_LINEAR_SOLVE iterations 0
Step 1 FAILED (ConvergenceError), shrinking dt to 3.8 s
    Linear BackwardEuler-Equation_ solve did not converge due to DIVERGED_ITS iterations 200
  Nonlinear BackwardEuler-Equation_ solve did not converge due to DIVERGED_LINEAR_SOLVE iterations 0
Step 1 FAILED (ConvergenceError), shrinking dt to 1.9 s
    Linear BackwardEuler-Equation_ solve did not converge due to DIVERGED_ITS iterations 200
  Nonlinear BackwardEuler-Equation_ solve did not converge due to DIVERGED_LINEAR_SOLVE iterations 0
dt shrunk below 1 s (9.38e-01), giving up
FAILED — no successful steps | failed 6
=== Job completed: Fri Aug 21 23:25:11 AEST 2026 ===

======================================================================================
                  Resource Usage on 2026-08-21 23:25:16:
   Job Id:             176973742.gadi-pbs
   Project:            xd2
   Exit Status:        0
   Service Units:      30.74
   NCPUs Requested:    208                 CPU Time Used: 14:35:13        
   Memory Requested:   1000.0GB              Memory Used: 209.96GB        
   Walltime Requested: 06:00:00            Walltime Used: 00:04:26        
   JobFS Requested:    400.0GB                JobFS Used: 44.4MB          
======================================================================================
