=== Job info ===
Case: murrumbidgee
Solver: gamg_lipnikov
Scale: sweep
Nodes: 1
CPUs: 48
Date: Wed Apr 15 10:54:26 AEST 2026
================
Number of degrees of freedom: 853800
Horizontal resolution: 5000.0 m, Layers: 50, DG1
Time stepper: BackwardEuler, dt = 43200.0 s, steps = 20
Solver: gamg_lipnikov
Solver parameters: {'ksp_type': 'gmres', 'ksp_rtol': 1e-06, 'ksp_max_it': 200, 'ksp_gmres_restart': 30, 'pc_type': 'python', 'pc_python_type': 'gadopt.RichardsLipnikovPC', 'aux_pc_type': 'gamg', 'aux_pc_gamg_type': 'agg', 'aux_pc_gamg_threshold': 0.02, 'aux_pc_gamg_aggressive_coarsening': 1, 'aux_pc_gamg_agg_nsmooths': 1, 'aux_pc_gamg_coarse_eq_limit': 1000, 'aux_pc_gamg_reuse_interpolation': True, 'aux_pc_gamg_graph_symmetrize': True, 'aux_mg_levels_ksp_type': 'chebyshev', 'aux_mg_levels_ksp_max_it': 2, 'aux_mg_levels_ksp_convergence_test': 'skip', 'aux_mg_levels_pc_type': 'bjacobi', 'aux_mg_levels_sub_pc_type': 'ilu', 'aux_mg_levels_sub_pc_factor_levels': 0, 'aux_mg_coarse_ksp_type': 'gmres', 'aux_mg_coarse_ksp_max_it': 30, 'aux_mg_coarse_pc_type': 'bjacobi', 'aux_mg_coarse_sub_pc_type': 'ilu', 'snes_type': 'newtonls', 'snes_linesearch_type': 'bt', 'snes_rtol': 1e-08, 'snes_atol': 1e-08, 'snes_max_it': 50}
Solver kwargs: {'pmat': 'lipnikov'}
  0 SNES Function norm 1.586518606175e+08
tsfc:WARNING Estimated quadrature degree 23 more than tenfold greater than any argument/coefficient degree (max (1, 1))
    Linear BackwardEuler-Equation_ solve did not converge due to DIVERGED_ITS iterations 200
  Nonlinear BackwardEuler-Equation_ solve did not converge due to DIVERGED_LINEAR_SOLVE iterations 0
Traceback (most recent call last):
  File "/scratch/xd2/sg8812/g-adopt-worktrees/sghelichkhani/richardson/tests/parallel_scaling_richards/murrumbidgee_3d.py", line 284, in <module>
Traceback (most recent call last):
  File "/scratch/xd2/sg8812/g-adopt-worktrees/sghelichkhani/richardson/tests/parallel_scaling_richards/murrumbidgee_3d.py", line 284, in <module>
Traceback (most recent call last):
  File "/scratch/xd2/sg8812/g-adopt-worktrees/sghelichkhani/richardson/tests/parallel_scaling_richards/murrumbidgee_3d.py", line 284, in <module>
Traceback (most recent call last):
  File "/scratch/xd2/sg8812/g-adopt-worktrees/sghelichkhani/richardson/tests/parallel_scaling_richards/murrumbidgee_3d.py", line 284, in <module>
Traceback (most recent call last):
  File "/scratch/xd2/sg8812/g-adopt-worktrees/sghelichkhani/richardson/tests/parallel_scaling_richards/murrumbidgee_3d.py", line 284, in <module>
Traceback (most recent call last):
  File "/scratch/xd2/sg8812/g-adopt-worktrees/sghelichkhani/richardson/tests/parallel_scaling_richards/murrumbidgee_3d.py", line 284, in <module>
Traceback (most recent call last):
  File "/scratch/xd2/sg8812/g-adopt-worktrees/sghelichkhani/richardson/tests/parallel_scaling_richards/murrumbidgee_3d.py", line 284, in <module>
Traceback (most recent call last):
  File "/scratch/xd2/sg8812/g-adopt-worktrees/sghelichkhani/richardson/tests/parallel_scaling_richards/murrumbidgee_3d.py", line 284, in <module>
Traceback (most recent call last):
  File "/scratch/xd2/sg8812/g-adopt-worktrees/sghelichkhani/richardson/tests/parallel_scaling_richards/murrumbidgee_3d.py", line 284, in <module>
Traceback (most recent call last):
Traceback (most recent call last):
  File "/scratch/xd2/sg8812/g-adopt-worktrees/sghelichkhani/richardson/tests/parallel_scaling_richards/murrumbidgee_3d.py", line 284, in <module>
Traceback (most recent call last):
  File "/scratch/xd2/sg8812/g-adopt-worktrees/sghelichkhani/richardson/tests/parallel_scaling_richards/murrumbidgee_3d.py", line 284, in <module>
Traceback (most recent call last):
  File "/scratch/xd2/sg8812/g-adopt-worktrees/sghelichkhani/richardson/tests/parallel_scaling_richards/murrumbidgee_3d.py", line 284, in <module>
Traceback (most recent call last):
  File "/scratch/xd2/sg8812/g-adopt-worktrees/sghelichkhani/richardson/tests/parallel_scaling_richards/murrumbidgee_3d.py", line 284, in <module>
Traceback (most recent call last):
  File "/scratch/xd2/sg8812/g-adopt-worktrees/sghelichkhani/richardson/tests/parallel_scaling_richards/murrumbidgee_3d.py", line 284, in <module>
Traceback (most recent call last):
  File "/scratch/xd2/sg8812/g-adopt-worktrees/sghelichkhani/richardson/tests/parallel_scaling_richards/murrumbidgee_3d.py", line 284, in <module>
Traceback (most recent call last):
  File "/scratch/xd2/sg8812/g-adopt-worktrees/sghelichkhani/richardson/tests/parallel_scaling_richards/murrumbidgee_3d.py", line 284, in <module>
Traceback (most recent call last):
  File "/scratch/xd2/sg8812/g-adopt-worktrees/sghelichkhani/richardson/tests/parallel_scaling_richards/murrumbidgee_3d.py", line 284, in <module>
Traceback (most recent call last):
  File "/scratch/xd2/sg8812/g-adopt-worktrees/sghelichkhani/richardson/tests/parallel_scaling_richards/murrumbidgee_3d.py", line 284, in <module>
Traceback (most recent call last):
  File "/scratch/xd2/sg8812/g-adopt-worktrees/sghelichkhani/richardson/tests/parallel_scaling_richards/murrumbidgee_3d.py", line 284, in <module>
Traceback (most recent call last):
  File "/scratch/xd2/sg8812/g-adopt-worktrees/sghelichkhani/richardson/tests/parallel_scaling_richards/murrumbidgee_3d.py", line 284, in <module>
Traceback (most recent call last):
  File "/scratch/xd2/sg8812/g-adopt-worktrees/sghelichkhani/richardson/tests/parallel_scaling_richards/murrumbidgee_3d.py", line 284, in <module>
Traceback (most recent call last):
Traceback (most recent call last):
  File "/scratch/xd2/sg8812/g-adopt-worktrees/sghelichkhani/richardson/tests/parallel_scaling_richards/murrumbidgee_3d.py", line 284, in <module>
Traceback (most recent call last):
  File "/scratch/xd2/sg8812/g-adopt-worktrees/sghelichkhani/richardson/tests/parallel_scaling_richards/murrumbidgee_3d.py", line 284, in <module>
Traceback (most recent call last):
  File "/scratch/xd2/sg8812/g-adopt-worktrees/sghelichkhani/richardson/tests/parallel_scaling_richards/murrumbidgee_3d.py", line 284, in <module>
Traceback (most recent call last):
  File "/scratch/xd2/sg8812/g-adopt-worktrees/sghelichkhani/richardson/tests/parallel_scaling_richards/murrumbidgee_3d.py", line 284, in <module>
Traceback (most recent call last):
  File "/scratch/xd2/sg8812/g-adopt-worktrees/sghelichkhani/richardson/tests/parallel_scaling_richards/murrumbidgee_3d.py", line 284, in <module>
Traceback (most recent call last):
  File "/scratch/xd2/sg8812/g-adopt-worktrees/sghelichkhani/richardson/tests/parallel_scaling_richards/murrumbidgee_3d.py", line 284, in <module>
Traceback (most recent call last):
  File "/scratch/xd2/sg8812/g-adopt-worktrees/sghelichkhani/richardson/tests/parallel_scaling_richards/murrumbidgee_3d.py", line 284, in <module>
Traceback (most recent call last):
  File "/scratch/xd2/sg8812/g-adopt-worktrees/sghelichkhani/richardson/tests/parallel_scaling_richards/murrumbidgee_3d.py", line 284, in <module>
Traceback (most recent call last):
  File "/scratch/xd2/sg8812/g-adopt-worktrees/sghelichkhani/richardson/tests/parallel_scaling_richards/murrumbidgee_3d.py", line 284, in <module>
  File "/scratch/xd2/sg8812/g-adopt-worktrees/sghelichkhani/richardson/tests/parallel_scaling_richards/murrumbidgee_3d.py", line 284, in <module>
Traceback (most recent call last):
  File "/scratch/xd2/sg8812/g-adopt-worktrees/sghelichkhani/richardson/tests/parallel_scaling_richards/murrumbidgee_3d.py", line 284, in <module>
Traceback (most recent call last):
  File "/scratch/xd2/sg8812/g-adopt-worktrees/sghelichkhani/richardson/tests/parallel_scaling_richards/murrumbidgee_3d.py", line 284, in <module>
Traceback (most recent call last):
  File "/scratch/xd2/sg8812/g-adopt-worktrees/sghelichkhani/richardson/tests/parallel_scaling_richards/murrumbidgee_3d.py", line 284, in <module>
Traceback (most recent call last):
  File "/scratch/xd2/sg8812/g-adopt-worktrees/sghelichkhani/richardson/tests/parallel_scaling_richards/murrumbidgee_3d.py", line 284, in <module>
Traceback (most recent call last):
  File "/scratch/xd2/sg8812/g-adopt-worktrees/sghelichkhani/richardson/tests/parallel_scaling_richards/murrumbidgee_3d.py", line 284, in <module>
Traceback (most recent call last):
  File "/scratch/xd2/sg8812/g-adopt-worktrees/sghelichkhani/richardson/tests/parallel_scaling_richards/murrumbidgee_3d.py", line 284, in <module>
Traceback (most recent call last):
  File "/scratch/xd2/sg8812/g-adopt-worktrees/sghelichkhani/richardson/tests/parallel_scaling_richards/murrumbidgee_3d.py", line 284, in <module>
Traceback (most recent call last):
  File "/scratch/xd2/sg8812/g-adopt-worktrees/sghelichkhani/richardson/tests/parallel_scaling_richards/murrumbidgee_3d.py", line 284, in <module>
Traceback (most recent call last):
  File "/scratch/xd2/sg8812/g-adopt-worktrees/sghelichkhani/richardson/tests/parallel_scaling_richards/murrumbidgee_3d.py", line 284, in <module>
Traceback (most recent call last):
  File "/scratch/xd2/sg8812/g-adopt-worktrees/sghelichkhani/richardson/tests/parallel_scaling_richards/murrumbidgee_3d.py", line 284, in <module>
Traceback (most recent call last):
  File "/scratch/xd2/sg8812/g-adopt-worktrees/sghelichkhani/richardson/tests/parallel_scaling_richards/murrumbidgee_3d.py", line 284, in <module>
Traceback (most recent call last):
  File "/scratch/xd2/sg8812/g-adopt-worktrees/sghelichkhani/richardson/tests/parallel_scaling_richards/murrumbidgee_3d.py", line 284, in <module>
Traceback (most recent call last):
  File "/scratch/xd2/sg8812/g-adopt-worktrees/sghelichkhani/richardson/tests/parallel_scaling_richards/murrumbidgee_3d.py", line 284, in <module>
Traceback (most recent call last):
  File "/scratch/xd2/sg8812/g-adopt-worktrees/sghelichkhani/richardson/tests/parallel_scaling_richards/murrumbidgee_3d.py", line 284, in <module>
Traceback (most recent call last):
  File "/scratch/xd2/sg8812/g-adopt-worktrees/sghelichkhani/richardson/tests/parallel_scaling_richards/murrumbidgee_3d.py", line 284, in <module>
Traceback (most recent call last):
  File "/scratch/xd2/sg8812/g-adopt-worktrees/sghelichkhani/richardson/tests/parallel_scaling_richards/murrumbidgee_3d.py", line 284, in <module>
  File "/scratch/xd2/sg8812/g-adopt-worktrees/sghelichkhani/richardson/tests/parallel_scaling_richards/murrumbidgee_3d.py", line 284, in <module>
    model(
  File "/scratch/xd2/sg8812/g-adopt-worktrees/sghelichkhani/richardson/tests/parallel_scaling_richards/murrumbidgee_3d.py", line 262, in model
    model(
  File "/scratch/xd2/sg8812/g-adopt-worktrees/sghelichkhani/richardson/tests/parallel_scaling_richards/murrumbidgee_3d.py", line 262, in model
    model(
  File "/scratch/xd2/sg8812/g-adopt-worktrees/sghelichkhani/richardson/tests/parallel_scaling_richards/murrumbidgee_3d.py", line 262, in model
    model(
  File "/scratch/xd2/sg8812/g-adopt-worktrees/sghelichkhani/richardson/tests/parallel_scaling_richards/murrumbidgee_3d.py", line 262, in model
    model(
  File "/scratch/xd2/sg8812/g-adopt-worktrees/sghelichkhani/richardson/tests/parallel_scaling_richards/murrumbidgee_3d.py", line 262, in model
    model(
  File "/scratch/xd2/sg8812/g-adopt-worktrees/sghelichkhani/richardson/tests/parallel_scaling_richards/murrumbidgee_3d.py", line 262, in model
    model(
  File "/scratch/xd2/sg8812/g-adopt-worktrees/sghelichkhani/richardson/tests/parallel_scaling_richards/murrumbidgee_3d.py", line 262, in model
    model(
  File "/scratch/xd2/sg8812/g-adopt-worktrees/sghelichkhani/richardson/tests/parallel_scaling_richards/murrumbidgee_3d.py", line 262, in model
    richards_solver.solve()
    richards_solver.solve()
    richards_solver.solve()
    richards_solver.solve()
  File "/scratch/xd2/sg8812/g-adopt-worktrees/sghelichkhani/richardson/gadopt/richards_solver.py", line 566, in solve
  File "/scratch/xd2/sg8812/g-adopt-worktrees/sghelichkhani/richardson/gadopt/richards_solver.py", line 566, in solve
  File "/scratch/xd2/sg8812/g-adopt-worktrees/sghelichkhani/richardson/gadopt/richards_solver.py", line 566, in solve
  File "/scratch/xd2/sg8812/g-adopt-worktrees/sghelichkhani/richardson/gadopt/richards_solver.py", line 566, in solve
    model(
  File "/scratch/xd2/sg8812/g-adopt-worktrees/sghelichkhani/richardson/tests/parallel_scaling_richards/murrumbidgee_3d.py", line 262, in model
    model(
  File "/scratch/xd2/sg8812/g-adopt-worktrees/sghelichkhani/richardson/tests/parallel_scaling_richards/murrumbidgee_3d.py", line 262, in model
    model(
  File "/scratch/xd2/sg8812/g-adopt-worktrees/sghelichkhani/richardson/tests/parallel_scaling_richards/murrumbidgee_3d.py", line 262, in model
    model(
  File "/scratch/xd2/sg8812/g-adopt-worktrees/sghelichkhani/richardson/tests/parallel_scaling_richards/murrumbidgee_3d.py", line 262, in model
    return self.ts.advance(t)
           ^^^^^^^^^^^^^^^^^^
  File "/scratch/xd2/sg8812/g-adopt-worktrees/sghelichkhani/richardson/gadopt/time_stepper.py", line 244, in advance
    return self.ts.advance(t)
           ^^^^^^^^^^^^^^^^^^
  File "/scratch/xd2/sg8812/g-adopt-worktrees/sghelichkhani/richardson/gadopt/time_stepper.py", line 244, in advance
    return self.ts.advance(t)
           ^^^^^^^^^^^^^^^^^^
  File "/scratch/xd2/sg8812/g-adopt-worktrees/sghelichkhani/richardson/gadopt/time_stepper.py", line 244, in advance
    model(
    model(
  File "/scratch/xd2/sg8812/g-adopt-worktrees/sghelichkhani/richardson/tests/parallel_scaling_richards/murrumbidgee_3d.py", line 262, in model
  File "/scratch/xd2/sg8812/g-adopt-worktrees/sghelichkhani/richardson/tests/parallel_scaling_richards/murrumbidgee_3d.py", line 262, in model
    model(
  File "/scratch/xd2/sg8812/g-adopt-worktrees/sghelichkhani/richardson/tests/parallel_scaling_richards/murrumbidgee_3d.py", line 262, in model
    return self.ts.advance(t)
           ^^^^^^^^^^^^^^^^^^
  File "/scratch/xd2/sg8812/g-adopt-worktrees/sghelichkhani/richardson/gadopt/time_stepper.py", line 244, in advance
    richards_solver.solve()
  File "/scratch/xd2/sg8812/g-adopt-worktrees/sghelichkhani/richardson/gadopt/richards_solver.py", line 566, in solve
    result = self.stepper.advance()
    result = self.stepper.advance()
             ^^^^^^^^^^^^^^^^^^^^^^
  File "/scratch/xd2/sg8812/Irksome/irksome/base_time_stepper.py", line 147, in advance
             ^^^^^^^^^^^^^^^^^^^^^^
  File "/scratch/xd2/sg8812/Irksome/irksome/base_time_stepper.py", line 147, in advance
    result = self.stepper.advance()
             ^^^^^^^^^^^^^^^^^^^^^^
  File "/scratch/xd2/sg8812/Irksome/irksome/base_time_stepper.py", line 147, in advance
    result = self.stepper.advance()
             ^^^^^^^^^^^^^^^^^^^^^^
  File "/scratch/xd2/sg8812/Irksome/irksome/base_time_stepper.py", line 147, in advance
    richards_solver.solve()
  File "/scratch/xd2/sg8812/g-adopt-worktrees/sghelichkhani/richardson/gadopt/richards_solver.py", line 566, in solve
    model(
  File "/scratch/xd2/sg8812/g-adopt-worktrees/sghelichkhani/richardson/tests/parallel_scaling_richards/murrumbidgee_3d.py", line 262, in model
    model(
  File "/scratch/xd2/sg8812/g-adopt-worktrees/sghelichkhani/richardson/tests/parallel_scaling_richards/murrumbidgee_3d.py", line 262, in model
    self.solver.solve(bounds=self.stage_bounds)
  File "petsc4py/PETSc/Log.pyx", line 250, in petsc4py.PETSc.Log.EventDecorator.decorator.wrapped_func
    return self.ts.advance(t)
           ^^^^^^^^^^^^^^^^^^
  File "/scratch/xd2/sg8812/g-adopt-worktrees/sghelichkhani/richardson/gadopt/time_stepper.py", line 244, in advance
    self.solver.solve(bounds=self.stage_bounds)
  File "petsc4py/PETSc/Log.pyx", line 250, in petsc4py.PETSc.Log.EventDecorator.decorator.wrapped_func
    self.solver.solve(bounds=self.stage_bounds)
  File "petsc4py/PETSc/Log.pyx", line 250, in petsc4py.PETSc.Log.EventDecorator.decorator.wrapped_func
    self.solver.solve(bounds=self.stage_bounds)
  File "petsc4py/PETSc/Log.pyx", line 250, in petsc4py.PETSc.Log.EventDecorator.decorator.wrapped_func
    result = self.stepper.advance()
             ^^^^^^^^^^^^^^^^^^^^^^
  File "/scratch/xd2/sg8812/Irksome/irksome/base_time_stepper.py", line 147, in advance
    return self.ts.advance(t)
           ^^^^^^^^^^^^^^^^^^
  File "/scratch/xd2/sg8812/g-adopt-worktrees/sghelichkhani/richardson/gadopt/time_stepper.py", line 244, in advance
    self.solver.solve(bounds=self.stage_bounds)
  File "petsc4py/PETSc/Log.pyx", line 250, in petsc4py.PETSc.Log.EventDecorator.decorator.wrapped_func
    result = self.stepper.advance()
             ^^^^^^^^^^^^^^^^^^^^^^
  File "/scratch/xd2/sg8812/Irksome/irksome/base_time_stepper.py", line 147, in advance
    self.solver.solve(bounds=self.stage_bounds)
  File "petsc4py/PETSc/Log.pyx", line 250, in petsc4py.PETSc.Log.EventDecorator.decorator.wrapped_func
  File "petsc4py/PETSc/Log.pyx", line 251, in petsc4py.PETSc.Log.EventDecorator.decorator.wrapped_func
  File "petsc4py/PETSc/Log.pyx", line 251, in petsc4py.PETSc.Log.EventDecorator.decorator.wrapped_func
  File "petsc4py/PETSc/Log.pyx", line 251, in petsc4py.PETSc.Log.EventDecorator.decorator.wrapped_func
  File "petsc4py/PETSc/Log.pyx", line 251, in petsc4py.PETSc.Log.EventDecorator.decorator.wrapped_func
  File "petsc4py/PETSc/Log.pyx", line 251, in petsc4py.PETSc.Log.EventDecorator.decorator.wrapped_func
  File "/scratch/xd2/sg8812/firedrake-override/firedrake/adjoint_utils/variational_solver.py", line 116, in wrapper
    model(
  File "/scratch/xd2/sg8812/firedrake-override/firedrake/adjoint_utils/variational_solver.py", line 116, in wrapper
  File "/scratch/xd2/sg8812/firedrake-override/firedrake/adjoint_utils/variational_solver.py", line 116, in wrapper
  File "petsc4py/PETSc/Log.pyx", line 251, in petsc4py.PETSc.Log.EventDecorator.decorator.wrapped_func
  File "/scratch/xd2/sg8812/firedrake-override/firedrake/adjoint_utils/variational_solver.py", line 116, in wrapper
  File "/scratch/xd2/sg8812/g-adopt-worktrees/sghelichkhani/richardson/tests/parallel_scaling_richards/murrumbidgee_3d.py", line 262, in model
  File "/scratch/xd2/sg8812/firedrake-override/firedrake/adjoint_utils/variational_solver.py", line 116, in wrapper
  File "/scratch/xd2/sg8812/firedrake-override/firedrake/adjoint_utils/variational_solver.py", line 116, in wrapper
    model(
  File "/scratch/xd2/sg8812/g-adopt-worktrees/sghelichkhani/richardson/tests/parallel_scaling_richards/murrumbidgee_3d.py", line 262, in model
    model(
  File "/scratch/xd2/sg8812/g-adopt-worktrees/sghelichkhani/richardson/tests/parallel_scaling_richards/murrumbidgee_3d.py", line 262, in model
    model(
  File "/scratch/xd2/sg8812/g-adopt-worktrees/sghelichkhani/richardson/tests/parallel_scaling_richards/murrumbidgee_3d.py", line 262, in model
    richards_solver.solve()
    model(
  File "/scratch/xd2/sg8812/g-adopt-worktrees/sghelichkhani/richardson/tests/parallel_scaling_richards/murrumbidgee_3d.py", line 262, in model
    model(
  File "/scratch/xd2/sg8812/g-adopt-worktrees/sghelichkhani/richardson/tests/parallel_scaling_richards/murrumbidgee_3d.py", line 262, in model
    model(
  File "/scratch/xd2/sg8812/g-adopt-worktrees/sghelichkhani/richardson/tests/parallel_scaling_richards/murrumbidgee_3d.py", line 262, in model
    model(
  File "/scratch/xd2/sg8812/g-adopt-worktrees/sghelichkhani/richardson/gadopt/richards_solver.py", line 566, in solve
    richards_solver.solve()
  File "/scratch/xd2/sg8812/g-adopt-worktrees/sghelichkhani/richardson/tests/parallel_scaling_richards/murrumbidgee_3d.py", line 262, in model
  File "/scratch/xd2/sg8812/g-adopt-worktrees/sghelichkhani/richardson/gadopt/richards_solver.py", line 566, in solve
    richards_solver.solve()
    richards_solver.solve()
    richards_solver.solve()
  File "/scratch/xd2/sg8812/g-adopt-worktrees/sghelichkhani/richardson/gadopt/richards_solver.py", line 566, in solve
  File "/scratch/xd2/sg8812/g-adopt-worktrees/sghelichkhani/richardson/gadopt/richards_solver.py", line 566, in solve
  File "/scratch/xd2/sg8812/g-adopt-worktrees/sghelichkhani/richardson/gadopt/richards_solver.py", line 566, in solve
    richards_solver.solve()
    richards_solver.solve()
    richards_solver.solve()
  File "/scratch/xd2/sg8812/g-adopt-worktrees/sghelichkhani/richardson/gadopt/richards_solver.py", line 566, in solve
    richards_solver.solve()
  File "/scratch/xd2/sg8812/g-adopt-worktrees/sghelichkhani/richardson/gadopt/richards_solver.py", line 566, in solve
  File "/scratch/xd2/sg8812/g-adopt-worktrees/sghelichkhani/richardson/gadopt/richards_solver.py", line 566, in solve
  File "/scratch/xd2/sg8812/g-adopt-worktrees/sghelichkhani/richardson/gadopt/richards_solver.py", line 566, in solve
    out = solve(self, **kwargs)
          ^^^^^^^^^^^^^^^^^^^^^
  File "/scratch/xd2/sg8812/firedrake-override/firedrake/variational_solver.py", line 403, in solve
    out = solve(self, **kwargs)
          ^^^^^^^^^^^^^^^^^^^^^
  File "/scratch/xd2/sg8812/firedrake-override/firedrake/variational_solver.py", line 403, in solve
    out = solve(self, **kwargs)
          ^^^^^^^^^^^^^^^^^^^^^
  File "/scratch/xd2/sg8812/firedrake-override/firedrake/variational_solver.py", line 403, in solve
    richards_solver.solve()
  File "/scratch/xd2/sg8812/g-adopt-worktrees/sghelichkhani/richardson/gadopt/richards_solver.py", line 566, in solve
    richards_solver.solve()
  File "/scratch/xd2/sg8812/g-adopt-worktrees/sghelichkhani/richardson/gadopt/richards_solver.py", line 566, in solve
    out = solve(self, **kwargs)
          ^^^^^^^^^^^^^^^^^^^^^
  File "/scratch/xd2/sg8812/firedrake-override/firedrake/variational_solver.py", line 403, in solve
    model(
  File "/scratch/xd2/sg8812/g-adopt-worktrees/sghelichkhani/richardson/tests/parallel_scaling_richards/murrumbidgee_3d.py", line 262, in model
    out = solve(self, **kwargs)
          ^^^^^^^^^^^^^^^^^^^^^
  File "/scratch/xd2/sg8812/firedrake-override/firedrake/variational_solver.py", line 403, in solve
    model(
  File "/scratch/xd2/sg8812/g-adopt-worktrees/sghelichkhani/richardson/tests/parallel_scaling_richards/murrumbidgee_3d.py", line 262, in model
    model(
    richards_solver.solve()
  File "/scratch/xd2/sg8812/g-adopt-worktrees/sghelichkhani/richardson/gadopt/richards_solver.py", line 566, in solve
    model(
  File "/scratch/xd2/sg8812/g-adopt-worktrees/sghelichkhani/richardson/tests/parallel_scaling_richards/murrumbidgee_3d.py", line 262, in model
    model(
  File "/scratch/xd2/sg8812/g-adopt-worktrees/sghelichkhani/richardson/tests/parallel_scaling_richards/murrumbidgee_3d.py", line 262, in model
    model(
  File "/scratch/xd2/sg8812/g-adopt-worktrees/sghelichkhani/richardson/tests/parallel_scaling_richards/murrumbidgee_3d.py", line 262, in model
    out = solve(self, **kwargs)
    model(
  File "/scratch/xd2/sg8812/g-adopt-worktrees/sghelichkhani/richardson/tests/parallel_scaling_richards/murrumbidgee_3d.py", line 262, in model
    model(
  File "/scratch/xd2/sg8812/g-adopt-worktrees/sghelichkhani/richardson/tests/parallel_scaling_richards/murrumbidgee_3d.py", line 262, in model
    model(
  File "/scratch/xd2/sg8812/g-adopt-worktrees/sghelichkhani/richardson/tests/parallel_scaling_richards/murrumbidgee_3d.py", line 262, in model
    model(
    model(
  File "/scratch/xd2/sg8812/g-adopt-worktrees/sghelichkhani/richardson/tests/parallel_scaling_richards/murrumbidgee_3d.py", line 262, in model
    model(
    solving_utils.check_snes_convergence(self.snes)
  File "/scratch/xd2/sg8812/firedrake-override/firedrake/solving_utils.py", line 129, in check_snes_convergence
    solving_utils.check_snes_convergence(self.snes)
  File "/scratch/xd2/sg8812/firedrake-override/firedrake/solving_utils.py", line 129, in check_snes_convergence
          ^^^^^^^^^^^^^^^^^^^^^
  File "/scratch/xd2/sg8812/firedrake-override/firedrake/variational_solver.py", line 403, in solve
  File "/scratch/xd2/sg8812/g-adopt-worktrees/sghelichkhani/richardson/tests/parallel_scaling_richards/murrumbidgee_3d.py", line 262, in model
    solving_utils.check_snes_convergence(self.snes)
  File "/scratch/xd2/sg8812/firedrake-override/firedrake/solving_utils.py", line 129, in check_snes_convergence
    solving_utils.check_snes_convergence(self.snes)
  File "/scratch/xd2/sg8812/firedrake-override/firedrake/solving_utils.py", line 129, in check_snes_convergence
    richards_solver.solve()
    model(
  File "/scratch/xd2/sg8812/g-adopt-worktrees/sghelichkhani/richardson/tests/parallel_scaling_richards/murrumbidgee_3d.py", line 262, in model
  File "/scratch/xd2/sg8812/g-adopt-worktrees/sghelichkhani/richardson/tests/parallel_scaling_richards/murrumbidgee_3d.py", line 262, in model
    model(
  File "/scratch/xd2/sg8812/g-adopt-worktrees/sghelichkhani/richardson/tests/parallel_scaling_richards/murrumbidgee_3d.py", line 262, in model
    model(
  File "/scratch/xd2/sg8812/g-adopt-worktrees/sghelichkhani/richardson/tests/parallel_scaling_richards/murrumbidgee_3d.py", line 262, in model
    solving_utils.check_snes_convergence(self.snes)
  File "/scratch/xd2/sg8812/firedrake-override/firedrake/solving_utils.py", line 129, in check_snes_convergence
    model(
  File "/scratch/xd2/sg8812/g-adopt-worktrees/sghelichkhani/richardson/tests/parallel_scaling_richards/murrumbidgee_3d.py", line 262, in model
  File "/scratch/xd2/sg8812/g-adopt-worktrees/sghelichkhani/richardson/tests/parallel_scaling_richards/murrumbidgee_3d.py", line 262, in model
    richards_solver.solve()
    return self.ts.advance(t)
           ^^^^^^^^^^^^^^^^^^
  File "/scratch/xd2/sg8812/g-adopt-worktrees/sghelichkhani/richardson/gadopt/time_stepper.py", line 244, in advance
    model(
  File "/scratch/xd2/sg8812/g-adopt-worktrees/sghelichkhani/richardson/tests/parallel_scaling_richards/murrumbidgee_3d.py", line 262, in model
    raise ConvergenceError(r"""Nonlinear solve failed to converge after %d nonlinear iterations.
firedrake.exceptions.ConvergenceError: Nonlinear solve failed to converge after 0 nonlinear iterations.
Reason:
   DIVERGED_LINEAR_SOLVE    raise ConvergenceError(r"""Nonlinear solve failed to converge after %d nonlinear iterations.
firedrake.exceptions.ConvergenceError: Nonlinear solve failed to converge after 0 nonlinear iterations.
Reason:
   DIVERGED_LINEAR_SOLVE    return self.ts.advance(t)
           ^^^^^^^^^^^^^^^^^^
  File "/scratch/xd2/sg8812/g-adopt-worktrees/sghelichkhani/richardson/gadopt/time_stepper.py", line 244, in advance
    raise ConvergenceError(r"""Nonlinear solve failed to converge after %d nonlinear iterations.
firedrake.exceptions.ConvergenceError: Nonlinear solve failed to converge after 0 nonlinear iterations.
Reason:
   DIVERGED_LINEAR_SOLVE    richards_solver.solve()
  File "/scratch/xd2/sg8812/g-adopt-worktrees/sghelichkhani/richardson/gadopt/richards_solver.py", line 566, in solve
    model(
  File "/scratch/xd2/sg8812/g-adopt-worktrees/sghelichkhani/richardson/tests/parallel_scaling_richards/murrumbidgee_3d.py", line 262, in model
    raise ConvergenceError(r"""Nonlinear solve failed to converge after %d nonlinear iterations.
firedrake.exceptions.ConvergenceError: Nonlinear solve failed to converge after 0 nonlinear iterations.
Reason:
   DIVERGED_LINEAR_SOLVE  File "/scratch/xd2/sg8812/g-adopt-worktrees/sghelichkhani/richardson/gadopt/richards_solver.py", line 566, in solve
    richards_solver.solve()
  File "/scratch/xd2/sg8812/g-adopt-worktrees/sghelichkhani/richardson/gadopt/richards_solver.py", line 566, in solve
    model(
  File "/scratch/xd2/sg8812/g-adopt-worktrees/sghelichkhani/richardson/tests/parallel_scaling_richards/murrumbidgee_3d.py", line 262, in model
    raise ConvergenceError(r"""Nonlinear solve failed to converge after %d nonlinear iterations.
firedrake.exceptions.ConvergenceError: Nonlinear solve failed to converge after 0 nonlinear iterations.
Reason:
   DIVERGED_LINEAR_SOLVE  File "/scratch/xd2/sg8812/g-adopt-worktrees/sghelichkhani/richardson/gadopt/richards_solver.py", line 566, in solve
    return self.ts.advance(t)
           ^^^^^^^^^^^^^^^^^^
  File "/scratch/xd2/sg8812/g-adopt-worktrees/sghelichkhani/richardson/gadopt/time_stepper.py", line 244, in advance

    solving_utils.check_snes_convergence(self.snes)
  File "/scratch/xd2/sg8812/firedrake-override/firedrake/solving_utils.py", line 129, in check_snes_convergence



    richards_solver.solve()
  File "/scratch/xd2/sg8812/g-adopt-worktrees/sghelichkhani/richardson/gadopt/richards_solver.py", line 566, in solve

    return self.ts.advance(t)
    raise ConvergenceError(r"""Nonlinear solve failed to converge after %d nonlinear iterations.
firedrake.exceptions.ConvergenceError: Nonlinear solve failed to converge after 0 nonlinear iterations.
Reason:
   DIVERGED_LINEAR_SOLVE
    return self.ts.advance(t)
    return self.ts.advance(t)
           ^^^^^^^^^^^^^^^^^^
  File "/scratch/xd2/sg8812/g-adopt-worktrees/sghelichkhani/richardson/gadopt/time_stepper.py", line 244, in advance
    return self.ts.advance(t)
           ^^^^^^^^^^^^^^^^^^
  File "/scratch/xd2/sg8812/g-adopt-worktrees/sghelichkhani/richardson/gadopt/time_stepper.py", line 244, in advance
    return self.ts.advance(t)
           ^^^^^^^^^^^^^^^^^^
           ^^^^^^^^^^^^^^^^^^
  File "/scratch/xd2/sg8812/g-adopt-worktrees/sghelichkhani/richardson/gadopt/time_stepper.py", line 244, in advance
    richards_solver.solve()
    richards_solver.solve()
  File "/scratch/xd2/sg8812/g-adopt-worktrees/sghelichkhani/richardson/gadopt/richards_solver.py", line 566, in solve
    richards_solver.solve()
  File "/scratch/xd2/sg8812/g-adopt-worktrees/sghelichkhani/richardson/gadopt/richards_solver.py", line 566, in solve
    richards_solver.solve()
  File "/scratch/xd2/sg8812/g-adopt-worktrees/sghelichkhani/richardson/gadopt/richards_solver.py", line 566, in solve
           ^^^^^^^^^^^^^^^^^^
  File "/scratch/xd2/sg8812/g-adopt-worktrees/sghelichkhani/richardson/gadopt/time_stepper.py", line 244, in advance
    richards_solver.solve()
    richards_solver.solve()
    richards_solver.solve()
  File "/scratch/xd2/sg8812/g-adopt-worktrees/sghelichkhani/richardson/gadopt/richards_solver.py", line 566, in solve
    return self.ts.advance(t)
           ^^^^^^^^^^^^^^^^^^
  File "/scratch/xd2/sg8812/g-adopt-worktrees/sghelichkhani/richardson/gadopt/time_stepper.py", line 244, in advance
  File "/scratch/xd2/sg8812/g-adopt-worktrees/sghelichkhani/richardson/gadopt/time_stepper.py", line 244, in advance
    richards_solver.solve()
  File "/scratch/xd2/sg8812/g-adopt-worktrees/sghelichkhani/richardson/gadopt/richards_solver.py", line 566, in solve
    richards_solver.solve()
  File "/scratch/xd2/sg8812/g-adopt-worktrees/sghelichkhani/richardson/gadopt/richards_solver.py", line 566, in solve
  File "/scratch/xd2/sg8812/g-adopt-worktrees/sghelichkhani/richardson/gadopt/richards_solver.py", line 566, in solve
  File "/scratch/xd2/sg8812/g-adopt-worktrees/sghelichkhani/richardson/gadopt/richards_solver.py", line 566, in solve
    return self.ts.advance(t)
  File "/scratch/xd2/sg8812/g-adopt-worktrees/sghelichkhani/richardson/gadopt/richards_solver.py", line 566, in solve
    richards_solver.solve()
    return self.ts.advance(t)
    richards_solver.solve()
           ^^^^^^^^^^^^^^^^^^
  File "/scratch/xd2/sg8812/g-adopt-worktrees/sghelichkhani/richardson/gadopt/time_stepper.py", line 244, in advance
    richards_solver.solve()
    richards_solver.solve()
    richards_solver.solve()
    return self.ts.advance(t)
           ^^^^^^^^^^^^^^^^^^
  File "/scratch/xd2/sg8812/g-adopt-worktrees/sghelichkhani/richardson/gadopt/time_stepper.py", line 244, in advance
    richards_solver.solve()
  File "/scratch/xd2/sg8812/g-adopt-worktrees/sghelichkhani/richardson/gadopt/richards_solver.py", line 566, in solve
    richards_solver.solve()
  File "/scratch/xd2/sg8812/g-adopt-worktrees/sghelichkhani/richardson/gadopt/richards_solver.py", line 566, in solve
    richards_solver.solve()
  File "/scratch/xd2/sg8812/g-adopt-worktrees/sghelichkhani/richardson/gadopt/richards_solver.py", line 566, in solve
           ^^^^^^^^^^^^^^^^^^
  File "/scratch/xd2/sg8812/g-adopt-worktrees/sghelichkhani/richardson/gadopt/time_stepper.py", line 244, in advance
  File "/scratch/xd2/sg8812/g-adopt-worktrees/sghelichkhani/richardson/gadopt/richards_solver.py", line 566, in solve
    richards_solver.solve()
    richards_solver.solve()
    richards_solver.solve()
  File "/scratch/xd2/sg8812/g-adopt-worktrees/sghelichkhani/richardson/gadopt/richards_solver.py", line 566, in solve
    return self.ts.advance(t)
    return self.ts.advance(t)
    return self.ts.advance(t)
  File "/scratch/xd2/sg8812/g-adopt-worktrees/sghelichkhani/richardson/gadopt/richards_solver.py", line 566, in solve
    return self.ts.advance(t)
  File "/scratch/xd2/sg8812/g-adopt-worktrees/sghelichkhani/richardson/gadopt/richards_solver.py", line 566, in solve
  File "/scratch/xd2/sg8812/g-adopt-worktrees/sghelichkhani/richardson/gadopt/richards_solver.py", line 566, in solve
  File "/scratch/xd2/sg8812/g-adopt-worktrees/sghelichkhani/richardson/gadopt/richards_solver.py", line 566, in solve
    return self.ts.advance(t)
           ^^^^^^^^^^^^^^^^^^
  File "/scratch/xd2/sg8812/g-adopt-worktrees/sghelichkhani/richardson/gadopt/time_stepper.py", line 244, in advance
    result = self.stepper.advance()
             ^^^^^^^^^^^^^^^^^^^^^^
  File "/scratch/xd2/sg8812/Irksome/irksome/base_time_stepper.py", line 147, in advance
    result = self.stepper.advance()
             ^^^^^^^^^^^^^^^^^^^^^^
  File "/scratch/xd2/sg8812/Irksome/irksome/base_time_stepper.py", line 147, in advance
  File "/scratch/xd2/sg8812/g-adopt-worktrees/sghelichkhani/richardson/gadopt/richards_solver.py", line 566, in solve
    richards_solver.solve()
    result = self.stepper.advance()
             ^^^^^^^^^^^^^^^^^^^^^^
  File "/scratch/xd2/sg8812/Irksome/irksome/base_time_stepper.py", line 147, in advance
    result = self.stepper.advance()
             ^^^^^^^^^^^^^^^^^^^^^^
  File "/scratch/xd2/sg8812/g-adopt-worktrees/sghelichkhani/richardson/gadopt/richards_solver.py", line 566, in solve
           ^^^^^^^^^^^^^^^^^^
  File "/scratch/xd2/sg8812/g-adopt-worktrees/sghelichkhani/richardson/gadopt/time_stepper.py", line 244, in advance
           ^^^^^^^^^^^^^^^^^^
  File "/scratch/xd2/sg8812/g-adopt-worktrees/sghelichkhani/richardson/gadopt/time_stepper.py", line 244, in advance
           ^^^^^^^^^^^^^^^^^^
  File "/scratch/xd2/sg8812/g-adopt-worktrees/sghelichkhani/richardson/gadopt/time_stepper.py", line 244, in advance
           ^^^^^^^^^^^^^^^^^^
  File "/scratch/xd2/sg8812/g-adopt-worktrees/sghelichkhani/richardson/gadopt/time_stepper.py", line 244, in advance
  File "/scratch/xd2/sg8812/g-adopt-worktrees/sghelichkhani/richardson/gadopt/richards_solver.py", line 566, in solve
  File "/scratch/xd2/sg8812/Irksome/irksome/base_time_stepper.py", line 147, in advance
    result = self.stepper.advance()
             ^^^^^^^^^^^^^^^^^^^^^^
  File "/scratch/xd2/sg8812/Irksome/irksome/base_time_stepper.py", line 147, in advance
    result = self.stepper.advance()
             ^^^^^^^^^^^^^^^^^^^^^^
    return self.ts.advance(t)
           ^^^^^^^^^^^^^^^^^^
    result = self.stepper.advance()
             ^^^^^^^^^^^^^^^^^^^^^^
  File "/scratch/xd2/sg8812/Irksome/irksome/base_time_stepper.py", line 147, in advance
    result = self.stepper.advance()
             ^^^^^^^^^^^^^^^^^^^^^^
  File "/scratch/xd2/sg8812/Irksome/irksome/base_time_stepper.py", line 147, in advance
  File "/scratch/xd2/sg8812/Irksome/irksome/base_time_stepper.py", line 147, in advance
  File "/scratch/xd2/sg8812/g-adopt-worktrees/sghelichkhani/richardson/gadopt/time_stepper.py", line 244, in advance
    result = self.stepper.advance()
    result = self.stepper.advance()
    result = self.stepper.advance()
             ^^^^^^^^^^^^^^^^^^^^^^
  File "/scratch/xd2/sg8812/Irksome/irksome/base_time_stepper.py", line 147, in advance
    result = self.stepper.advance()
             ^^^^^^^^^^^^^^^^^^^^^^
  File "/scratch/xd2/sg8812/Irksome/irksome/base_time_stepper.py", line 147, in advance
    result = self.stepper.advance()
             ^^^^^^^^^^^^^^^^^^^^^^
  File "/scratch/xd2/sg8812/Irksome/irksome/base_time_stepper.py", line 147, in advance
    result = self.stepper.advance()
             ^^^^^^^^^^^^^^^^^^^^^^
  File "/scratch/xd2/sg8812/Irksome/irksome/base_time_stepper.py", line 147, in advance
             ^^^^^^^^^^^^^^^^^^^^^^
  File "/scratch/xd2/sg8812/Irksome/irksome/base_time_stepper.py", line 147, in advance
             ^^^^^^^^^^^^^^^^^^^^^^
  File "/scratch/xd2/sg8812/Irksome/irksome/base_time_stepper.py", line 147, in advance
    result = self.stepper.advance()
             ^^^^^^^^^^^^^^^^^^^^^^
  File "/scratch/xd2/sg8812/Irksome/irksome/base_time_stepper.py", line 147, in advance
    result = self.stepper.advance()
             ^^^^^^^^^^^^^^^^^^^^^^
  File "/scratch/xd2/sg8812/Irksome/irksome/base_time_stepper.py", line 147, in advance
    result = self.stepper.advance()
             ^^^^^^^^^^^^^^^^^^^^^^
  File "/scratch/xd2/sg8812/Irksome/irksome/base_time_stepper.py", line 147, in advance
    return self.ts.advance(t)
           ^^^^^^^^^^^^^^^^^^
  File "/scratch/xd2/sg8812/g-adopt-worktrees/sghelichkhani/richardson/gadopt/time_stepper.py", line 244, in advance
    return self.ts.advance(t)
    return self.ts.advance(t)
    return self.ts.advance(t)
    return self.ts.advance(t)
           ^^^^^^^^^^^^^^^^^^
  File "/scratch/xd2/sg8812/g-adopt-worktrees/sghelichkhani/richardson/gadopt/time_stepper.py", line 244, in advance
    return self.ts.advance(t)
           ^^^^^^^^^^^^^^^^^^
  File "/scratch/xd2/sg8812/g-adopt-worktrees/sghelichkhani/richardson/gadopt/time_stepper.py", line 244, in advance
    return self.ts.advance(t)
           ^^^^^^^^^^^^^^^^^^
  File "/scratch/xd2/sg8812/g-adopt-worktrees/sghelichkhani/richardson/gadopt/time_stepper.py", line 244, in advance
    return self.ts.advance(t)
    return self.ts.advance(t)
    result = self.stepper.advance()
             ^^^^^^^^^^^^^^^^^^^^^^
  File "/scratch/xd2/sg8812/Irksome/irksome/base_time_stepper.py", line 147, in advance
           ^^^^^^^^^^^^^^^^^^
  File "/scratch/xd2/sg8812/g-adopt-worktrees/sghelichkhani/richardson/gadopt/time_stepper.py", line 244, in advance
           ^^^^^^^^^^^^^^^^^^
  File "/scratch/xd2/sg8812/g-adopt-worktrees/sghelichkhani/richardson/gadopt/time_stepper.py", line 244, in advance
    return self.ts.advance(t)
           ^^^^^^^^^^^^^^^^^^
  File "/scratch/xd2/sg8812/g-adopt-worktrees/sghelichkhani/richardson/gadopt/time_stepper.py", line 244, in advance
           ^^^^^^^^^^^^^^^^^^
  File "/scratch/xd2/sg8812/g-adopt-worktrees/sghelichkhani/richardson/gadopt/time_stepper.py", line 244, in advance
    return self.ts.advance(t)
           ^^^^^^^^^^^^^^^^^^
  File "/scratch/xd2/sg8812/g-adopt-worktrees/sghelichkhani/richardson/gadopt/time_stepper.py", line 244, in advance
           ^^^^^^^^^^^^^^^^^^
  File "/scratch/xd2/sg8812/g-adopt-worktrees/sghelichkhani/richardson/gadopt/time_stepper.py", line 244, in advance
           ^^^^^^^^^^^^^^^^^^
  File "/scratch/xd2/sg8812/g-adopt-worktrees/sghelichkhani/richardson/gadopt/time_stepper.py", line 244, in advance
    return self.ts.advance(t)
    return self.ts.advance(t)
    return self.ts.advance(t)
    return self.ts.advance(t)
           ^^^^^^^^^^^^^^^^^^
  File "/scratch/xd2/sg8812/g-adopt-worktrees/sghelichkhani/richardson/gadopt/time_stepper.py", line 244, in advance
    return self.ts.advance(t)
           ^^^^^^^^^^^^^^^^^^
  File "/scratch/xd2/sg8812/g-adopt-worktrees/sghelichkhani/richardson/gadopt/time_stepper.py", line 244, in advance
           ^^^^^^^^^^^^^^^^^^
  File "/scratch/xd2/sg8812/g-adopt-worktrees/sghelichkhani/richardson/gadopt/time_stepper.py", line 244, in advance
    return self.ts.advance(t)
           ^^^^^^^^^^^^^^^^^^
  File "/scratch/xd2/sg8812/g-adopt-worktrees/sghelichkhani/richardson/gadopt/time_stepper.py", line 244, in advance
           ^^^^^^^^^^^^^^^^^^
  File "/scratch/xd2/sg8812/g-adopt-worktrees/sghelichkhani/richardson/gadopt/time_stepper.py", line 244, in advance
    result = self.stepper.advance()
             ^^^^^^^^^^^^^^^^^^^^^^
  File "/scratch/xd2/sg8812/Irksome/irksome/base_time_stepper.py", line 147, in advance
    return self.ts.advance(t)
           ^^^^^^^^^^^^^^^^^^
  File "/scratch/xd2/sg8812/g-adopt-worktrees/sghelichkhani/richardson/gadopt/time_stepper.py", line 244, in advance
           ^^^^^^^^^^^^^^^^^^
  File "/scratch/xd2/sg8812/g-adopt-worktrees/sghelichkhani/richardson/gadopt/time_stepper.py", line 244, in advance
    return self.ts.advance(t)
           ^^^^^^^^^^^^^^^^^^
  File "/scratch/xd2/sg8812/g-adopt-worktrees/sghelichkhani/richardson/gadopt/time_stepper.py", line 244, in advance
    result = self.stepper.advance()
             ^^^^^^^^^^^^^^^^^^^^^^
    result = self.stepper.advance()
             ^^^^^^^^^^^^^^^^^^^^^^
    result = self.stepper.advance()
  File "/scratch/xd2/sg8812/Irksome/irksome/base_time_stepper.py", line 147, in advance
    self.solver.solve(bounds=self.stage_bounds)
  File "petsc4py/PETSc/Log.pyx", line 250, in petsc4py.PETSc.Log.EventDecorator.decorator.wrapped_func
  File "/scratch/xd2/sg8812/Irksome/irksome/base_time_stepper.py", line 147, in advance
    result = self.stepper.advance()
    result = self.stepper.advance()
    result = self.stepper.advance()
             ^^^^^^^^^^^^^^^^^^^^^^
  File "/scratch/xd2/sg8812/Irksome/irksome/base_time_stepper.py", line 147, in advance
    result = self.stepper.advance()
             ^^^^^^^^^^^^^^^^^^^^^^
             ^^^^^^^^^^^^^^^^^^^^^^
  File "/scratch/xd2/sg8812/Irksome/irksome/base_time_stepper.py", line 147, in advance
    result = self.stepper.advance()
             ^^^^^^^^^^^^^^^^^^^^^^
  File "/scratch/xd2/sg8812/Irksome/irksome/base_time_stepper.py", line 147, in advance
  File "/scratch/xd2/sg8812/Irksome/irksome/base_time_stepper.py", line 147, in advance
    result = self.stepper.advance()
             ^^^^^^^^^^^^^^^^^^^^^^
  File "/scratch/xd2/sg8812/Irksome/irksome/base_time_stepper.py", line 147, in advance
             ^^^^^^^^^^^^^^^^^^^^^^
  File "/scratch/xd2/sg8812/Irksome/irksome/base_time_stepper.py", line 147, in advance
             ^^^^^^^^^^^^^^^^^^^^^^
  File "/scratch/xd2/sg8812/Irksome/irksome/base_time_stepper.py", line 147, in advance
    result = self.stepper.advance()
             ^^^^^^^^^^^^^^^^^^^^^^
  File "/scratch/xd2/sg8812/Irksome/irksome/base_time_stepper.py", line 147, in advance
    result = self.stepper.advance()
    result = self.stepper.advance()
             ^^^^^^^^^^^^^^^^^^^^^^
  File "/scratch/xd2/sg8812/Irksome/irksome/base_time_stepper.py", line 147, in advance
    result = self.stepper.advance()
             ^^^^^^^^^^^^^^^^^^^^^^
  File "/scratch/xd2/sg8812/Irksome/irksome/base_time_stepper.py", line 147, in advance
    result = self.stepper.advance()
             ^^^^^^^^^^^^^^^^^^^^^^
  File "/scratch/xd2/sg8812/Irksome/irksome/base_time_stepper.py", line 147, in advance
             ^^^^^^^^^^^^^^^^^^^^^^
  File "/scratch/xd2/sg8812/Irksome/irksome/base_time_stepper.py", line 147, in advance
    result = self.stepper.advance()
             ^^^^^^^^^^^^^^^^^^^^^^
  File "/scratch/xd2/sg8812/Irksome/irksome/base_time_stepper.py", line 147, in advance
    result = self.stepper.advance()
             ^^^^^^^^^^^^^^^^^^^^^^
  File "/scratch/xd2/sg8812/Irksome/irksome/base_time_stepper.py", line 147, in advance
    result = self.stepper.advance()
             ^^^^^^^^^^^^^^^^^^^^^^
  File "/scratch/xd2/sg8812/Irksome/irksome/base_time_stepper.py", line 147, in advance
    return self.ts.advance(t)
  File "petsc4py/PETSc/Log.pyx", line 251, in petsc4py.PETSc.Log.EventDecorator.decorator.wrapped_func
           ^^^^^^^^^^^^^^^^^^
  File "/scratch/xd2/sg8812/g-adopt-worktrees/sghelichkhani/richardson/gadopt/time_stepper.py", line 244, in advance
    result = self.stepper.advance()
    self.solver.solve(bounds=self.stage_bounds)
             ^^^^^^^^^^^^^^^^^^^^^^
  File "/scratch/xd2/sg8812/Irksome/irksome/base_time_stepper.py", line 147, in advance
  File "/scratch/xd2/sg8812/firedrake-override/firedrake/adjoint_utils/variational_solver.py", line 116, in wrapper
  File "petsc4py/PETSc/Log.pyx", line 250, in petsc4py.PETSc.Log.EventDecorator.decorator.wrapped_func
    model(
  File "/scratch/xd2/sg8812/g-adopt-worktrees/sghelichkhani/richardson/tests/parallel_scaling_richards/murrumbidgee_3d.py", line 262, in model
    model(
  File "/scratch/xd2/sg8812/g-adopt-worktrees/sghelichkhani/richardson/tests/parallel_scaling_richards/murrumbidgee_3d.py", line 262, in model
  File "petsc4py/PETSc/Log.pyx", line 251, in petsc4py.PETSc.Log.EventDecorator.decorator.wrapped_func
    model(
  File "/scratch/xd2/sg8812/g-adopt-worktrees/sghelichkhani/richardson/tests/parallel_scaling_richards/murrumbidgee_3d.py", line 262, in model
    self.solver.solve(bounds=self.stage_bounds)
  File "petsc4py/PETSc/Log.pyx", line 250, in petsc4py.PETSc.Log.EventDecorator.decorator.wrapped_func
    self.solver.solve(bounds=self.stage_bounds)
  File "petsc4py/PETSc/Log.pyx", line 250, in petsc4py.PETSc.Log.EventDecorator.decorator.wrapped_func
--------------------------------------------------------------------------
MPI_ABORT was invoked on rank 14 in communicator MPI_COMM_WORLD
with errorcode 1.

NOTE: invoking MPI_ABORT causes Open MPI to kill all MPI processes.
You may or may not see output from other processes, depending on
exactly when Open MPI kills them.
--------------------------------------------------------------------------
    self.solver.solve(bounds=self.stage_bounds)
  File "petsc4py/PETSc/Log.pyx", line 250, in petsc4py.PETSc.Log.EventDecorator.decorator.wrapped_func
  File "/scratch/xd2/sg8812/firedrake-override/firedrake/adjoint_utils/variational_solver.py", line 116, in wrapper
    self.solver.solve(bounds=self.stage_bounds)
  File "petsc4py/PETSc/Log.pyx", line 250, in petsc4py.PETSc.Log.EventDecorator.decorator.wrapped_func
    self.solver.solve(bounds=self.stage_bounds)
  File "petsc4py/PETSc/Log.pyx", line 250, in petsc4py.PETSc.Log.EventDecorator.decorator.wrapped_func
    self.solver.solve(bounds=self.stage_bounds)
  File "petsc4py/PETSc/Log.pyx", line 250, in petsc4py.PETSc.Log.EventDecorator.decorator.wrapped_func
    self.solver.solve(bounds=self.stage_bounds)
  File "petsc4py/PETSc/Log.pyx", line 250, in petsc4py.PETSc.Log.EventDecorator.decorator.wrapped_func
  File "petsc4py/PETSc/Log.pyx", line 251, in petsc4py.PETSc.Log.EventDecorator.decorator.wrapped_func
    self.solver.solve(bounds=self.stage_bounds)
  File "petsc4py/PETSc/Log.pyx", line 250, in petsc4py.PETSc.Log.EventDecorator.decorator.wrapped_func
    self.solver.solve(bounds=self.stage_bounds)
  File "petsc4py/PETSc/Log.pyx", line 250, in petsc4py.PETSc.Log.EventDecorator.decorator.wrapped_func
  File "petsc4py/PETSc/Log.pyx", line 251, in petsc4py.PETSc.Log.EventDecorator.decorator.wrapped_func
    self.solver.solve(bounds=self.stage_bounds)
  File "petsc4py/PETSc/Log.pyx", line 250, in petsc4py.PETSc.Log.EventDecorator.decorator.wrapped_func
  File "petsc4py/PETSc/Log.pyx", line 251, in petsc4py.PETSc.Log.EventDecorator.decorator.wrapped_func
    self.solver.solve(bounds=self.stage_bounds)
  File "petsc4py/PETSc/Log.pyx", line 250, in petsc4py.PETSc.Log.EventDecorator.decorator.wrapped_func
    self.solver.solve(bounds=self.stage_bounds)
  File "petsc4py/PETSc/Log.pyx", line 250, in petsc4py.PETSc.Log.EventDecorator.decorator.wrapped_func
    self.solver.solve(bounds=self.stage_bounds)
  File "petsc4py/PETSc/Log.pyx", line 250, in petsc4py.PETSc.Log.EventDecorator.decorator.wrapped_func
    self.solver.solve(bounds=self.stage_bounds)
  File "petsc4py/PETSc/Log.pyx", line 250, in petsc4py.PETSc.Log.EventDecorator.decorator.wrapped_func
    self.solver.solve(bounds=self.stage_bounds)
  File "petsc4py/PETSc/Log.pyx", line 250, in petsc4py.PETSc.Log.EventDecorator.decorator.wrapped_func
    model(
  File "/scratch/xd2/sg8812/g-adopt-worktrees/sghelichkhani/richardson/tests/parallel_scaling_richards/murrumbidgee_3d.py", line 262, in model
    self.solver.solve(bounds=self.stage_bounds)
  File "petsc4py/PETSc/Log.pyx", line 250, in petsc4py.PETSc.Log.EventDecorator.decorator.wrapped_func
    result = self.stepper.advance()
             ^^^^^^^^^^^^^^^^^^^^^^
  File "/scratch/xd2/sg8812/Irksome/irksome/base_time_stepper.py", line 147, in advance
    self.solver.solve(bounds=self.stage_bounds)
  File "petsc4py/PETSc/Log.pyx", line 250, in petsc4py.PETSc.Log.EventDecorator.decorator.wrapped_func
    self.solver.solve(bounds=self.stage_bounds)
  File "petsc4py/PETSc/Log.pyx", line 250, in petsc4py.PETSc.Log.EventDecorator.decorator.wrapped_func
    self.solver.solve(bounds=self.stage_bounds)
  File "petsc4py/PETSc/Log.pyx", line 250, in petsc4py.PETSc.Log.EventDecorator.decorator.wrapped_func
    self.solver.solve(bounds=self.stage_bounds)
  File "petsc4py/PETSc/Log.pyx", line 250, in petsc4py.PETSc.Log.EventDecorator.decorator.wrapped_func
  File "petsc4py/PETSc/Log.pyx", line 251, in petsc4py.PETSc.Log.EventDecorator.decorator.wrapped_func
    self.solver.solve(bounds=self.stage_bounds)
  File "petsc4py/PETSc/Log.pyx", line 250, in petsc4py.PETSc.Log.EventDecorator.decorator.wrapped_func
  File "petsc4py/PETSc/Log.pyx", line 251, in petsc4py.PETSc.Log.EventDecorator.decorator.wrapped_func
    out = solve(self, **kwargs)
          ^^^^^^^^^^^^^^^^^^^^^
  File "/scratch/xd2/sg8812/firedrake-override/firedrake/variational_solver.py", line 403, in solve
    self.solver.solve(bounds=self.stage_bounds)
  File "petsc4py/PETSc/Log.pyx", line 250, in petsc4py.PETSc.Log.EventDecorator.decorator.wrapped_func
  File "petsc4py/PETSc/Log.pyx", line 251, in petsc4py.PETSc.Log.EventDecorator.decorator.wrapped_func
  File "petsc4py/PETSc/Log.pyx", line 251, in petsc4py.PETSc.Log.EventDecorator.decorator.wrapped_func
  File "/scratch/xd2/sg8812/firedrake-override/firedrake/adjoint_utils/variational_solver.py", line 116, in wrapper
    self.solver.solve(bounds=self.stage_bounds)
  File "petsc4py/PETSc/Log.pyx", line 250, in petsc4py.PETSc.Log.EventDecorator.decorator.wrapped_func
    self.solver.solve(bounds=self.stage_bounds)
  File "petsc4py/PETSc/Log.pyx", line 250, in petsc4py.PETSc.Log.EventDecorator.decorator.wrapped_func
    out = solve(self, **kwargs)
          ^^^^^^^^^^^^^^^^^^^^^
  File "/scratch/xd2/sg8812/firedrake-override/firedrake/variational_solver.py", line 403, in solve
  File "petsc4py/PETSc/Log.pyx", line 251, in petsc4py.PETSc.Log.EventDecorator.decorator.wrapped_func
    self.solver.solve(bounds=self.stage_bounds)
  File "petsc4py/PETSc/Log.pyx", line 250, in petsc4py.PETSc.Log.EventDecorator.decorator.wrapped_func
  File "/scratch/xd2/sg8812/firedrake-override/firedrake/adjoint_utils/variational_solver.py", line 116, in wrapper
  File "petsc4py/PETSc/Log.pyx", line 251, in petsc4py.PETSc.Log.EventDecorator.decorator.wrapped_func
    self.solver.solve(bounds=self.stage_bounds)
  File "petsc4py/PETSc/Log.pyx", line 250, in petsc4py.PETSc.Log.EventDecorator.decorator.wrapped_func
  File "/scratch/xd2/sg8812/firedrake-override/firedrake/adjoint_utils/variational_solver.py", line 116, in wrapper
    self.solver.solve(bounds=self.stage_bounds)
  File "petsc4py/PETSc/Log.pyx", line 250, in petsc4py.PETSc.Log.EventDecorator.decorator.wrapped_func
  File "/scratch/xd2/sg8812/firedrake-override/firedrake/adjoint_utils/variational_solver.py", line 116, in wrapper
    self.solver.solve(bounds=self.stage_bounds)
  File "petsc4py/PETSc/Log.pyx", line 250, in petsc4py.PETSc.Log.EventDecorator.decorator.wrapped_func
  File "petsc4py/PETSc/Log.pyx", line 251, in petsc4py.PETSc.Log.EventDecorator.decorator.wrapped_func
    self.solver.solve(bounds=self.stage_bounds)
  File "petsc4py/PETSc/Log.pyx", line 250, in petsc4py.PETSc.Log.EventDecorator.decorator.wrapped_func
    self.solver.solve(bounds=self.stage_bounds)
  File "petsc4py/PETSc/Log.pyx", line 250, in petsc4py.PETSc.Log.EventDecorator.decorator.wrapped_func
  File "petsc4py/PETSc/Log.pyx", line 251, in petsc4py.PETSc.Log.EventDecorator.decorator.wrapped_func
    self.solver.solve(bounds=self.stage_bounds)
  File "petsc4py/PETSc/Log.pyx", line 250, in petsc4py.PETSc.Log.EventDecorator.decorator.wrapped_func
    self.solver.solve(bounds=self.stage_bounds)
  File "petsc4py/PETSc/Log.pyx", line 250, in petsc4py.PETSc.Log.EventDecorator.decorator.wrapped_func
    self.solver.solve(bounds=self.stage_bounds)
  File "petsc4py/PETSc/Log.pyx", line 250, in petsc4py.PETSc.Log.EventDecorator.decorator.wrapped_func
    self.solver.solve(bounds=self.stage_bounds)
  File "petsc4py/PETSc/Log.pyx", line 250, in petsc4py.PETSc.Log.EventDecorator.decorator.wrapped_func
    solving_utils.check_snes_convergence(self.snes)
  File "/scratch/xd2/sg8812/firedrake-override/firedrake/solving_utils.py", line 129, in check_snes_convergence
  File "/scratch/xd2/sg8812/firedrake-override/firedrake/adjoint_utils/variational_solver.py", line 116, in wrapper
  File "petsc4py/PETSc/Log.pyx", line 251, in petsc4py.PETSc.Log.EventDecorator.decorator.wrapped_func
  File "petsc4py/PETSc/Log.pyx", line 251, in petsc4py.PETSc.Log.EventDecorator.decorator.wrapped_func
  File "petsc4py/PETSc/Log.pyx", line 251, in petsc4py.PETSc.Log.EventDecorator.decorator.wrapped_func
    richards_solver.solve()
  File "petsc4py/PETSc/Log.pyx", line 251, in petsc4py.PETSc.Log.EventDecorator.decorator.wrapped_func
    raise ConvergenceError(r"""Nonlinear solve failed to converge after %d nonlinear iterations.
firedrake.exceptions.ConvergenceError: Nonlinear solve failed to converge after 0 nonlinear iterations.
Reason:
   DIVERGED_LINEAR_SOLVE
    richards_solver.solve()
  File "petsc4py/PETSc/Log.pyx", line 251, in petsc4py.PETSc.Log.EventDecorator.decorator.wrapped_func
  File "/scratch/xd2/sg8812/g-adopt-worktrees/sghelichkhani/richardson/gadopt/richards_solver.py", line 566, in solve
  File "petsc4py/PETSc/Log.pyx", line 251, in petsc4py.PETSc.Log.EventDecorator.decorator.wrapped_func
    richards_solver.solve()
  File "/scratch/xd2/sg8812/g-adopt-worktrees/sghelichkhani/richardson/gadopt/richards_solver.py", line 566, in solve
    solving_utils.check_snes_convergence(self.snes)
  File "petsc4py/PETSc/Log.pyx", line 251, in petsc4py.PETSc.Log.EventDecorator.decorator.wrapped_func
  File "/scratch/xd2/sg8812/firedrake-override/firedrake/adjoint_utils/variational_solver.py", line 116, in wrapper
  File "/scratch/xd2/sg8812/g-adopt-worktrees/sghelichkhani/richardson/gadopt/richards_solver.py", line 566, in solve
  File "/scratch/xd2/sg8812/firedrake-override/firedrake/adjoint_utils/variational_solver.py", line 116, in wrapper
  File "/scratch/xd2/sg8812/firedrake-override/firedrake/solving_utils.py", line 129, in check_snes_convergence
  File "petsc4py/PETSc/Log.pyx", line 251, in petsc4py.PETSc.Log.EventDecorator.decorator.wrapped_func
  File "petsc4py/PETSc/Log.pyx", line 251, in petsc4py.PETSc.Log.EventDecorator.decorator.wrapped_func
  File "petsc4py/PETSc/Log.pyx", line 251, in petsc4py.PETSc.Log.EventDecorator.decorator.wrapped_func
  File "petsc4py/PETSc/Log.pyx", line 251, in petsc4py.PETSc.Log.EventDecorator.decorator.wrapped_func
  File "petsc4py/PETSc/Log.pyx", line 251, in petsc4py.PETSc.Log.EventDecorator.decorator.wrapped_func
  File "petsc4py/PETSc/Log.pyx", line 251, in petsc4py.PETSc.Log.EventDecorator.decorator.wrapped_func
  File "/scratch/xd2/sg8812/firedrake-override/firedrake/adjoint_utils/variational_solver.py", line 116, in wrapper
  File "/scratch/xd2/sg8812/firedrake-override/firedrake/adjoint_utils/variational_solver.py", line 116, in wrapper
  File "petsc4py/PETSc/Log.pyx", line 251, in petsc4py.PETSc.Log.EventDecorator.decorator.wrapped_func
  File "/scratch/xd2/sg8812/firedrake-override/firedrake/adjoint_utils/variational_solver.py", line 116, in wrapper
  File "petsc4py/PETSc/Log.pyx", line 251, in petsc4py.PETSc.Log.EventDecorator.decorator.wrapped_func
  File "petsc4py/PETSc/Log.pyx", line 251, in petsc4py.PETSc.Log.EventDecorator.decorator.wrapped_func
  File "petsc4py/PETSc/Log.pyx", line 251, in petsc4py.PETSc.Log.EventDecorator.decorator.wrapped_func
  File "/scratch/xd2/sg8812/firedrake-override/firedrake/adjoint_utils/variational_solver.py", line 116, in wrapper
  File "petsc4py/PETSc/Log.pyx", line 251, in petsc4py.PETSc.Log.EventDecorator.decorator.wrapped_func
    raise ConvergenceError(r"""Nonlinear solve failed to converge after %d nonlinear iterations.
firedrake.exceptions.ConvergenceError: Nonlinear solve failed to converge after 0 nonlinear iterations.
Reason:
   DIVERGED_LINEAR_SOLVE
  File "petsc4py/PETSc/Log.pyx", line 251, in petsc4py.PETSc.Log.EventDecorator.decorator.wrapped_func
  File "/scratch/xd2/sg8812/firedrake-override/firedrake/adjoint_utils/variational_solver.py", line 116, in wrapper
  File "petsc4py/PETSc/Log.pyx", line 251, in petsc4py.PETSc.Log.EventDecorator.decorator.wrapped_func
  File "/scratch/xd2/sg8812/firedrake-override/firedrake/adjoint_utils/variational_solver.py", line 116, in wrapper
  File "petsc4py/PETSc/Log.pyx", line 251, in petsc4py.PETSc.Log.EventDecorator.decorator.wrapped_func
  File "/scratch/xd2/sg8812/firedrake-override/firedrake/adjoint_utils/variational_solver.py", line 116, in wrapper
  File "/scratch/xd2/sg8812/firedrake-override/firedrake/adjoint_utils/variational_solver.py", line 116, in wrapper
  File "petsc4py/PETSc/Log.pyx", line 251, in petsc4py.PETSc.Log.EventDecorator.decorator.wrapped_func
  File "/scratch/xd2/sg8812/firedrake-override/firedrake/adjoint_utils/variational_solver.py", line 116, in wrapper
  File "/scratch/xd2/sg8812/firedrake-override/firedrake/adjoint_utils/variational_solver.py", line 116, in wrapper
    richards_solver.solve()
  File "/scratch/xd2/sg8812/firedrake-override/firedrake/adjoint_utils/variational_solver.py", line 116, in wrapper
  File "petsc4py/PETSc/Log.pyx", line 251, in petsc4py.PETSc.Log.EventDecorator.decorator.wrapped_func
  File "/scratch/xd2/sg8812/g-adopt-worktrees/sghelichkhani/richardson/gadopt/richards_solver.py", line 566, in solve
    out = solve(self, **kwargs)
  File "/scratch/xd2/sg8812/firedrake-override/firedrake/adjoint_utils/variational_solver.py", line 116, in wrapper
  File "/scratch/xd2/sg8812/firedrake-override/firedrake/adjoint_utils/variational_solver.py", line 116, in wrapper
  File "/scratch/xd2/sg8812/firedrake-override/firedrake/adjoint_utils/variational_solver.py", line 116, in wrapper
  File "/scratch/xd2/sg8812/firedrake-override/firedrake/adjoint_utils/variational_solver.py", line 116, in wrapper
  File "/scratch/xd2/sg8812/firedrake-override/firedrake/adjoint_utils/variational_solver.py", line 116, in wrapper
    out = solve(self, **kwargs)
          ^^^^^^^^^^^^^^^^^^^^^
  File "/scratch/xd2/sg8812/firedrake-override/firedrake/variational_solver.py", line 403, in solve
  File "/scratch/xd2/sg8812/firedrake-override/firedrake/adjoint_utils/variational_solver.py", line 116, in wrapper
  File "/scratch/xd2/sg8812/firedrake-override/firedrake/adjoint_utils/variational_solver.py", line 116, in wrapper
  File "/scratch/xd2/sg8812/firedrake-override/firedrake/adjoint_utils/variational_solver.py", line 116, in wrapper
    out = solve(self, **kwargs)
          ^^^^^^^^^^^^^^^^^^^^^
  File "/scratch/xd2/sg8812/firedrake-override/firedrake/adjoint_utils/variational_solver.py", line 116, in wrapper
    out = solve(self, **kwargs)
          ^^^^^^^^^^^^^^^^^^^^^
  File "/scratch/xd2/sg8812/firedrake-override/firedrake/variational_solver.py", line 403, in solve
  File "/scratch/xd2/sg8812/firedrake-override/firedrake/adjoint_utils/variational_solver.py", line 116, in wrapper
  File "/scratch/xd2/sg8812/firedrake-override/firedrake/adjoint_utils/variational_solver.py", line 116, in wrapper
  File "/scratch/xd2/sg8812/firedrake-override/firedrake/adjoint_utils/variational_solver.py", line 116, in wrapper
  File "/scratch/xd2/sg8812/firedrake-override/firedrake/adjoint_utils/variational_solver.py", line 116, in wrapper
  File "/scratch/xd2/sg8812/firedrake-override/firedrake/adjoint_utils/variational_solver.py", line 116, in wrapper
          ^^^^^^^^^^^^^^^^^^^^^
  File "/scratch/xd2/sg8812/firedrake-override/firedrake/variational_solver.py", line 403, in solve
  File "/scratch/xd2/sg8812/firedrake-override/firedrake/adjoint_utils/variational_solver.py", line 116, in wrapper
  File "/scratch/xd2/sg8812/firedrake-override/firedrake/variational_solver.py", line 403, in solve
    out = solve(self, **kwargs)
    out = solve(self, **kwargs)
    out = solve(self, **kwargs)
          ^^^^^^^^^^^^^^^^^^^^^
    out = solve(self, **kwargs)
    out = solve(self, **kwargs)
  File "/scratch/xd2/sg8812/firedrake-override/firedrake/adjoint_utils/variational_solver.py", line 116, in wrapper
    out = solve(self, **kwargs)
          ^^^^^^^^^^^^^^^^^^^^^
  File "/scratch/xd2/sg8812/firedrake-override/firedrake/variational_solver.py", line 403, in solve
    out = solve(self, **kwargs)
          ^^^^^^^^^^^^^^^^^^^^^
  File "/scratch/xd2/sg8812/firedrake-override/firedrake/variational_solver.py", line 403, in solve
          ^^^^^^^^^^^^^^^^^^^^^
  File "/scratch/xd2/sg8812/firedrake-override/firedrake/variational_solver.py", line 403, in solve
          ^^^^^^^^^^^^^^^^^^^^^
  File "/scratch/xd2/sg8812/firedrake-override/firedrake/variational_solver.py", line 403, in solve
  File "/scratch/xd2/sg8812/firedrake-override/firedrake/variational_solver.py", line 403, in solve
          ^^^^^^^^^^^^^^^^^^^^^
  File "/scratch/xd2/sg8812/firedrake-override/firedrake/variational_solver.py", line 403, in solve
          ^^^^^^^^^^^^^^^^^^^^^
  File "/scratch/xd2/sg8812/firedrake-override/firedrake/variational_solver.py", line 403, in solve
    return self.ts.advance(t)
           ^^^^^^^^^^^^^^^^^^
  File "/scratch/xd2/sg8812/g-adopt-worktrees/sghelichkhani/richardson/gadopt/time_stepper.py", line 244, in advance
    solving_utils.check_snes_convergence(self.snes)
    return self.ts.advance(t)
    return self.ts.advance(t)
           ^^^^^^^^^^^^^^^^^^
  File "/scratch/xd2/sg8812/g-adopt-worktrees/sghelichkhani/richardson/gadopt/time_stepper.py", line 244, in advance
    solving_utils.check_snes_convergence(self.snes)
  File "/scratch/xd2/sg8812/firedrake-override/firedrake/solving_utils.py", line 129, in check_snes_convergence
    solving_utils.check_snes_convergence(self.snes)
  File "/scratch/xd2/sg8812/firedrake-override/firedrake/solving_utils.py", line 129, in check_snes_convergence
  File "/scratch/xd2/sg8812/firedrake-override/firedrake/solving_utils.py", line 129, in check_snes_convergence
    solving_utils.check_snes_convergence(self.snes)
  File "/scratch/xd2/sg8812/firedrake-override/firedrake/solving_utils.py", line 129, in check_snes_convergence
    out = solve(self, **kwargs)
           ^^^^^^^^^^^^^^^^^^
  File "/scratch/xd2/sg8812/g-adopt-worktrees/sghelichkhani/richardson/gadopt/time_stepper.py", line 244, in advance
    out = solve(self, **kwargs)
          ^^^^^^^^^^^^^^^^^^^^^
  File "/scratch/xd2/sg8812/firedrake-override/firedrake/variational_solver.py", line 403, in solve
    out = solve(self, **kwargs)
          ^^^^^^^^^^^^^^^^^^^^^
    out = solve(self, **kwargs)
          ^^^^^^^^^^^^^^^^^^^^^
    solving_utils.check_snes_convergence(self.snes)
  File "/scratch/xd2/sg8812/firedrake-override/firedrake/solving_utils.py", line 129, in check_snes_convergence
    raise ConvergenceError(r"""Nonlinear solve failed to converge after %d nonlinear iterations.
firedrake.exceptions.ConvergenceError: Nonlinear solve failed to converge after 0 nonlinear iterations.
Reason:
   DIVERGED_LINEAR_SOLVE
    out = solve(self, **kwargs)
          ^^^^^^^^^^^^^^^^^^^^^
  File "/scratch/xd2/sg8812/firedrake-override/firedrake/variational_solver.py", line 403, in solve
    solving_utils.check_snes_convergence(self.snes)
  File "/scratch/xd2/sg8812/firedrake-override/firedrake/solving_utils.py", line 129, in check_snes_convergence
    raise ConvergenceError(r"""Nonlinear solve failed to converge after %d nonlinear iterations.
firedrake.exceptions.ConvergenceError: Nonlinear solve failed to converge after 0 nonlinear iterations.
Reason:
   DIVERGED_LINEAR_SOLVE
    solving_utils.check_snes_convergence(self.snes)
  File "/scratch/xd2/sg8812/firedrake-override/firedrake/solving_utils.py", line 129, in check_snes_convergence
    out = solve(self, **kwargs)
    out = solve(self, **kwargs)
          ^^^^^^^^^^^^^^^^^^^^^
  File "/scratch/xd2/sg8812/firedrake-override/firedrake/variational_solver.py", line 403, in solve
    solving_utils.check_snes_convergence(self.snes)
  File "/scratch/xd2/sg8812/firedrake-override/firedrake/solving_utils.py", line 129, in check_snes_convergence
    solving_utils.check_snes_convergence(self.snes)
  File "/scratch/xd2/sg8812/firedrake-override/firedrake/solving_utils.py", line 129, in check_snes_convergence
    raise ConvergenceError(r"""Nonlinear solve failed to converge after %d nonlinear iterations.
firedrake.exceptions.ConvergenceError: Nonlinear solve failed to converge after 0 nonlinear iterations.
Reason:
   DIVERGED_LINEAR_SOLVE
    solving_utils.check_snes_convergence(self.snes)
  File "/scratch/xd2/sg8812/firedrake-override/firedrake/solving_utils.py", line 129, in check_snes_convergence
    solving_utils.check_snes_convergence(self.snes)
  File "/scratch/xd2/sg8812/firedrake-override/firedrake/solving_utils.py", line 129, in check_snes_convergence
          ^^^^^^^^^^^^^^^^^^^^^
  File "/scratch/xd2/sg8812/firedrake-override/firedrake/variational_solver.py", line 403, in solve
    out = solve(self, **kwargs)
          ^^^^^^^^^^^^^^^^^^^^^
  File "/scratch/xd2/sg8812/firedrake-override/firedrake/variational_solver.py", line 403, in solve
    out = solve(self, **kwargs)
          ^^^^^^^^^^^^^^^^^^^^^
  File "/scratch/xd2/sg8812/firedrake-override/firedrake/variational_solver.py", line 403, in solve
  File "/scratch/xd2/sg8812/firedrake-override/firedrake/variational_solver.py", line 403, in solve
  File "/scratch/xd2/sg8812/firedrake-override/firedrake/variational_solver.py", line 403, in solve
    out = solve(self, **kwargs)
          ^^^^^^^^^^^^^^^^^^^^^
  File "/scratch/xd2/sg8812/firedrake-override/firedrake/variational_solver.py", line 403, in solve
    out = solve(self, **kwargs)
          ^^^^^^^^^^^^^^^^^^^^^
  File "/scratch/xd2/sg8812/firedrake-override/firedrake/variational_solver.py", line 403, in solve
    out = solve(self, **kwargs)
          ^^^^^^^^^^^^^^^^^^^^^
  File "/scratch/xd2/sg8812/firedrake-override/firedrake/variational_solver.py", line 403, in solve
    out = solve(self, **kwargs)
          ^^^^^^^^^^^^^^^^^^^^^
  File "/scratch/xd2/sg8812/firedrake-override/firedrake/variational_solver.py", line 403, in solve
    out = solve(self, **kwargs)
          ^^^^^^^^^^^^^^^^^^^^^
  File "/scratch/xd2/sg8812/firedrake-override/firedrake/variational_solver.py", line 403, in solve
    out = solve(self, **kwargs)
          ^^^^^^^^^^^^^^^^^^^^^
  File "/scratch/xd2/sg8812/firedrake-override/firedrake/variational_solver.py", line 403, in solve
    raise ConvergenceError(r"""Nonlinear solve failed to converge after %d nonlinear iterations.
firedrake.exceptions.ConvergenceError: Nonlinear solve failed to converge after 0 nonlinear iterations.
Reason:
   DIVERGED_LINEAR_SOLVE
    out = solve(self, **kwargs)
          ^^^^^^^^^^^^^^^^^^^^^
  File "/scratch/xd2/sg8812/firedrake-override/firedrake/variational_solver.py", line 403, in solve
    out = solve(self, **kwargs)
          ^^^^^^^^^^^^^^^^^^^^^
  File "/scratch/xd2/sg8812/firedrake-override/firedrake/variational_solver.py", line 403, in solve
    out = solve(self, **kwargs)
          ^^^^^^^^^^^^^^^^^^^^^
  File "/scratch/xd2/sg8812/firedrake-override/firedrake/variational_solver.py", line 403, in solve
    raise ConvergenceError(r"""Nonlinear solve failed to converge after %d nonlinear iterations.
firedrake.exceptions.ConvergenceError: Nonlinear solve failed to converge after 0 nonlinear iterations.
Reason:
   DIVERGED_LINEAR_SOLVE
    out = solve(self, **kwargs)
          ^^^^^^^^^^^^^^^^^^^^^
  File "/scratch/xd2/sg8812/firedrake-override/firedrake/variational_solver.py", line 403, in solve
    out = solve(self, **kwargs)
          ^^^^^^^^^^^^^^^^^^^^^
  File "/scratch/xd2/sg8812/firedrake-override/firedrake/variational_solver.py", line 403, in solve
          ^^^^^^^^^^^^^^^^^^^^^
  File "/scratch/xd2/sg8812/firedrake-override/firedrake/variational_solver.py", line 403, in solve
    raise ConvergenceError(r"""Nonlinear solve failed to converge after %d nonlinear iterations.
firedrake.exceptions.ConvergenceError: Nonlinear solve failed to converge after 0 nonlinear iterations.
Reason:
   DIVERGED_LINEAR_SOLVE
    raise ConvergenceError(r"""Nonlinear solve failed to converge after %d nonlinear iterations.
firedrake.exceptions.ConvergenceError: Nonlinear solve failed to converge after 0 nonlinear iterations.
Reason:
   DIVERGED_LINEAR_SOLVE
    out = solve(self, **kwargs)
          ^^^^^^^^^^^^^^^^^^^^^
  File "/scratch/xd2/sg8812/firedrake-override/firedrake/variational_solver.py", line 403, in solve
    out = solve(self, **kwargs)
          ^^^^^^^^^^^^^^^^^^^^^
  File "/scratch/xd2/sg8812/firedrake-override/firedrake/variational_solver.py", line 403, in solve
    solving_utils.check_snes_convergence(self.snes)
  File "/scratch/xd2/sg8812/firedrake-override/firedrake/solving_utils.py", line 129, in check_snes_convergence
    return self.ts.advance(t)
           ^^^^^^^^^^^^^^^^^^
  File "/scratch/xd2/sg8812/g-adopt-worktrees/sghelichkhani/richardson/gadopt/time_stepper.py", line 244, in advance
    raise ConvergenceError(r"""Nonlinear solve failed to converge after %d nonlinear iterations.
firedrake.exceptions.ConvergenceError: Nonlinear solve failed to converge after 0 nonlinear iterations.
Reason:
   DIVERGED_LINEAR_SOLVE
    solving_utils.check_snes_convergence(self.snes)
  File "/scratch/xd2/sg8812/firedrake-override/firedrake/solving_utils.py", line 129, in check_snes_convergence
    raise ConvergenceError(r"""Nonlinear solve failed to converge after %d nonlinear iterations.
firedrake.exceptions.ConvergenceError: Nonlinear solve failed to converge after 0 nonlinear iterations.
Reason:
   DIVERGED_LINEAR_SOLVE
    solving_utils.check_snes_convergence(self.snes)
    raise ConvergenceError(r"""Nonlinear solve failed to converge after %d nonlinear iterations.
firedrake.exceptions.ConvergenceError: Nonlinear solve failed to converge after 0 nonlinear iterations.
Reason:
   DIVERGED_LINEAR_SOLVE
    raise ConvergenceError(r"""Nonlinear solve failed to converge after %d nonlinear iterations.
firedrake.exceptions.ConvergenceError: Nonlinear solve failed to converge after 0 nonlinear iterations.
Reason:
   DIVERGED_LINEAR_SOLVE
    solving_utils.check_snes_convergence(self.snes)
  File "/scratch/xd2/sg8812/firedrake-override/firedrake/solving_utils.py", line 129, in check_snes_convergence
    out = solve(self, **kwargs)
    solving_utils.check_snes_convergence(self.snes)
  File "/scratch/xd2/sg8812/firedrake-override/firedrake/solving_utils.py", line 129, in check_snes_convergence
    solving_utils.check_snes_convergence(self.snes)
  File "/scratch/xd2/sg8812/firedrake-override/firedrake/solving_utils.py", line 129, in check_snes_convergence
    solving_utils.check_snes_convergence(self.snes)
    solving_utils.check_snes_convergence(self.snes)
  File "/scratch/xd2/sg8812/firedrake-override/firedrake/solving_utils.py", line 129, in check_snes_convergence
    solving_utils.check_snes_convergence(self.snes)
    solving_utils.check_snes_convergence(self.snes)
    solving_utils.check_snes_convergence(self.snes)
  File "/scratch/xd2/sg8812/firedrake-override/firedrake/solving_utils.py", line 129, in check_snes_convergence
  File "/scratch/xd2/sg8812/firedrake-override/firedrake/solving_utils.py", line 129, in check_snes_convergence
    raise ConvergenceError(r"""Nonlinear solve failed to converge after %d nonlinear iterations.
firedrake.exceptions.ConvergenceError: Nonlinear solve failed to converge after 0 nonlinear iterations.
Reason:
   DIVERGED_LINEAR_SOLVE
    solving_utils.check_snes_convergence(self.snes)
  File "/scratch/xd2/sg8812/firedrake-override/firedrake/solving_utils.py", line 129, in check_snes_convergence
    raise ConvergenceError(r"""Nonlinear solve failed to converge after %d nonlinear iterations.
firedrake.exceptions.ConvergenceError: Nonlinear solve failed to converge after 0 nonlinear iterations.
Reason:
   DIVERGED_LINEAR_SOLVE    solving_utils.check_snes_convergence(self.snes)
  File "/scratch/xd2/sg8812/firedrake-override/firedrake/solving_utils.py", line 129, in check_snes_convergence
    solving_utils.check_snes_convergence(self.snes)
  File "/scratch/xd2/sg8812/firedrake-override/firedrake/solving_utils.py", line 129, in check_snes_convergence
    raise ConvergenceError(r"""Nonlinear solve failed to converge after %d nonlinear iterations.
firedrake.exceptions.ConvergenceError: Nonlinear solve failed to converge after 0 nonlinear iterations.
Reason:
   DIVERGED_LINEAR_SOLVE
    solving_utils.check_snes_convergence(self.snes)
  File "/scratch/xd2/sg8812/firedrake-override/firedrake/solving_utils.py", line 129, in check_snes_convergence
  File "/scratch/xd2/sg8812/firedrake-override/firedrake/solving_utils.py", line 129, in check_snes_convergence
    solving_utils.check_snes_convergence(self.snes)
  File "/scratch/xd2/sg8812/firedrake-override/firedrake/solving_utils.py", line 129, in check_snes_convergence
    solving_utils.check_snes_convergence(self.snes)
  File "/scratch/xd2/sg8812/firedrake-override/firedrake/solving_utils.py", line 129, in check_snes_convergence
    raise ConvergenceError(r"""Nonlinear solve failed to converge after %d nonlinear iterations.
firedrake.exceptions.ConvergenceError: Nonlinear solve failed to converge after 0 nonlinear iterations.
Reason:
   DIVERGED_LINEAR_SOLVE
    solving_utils.check_snes_convergence(self.snes)
  File "/scratch/xd2/sg8812/firedrake-override/firedrake/solving_utils.py", line 129, in check_snes_convergence
    solving_utils.check_snes_convergence(self.snes)
  File "/scratch/xd2/sg8812/firedrake-override/firedrake/solving_utils.py", line 129, in check_snes_convergence
  File "/scratch/xd2/sg8812/firedrake-override/firedrake/solving_utils.py", line 129, in check_snes_convergence
    solving_utils.check_snes_convergence(self.snes)
  File "/scratch/xd2/sg8812/firedrake-override/firedrake/solving_utils.py", line 129, in check_snes_convergence
    solving_utils.check_snes_convergence(self.snes)
  File "/scratch/xd2/sg8812/firedrake-override/firedrake/solving_utils.py", line 129, in check_snes_convergence
  File "/scratch/xd2/sg8812/firedrake-override/firedrake/solving_utils.py", line 129, in check_snes_convergence
    solving_utils.check_snes_convergence(self.snes)
  File "/scratch/xd2/sg8812/firedrake-override/firedrake/solving_utils.py", line 129, in check_snes_convergence
    result = self.stepper.advance()
             ^^^^^^^^^^^^^^^^^^^^^^
  File "/scratch/xd2/sg8812/Irksome/irksome/base_time_stepper.py", line 147, in advance
    raise ConvergenceError(r"""Nonlinear solve failed to converge after %d nonlinear iterations.
firedrake.exceptions.ConvergenceError: Nonlinear solve failed to converge after 0 nonlinear iterations.
Reason:
   DIVERGED_LINEAR_SOLVE

    raise ConvergenceError(r"""Nonlinear solve failed to converge after %d nonlinear iterations.
firedrake.exceptions.ConvergenceError: Nonlinear solve failed to converge after 0 nonlinear iterations.
Reason:
   DIVERGED_LINEAR_SOLVE
    raise ConvergenceError(r"""Nonlinear solve failed to converge after %d nonlinear iterations.
firedrake.exceptions.ConvergenceError: Nonlinear solve failed to converge after 0 nonlinear iterations.
Reason:
   DIVERGED_LINEAR_SOLVE
    result = self.stepper.advance()
             ^^^^^^^^^^^^^^^^^^^^^^
  File "/scratch/xd2/sg8812/Irksome/irksome/base_time_stepper.py", line 147, in advance
    raise ConvergenceError(r"""Nonlinear solve failed to converge after %d nonlinear iterations.
firedrake.exceptions.ConvergenceError: Nonlinear solve failed to converge after 0 nonlinear iterations.
Reason:
   DIVERGED_LINEAR_SOLVE
    raise ConvergenceError(r"""Nonlinear solve failed to converge after %d nonlinear iterations.
firedrake.exceptions.ConvergenceError: Nonlinear solve failed to converge after 0 nonlinear iterations.
Reason:
   DIVERGED_LINEAR_SOLVE
    raise ConvergenceError(r"""Nonlinear solve failed to converge after %d nonlinear iterations.
firedrake.exceptions.ConvergenceError: Nonlinear solve failed to converge after 0 nonlinear iterations.
Reason:
   DIVERGED_LINEAR_SOLVE
    raise ConvergenceError(r"""Nonlinear solve failed to converge after %d nonlinear iterations.
firedrake.exceptions.ConvergenceError: Nonlinear solve failed to converge after 0 nonlinear iterations.
Reason:
   DIVERGED_LINEAR_SOLVE
    raise ConvergenceError(r"""Nonlinear solve failed to converge after %d nonlinear iterations.
firedrake.exceptions.ConvergenceError: Nonlinear solve failed to converge after 0 nonlinear iterations.
Reason:
   DIVERGED_LINEAR_SOLVE
    result = self.stepper.advance()
             ^^^^^^^^^^^^^^^^^^^^^^
  File "/scratch/xd2/sg8812/Irksome/irksome/base_time_stepper.py", line 147, in advance
    raise ConvergenceError(r"""Nonlinear solve failed to converge after %d nonlinear iterations.
firedrake.exceptions.ConvergenceError: Nonlinear solve failed to converge after 0 nonlinear iterations.
Reason:
   DIVERGED_LINEAR_SOLVE
    raise ConvergenceError(r"""Nonlinear solve failed to converge after %d nonlinear iterations.
firedrake.exceptions.ConvergenceError: Nonlinear solve failed to converge after 0 nonlinear iterations.
Reason:
   DIVERGED_LINEAR_SOLVE
    raise ConvergenceError(r"""Nonlinear solve failed to converge after %d nonlinear iterations.
firedrake.exceptions.ConvergenceError: Nonlinear solve failed to converge after 0 nonlinear iterations.
Reason:
   DIVERGED_LINEAR_SOLVE
          ^^^^^^^^^^^^^^^^^^^^^
  File "/scratch/xd2/sg8812/firedrake-override/firedrake/variational_solver.py", line 403, in solve
    raise ConvergenceError(r"""Nonlinear solve failed to converge after %d nonlinear iterations.
firedrake.exceptions.ConvergenceError: Nonlinear solve failed to converge after 0 nonlinear iterations.
Reason:
   DIVERGED_LINEAR_SOLVE
    raise ConvergenceError(r"""Nonlinear solve failed to converge after %d nonlinear iterations.
firedrake.exceptions.ConvergenceError: Nonlinear solve failed to converge after 0 nonlinear iterations.
Reason:
   DIVERGED_LINEAR_SOLVE
    raise ConvergenceError(r"""Nonlinear solve failed to converge after %d nonlinear iterations.
firedrake.exceptions.ConvergenceError: Nonlinear solve failed to converge after 0 nonlinear iterations.
Reason:
   DIVERGED_LINEAR_SOLVE
    raise ConvergenceError(r"""Nonlinear solve failed to converge after %d nonlinear iterations.
firedrake.exceptions.ConvergenceError: Nonlinear solve failed to converge after 0 nonlinear iterations.
Reason:
   DIVERGED_LINEAR_SOLVE
    raise ConvergenceError(r"""Nonlinear solve failed to converge after %d nonlinear iterations.
firedrake.exceptions.ConvergenceError: Nonlinear solve failed to converge after 0 nonlinear iterations.
Reason:
   DIVERGED_LINEAR_SOLVE
    raise ConvergenceError(r"""Nonlinear solve failed to converge after %d nonlinear iterations.
firedrake.exceptions.ConvergenceError: Nonlinear solve failed to converge after 0 nonlinear iterations.
Reason:
   DIVERGED_LINEAR_SOLVE
    raise ConvergenceError(r"""Nonlinear solve failed to converge after %d nonlinear iterations.
firedrake.exceptions.ConvergenceError: Nonlinear solve failed to converge after 0 nonlinear iterations.
Reason:
   DIVERGED_LINEAR_SOLVE
    self.solver.solve(bounds=self.stage_bounds)
  File "petsc4py/PETSc/Log.pyx", line 250, in petsc4py.PETSc.Log.EventDecorator.decorator.wrapped_func
    self.solver.solve(bounds=self.stage_bounds)
  File "petsc4py/PETSc/Log.pyx", line 250, in petsc4py.PETSc.Log.EventDecorator.decorator.wrapped_func
    self.solver.solve(bounds=self.stage_bounds)
  File "petsc4py/PETSc/Log.pyx", line 250, in petsc4py.PETSc.Log.EventDecorator.decorator.wrapped_func
    result = self.stepper.advance()
             ^^^^^^^^^^^^^^^^^^^^^^
  File "/scratch/xd2/sg8812/Irksome/irksome/base_time_stepper.py", line 147, in advance
    solving_utils.check_snes_convergence(self.snes)
  File "petsc4py/PETSc/Log.pyx", line 251, in petsc4py.PETSc.Log.EventDecorator.decorator.wrapped_func
  File "petsc4py/PETSc/Log.pyx", line 251, in petsc4py.PETSc.Log.EventDecorator.decorator.wrapped_func
    self.solver.solve(bounds=self.stage_bounds)
  File "petsc4py/PETSc/Log.pyx", line 251, in petsc4py.PETSc.Log.EventDecorator.decorator.wrapped_func
  File "/scratch/xd2/sg8812/firedrake-override/firedrake/solving_utils.py", line 129, in check_snes_convergence
  File "petsc4py/PETSc/Log.pyx", line 250, in petsc4py.PETSc.Log.EventDecorator.decorator.wrapped_func
[gadi-cpu-spr-0393.gadi.nci.org.au:3039678] PMIX ERROR: UNREACHABLE in file /jobfs/35226956.gadi-pbs/0/openmpi/4.0.7/source/openmpi-4.0.7/opal/mca/pmix/pmix3x/pmix/src/server/pmix_server.c at line 2198
[gadi-cpu-spr-0393.gadi.nci.org.au:3039678] PMIX ERROR: UNREACHABLE in file /jobfs/35226956.gadi-pbs/0/openmpi/4.0.7/source/openmpi-4.0.7/opal/mca/pmix/pmix3x/pmix/src/server/pmix_server.c at line 2198
[gadi-cpu-spr-0393.gadi.nci.org.au:3039678] PMIX ERROR: UNREACHABLE in file /jobfs/35226956.gadi-pbs/0/openmpi/4.0.7/source/openmpi-4.0.7/opal/mca/pmix/pmix3x/pmix/src/server/pmix_server.c at line 2198
[gadi-cpu-spr-0393.gadi.nci.org.au:3039678] PMIX ERROR: UNREACHABLE in file /jobfs/35226956.gadi-pbs/0/openmpi/4.0.7/source/openmpi-4.0.7/opal/mca/pmix/pmix3x/pmix/src/server/pmix_server.c at line 2198
[gadi-cpu-spr-0393.gadi.nci.org.au:3039678] PMIX ERROR: UNREACHABLE in file /jobfs/35226956.gadi-pbs/0/openmpi/4.0.7/source/openmpi-4.0.7/opal/mca/pmix/pmix3x/pmix/src/server/pmix_server.c at line 2198
[gadi-cpu-spr-0393.gadi.nci.org.au:3039678] PMIX ERROR: UNREACHABLE in file /jobfs/35226956.gadi-pbs/0/openmpi/4.0.7/source/openmpi-4.0.7/opal/mca/pmix/pmix3x/pmix/src/server/pmix_server.c at line 2198
[gadi-cpu-spr-0393.gadi.nci.org.au:3039678] PMIX ERROR: UNREACHABLE in file /jobfs/35226956.gadi-pbs/0/openmpi/4.0.7/source/openmpi-4.0.7/opal/mca/pmix/pmix3x/pmix/src/server/pmix_server.c at line 2198
[gadi-cpu-spr-0393.gadi.nci.org.au:3039678] PMIX ERROR: UNREACHABLE in file /jobfs/35226956.gadi-pbs/0/openmpi/4.0.7/source/openmpi-4.0.7/opal/mca/pmix/pmix3x/pmix/src/server/pmix_server.c at line 2198
[gadi-cpu-spr-0393.gadi.nci.org.au:3039678] PMIX ERROR: UNREACHABLE in file /jobfs/35226956.gadi-pbs/0/openmpi/4.0.7/source/openmpi-4.0.7/opal/mca/pmix/pmix3x/pmix/src/server/pmix_server.c at line 2198
[gadi-cpu-spr-0393.gadi.nci.org.au:3039678] PMIX ERROR: UNREACHABLE in file /jobfs/35226956.gadi-pbs/0/openmpi/4.0.7/source/openmpi-4.0.7/opal/mca/pmix/pmix3x/pmix/src/server/pmix_server.c at line 2198
[gadi-cpu-spr-0393.gadi.nci.org.au:3039678] PMIX ERROR: UNREACHABLE in file /jobfs/35226956.gadi-pbs/0/openmpi/4.0.7/source/openmpi-4.0.7/opal/mca/pmix/pmix3x/pmix/src/server/pmix_server.c at line 2198
[gadi-cpu-spr-0393.gadi.nci.org.au:3039678] PMIX ERROR: UNREACHABLE in file /jobfs/35226956.gadi-pbs/0/openmpi/4.0.7/source/openmpi-4.0.7/opal/mca/pmix/pmix3x/pmix/src/server/pmix_server.c at line 2198
[gadi-cpu-spr-0393.gadi.nci.org.au:3039678] PMIX ERROR: UNREACHABLE in file /jobfs/35226956.gadi-pbs/0/openmpi/4.0.7/source/openmpi-4.0.7/opal/mca/pmix/pmix3x/pmix/src/server/pmix_server.c at line 2198
[gadi-cpu-spr-0393.gadi.nci.org.au:3039678] PMIX ERROR: UNREACHABLE in file /jobfs/35226956.gadi-pbs/0/openmpi/4.0.7/source/openmpi-4.0.7/opal/mca/pmix/pmix3x/pmix/src/server/pmix_server.c at line 2198
[gadi-cpu-spr-0393.gadi.nci.org.au:3039678] PMIX ERROR: UNREACHABLE in file /jobfs/35226956.gadi-pbs/0/openmpi/4.0.7/source/openmpi-4.0.7/opal/mca/pmix/pmix3x/pmix/src/server/pmix_server.c at line 2198
[gadi-cpu-spr-0393.gadi.nci.org.au:3039678] PMIX ERROR: UNREACHABLE in file /jobfs/35226956.gadi-pbs/0/openmpi/4.0.7/source/openmpi-4.0.7/opal/mca/pmix/pmix3x/pmix/src/server/pmix_server.c at line 2198
[gadi-cpu-spr-0393.gadi.nci.org.au:3039678] PMIX ERROR: UNREACHABLE in file /jobfs/35226956.gadi-pbs/0/openmpi/4.0.7/source/openmpi-4.0.7/opal/mca/pmix/pmix3x/pmix/src/server/pmix_server.c at line 2198
[gadi-cpu-spr-0393.gadi.nci.org.au:3039678] PMIX ERROR: UNREACHABLE in file /jobfs/35226956.gadi-pbs/0/openmpi/4.0.7/source/openmpi-4.0.7/opal/mca/pmix/pmix3x/pmix/src/server/pmix_server.c at line 2198
[gadi-cpu-spr-0393.gadi.nci.org.au:3039678] PMIX ERROR: UNREACHABLE in file /jobfs/35226956.gadi-pbs/0/openmpi/4.0.7/source/openmpi-4.0.7/opal/mca/pmix/pmix3x/pmix/src/server/pmix_server.c at line 2198
[gadi-cpu-spr-0393.gadi.nci.org.au:3039678] PMIX ERROR: UNREACHABLE in file /jobfs/35226956.gadi-pbs/0/openmpi/4.0.7/source/openmpi-4.0.7/opal/mca/pmix/pmix3x/pmix/src/server/pmix_server.c at line 2198
[gadi-cpu-spr-0393.gadi.nci.org.au:3039678] PMIX ERROR: UNREACHABLE in file /jobfs/35226956.gadi-pbs/0/openmpi/4.0.7/source/openmpi-4.0.7/opal/mca/pmix/pmix3x/pmix/src/server/pmix_server.c at line 2198
[gadi-cpu-spr-0393.gadi.nci.org.au:3039678] PMIX ERROR: UNREACHABLE in file /jobfs/35226956.gadi-pbs/0/openmpi/4.0.7/source/openmpi-4.0.7/opal/mca/pmix/pmix3x/pmix/src/server/pmix_server.c at line 2198
[gadi-cpu-spr-0393.gadi.nci.org.au:3039678] PMIX ERROR: UNREACHABLE in file /jobfs/35226956.gadi-pbs/0/openmpi/4.0.7/source/openmpi-4.0.7/opal/mca/pmix/pmix3x/pmix/src/server/pmix_server.c at line 2198
[gadi-cpu-spr-0393.gadi.nci.org.au:3039678] PMIX ERROR: UNREACHABLE in file /jobfs/35226956.gadi-pbs/0/openmpi/4.0.7/source/openmpi-4.0.7/opal/mca/pmix/pmix3x/pmix/src/server/pmix_server.c at line 2198
[gadi-cpu-spr-0393.gadi.nci.org.au:3039678] PMIX ERROR: UNREACHABLE in file /jobfs/35226956.gadi-pbs/0/openmpi/4.0.7/source/openmpi-4.0.7/opal/mca/pmix/pmix3x/pmix/src/server/pmix_server.c at line 2198
[gadi-cpu-spr-0393.gadi.nci.org.au:3039678] PMIX ERROR: UNREACHABLE in file /jobfs/35226956.gadi-pbs/0/openmpi/4.0.7/source/openmpi-4.0.7/opal/mca/pmix/pmix3x/pmix/src/server/pmix_server.c at line 2198
[gadi-cpu-spr-0393.gadi.nci.org.au:3039678] PMIX ERROR: UNREACHABLE in file /jobfs/35226956.gadi-pbs/0/openmpi/4.0.7/source/openmpi-4.0.7/opal/mca/pmix/pmix3x/pmix/src/server/pmix_server.c at line 2198
[gadi-cpu-spr-0393.gadi.nci.org.au:3039678] PMIX ERROR: UNREACHABLE in file /jobfs/35226956.gadi-pbs/0/openmpi/4.0.7/source/openmpi-4.0.7/opal/mca/pmix/pmix3x/pmix/src/server/pmix_server.c at line 2198
[gadi-cpu-spr-0393.gadi.nci.org.au:3039678] PMIX ERROR: UNREACHABLE in file /jobfs/35226956.gadi-pbs/0/openmpi/4.0.7/source/openmpi-4.0.7/opal/mca/pmix/pmix3x/pmix/src/server/pmix_server.c at line 2198
[gadi-cpu-spr-0393.gadi.nci.org.au:3039678] PMIX ERROR: UNREACHABLE in file /jobfs/35226956.gadi-pbs/0/openmpi/4.0.7/source/openmpi-4.0.7/opal/mca/pmix/pmix3x/pmix/src/server/pmix_server.c at line 2198
[gadi-cpu-spr-0393.gadi.nci.org.au:3039678] PMIX ERROR: UNREACHABLE in file /jobfs/35226956.gadi-pbs/0/openmpi/4.0.7/source/openmpi-4.0.7/opal/mca/pmix/pmix3x/pmix/src/server/pmix_server.c at line 2198
[gadi-cpu-spr-0393.gadi.nci.org.au:3039678] PMIX ERROR: UNREACHABLE in file /jobfs/35226956.gadi-pbs/0/openmpi/4.0.7/source/openmpi-4.0.7/opal/mca/pmix/pmix3x/pmix/src/server/pmix_server.c at line 2198
[gadi-cpu-spr-0393.gadi.nci.org.au:3039678] PMIX ERROR: UNREACHABLE in file /jobfs/35226956.gadi-pbs/0/openmpi/4.0.7/source/openmpi-4.0.7/opal/mca/pmix/pmix3x/pmix/src/server/pmix_server.c at line 2198
[gadi-cpu-spr-0393.gadi.nci.org.au:3039678] PMIX ERROR: UNREACHABLE in file /jobfs/35226956.gadi-pbs/0/openmpi/4.0.7/source/openmpi-4.0.7/opal/mca/pmix/pmix3x/pmix/src/server/pmix_server.c at line 2198
[gadi-cpu-spr-0393.gadi.nci.org.au:3039678] PMIX ERROR: UNREACHABLE in file /jobfs/35226956.gadi-pbs/0/openmpi/4.0.7/source/openmpi-4.0.7/opal/mca/pmix/pmix3x/pmix/src/server/pmix_server.c at line 2198
[gadi-cpu-spr-0393.gadi.nci.org.au:3039678] PMIX ERROR: UNREACHABLE in file /jobfs/35226956.gadi-pbs/0/openmpi/4.0.7/source/openmpi-4.0.7/opal/mca/pmix/pmix3x/pmix/src/server/pmix_server.c at line 2198
[gadi-cpu-spr-0393.gadi.nci.org.au:3039678] PMIX ERROR: UNREACHABLE in file /jobfs/35226956.gadi-pbs/0/openmpi/4.0.7/source/openmpi-4.0.7/opal/mca/pmix/pmix3x/pmix/src/server/pmix_server.c at line 2198
[gadi-cpu-spr-0393.gadi.nci.org.au:3039678] PMIX ERROR: UNREACHABLE in file /jobfs/35226956.gadi-pbs/0/openmpi/4.0.7/source/openmpi-4.0.7/opal/mca/pmix/pmix3x/pmix/src/server/pmix_server.c at line 2198
[gadi-cpu-spr-0393.gadi.nci.org.au:3039678] PMIX ERROR: UNREACHABLE in file /jobfs/35226956.gadi-pbs/0/openmpi/4.0.7/source/openmpi-4.0.7/opal/mca/pmix/pmix3x/pmix/src/server/pmix_server.c at line 2198
[gadi-cpu-spr-0393.gadi.nci.org.au:3039678] PMIX ERROR: UNREACHABLE in file /jobfs/35226956.gadi-pbs/0/openmpi/4.0.7/source/openmpi-4.0.7/opal/mca/pmix/pmix3x/pmix/src/server/pmix_server.c at line 2198
[gadi-cpu-spr-0393.gadi.nci.org.au:3039678] PMIX ERROR: UNREACHABLE in file /jobfs/35226956.gadi-pbs/0/openmpi/4.0.7/source/openmpi-4.0.7/opal/mca/pmix/pmix3x/pmix/src/server/pmix_server.c at line 2198
[gadi-cpu-spr-0393.gadi.nci.org.au:3039678] PMIX ERROR: UNREACHABLE in file /jobfs/35226956.gadi-pbs/0/openmpi/4.0.7/source/openmpi-4.0.7/opal/mca/pmix/pmix3x/pmix/src/server/pmix_server.c at line 2198
  File "/scratch/xd2/sg8812/firedrake-override/firedrake/adjoint_utils/variational_solver.py", line 116, in wrapper
    out = solve(self, **kwargs)
  File "/scratch/xd2/sg8812/firedrake-override/firedrake/adjoint_utils/variational_solver.py", line 116, in wrapper
    self.solver.solve(bounds=self.stage_bounds)
  File "petsc4py/PETSc/Log.pyx", line 250, in petsc4py.PETSc.Log.EventDecorator.decorator.wrapped_func
  File "petsc4py/PETSc/Log.pyx", line 251, in petsc4py.PETSc.Log.EventDecorator.decorator.wrapped_func
  File "/scratch/xd2/sg8812/firedrake-override/firedrake/adjoint_utils/variational_solver.py", line 116, in wrapper
  File "/scratch/xd2/sg8812/firedrake-override/firedrake/adjoint_utils/variational_solver.py", line 116, in wrapper
    out = solve(self, **kwargs)
          ^^^^^^^^^^^^^^^^^^^^^
    raise ConvergenceError(r"""Nonlinear solve failed to converge after %d nonlinear iterations.
firedrake.exceptions.ConvergenceError: Nonlinear solve failed to converge after 0 nonlinear iterations.
Reason:
   DIVERGED_LINEAR_SOLVE
  File "petsc4py/PETSc/Log.pyx", line 251, in petsc4py.PETSc.Log.EventDecorator.decorator.wrapped_func
  File "/scratch/xd2/sg8812/firedrake-override/firedrake/adjoint_utils/variational_solver.py", line 116, in wrapper
    self.solver.solve(bounds=self.stage_bounds)
  File "petsc4py/PETSc/Log.pyx", line 250, in petsc4py.PETSc.Log.EventDecorator.decorator.wrapped_func
  File "petsc4py/PETSc/Log.pyx", line 251, in petsc4py.PETSc.Log.EventDecorator.decorator.wrapped_func
  File "/scratch/xd2/sg8812/firedrake-override/firedrake/adjoint_utils/variational_solver.py", line 116, in wrapper
          ^^^^^^^^^^^^^^^^^^^^^
  File "/scratch/xd2/sg8812/firedrake-override/firedrake/variational_solver.py", line 403, in solve
    solving_utils.check_snes_convergence(self.snes)
  File "/scratch/xd2/sg8812/firedrake-override/firedrake/solving_utils.py", line 129, in check_snes_convergence
    raise ConvergenceError(r"""Nonlinear solve failed to converge after %d nonlinear iterations.
firedrake.exceptions.ConvergenceError: Nonlinear solve failed to converge after 0 nonlinear iterations.
Reason:
   DIVERGED_LINEAR_SOLVE
    out = solve(self, **kwargs)
          ^^^^^^^^^^^^^^^^^^^^^
  File "/scratch/xd2/sg8812/firedrake-override/firedrake/variational_solver.py", line 403, in solve
    solving_utils.check_snes_convergence(self.snes)
  File "/scratch/xd2/sg8812/firedrake-override/firedrake/solving_utils.py", line 129, in check_snes_convergence
    raise ConvergenceError(r"""Nonlinear solve failed to converge after %d nonlinear iterations.
firedrake.exceptions.ConvergenceError: Nonlinear solve failed to converge after 0 nonlinear iterations.
Reason:
   DIVERGED_LINEAR_SOLVE
    out = solve(self, **kwargs)
          ^^^^^^^^^^^^^^^^^^^^^
  File "/scratch/xd2/sg8812/firedrake-override/firedrake/variational_solver.py", line 403, in solve
    solving_utils.check_snes_convergence(self.snes)
  File "/scratch/xd2/sg8812/firedrake-override/firedrake/solving_utils.py", line 129, in check_snes_convergence
    raise ConvergenceError(r"""Nonlinear solve failed to converge after %d nonlinear iterations.
firedrake.exceptions.ConvergenceError: Nonlinear solve failed to converge after 0 nonlinear iterations.
Reason:
   DIVERGED_LINEAR_SOLVE
  File "/scratch/xd2/sg8812/firedrake-override/firedrake/variational_solver.py", line 403, in solve
    solving_utils.check_snes_convergence(self.snes)
  File "/scratch/xd2/sg8812/firedrake-override/firedrake/solving_utils.py", line 129, in check_snes_convergence
    raise ConvergenceError(r"""Nonlinear solve failed to converge after %d nonlinear iterations.
firedrake.exceptions.ConvergenceError: Nonlinear solve failed to converge after 0 nonlinear iterations.
Reason:
   DIVERGED_LINEAR_SOLVE
    out = solve(self, **kwargs)
          ^^^^^^^^^^^^^^^^^^^^^
  File "/scratch/xd2/sg8812/firedrake-override/firedrake/variational_solver.py", line 403, in solve
    solving_utils.check_snes_convergence(self.snes)
  File "/scratch/xd2/sg8812/firedrake-override/firedrake/solving_utils.py", line 129, in check_snes_convergence
    raise ConvergenceError(r"""Nonlinear solve failed to converge after %d nonlinear iterations.
firedrake.exceptions.ConvergenceError: Nonlinear solve failed to converge after 0 nonlinear iterations.
Reason:
   DIVERGED_LINEAR_SOLVE
    out = solve(self, **kwargs)
          ^^^^^^^^^^^^^^^^^^^^^
  File "/scratch/xd2/sg8812/firedrake-override/firedrake/variational_solver.py", line 403, in solve
    solving_utils.check_snes_convergence(self.snes)
  File "/scratch/xd2/sg8812/firedrake-override/firedrake/solving_utils.py", line 129, in check_snes_convergence
    raise ConvergenceError(r"""Nonlinear solve failed to converge after %d nonlinear iterations.
firedrake.exceptions.ConvergenceError: Nonlinear solve failed to converge after 0 nonlinear iterations.
Reason:
   DIVERGED_LINEAR_SOLVE
[gadi-cpu-spr-0393.gadi.nci.org.au:3039678] 47 more processes have sent help message help-mpi-api.txt / mpi-abort
[gadi-cpu-spr-0393.gadi.nci.org.au:3039678] Set MCA parameter "orte_base_help_aggregate" to 0 to see all help / error messages
=== Job completed: Wed Apr 15 10:56:20 AEST 2026 ===

======================================================================================
                  Resource Usage on 2026-04-15 10:56:23:
   Job Id:             165687801.gadi-pbs
   Project:            xd2
   Exit Status:        0
   Service Units:      6.44
   NCPUs Requested:    48                  CPU Time Used: 01:16:49        
   Memory Requested:   500.0GB               Memory Used: 42.48GB         
   Walltime Requested: 03:00:00            Walltime Used: 00:01:56        
   JobFS Requested:    400.0GB                JobFS Used: 38.6MB          
======================================================================================
