=== Job info ===
Case: cockett
Solver: gamg_diffpmat
Scale: sweep
Nodes: 1
CPUs: 48
Date: Wed Apr 15 10:54:24 AEST 2026
================
Number of degrees of freedom: 17971200
Mesh: 120x120x156, DQ1
Time stepper: BackwardEuler, dt = 300.0 s, steps = 30
Solver: gamg_diffpmat
Solver parameters: {'ksp_type': 'gmres', 'ksp_rtol': 1e-06, 'ksp_max_it': 200, 'ksp_gmres_restart': 30, 'pc_type': 'python', 'pc_python_type': 'gadopt.RichardsDiffusionPC', 'aux_pc_type': 'gamg', 'aux_pc_gamg_type': 'agg', 'aux_pc_gamg_threshold': 0.02, 'aux_pc_gamg_aggressive_coarsening': 1, 'aux_pc_gamg_agg_nsmooths': 1, 'aux_pc_gamg_coarse_eq_limit': 1000, 'aux_pc_gamg_reuse_interpolation': True, 'aux_mg_levels_ksp_type': 'chebyshev', 'aux_mg_levels_ksp_max_it': 2, 'aux_mg_levels_ksp_convergence_test': 'skip', 'aux_mg_levels_pc_type': 'bjacobi', 'aux_mg_levels_sub_pc_type': 'ilu', 'aux_mg_levels_sub_pc_factor_levels': 0, 'aux_mg_coarse_ksp_type': 'gmres', 'aux_mg_coarse_ksp_max_it': 30, 'aux_mg_coarse_pc_type': 'bjacobi', 'aux_mg_coarse_sub_pc_type': 'ilu', 'snes_type': 'newtonls', 'snes_linesearch_type': 'bt', 'snes_rtol': 1e-08, 'snes_atol': 1e-08, 'snes_max_it': 50}
Solver kwargs: {'pmat': 'diffusion'}
  0 SNES Function norm 3.471807577015e-06
tsfc:WARNING Estimated quadrature degree 77 more than tenfold greater than any argument/coefficient degree (max (1, 1))
    Linear BackwardEuler-Equation_ solve converged due to CONVERGED_RTOL iterations 67
  1 SNES Function norm 3.220116248623e-07
    Linear BackwardEuler-Equation_ solve converged due to CONVERGED_RTOL iterations 91
  2 SNES Function norm 4.409637013378e-09
  Nonlinear BackwardEuler-Equation_ solve converged due to CONVERGED_FNORM_ABS iterations 2
t = 300.00 s | step 1/30 | wall 757.18 s | NL 2 | L 158
  0 SNES Function norm 1.964792477118e-06
    Linear BackwardEuler-Equation_ solve converged due to CONVERGED_RTOL iterations 65
  1 SNES Function norm 7.475562951346e-08
    Linear BackwardEuler-Equation_ solve converged due to CONVERGED_RTOL iterations 73
  2 SNES Function norm 2.017651063812e-10
  Nonlinear BackwardEuler-Equation_ solve converged due to CONVERGED_FNORM_ABS iterations 2
t = 600.00 s | step 2/30 | wall 665.12 s | NL 2 | L 138
  0 SNES Function norm 1.684842418824e-06
    Linear BackwardEuler-Equation_ solve converged due to CONVERGED_RTOL iterations 60
  1 SNES Function norm 4.778439640159e-08
    Linear BackwardEuler-Equation_ solve converged due to CONVERGED_RTOL iterations 72
  2 SNES Function norm 2.062645910439e-10
  Nonlinear BackwardEuler-Equation_ solve converged due to CONVERGED_FNORM_ABS iterations 2
t = 900.00 s | step 3/30 | wall 660.18 s | NL 2 | L 132
  0 SNES Function norm 1.540384897190e-06
    Linear BackwardEuler-Equation_ solve converged due to CONVERGED_RTOL iterations 59
  1 SNES Function norm 3.705021240408e-08
    Linear BackwardEuler-Equation_ solve converged due to CONVERGED_RTOL iterations 69
  2 SNES Function norm 1.477031150055e-10
  Nonlinear BackwardEuler-Equation_ solve converged due to CONVERGED_FNORM_ABS iterations 2
t = 1200.00 s | step 4/30 | wall 656.99 s | NL 2 | L 128
  0 SNES Function norm 1.446863057081e-06
    Linear BackwardEuler-Equation_ solve converged due to CONVERGED_RTOL iterations 59
  1 SNES Function norm 3.119789041762e-08
    Linear BackwardEuler-Equation_ solve converged due to CONVERGED_RTOL iterations 68
  2 SNES Function norm 9.471413311205e-11
  Nonlinear BackwardEuler-Equation_ solve converged due to CONVERGED_FNORM_ABS iterations 2
t = 1500.00 s | step 5/30 | wall 656.58 s | NL 2 | L 127
  0 SNES Function norm 1.379398855438e-06
    Linear BackwardEuler-Equation_ solve converged due to CONVERGED_RTOL iterations 58
  1 SNES Function norm 2.758794618057e-08
    Linear BackwardEuler-Equation_ solve converged due to CONVERGED_RTOL iterations 67
  2 SNES Function norm 8.483390009972e-11
  Nonlinear BackwardEuler-Equation_ solve converged due to CONVERGED_FNORM_ABS iterations 2
t = 1800.00 s | step 6/30 | wall 655.68 s | NL 2 | L 125
  0 SNES Function norm 1.327568932545e-06
    Linear BackwardEuler-Equation_ solve converged due to CONVERGED_RTOL iterations 58
  1 SNES Function norm 2.496825992609e-08
    Linear BackwardEuler-Equation_ solve converged due to CONVERGED_RTOL iterations 66
  2 SNES Function norm 9.310008331404e-11
  Nonlinear BackwardEuler-Equation_ solve converged due to CONVERGED_FNORM_ABS iterations 2
t = 2100.00 s | step 7/30 | wall 654.69 s | NL 2 | L 124
  0 SNES Function norm 1.286081372781e-06
    Linear BackwardEuler-Equation_ solve converged due to CONVERGED_RTOL iterations 58
  1 SNES Function norm 2.306055574493e-08
    Linear BackwardEuler-Equation_ solve converged due to CONVERGED_RTOL iterations 66
  2 SNES Function norm 9.526597419530e-11
  Nonlinear BackwardEuler-Equation_ solve converged due to CONVERGED_FNORM_ABS iterations 2
t = 2400.00 s | step 8/30 | wall 655.19 s | NL 2 | L 124
  0 SNES Function norm 1.251903052988e-06
    Linear BackwardEuler-Equation_ solve converged due to CONVERGED_RTOL iterations 58
  1 SNES Function norm 2.151498859929e-08
    Linear BackwardEuler-Equation_ solve converged due to CONVERGED_RTOL iterations 64
  2 SNES Function norm 1.175136821763e-10
  Nonlinear BackwardEuler-Equation_ solve converged due to CONVERGED_FNORM_ABS iterations 2
t = 2700.00 s | step 9/30 | wall 653.29 s | NL 2 | L 122
  0 SNES Function norm 1.223142483135e-06
    Linear BackwardEuler-Equation_ solve converged due to CONVERGED_RTOL iterations 57
  1 SNES Function norm 2.123279432714e-08
    Linear BackwardEuler-Equation_ solve converged due to CONVERGED_RTOL iterations 60
  2 SNES Function norm 1.251390670679e-10
  Nonlinear BackwardEuler-Equation_ solve converged due to CONVERGED_FNORM_ABS iterations 2
t = 3000.00 s | step 10/30 | wall 649.76 s | NL 2 | L 117
  0 SNES Function norm 1.198544103378e-06
    Linear BackwardEuler-Equation_ solve converged due to CONVERGED_RTOL iterations 57
  1 SNES Function norm 2.075208100121e-08
    Linear BackwardEuler-Equation_ solve converged due to CONVERGED_RTOL iterations 60
  2 SNES Function norm 1.288612406018e-10
  Nonlinear BackwardEuler-Equation_ solve converged due to CONVERGED_FNORM_ABS iterations 2
t = 3300.00 s | step 11/30 | wall 649.25 s | NL 2 | L 117
  0 SNES Function norm 1.177233628905e-06
    Linear BackwardEuler-Equation_ solve converged due to CONVERGED_RTOL iterations 57
  1 SNES Function norm 1.961559944832e-08
    Linear BackwardEuler-Equation_ solve converged due to CONVERGED_RTOL iterations 60
  2 SNES Function norm 1.241660170617e-10
  Nonlinear BackwardEuler-Equation_ solve converged due to CONVERGED_FNORM_ABS iterations 2
t = 3600.00 s | step 12/30 | wall 649.46 s | NL 2 | L 117
  0 SNES Function norm 1.158578858279e-06
    Linear BackwardEuler-Equation_ solve converged due to CONVERGED_RTOL iterations 55
  1 SNES Function norm 1.990401446937e-08
    Linear BackwardEuler-Equation_ solve converged due to CONVERGED_RTOL iterations 60
  2 SNES Function norm 1.286945066433e-10
  Nonlinear BackwardEuler-Equation_ solve converged due to CONVERGED_FNORM_ABS iterations 2
t = 3900.00 s | step 13/30 | wall 647.71 s | NL 2 | L 115
  0 SNES Function norm 1.142108524130e-06
    Linear BackwardEuler-Equation_ solve converged due to CONVERGED_RTOL iterations 53
  1 SNES Function norm 1.918406707825e-08
    Linear BackwardEuler-Equation_ solve converged due to CONVERGED_RTOL iterations 60
  2 SNES Function norm 1.234300367980e-10
  Nonlinear BackwardEuler-Equation_ solve converged due to CONVERGED_FNORM_ABS iterations 2
t = 4200.00 s | step 14/30 | wall 646.42 s | NL 2 | L 113
  0 SNES Function norm 1.127462347121e-06
    Linear BackwardEuler-Equation_ solve converged due to CONVERGED_RTOL iterations 52
  1 SNES Function norm 1.840082409301e-08
    Linear BackwardEuler-Equation_ solve converged due to CONVERGED_RTOL iterations 60
  2 SNES Function norm 1.192587947038e-10
  Nonlinear BackwardEuler-Equation_ solve converged due to CONVERGED_FNORM_ABS iterations 2
t = 4500.00 s | step 15/30 | wall 646.01 s | NL 2 | L 112
  0 SNES Function norm 1.114359064439e-06
    Linear BackwardEuler-Equation_ solve converged due to CONVERGED_RTOL iterations 52
  1 SNES Function norm 1.775673733845e-08
    Linear BackwardEuler-Equation_ solve converged due to CONVERGED_RTOL iterations 59
  2 SNES Function norm 1.209073608204e-10
  Nonlinear BackwardEuler-Equation_ solve converged due to CONVERGED_FNORM_ABS iterations 2
t = 4800.00 s | step 16/30 | wall 645.09 s | NL 2 | L 111
  0 SNES Function norm 1.102575108745e-06

======================================================================================
                  Resource Usage on 2026-04-15 13:56:00:
   Job Id:             165687788.gadi-pbs
   Project:            xd2
   Exit Status:        -29 (Job failed due to exceeding walltime)
   Service Units:      605.28
   NCPUs Requested:    48                  CPU Time Used: 145:02:21       
   Memory Requested:   500.0GB               Memory Used: 138.87GB        
   Walltime Requested: 03:00:00            Walltime Used: 03:01:35        
   JobFS Requested:    400.0GB                JobFS Used: 78.81MB         
======================================================================================
