=== Job info ===
Case: cockett
Solver: boomeramg_lipnikov
Scale: sweep
Nodes: 1
CPUs: 48
Date: Wed Apr 15 10:54:24 AEST 2026
================
Number of degrees of freedom: 17971200
Mesh: 120x120x156, DQ1
Time stepper: BackwardEuler, dt = 300.0 s, steps = 30
Solver: boomeramg_lipnikov
Solver parameters: {'ksp_type': 'gmres', 'ksp_rtol': 1e-06, 'ksp_max_it': 200, 'ksp_gmres_restart': 30, 'pc_type': 'python', 'pc_python_type': 'gadopt.RichardsLipnikovPC', 'aux_pc_type': 'hypre', 'aux_pc_hypre_type': 'boomeramg', 'aux_pc_hypre_boomeramg_strong_threshold': 0.5, 'aux_pc_hypre_boomeramg_coarsen_type': 'HMIS', 'aux_pc_hypre_boomeramg_interp_type': 'ext+i', 'aux_pc_hypre_boomeramg_agg_nl': 2, 'aux_pc_hypre_boomeramg_agg_num_paths': 2, 'aux_pc_hypre_boomeramg_truncfactor': 0.3, 'aux_pc_hypre_boomeramg_P_max': 4, 'aux_pc_hypre_boomeramg_relax_type_all': 'symmetric-SOR/Jacobi', 'aux_pc_hypre_boomeramg_grid_sweeps_down': 1, 'aux_pc_hypre_boomeramg_grid_sweeps_up': 1, 'aux_pc_hypre_boomeramg_max_coarse_size': 128, 'snes_type': 'newtonls', 'snes_linesearch_type': 'bt', 'snes_rtol': 1e-08, 'snes_atol': 1e-08, 'snes_max_it': 50}
Solver kwargs: {'pmat': 'lipnikov'}
  0 SNES Function norm 3.471807577015e-06
tsfc:WARNING Estimated quadrature degree 121 more than tenfold greater than any argument/coefficient degree (max (1, 1))
    Linear BackwardEuler-Equation_ solve converged due to CONVERGED_RTOL iterations 22
  1 SNES Function norm 3.221616401380e-07
    Linear BackwardEuler-Equation_ solve converged due to CONVERGED_RTOL iterations 28
  2 SNES Function norm 4.383243016576e-09
  Nonlinear BackwardEuler-Equation_ solve converged due to CONVERGED_FNORM_ABS iterations 2
t = 300.00 s | step 1/30 | wall 2900.07 s | NL 2 | L 50
  0 SNES Function norm 1.964792929582e-06
    Linear BackwardEuler-Equation_ solve converged due to CONVERGED_RTOL iterations 22
  1 SNES Function norm 7.448072001854e-08
    Linear BackwardEuler-Equation_ solve converged due to CONVERGED_RTOL iterations 25
  2 SNES Function norm 1.919523927394e-10
  Nonlinear BackwardEuler-Equation_ solve converged due to CONVERGED_FNORM_ABS iterations 2
t = 600.00 s | step 2/30 | wall 2834.49 s | NL 2 | L 47
  0 SNES Function norm 1.684842824429e-06
    Linear BackwardEuler-Equation_ solve converged due to CONVERGED_RTOL iterations 22
  1 SNES Function norm 4.714589093482e-08
    Linear BackwardEuler-Equation_ solve converged due to CONVERGED_RTOL iterations 24
  2 SNES Function norm 7.067092059262e-11
  Nonlinear BackwardEuler-Equation_ solve converged due to CONVERGED_FNORM_ABS iterations 2
t = 900.00 s | step 3/30 | wall 2834.24 s | NL 2 | L 46
  0 SNES Function norm 1.540385138872e-06
    Linear BackwardEuler-Equation_ solve converged due to CONVERGED_RTOL iterations 21
  1 SNES Function norm 3.629872010322e-08

======================================================================================
                  Resource Usage on 2026-04-15 13:55:36:
   Job Id:             165687790.gadi-pbs
   Project:            xd2
   Exit Status:        -29 (Job failed due to exceeding walltime)
   Service Units:      603.83
   NCPUs Requested:    48                  CPU Time Used: 144:33:40       
   Memory Requested:   500.0GB               Memory Used: 100.33GB        
   Walltime Requested: 03:00:00            Walltime Used: 03:01:09        
   JobFS Requested:    400.0GB                JobFS Used: 81.44MB         
======================================================================================
