=== Job info ===
Case: murrumbidgee
Solver: boomeramg_lipnikov
Scale: sweep
Nodes: 1
CPUs: 48
Date: Wed Apr 15 10:54:27 AEST 2026
================
Number of degrees of freedom: 853800
Horizontal resolution: 5000.0 m, Layers: 50, DG1
Time stepper: BackwardEuler, dt = 43200.0 s, steps = 20
Solver: boomeramg_lipnikov
Solver parameters: {'ksp_type': 'gmres', 'ksp_rtol': 1e-06, 'ksp_max_it': 200, 'ksp_gmres_restart': 30, 'pc_type': 'python', 'pc_python_type': 'gadopt.RichardsLipnikovPC', 'aux_pc_type': 'hypre', 'aux_pc_hypre_type': 'boomeramg', 'aux_pc_hypre_boomeramg_strong_threshold': 0.5, 'aux_pc_hypre_boomeramg_coarsen_type': 'HMIS', 'aux_pc_hypre_boomeramg_interp_type': 'ext+i', 'aux_pc_hypre_boomeramg_agg_nl': 2, 'aux_pc_hypre_boomeramg_agg_num_paths': 2, 'aux_pc_hypre_boomeramg_truncfactor': 0.3, 'aux_pc_hypre_boomeramg_P_max': 4, 'aux_pc_hypre_boomeramg_relax_type_all': 'symmetric-SOR/Jacobi', 'aux_pc_hypre_boomeramg_grid_sweeps_down': 1, 'aux_pc_hypre_boomeramg_grid_sweeps_up': 1, 'aux_pc_hypre_boomeramg_max_coarse_size': 128, 'snes_type': 'newtonls', 'snes_linesearch_type': 'bt', 'snes_rtol': 1e-08, 'snes_atol': 1e-08, 'snes_max_it': 50}
Solver kwargs: {'pmat': 'lipnikov'}
  0 SNES Function norm 1.586518606175e+08
tsfc:WARNING Estimated quadrature degree 23 more than tenfold greater than any argument/coefficient degree (max (1, 1))
    Linear BackwardEuler-Equation_ solve did not converge due to DIVERGED_ITS iterations 200
  Traceback (most recent call last):
Traceback (most recent call last):
Traceback (most recent call last):
Traceback (most recent call last):
  File "/scratch/xd2/sg8812/g-adopt-worktrees/sghelichkhani/richardson/tests/parallel_scaling_richards/murrumbidgee_3d.py", line 284, in <module>
Traceback (most recent call last):
  File "/scratch/xd2/sg8812/g-adopt-worktrees/sghelichkhani/richardson/tests/parallel_scaling_richards/murrumbidgee_3d.py", line 284, in <module>
Traceback (most recent call last):
Traceback (most recent call last):
Traceback (most recent call last):
  File "/scratch/xd2/sg8812/g-adopt-worktrees/sghelichkhani/richardson/tests/parallel_scaling_richards/murrumbidgee_3d.py", line 284, in <module>
Traceback (most recent call last):
Traceback (most recent call last):
  File "/scratch/xd2/sg8812/g-adopt-worktrees/sghelichkhani/richardson/tests/parallel_scaling_richards/murrumbidgee_3d.py", line 284, in <module>
Traceback (most recent call last):
  File "/scratch/xd2/sg8812/g-adopt-worktrees/sghelichkhani/richardson/tests/parallel_scaling_richards/murrumbidgee_3d.py", line 284, in <module>
  File "/scratch/xd2/sg8812/g-adopt-worktrees/sghelichkhani/richardson/tests/parallel_scaling_richards/murrumbidgee_3d.py", line 284, in <module>
Traceback (most recent call last):
  File "/scratch/xd2/sg8812/g-adopt-worktrees/sghelichkhani/richardson/tests/parallel_scaling_richards/murrumbidgee_3d.py", line 284, in <module>
  File "/scratch/xd2/sg8812/g-adopt-worktrees/sghelichkhani/richardson/tests/parallel_scaling_richards/murrumbidgee_3d.py", line 284, in <module>
  File "/scratch/xd2/sg8812/g-adopt-worktrees/sghelichkhani/richardson/tests/parallel_scaling_richards/murrumbidgee_3d.py", line 284, in <module>
  File "/scratch/xd2/sg8812/g-adopt-worktrees/sghelichkhani/richardson/tests/parallel_scaling_richards/murrumbidgee_3d.py", line 284, in <module>
Traceback (most recent call last):
  File "/scratch/xd2/sg8812/g-adopt-worktrees/sghelichkhani/richardson/tests/parallel_scaling_richards/murrumbidgee_3d.py", line 284, in <module>
  File "/scratch/xd2/sg8812/g-adopt-worktrees/sghelichkhani/richardson/tests/parallel_scaling_richards/murrumbidgee_3d.py", line 284, in <module>
Traceback (most recent call last):
  File "/scratch/xd2/sg8812/g-adopt-worktrees/sghelichkhani/richardson/tests/parallel_scaling_richards/murrumbidgee_3d.py", line 284, in <module>
Traceback (most recent call last):
  File "/scratch/xd2/sg8812/g-adopt-worktrees/sghelichkhani/richardson/tests/parallel_scaling_richards/murrumbidgee_3d.py", line 284, in <module>
Traceback (most recent call last):
  File "/scratch/xd2/sg8812/g-adopt-worktrees/sghelichkhani/richardson/tests/parallel_scaling_richards/murrumbidgee_3d.py", line 284, in <module>
Traceback (most recent call last):
  File "/scratch/xd2/sg8812/g-adopt-worktrees/sghelichkhani/richardson/tests/parallel_scaling_richards/murrumbidgee_3d.py", line 284, in <module>
  File "/scratch/xd2/sg8812/g-adopt-worktrees/sghelichkhani/richardson/tests/parallel_scaling_richards/murrumbidgee_3d.py", line 284, in <module>
Traceback (most recent call last):
  File "/scratch/xd2/sg8812/g-adopt-worktrees/sghelichkhani/richardson/tests/parallel_scaling_richards/murrumbidgee_3d.py", line 284, in <module>
Traceback (most recent call last):
  File "/scratch/xd2/sg8812/g-adopt-worktrees/sghelichkhani/richardson/tests/parallel_scaling_richards/murrumbidgee_3d.py", line 284, in <module>
Traceback (most recent call last):
  File "/scratch/xd2/sg8812/g-adopt-worktrees/sghelichkhani/richardson/tests/parallel_scaling_richards/murrumbidgee_3d.py", line 284, in <module>
Traceback (most recent call last):
Traceback (most recent call last):
  File "/scratch/xd2/sg8812/g-adopt-worktrees/sghelichkhani/richardson/tests/parallel_scaling_richards/murrumbidgee_3d.py", line 284, in <module>
Traceback (most recent call last):
  File "/scratch/xd2/sg8812/g-adopt-worktrees/sghelichkhani/richardson/tests/parallel_scaling_richards/murrumbidgee_3d.py", line 284, in <module>
Traceback (most recent call last):
  File "/scratch/xd2/sg8812/g-adopt-worktrees/sghelichkhani/richardson/tests/parallel_scaling_richards/murrumbidgee_3d.py", line 284, in <module>
Traceback (most recent call last):
  File "/scratch/xd2/sg8812/g-adopt-worktrees/sghelichkhani/richardson/tests/parallel_scaling_richards/murrumbidgee_3d.py", line 284, in <module>
Traceback (most recent call last):
  File "/scratch/xd2/sg8812/g-adopt-worktrees/sghelichkhani/richardson/tests/parallel_scaling_richards/murrumbidgee_3d.py", line 284, in <module>
Traceback (most recent call last):
  File "/scratch/xd2/sg8812/g-adopt-worktrees/sghelichkhani/richardson/tests/parallel_scaling_richards/murrumbidgee_3d.py", line 284, in <module>
Traceback (most recent call last):
  File "/scratch/xd2/sg8812/g-adopt-worktrees/sghelichkhani/richardson/tests/parallel_scaling_richards/murrumbidgee_3d.py", line 284, in <module>
  File "/scratch/xd2/sg8812/g-adopt-worktrees/sghelichkhani/richardson/tests/parallel_scaling_richards/murrumbidgee_3d.py", line 284, in <module>
Traceback (most recent call last):
  File "/scratch/xd2/sg8812/g-adopt-worktrees/sghelichkhani/richardson/tests/parallel_scaling_richards/murrumbidgee_3d.py", line 284, in <module>
Traceback (most recent call last):
  File "/scratch/xd2/sg8812/g-adopt-worktrees/sghelichkhani/richardson/tests/parallel_scaling_richards/murrumbidgee_3d.py", line 284, in <module>
Traceback (most recent call last):
  File "/scratch/xd2/sg8812/g-adopt-worktrees/sghelichkhani/richardson/tests/parallel_scaling_richards/murrumbidgee_3d.py", line 284, in <module>
Traceback (most recent call last):
  File "/scratch/xd2/sg8812/g-adopt-worktrees/sghelichkhani/richardson/tests/parallel_scaling_richards/murrumbidgee_3d.py", line 284, in <module>
Traceback (most recent call last):
  File "/scratch/xd2/sg8812/g-adopt-worktrees/sghelichkhani/richardson/tests/parallel_scaling_richards/murrumbidgee_3d.py", line 284, in <module>
Traceback (most recent call last):
  File "/scratch/xd2/sg8812/g-adopt-worktrees/sghelichkhani/richardson/tests/parallel_scaling_richards/murrumbidgee_3d.py", line 284, in <module>
Traceback (most recent call last):
  File "/scratch/xd2/sg8812/g-adopt-worktrees/sghelichkhani/richardson/tests/parallel_scaling_richards/murrumbidgee_3d.py", line 284, in <module>
Traceback (most recent call last):
  File "/scratch/xd2/sg8812/g-adopt-worktrees/sghelichkhani/richardson/tests/parallel_scaling_richards/murrumbidgee_3d.py", line 284, in <module>
Traceback (most recent call last):
  File "/scratch/xd2/sg8812/g-adopt-worktrees/sghelichkhani/richardson/tests/parallel_scaling_richards/murrumbidgee_3d.py", line 284, in <module>
Traceback (most recent call last):
  File "/scratch/xd2/sg8812/g-adopt-worktrees/sghelichkhani/richardson/tests/parallel_scaling_richards/murrumbidgee_3d.py", line 284, in <module>
Traceback (most recent call last):
  File "/scratch/xd2/sg8812/g-adopt-worktrees/sghelichkhani/richardson/tests/parallel_scaling_richards/murrumbidgee_3d.py", line 284, in <module>
Traceback (most recent call last):
  File "/scratch/xd2/sg8812/g-adopt-worktrees/sghelichkhani/richardson/tests/parallel_scaling_richards/murrumbidgee_3d.py", line 284, in <module>
Traceback (most recent call last):
  File "/scratch/xd2/sg8812/g-adopt-worktrees/sghelichkhani/richardson/tests/parallel_scaling_richards/murrumbidgee_3d.py", line 284, in <module>
Traceback (most recent call last):
  File "/scratch/xd2/sg8812/g-adopt-worktrees/sghelichkhani/richardson/tests/parallel_scaling_richards/murrumbidgee_3d.py", line 284, in <module>
Traceback (most recent call last):
  File "/scratch/xd2/sg8812/g-adopt-worktrees/sghelichkhani/richardson/tests/parallel_scaling_richards/murrumbidgee_3d.py", line 284, in <module>
Traceback (most recent call last):
  File "/scratch/xd2/sg8812/g-adopt-worktrees/sghelichkhani/richardson/tests/parallel_scaling_richards/murrumbidgee_3d.py", line 284, in <module>
Traceback (most recent call last):
  File "/scratch/xd2/sg8812/g-adopt-worktrees/sghelichkhani/richardson/tests/parallel_scaling_richards/murrumbidgee_3d.py", line 284, in <module>
Traceback (most recent call last):
  File "/scratch/xd2/sg8812/g-adopt-worktrees/sghelichkhani/richardson/tests/parallel_scaling_richards/murrumbidgee_3d.py", line 284, in <module>
Traceback (most recent call last):
  File "/scratch/xd2/sg8812/g-adopt-worktrees/sghelichkhani/richardson/tests/parallel_scaling_richards/murrumbidgee_3d.py", line 284, in <module>
Nonlinear BackwardEuler-Equation_ solve did not converge due to DIVERGED_LINEAR_SOLVE iterations 0
Traceback (most recent call last):
  File "/scratch/xd2/sg8812/g-adopt-worktrees/sghelichkhani/richardson/tests/parallel_scaling_richards/murrumbidgee_3d.py", line 284, in <module>
    model(
  File "/scratch/xd2/sg8812/g-adopt-worktrees/sghelichkhani/richardson/tests/parallel_scaling_richards/murrumbidgee_3d.py", line 262, in model
    model(
  File "/scratch/xd2/sg8812/g-adopt-worktrees/sghelichkhani/richardson/tests/parallel_scaling_richards/murrumbidgee_3d.py", line 262, in model
    model(
  File "/scratch/xd2/sg8812/g-adopt-worktrees/sghelichkhani/richardson/tests/parallel_scaling_richards/murrumbidgee_3d.py", line 262, in model
    model(
  File "/scratch/xd2/sg8812/g-adopt-worktrees/sghelichkhani/richardson/tests/parallel_scaling_richards/murrumbidgee_3d.py", line 262, in model
    model(
  File "/scratch/xd2/sg8812/g-adopt-worktrees/sghelichkhani/richardson/tests/parallel_scaling_richards/murrumbidgee_3d.py", line 262, in model
    model(
  File "/scratch/xd2/sg8812/g-adopt-worktrees/sghelichkhani/richardson/tests/parallel_scaling_richards/murrumbidgee_3d.py", line 262, in model
    model(
  File "/scratch/xd2/sg8812/g-adopt-worktrees/sghelichkhani/richardson/tests/parallel_scaling_richards/murrumbidgee_3d.py", line 262, in model
    model(
  File "/scratch/xd2/sg8812/g-adopt-worktrees/sghelichkhani/richardson/tests/parallel_scaling_richards/murrumbidgee_3d.py", line 262, in model
    model(
  File "/scratch/xd2/sg8812/g-adopt-worktrees/sghelichkhani/richardson/tests/parallel_scaling_richards/murrumbidgee_3d.py", line 262, in model
    model(
  File "/scratch/xd2/sg8812/g-adopt-worktrees/sghelichkhani/richardson/tests/parallel_scaling_richards/murrumbidgee_3d.py", line 262, in model
    model(
  File "/scratch/xd2/sg8812/g-adopt-worktrees/sghelichkhani/richardson/tests/parallel_scaling_richards/murrumbidgee_3d.py", line 262, in model
    model(
  File "/scratch/xd2/sg8812/g-adopt-worktrees/sghelichkhani/richardson/tests/parallel_scaling_richards/murrumbidgee_3d.py", line 262, in model
    model(
  File "/scratch/xd2/sg8812/g-adopt-worktrees/sghelichkhani/richardson/tests/parallel_scaling_richards/murrumbidgee_3d.py", line 262, in model
    model(
  File "/scratch/xd2/sg8812/g-adopt-worktrees/sghelichkhani/richardson/tests/parallel_scaling_richards/murrumbidgee_3d.py", line 262, in model
    model(
  File "/scratch/xd2/sg8812/g-adopt-worktrees/sghelichkhani/richardson/tests/parallel_scaling_richards/murrumbidgee_3d.py", line 262, in model
    model(
  File "/scratch/xd2/sg8812/g-adopt-worktrees/sghelichkhani/richardson/tests/parallel_scaling_richards/murrumbidgee_3d.py", line 262, in model
    model(
  File "/scratch/xd2/sg8812/g-adopt-worktrees/sghelichkhani/richardson/tests/parallel_scaling_richards/murrumbidgee_3d.py", line 262, in model
    model(
  File "/scratch/xd2/sg8812/g-adopt-worktrees/sghelichkhani/richardson/tests/parallel_scaling_richards/murrumbidgee_3d.py", line 262, in model
    model(
  File "/scratch/xd2/sg8812/g-adopt-worktrees/sghelichkhani/richardson/tests/parallel_scaling_richards/murrumbidgee_3d.py", line 262, in model
    model(
  File "/scratch/xd2/sg8812/g-adopt-worktrees/sghelichkhani/richardson/tests/parallel_scaling_richards/murrumbidgee_3d.py", line 262, in model
    model(
  File "/scratch/xd2/sg8812/g-adopt-worktrees/sghelichkhani/richardson/tests/parallel_scaling_richards/murrumbidgee_3d.py", line 262, in model
    model(
  File "/scratch/xd2/sg8812/g-adopt-worktrees/sghelichkhani/richardson/tests/parallel_scaling_richards/murrumbidgee_3d.py", line 262, in model
    model(
  File "/scratch/xd2/sg8812/g-adopt-worktrees/sghelichkhani/richardson/tests/parallel_scaling_richards/murrumbidgee_3d.py", line 262, in model
    model(
    richards_solver.solve()
    richards_solver.solve()
    richards_solver.solve()
  File "/scratch/xd2/sg8812/g-adopt-worktrees/sghelichkhani/richardson/tests/parallel_scaling_richards/murrumbidgee_3d.py", line 262, in model
    richards_solver.solve()
    richards_solver.solve()
  File "/scratch/xd2/sg8812/g-adopt-worktrees/sghelichkhani/richardson/gadopt/richards_solver.py", line 566, in solve
    richards_solver.solve()
  File "/scratch/xd2/sg8812/g-adopt-worktrees/sghelichkhani/richardson/gadopt/richards_solver.py", line 566, in solve
    richards_solver.solve()
    richards_solver.solve()
    richards_solver.solve()
  File "/scratch/xd2/sg8812/g-adopt-worktrees/sghelichkhani/richardson/gadopt/richards_solver.py", line 566, in solve
    richards_solver.solve()
  File "/scratch/xd2/sg8812/g-adopt-worktrees/sghelichkhani/richardson/gadopt/richards_solver.py", line 566, in solve
  File "/scratch/xd2/sg8812/g-adopt-worktrees/sghelichkhani/richardson/gadopt/richards_solver.py", line 566, in solve
  File "/scratch/xd2/sg8812/g-adopt-worktrees/sghelichkhani/richardson/gadopt/richards_solver.py", line 566, in solve
  File "/scratch/xd2/sg8812/g-adopt-worktrees/sghelichkhani/richardson/gadopt/richards_solver.py", line 566, in solve
  File "/scratch/xd2/sg8812/g-adopt-worktrees/sghelichkhani/richardson/gadopt/richards_solver.py", line 566, in solve
    richards_solver.solve()
  File "/scratch/xd2/sg8812/g-adopt-worktrees/sghelichkhani/richardson/gadopt/richards_solver.py", line 566, in solve
    model(
  File "/scratch/xd2/sg8812/g-adopt-worktrees/sghelichkhani/richardson/tests/parallel_scaling_richards/murrumbidgee_3d.py", line 262, in model
  File "/scratch/xd2/sg8812/g-adopt-worktrees/sghelichkhani/richardson/gadopt/richards_solver.py", line 566, in solve
    richards_solver.solve()
    richards_solver.solve()
  File "/scratch/xd2/sg8812/g-adopt-worktrees/sghelichkhani/richardson/gadopt/richards_solver.py", line 566, in solve
    richards_solver.solve()
    richards_solver.solve()
    richards_solver.solve()
  File "/scratch/xd2/sg8812/g-adopt-worktrees/sghelichkhani/richardson/gadopt/richards_solver.py", line 566, in solve
  File "/scratch/xd2/sg8812/g-adopt-worktrees/sghelichkhani/richardson/gadopt/richards_solver.py", line 566, in solve
  File "/scratch/xd2/sg8812/g-adopt-worktrees/sghelichkhani/richardson/gadopt/richards_solver.py", line 566, in solve
  File "/scratch/xd2/sg8812/g-adopt-worktrees/sghelichkhani/richardson/gadopt/richards_solver.py", line 566, in solve
  File "/scratch/xd2/sg8812/g-adopt-worktrees/sghelichkhani/richardson/gadopt/richards_solver.py", line 566, in solve
    richards_solver.solve()
  File "/scratch/xd2/sg8812/g-adopt-worktrees/sghelichkhani/richardson/gadopt/richards_solver.py", line 566, in solve
    richards_solver.solve()
  File "/scratch/xd2/sg8812/g-adopt-worktrees/sghelichkhani/richardson/gadopt/richards_solver.py", line 566, in solve
    model(
  File "/scratch/xd2/sg8812/g-adopt-worktrees/sghelichkhani/richardson/tests/parallel_scaling_richards/murrumbidgee_3d.py", line 262, in model
    model(
  File "/scratch/xd2/sg8812/g-adopt-worktrees/sghelichkhani/richardson/tests/parallel_scaling_richards/murrumbidgee_3d.py", line 262, in model
    model(
  File "/scratch/xd2/sg8812/g-adopt-worktrees/sghelichkhani/richardson/tests/parallel_scaling_richards/murrumbidgee_3d.py", line 262, in model
    model(
  File "/scratch/xd2/sg8812/g-adopt-worktrees/sghelichkhani/richardson/tests/parallel_scaling_richards/murrumbidgee_3d.py", line 262, in model
    model(
  File "/scratch/xd2/sg8812/g-adopt-worktrees/sghelichkhani/richardson/tests/parallel_scaling_richards/murrumbidgee_3d.py", line 262, in model
    model(
  File "/scratch/xd2/sg8812/g-adopt-worktrees/sghelichkhani/richardson/tests/parallel_scaling_richards/murrumbidgee_3d.py", line 262, in model
    model(
  File "/scratch/xd2/sg8812/g-adopt-worktrees/sghelichkhani/richardson/tests/parallel_scaling_richards/murrumbidgee_3d.py", line 262, in model
    model(
  File "/scratch/xd2/sg8812/g-adopt-worktrees/sghelichkhani/richardson/tests/parallel_scaling_richards/murrumbidgee_3d.py", line 262, in model
    model(
  File "/scratch/xd2/sg8812/g-adopt-worktrees/sghelichkhani/richardson/tests/parallel_scaling_richards/murrumbidgee_3d.py", line 262, in model
    model(
  File "/scratch/xd2/sg8812/g-adopt-worktrees/sghelichkhani/richardson/tests/parallel_scaling_richards/murrumbidgee_3d.py", line 262, in model
    model(
  File "/scratch/xd2/sg8812/g-adopt-worktrees/sghelichkhani/richardson/tests/parallel_scaling_richards/murrumbidgee_3d.py", line 262, in model
    model(
  File "/scratch/xd2/sg8812/g-adopt-worktrees/sghelichkhani/richardson/tests/parallel_scaling_richards/murrumbidgee_3d.py", line 262, in model
    model(
  File "/scratch/xd2/sg8812/g-adopt-worktrees/sghelichkhani/richardson/tests/parallel_scaling_richards/murrumbidgee_3d.py", line 262, in model
    model(
  File "/scratch/xd2/sg8812/g-adopt-worktrees/sghelichkhani/richardson/tests/parallel_scaling_richards/murrumbidgee_3d.py", line 262, in model
    model(
    model(
  File "/scratch/xd2/sg8812/g-adopt-worktrees/sghelichkhani/richardson/tests/parallel_scaling_richards/murrumbidgee_3d.py", line 262, in model
    model(
  File "/scratch/xd2/sg8812/g-adopt-worktrees/sghelichkhani/richardson/tests/parallel_scaling_richards/murrumbidgee_3d.py", line 262, in model
    model(
  File "/scratch/xd2/sg8812/g-adopt-worktrees/sghelichkhani/richardson/tests/parallel_scaling_richards/murrumbidgee_3d.py", line 262, in model
  File "/scratch/xd2/sg8812/g-adopt-worktrees/sghelichkhani/richardson/tests/parallel_scaling_richards/murrumbidgee_3d.py", line 262, in model
    model(
  File "/scratch/xd2/sg8812/g-adopt-worktrees/sghelichkhani/richardson/tests/parallel_scaling_richards/murrumbidgee_3d.py", line 262, in model
    richards_solver.solve()
    model(
  File "/scratch/xd2/sg8812/g-adopt-worktrees/sghelichkhani/richardson/tests/parallel_scaling_richards/murrumbidgee_3d.py", line 262, in model
    model(
  File "/scratch/xd2/sg8812/g-adopt-worktrees/sghelichkhani/richardson/tests/parallel_scaling_richards/murrumbidgee_3d.py", line 262, in model
    model(
  File "/scratch/xd2/sg8812/g-adopt-worktrees/sghelichkhani/richardson/tests/parallel_scaling_richards/murrumbidgee_3d.py", line 262, in model
    model(
  File "/scratch/xd2/sg8812/g-adopt-worktrees/sghelichkhani/richardson/tests/parallel_scaling_richards/murrumbidgee_3d.py", line 262, in model
  File "/scratch/xd2/sg8812/g-adopt-worktrees/sghelichkhani/richardson/gadopt/richards_solver.py", line 566, in solve
    return self.ts.advance(t)
           ^^^^^^^^^^^^^^^^^^
  File "/scratch/xd2/sg8812/g-adopt-worktrees/sghelichkhani/richardson/gadopt/time_stepper.py", line 244, in advance
    richards_solver.solve()
  File "/scratch/xd2/sg8812/g-adopt-worktrees/sghelichkhani/richardson/gadopt/richards_solver.py", line 566, in solve
    richards_solver.solve()
  File "/scratch/xd2/sg8812/g-adopt-worktrees/sghelichkhani/richardson/gadopt/richards_solver.py", line 566, in solve
    richards_solver.solve()
  File "/scratch/xd2/sg8812/g-adopt-worktrees/sghelichkhani/richardson/gadopt/richards_solver.py", line 566, in solve
    richards_solver.solve()
  File "/scratch/xd2/sg8812/g-adopt-worktrees/sghelichkhani/richardson/gadopt/richards_solver.py", line 566, in solve
    richards_solver.solve()
  File "/scratch/xd2/sg8812/g-adopt-worktrees/sghelichkhani/richardson/gadopt/richards_solver.py", line 566, in solve
    richards_solver.solve()
  File "/scratch/xd2/sg8812/g-adopt-worktrees/sghelichkhani/richardson/gadopt/richards_solver.py", line 566, in solve
    richards_solver.solve()
  File "/scratch/xd2/sg8812/g-adopt-worktrees/sghelichkhani/richardson/gadopt/richards_solver.py", line 566, in solve
    richards_solver.solve()
    richards_solver.solve()
  File "/scratch/xd2/sg8812/g-adopt-worktrees/sghelichkhani/richardson/gadopt/richards_solver.py", line 566, in solve
    richards_solver.solve()
    richards_solver.solve()
    richards_solver.solve()
    richards_solver.solve()
  File "/scratch/xd2/sg8812/g-adopt-worktrees/sghelichkhani/richardson/gadopt/richards_solver.py", line 566, in solve
    richards_solver.solve()
  File "/scratch/xd2/sg8812/g-adopt-worktrees/sghelichkhani/richardson/gadopt/richards_solver.py", line 566, in solve
  File "/scratch/xd2/sg8812/g-adopt-worktrees/sghelichkhani/richardson/gadopt/richards_solver.py", line 566, in solve
    richards_solver.solve()
  File "/scratch/xd2/sg8812/g-adopt-worktrees/sghelichkhani/richardson/gadopt/richards_solver.py", line 566, in solve
  File "/scratch/xd2/sg8812/g-adopt-worktrees/sghelichkhani/richardson/gadopt/richards_solver.py", line 566, in solve
  File "/scratch/xd2/sg8812/g-adopt-worktrees/sghelichkhani/richardson/gadopt/richards_solver.py", line 566, in solve
    richards_solver.solve()
  File "/scratch/xd2/sg8812/g-adopt-worktrees/sghelichkhani/richardson/gadopt/richards_solver.py", line 566, in solve
    richards_solver.solve()
    richards_solver.solve()
    richards_solver.solve()
    result = self.stepper.advance()
             ^^^^^^^^^^^^^^^^^^^^^^
  File "/scratch/xd2/sg8812/Irksome/irksome/base_time_stepper.py", line 147, in advance
    richards_solver.solve()
    richards_solver.solve()
    richards_solver.solve()
    return self.ts.advance(t)
  File "/scratch/xd2/sg8812/g-adopt-worktrees/sghelichkhani/richardson/gadopt/richards_solver.py", line 566, in solve
  File "/scratch/xd2/sg8812/g-adopt-worktrees/sghelichkhani/richardson/gadopt/richards_solver.py", line 566, in solve
    richards_solver.solve()
  File "/scratch/xd2/sg8812/g-adopt-worktrees/sghelichkhani/richardson/gadopt/richards_solver.py", line 566, in solve
    richards_solver.solve()
  File "/scratch/xd2/sg8812/g-adopt-worktrees/sghelichkhani/richardson/gadopt/richards_solver.py", line 566, in solve
    richards_solver.solve()
  File "/scratch/xd2/sg8812/g-adopt-worktrees/sghelichkhani/richardson/gadopt/richards_solver.py", line 566, in solve
  File "/scratch/xd2/sg8812/g-adopt-worktrees/sghelichkhani/richardson/gadopt/richards_solver.py", line 566, in solve
  File "/scratch/xd2/sg8812/g-adopt-worktrees/sghelichkhani/richardson/gadopt/richards_solver.py", line 566, in solve
    richards_solver.solve()
  File "/scratch/xd2/sg8812/g-adopt-worktrees/sghelichkhani/richardson/gadopt/richards_solver.py", line 566, in solve
    richards_solver.solve()
  File "/scratch/xd2/sg8812/g-adopt-worktrees/sghelichkhani/richardson/gadopt/richards_solver.py", line 566, in solve
    richards_solver.solve()
  File "/scratch/xd2/sg8812/g-adopt-worktrees/sghelichkhani/richardson/gadopt/richards_solver.py", line 566, in solve
  File "/scratch/xd2/sg8812/g-adopt-worktrees/sghelichkhani/richardson/gadopt/richards_solver.py", line 566, in solve
    richards_solver.solve()
  File "/scratch/xd2/sg8812/g-adopt-worktrees/sghelichkhani/richardson/gadopt/richards_solver.py", line 566, in solve
           ^^^^^^^^^^^^^^^^^^
  File "/scratch/xd2/sg8812/g-adopt-worktrees/sghelichkhani/richardson/gadopt/time_stepper.py", line 244, in advance
  File "/scratch/xd2/sg8812/g-adopt-worktrees/sghelichkhani/richardson/gadopt/richards_solver.py", line 566, in solve
  File "/scratch/xd2/sg8812/g-adopt-worktrees/sghelichkhani/richardson/gadopt/richards_solver.py", line 566, in solve
    self.solver.solve(bounds=self.stage_bounds)
  File "petsc4py/PETSc/Log.pyx", line 250, in petsc4py.PETSc.Log.EventDecorator.decorator.wrapped_func
    result = self.stepper.advance()
             ^^^^^^^^^^^^^^^^^^^^^^
  File "/scratch/xd2/sg8812/Irksome/irksome/base_time_stepper.py", line 147, in advance
    self.solver.solve(bounds=self.stage_bounds)
  File "petsc4py/PETSc/Log.pyx", line 250, in petsc4py.PETSc.Log.EventDecorator.decorator.wrapped_func
    return self.ts.advance(t)
    return self.ts.advance(t)
           ^^^^^^^^^^^^^^^^^^
  File "/scratch/xd2/sg8812/g-adopt-worktrees/sghelichkhani/richardson/gadopt/time_stepper.py", line 244, in advance
           ^^^^^^^^^^^^^^^^^^
  File "/scratch/xd2/sg8812/g-adopt-worktrees/sghelichkhani/richardson/gadopt/time_stepper.py", line 244, in advance
    return self.ts.advance(t)
           ^^^^^^^^^^^^^^^^^^
  File "/scratch/xd2/sg8812/g-adopt-worktrees/sghelichkhani/richardson/gadopt/time_stepper.py", line 244, in advance
    return self.ts.advance(t)
           ^^^^^^^^^^^^^^^^^^
  File "/scratch/xd2/sg8812/g-adopt-worktrees/sghelichkhani/richardson/gadopt/time_stepper.py", line 244, in advance
    return self.ts.advance(t)
           ^^^^^^^^^^^^^^^^^^
  File "/scratch/xd2/sg8812/g-adopt-worktrees/sghelichkhani/richardson/gadopt/time_stepper.py", line 244, in advance
    return self.ts.advance(t)
    return self.ts.advance(t)
           ^^^^^^^^^^^^^^^^^^
  File "/scratch/xd2/sg8812/g-adopt-worktrees/sghelichkhani/richardson/gadopt/time_stepper.py", line 244, in advance
           ^^^^^^^^^^^^^^^^^^
  File "/scratch/xd2/sg8812/g-adopt-worktrees/sghelichkhani/richardson/gadopt/time_stepper.py", line 244, in advance
    return self.ts.advance(t)
           ^^^^^^^^^^^^^^^^^^
  File "/scratch/xd2/sg8812/g-adopt-worktrees/sghelichkhani/richardson/gadopt/time_stepper.py", line 244, in advance
    return self.ts.advance(t)
           ^^^^^^^^^^^^^^^^^^
  File "/scratch/xd2/sg8812/g-adopt-worktrees/sghelichkhani/richardson/gadopt/time_stepper.py", line 244, in advance
    return self.ts.advance(t)
    return self.ts.advance(t)
    result = self.stepper.advance()
             ^^^^^^^^^^^^^^^^^^^^^^
  File "/scratch/xd2/sg8812/Irksome/irksome/base_time_stepper.py", line 147, in advance
    result = self.stepper.advance()
             ^^^^^^^^^^^^^^^^^^^^^^
  File "/scratch/xd2/sg8812/Irksome/irksome/base_time_stepper.py", line 147, in advance
    result = self.stepper.advance()
             ^^^^^^^^^^^^^^^^^^^^^^
  File "/scratch/xd2/sg8812/Irksome/irksome/base_time_stepper.py", line 147, in advance
           ^^^^^^^^^^^^^^^^^^
  File "/scratch/xd2/sg8812/g-adopt-worktrees/sghelichkhani/richardson/gadopt/time_stepper.py", line 244, in advance
    return self.ts.advance(t)
           ^^^^^^^^^^^^^^^^^^
  File "/scratch/xd2/sg8812/g-adopt-worktrees/sghelichkhani/richardson/gadopt/time_stepper.py", line 244, in advance
           ^^^^^^^^^^^^^^^^^^
  File "/scratch/xd2/sg8812/g-adopt-worktrees/sghelichkhani/richardson/gadopt/time_stepper.py", line 244, in advance
    return self.ts.advance(t)
    return self.ts.advance(t)
    return self.ts.advance(t)
    return self.ts.advance(t)
           ^^^^^^^^^^^^^^^^^^
  File "/scratch/xd2/sg8812/g-adopt-worktrees/sghelichkhani/richardson/gadopt/time_stepper.py", line 244, in advance
    result = self.stepper.advance()
             ^^^^^^^^^^^^^^^^^^^^^^
  File "/scratch/xd2/sg8812/Irksome/irksome/base_time_stepper.py", line 147, in advance
    return self.ts.advance(t)
           ^^^^^^^^^^^^^^^^^^
  File "/scratch/xd2/sg8812/g-adopt-worktrees/sghelichkhani/richardson/gadopt/time_stepper.py", line 244, in advance
    result = self.stepper.advance()
             ^^^^^^^^^^^^^^^^^^^^^^
  File "/scratch/xd2/sg8812/Irksome/irksome/base_time_stepper.py", line 147, in advance
    return self.ts.advance(t)
           ^^^^^^^^^^^^^^^^^^
  File "/scratch/xd2/sg8812/g-adopt-worktrees/sghelichkhani/richardson/gadopt/time_stepper.py", line 244, in advance
    return self.ts.advance(t)
           ^^^^^^^^^^^^^^^^^^
  File "/scratch/xd2/sg8812/g-adopt-worktrees/sghelichkhani/richardson/gadopt/time_stepper.py", line 244, in advance
           ^^^^^^^^^^^^^^^^^^
  File "/scratch/xd2/sg8812/g-adopt-worktrees/sghelichkhani/richardson/gadopt/time_stepper.py", line 244, in advance
    result = self.stepper.advance()
             ^^^^^^^^^^^^^^^^^^^^^^
  File "/scratch/xd2/sg8812/Irksome/irksome/base_time_stepper.py", line 147, in advance
           ^^^^^^^^^^^^^^^^^^
  File "/scratch/xd2/sg8812/g-adopt-worktrees/sghelichkhani/richardson/gadopt/time_stepper.py", line 244, in advance
    return self.ts.advance(t)
           ^^^^^^^^^^^^^^^^^^
  File "/scratch/xd2/sg8812/g-adopt-worktrees/sghelichkhani/richardson/gadopt/time_stepper.py", line 244, in advance
    result = self.stepper.advance()
             ^^^^^^^^^^^^^^^^^^^^^^
  File "/scratch/xd2/sg8812/Irksome/irksome/base_time_stepper.py", line 147, in advance
    return self.ts.advance(t)
           ^^^^^^^^^^^^^^^^^^
  File "/scratch/xd2/sg8812/g-adopt-worktrees/sghelichkhani/richardson/gadopt/time_stepper.py", line 244, in advance
           ^^^^^^^^^^^^^^^^^^
  File "/scratch/xd2/sg8812/g-adopt-worktrees/sghelichkhani/richardson/gadopt/time_stepper.py", line 244, in advance
    return self.ts.advance(t)
           ^^^^^^^^^^^^^^^^^^
  File "/scratch/xd2/sg8812/g-adopt-worktrees/sghelichkhani/richardson/gadopt/time_stepper.py", line 244, in advance
    result = self.stepper.advance()
             ^^^^^^^^^^^^^^^^^^^^^^
  File "/scratch/xd2/sg8812/Irksome/irksome/base_time_stepper.py", line 147, in advance
    return self.ts.advance(t)
           ^^^^^^^^^^^^^^^^^^
  File "/scratch/xd2/sg8812/g-adopt-worktrees/sghelichkhani/richardson/gadopt/time_stepper.py", line 244, in advance
    return self.ts.advance(t)
           ^^^^^^^^^^^^^^^^^^
  File "/scratch/xd2/sg8812/g-adopt-worktrees/sghelichkhani/richardson/gadopt/time_stepper.py", line 244, in advance
    result = self.stepper.advance()
             ^^^^^^^^^^^^^^^^^^^^^^
  File "/scratch/xd2/sg8812/Irksome/irksome/base_time_stepper.py", line 147, in advance
    result = self.stepper.advance()
             ^^^^^^^^^^^^^^^^^^^^^^
  File "/scratch/xd2/sg8812/Irksome/irksome/base_time_stepper.py", line 147, in advance
    result = self.stepper.advance()
             ^^^^^^^^^^^^^^^^^^^^^^
  File "/scratch/xd2/sg8812/Irksome/irksome/base_time_stepper.py", line 147, in advance
    result = self.stepper.advance()
             ^^^^^^^^^^^^^^^^^^^^^^
  File "/scratch/xd2/sg8812/Irksome/irksome/base_time_stepper.py", line 147, in advance
    result = self.stepper.advance()
             ^^^^^^^^^^^^^^^^^^^^^^
  File "/scratch/xd2/sg8812/Irksome/irksome/base_time_stepper.py", line 147, in advance
    result = self.stepper.advance()
    return self.ts.advance(t)
    return self.ts.advance(t)
           ^^^^^^^^^^^^^^^^^^
    result = self.stepper.advance()
             ^^^^^^^^^^^^^^^^^^^^^^
  File "/scratch/xd2/sg8812/Irksome/irksome/base_time_stepper.py", line 147, in advance
    result = self.stepper.advance()
             ^^^^^^^^^^^^^^^^^^^^^^
  File "/scratch/xd2/sg8812/Irksome/irksome/base_time_stepper.py", line 147, in advance
    return self.ts.advance(t)
    return self.ts.advance(t)
  File "petsc4py/PETSc/Log.pyx", line 251, in petsc4py.PETSc.Log.EventDecorator.decorator.wrapped_func
             ^^^^^^^^^^^^^^^^^^^^^^
  File "/scratch/xd2/sg8812/Irksome/irksome/base_time_stepper.py", line 147, in advance
    return self.ts.advance(t)
           ^^^^^^^^^^^^^^^^^^
  File "/scratch/xd2/sg8812/g-adopt-worktrees/sghelichkhani/richardson/gadopt/time_stepper.py", line 244, in advance
    return self.ts.advance(t)
           ^^^^^^^^^^^^^^^^^^
  File "/scratch/xd2/sg8812/g-adopt-worktrees/sghelichkhani/richardson/gadopt/time_stepper.py", line 244, in advance
           ^^^^^^^^^^^^^^^^^^
  File "/scratch/xd2/sg8812/g-adopt-worktrees/sghelichkhani/richardson/gadopt/time_stepper.py", line 244, in advance
  File "/scratch/xd2/sg8812/g-adopt-worktrees/sghelichkhani/richardson/gadopt/time_stepper.py", line 244, in advance
    result = self.stepper.advance()
             ^^^^^^^^^^^^^^^^^^^^^^
  File "/scratch/xd2/sg8812/Irksome/irksome/base_time_stepper.py", line 147, in advance
    result = self.stepper.advance()
             ^^^^^^^^^^^^^^^^^^^^^^
  File "/scratch/xd2/sg8812/Irksome/irksome/base_time_stepper.py", line 147, in advance
    return self.ts.advance(t)
           ^^^^^^^^^^^^^^^^^^
  File "/scratch/xd2/sg8812/g-adopt-worktrees/sghelichkhani/richardson/gadopt/time_stepper.py", line 244, in advance
    result = self.stepper.advance()
             ^^^^^^^^^^^^^^^^^^^^^^
  File "/scratch/xd2/sg8812/Irksome/irksome/base_time_stepper.py", line 147, in advance
    return self.ts.advance(t)
           ^^^^^^^^^^^^^^^^^^
  File "/scratch/xd2/sg8812/g-adopt-worktrees/sghelichkhani/richardson/gadopt/time_stepper.py", line 244, in advance
    result = self.stepper.advance()
             ^^^^^^^^^^^^^^^^^^^^^^
  File "/scratch/xd2/sg8812/Irksome/irksome/base_time_stepper.py", line 147, in advance
    result = self.stepper.advance()
             ^^^^^^^^^^^^^^^^^^^^^^
  File "/scratch/xd2/sg8812/Irksome/irksome/base_time_stepper.py", line 147, in advance
  File "petsc4py/PETSc/Log.pyx", line 251, in petsc4py.PETSc.Log.EventDecorator.decorator.wrapped_func
           ^^^^^^^^^^^^^^^^^^
  File "/scratch/xd2/sg8812/g-adopt-worktrees/sghelichkhani/richardson/gadopt/time_stepper.py", line 244, in advance
    result = self.stepper.advance()
             ^^^^^^^^^^^^^^^^^^^^^^
  File "/scratch/xd2/sg8812/Irksome/irksome/base_time_stepper.py", line 147, in advance
           ^^^^^^^^^^^^^^^^^^
  File "/scratch/xd2/sg8812/g-adopt-worktrees/sghelichkhani/richardson/gadopt/time_stepper.py", line 244, in advance
    result = self.stepper.advance()
             ^^^^^^^^^^^^^^^^^^^^^^
  File "/scratch/xd2/sg8812/Irksome/irksome/base_time_stepper.py", line 147, in advance
    result = self.stepper.advance()
             ^^^^^^^^^^^^^^^^^^^^^^
  File "/scratch/xd2/sg8812/Irksome/irksome/base_time_stepper.py", line 147, in advance
  File "/scratch/xd2/sg8812/firedrake-override/firedrake/adjoint_utils/variational_solver.py", line 116, in wrapper
    return self.ts.advance(t)
           ^^^^^^^^^^^^^^^^^^
  File "/scratch/xd2/sg8812/g-adopt-worktrees/sghelichkhani/richardson/gadopt/time_stepper.py", line 244, in advance
    return self.ts.advance(t)
    return self.ts.advance(t)
           ^^^^^^^^^^^^^^^^^^
  File "/scratch/xd2/sg8812/g-adopt-worktrees/sghelichkhani/richardson/gadopt/time_stepper.py", line 244, in advance
    return self.ts.advance(t)
    return self.ts.advance(t)
    return self.ts.advance(t)
           ^^^^^^^^^^^^^^^^^^
    return self.ts.advance(t)
           ^^^^^^^^^^^^^^^^^^
  File "/scratch/xd2/sg8812/g-adopt-worktrees/sghelichkhani/richardson/gadopt/time_stepper.py", line 244, in advance
    return self.ts.advance(t)
           ^^^^^^^^^^^^^^^^^^
  File "/scratch/xd2/sg8812/g-adopt-worktrees/sghelichkhani/richardson/gadopt/time_stepper.py", line 244, in advance
           ^^^^^^^^^^^^^^^^^^
  File "/scratch/xd2/sg8812/g-adopt-worktrees/sghelichkhani/richardson/gadopt/time_stepper.py", line 244, in advance
           ^^^^^^^^^^^^^^^^^^
  File "/scratch/xd2/sg8812/g-adopt-worktrees/sghelichkhani/richardson/gadopt/time_stepper.py", line 244, in advance
    return self.ts.advance(t)
           ^^^^^^^^^^^^^^^^^^
    return self.ts.advance(t)
           ^^^^^^^^^^^^^^^^^^
  File "/scratch/xd2/sg8812/g-adopt-worktrees/sghelichkhani/richardson/gadopt/time_stepper.py", line 244, in advance
           ^^^^^^^^^^^^^^^^^^
  File "/scratch/xd2/sg8812/g-adopt-worktrees/sghelichkhani/richardson/gadopt/time_stepper.py", line 244, in advance
    return self.ts.advance(t)
           ^^^^^^^^^^^^^^^^^^
  File "/scratch/xd2/sg8812/g-adopt-worktrees/sghelichkhani/richardson/gadopt/time_stepper.py", line 244, in advance
    return self.ts.advance(t)
           ^^^^^^^^^^^^^^^^^^
  File "/scratch/xd2/sg8812/g-adopt-worktrees/sghelichkhani/richardson/gadopt/time_stepper.py", line 244, in advance
  File "/scratch/xd2/sg8812/firedrake-override/firedrake/adjoint_utils/variational_solver.py", line 116, in wrapper
  File "/scratch/xd2/sg8812/g-adopt-worktrees/sghelichkhani/richardson/gadopt/time_stepper.py", line 244, in advance
    result = self.stepper.advance()
    result = self.stepper.advance()
             ^^^^^^^^^^^^^^^^^^^^^^
    result = self.stepper.advance()
             ^^^^^^^^^^^^^^^^^^^^^^
  File "/scratch/xd2/sg8812/Irksome/irksome/base_time_stepper.py", line 147, in advance
    result = self.stepper.advance()
             ^^^^^^^^^^^^^^^^^^^^^^
  File "/scratch/xd2/sg8812/Irksome/irksome/base_time_stepper.py", line 147, in advance
    result = self.stepper.advance()
             ^^^^^^^^^^^^^^^^^^^^^^
  File "/scratch/xd2/sg8812/g-adopt-worktrees/sghelichkhani/richardson/gadopt/time_stepper.py", line 244, in advance
    result = self.stepper.advance()
             ^^^^^^^^^^^^^^^^^^^^^^
    return self.ts.advance(t)
    result = self.stepper.advance()
             ^^^^^^^^^^^^^^^^^^^^^^
  File "/scratch/xd2/sg8812/Irksome/irksome/base_time_stepper.py", line 147, in advance
    result = self.stepper.advance()
             ^^^^^^^^^^^^^^^^^^^^^^
  File "/scratch/xd2/sg8812/Irksome/irksome/base_time_stepper.py", line 147, in advance
             ^^^^^^^^^^^^^^^^^^^^^^
  File "/scratch/xd2/sg8812/Irksome/irksome/base_time_stepper.py", line 147, in advance
  File "/scratch/xd2/sg8812/Irksome/irksome/base_time_stepper.py", line 147, in advance
    result = self.stepper.advance()
             ^^^^^^^^^^^^^^^^^^^^^^
  File "/scratch/xd2/sg8812/Irksome/irksome/base_time_stepper.py", line 147, in advance
    result = self.stepper.advance()
             ^^^^^^^^^^^^^^^^^^^^^^
  File "/scratch/xd2/sg8812/Irksome/irksome/base_time_stepper.py", line 147, in advance
  File "/scratch/xd2/sg8812/Irksome/irksome/base_time_stepper.py", line 147, in advance
  File "/scratch/xd2/sg8812/Irksome/irksome/base_time_stepper.py", line 147, in advance
    result = self.stepper.advance()
           ^^^^^^^^^^^^^^^^^^
  File "/scratch/xd2/sg8812/g-adopt-worktrees/sghelichkhani/richardson/gadopt/time_stepper.py", line 244, in advance
    result = self.stepper.advance()
             ^^^^^^^^^^^^^^^^^^^^^^
  File "/scratch/xd2/sg8812/Irksome/irksome/base_time_stepper.py", line 147, in advance
    result = self.stepper.advance()
             ^^^^^^^^^^^^^^^^^^^^^^
  File "/scratch/xd2/sg8812/Irksome/irksome/base_time_stepper.py", line 147, in advance
    self.solver.solve(bounds=self.stage_bounds)
    self.solver.solve(bounds=self.stage_bounds)
  File "petsc4py/PETSc/Log.pyx", line 250, in petsc4py.PETSc.Log.EventDecorator.decorator.wrapped_func
    result = self.stepper.advance()
             ^^^^^^^^^^^^^^^^^^^^^^
  File "/scratch/xd2/sg8812/Irksome/irksome/base_time_stepper.py", line 147, in advance
    self.solver.solve(bounds=self.stage_bounds)
    result = self.stepper.advance()
             ^^^^^^^^^^^^^^^^^^^^^^
  File "/scratch/xd2/sg8812/Irksome/irksome/base_time_stepper.py", line 147, in advance
    result = self.stepper.advance()
             ^^^^^^^^^^^^^^^^^^^^^^
  File "/scratch/xd2/sg8812/Irksome/irksome/base_time_stepper.py", line 147, in advance
    result = self.stepper.advance()
             ^^^^^^^^^^^^^^^^^^^^^^
  File "/scratch/xd2/sg8812/Irksome/irksome/base_time_stepper.py", line 147, in advance
    result = self.stepper.advance()
             ^^^^^^^^^^^^^^^^^^^^^^
  File "/scratch/xd2/sg8812/Irksome/irksome/base_time_stepper.py", line 147, in advance
    result = self.stepper.advance()
             ^^^^^^^^^^^^^^^^^^^^^^
  File "/scratch/xd2/sg8812/Irksome/irksome/base_time_stepper.py", line 147, in advance
    result = self.stepper.advance()
             ^^^^^^^^^^^^^^^^^^^^^^
  File "/scratch/xd2/sg8812/Irksome/irksome/base_time_stepper.py", line 147, in advance
             ^^^^^^^^^^^^^^^^^^^^^^
  File "/scratch/xd2/sg8812/Irksome/irksome/base_time_stepper.py", line 147, in advance
    self.solver.solve(bounds=self.stage_bounds)
  File "petsc4py/PETSc/Log.pyx", line 250, in petsc4py.PETSc.Log.EventDecorator.decorator.wrapped_func
    out = solve(self, **kwargs)
          ^^^^^^^^^^^^^^^^^^^^^
  File "/scratch/xd2/sg8812/firedrake-override/firedrake/variational_solver.py", line 403, in solve
    self.solver.solve(bounds=self.stage_bounds)
  File "petsc4py/PETSc/Log.pyx", line 250, in petsc4py.PETSc.Log.EventDecorator.decorator.wrapped_func
  File "petsc4py/PETSc/Log.pyx", line 250, in petsc4py.PETSc.Log.EventDecorator.decorator.wrapped_func
    self.solver.solve(bounds=self.stage_bounds)
  File "petsc4py/PETSc/Log.pyx", line 250, in petsc4py.PETSc.Log.EventDecorator.decorator.wrapped_func
    self.solver.solve(bounds=self.stage_bounds)
  File "petsc4py/PETSc/Log.pyx", line 250, in petsc4py.PETSc.Log.EventDecorator.decorator.wrapped_func
    self.solver.solve(bounds=self.stage_bounds)
  File "petsc4py/PETSc/Log.pyx", line 250, in petsc4py.PETSc.Log.EventDecorator.decorator.wrapped_func
  File "petsc4py/PETSc/Log.pyx", line 250, in petsc4py.PETSc.Log.EventDecorator.decorator.wrapped_func
    self.solver.solve(bounds=self.stage_bounds)
  File "petsc4py/PETSc/Log.pyx", line 250, in petsc4py.PETSc.Log.EventDecorator.decorator.wrapped_func
    self.solver.solve(bounds=self.stage_bounds)
  File "petsc4py/PETSc/Log.pyx", line 250, in petsc4py.PETSc.Log.EventDecorator.decorator.wrapped_func
    self.solver.solve(bounds=self.stage_bounds)
  File "petsc4py/PETSc/Log.pyx", line 250, in petsc4py.PETSc.Log.EventDecorator.decorator.wrapped_func
    self.solver.solve(bounds=self.stage_bounds)
  File "petsc4py/PETSc/Log.pyx", line 250, in petsc4py.PETSc.Log.EventDecorator.decorator.wrapped_func
    out = solve(self, **kwargs)
          ^^^^^^^^^^^^^^^^^^^^^
  File "petsc4py/PETSc/Log.pyx", line 251, in petsc4py.PETSc.Log.EventDecorator.decorator.wrapped_func
    result = self.stepper.advance()
             ^^^^^^^^^^^^^^^^^^^^^^
  File "/scratch/xd2/sg8812/Irksome/irksome/base_time_stepper.py", line 147, in advance
    solving_utils.check_snes_convergence(self.snes)
  File "/scratch/xd2/sg8812/firedrake-override/firedrake/solving_utils.py", line 129, in check_snes_convergence
  File "petsc4py/PETSc/Log.pyx", line 251, in petsc4py.PETSc.Log.EventDecorator.decorator.wrapped_func
  File "petsc4py/PETSc/Log.pyx", line 251, in petsc4py.PETSc.Log.EventDecorator.decorator.wrapped_func
  File "/scratch/xd2/sg8812/firedrake-override/firedrake/variational_solver.py", line 403, in solve
  File "petsc4py/PETSc/Log.pyx", line 251, in petsc4py.PETSc.Log.EventDecorator.decorator.wrapped_func
  File "petsc4py/PETSc/Log.pyx", line 251, in petsc4py.PETSc.Log.EventDecorator.decorator.wrapped_func
  File "petsc4py/PETSc/Log.pyx", line 251, in petsc4py.PETSc.Log.EventDecorator.decorator.wrapped_func
  File "petsc4py/PETSc/Log.pyx", line 251, in petsc4py.PETSc.Log.EventDecorator.decorator.wrapped_func
  File "petsc4py/PETSc/Log.pyx", line 251, in petsc4py.PETSc.Log.EventDecorator.decorator.wrapped_func
  File "petsc4py/PETSc/Log.pyx", line 251, in petsc4py.PETSc.Log.EventDecorator.decorator.wrapped_func
  File "petsc4py/PETSc/Log.pyx", line 251, in petsc4py.PETSc.Log.EventDecorator.decorator.wrapped_func
  File "petsc4py/PETSc/Log.pyx", line 251, in petsc4py.PETSc.Log.EventDecorator.decorator.wrapped_func
  File "petsc4py/PETSc/Log.pyx", line 251, in petsc4py.PETSc.Log.EventDecorator.decorator.wrapped_func
    raise ConvergenceError(r"""Nonlinear solve failed to converge after %d nonlinear iterations.
firedrake.exceptions.ConvergenceError: Nonlinear solve failed to converge after 0 nonlinear iterations.
Reason:
   DIVERGED_LINEAR_SOLVE  File "/scratch/xd2/sg8812/firedrake-override/firedrake/adjoint_utils/variational_solver.py", line 116, in wrapper
  File "/scratch/xd2/sg8812/firedrake-override/firedrake/adjoint_utils/variational_solver.py", line 116, in wrapper

  File "/scratch/xd2/sg8812/firedrake-override/firedrake/adjoint_utils/variational_solver.py", line 116, in wrapper
  File "/scratch/xd2/sg8812/firedrake-override/firedrake/adjoint_utils/variational_solver.py", line 116, in wrapper
    solving_utils.check_snes_convergence(self.snes)
  File "/scratch/xd2/sg8812/firedrake-override/firedrake/adjoint_utils/variational_solver.py", line 116, in wrapper
    self.solver.solve(bounds=self.stage_bounds)
  File "/scratch/xd2/sg8812/firedrake-override/firedrake/adjoint_utils/variational_solver.py", line 116, in wrapper
  File "/scratch/xd2/sg8812/firedrake-override/firedrake/adjoint_utils/variational_solver.py", line 116, in wrapper
  File "/scratch/xd2/sg8812/firedrake-override/firedrake/adjoint_utils/variational_solver.py", line 116, in wrapper
  File "/scratch/xd2/sg8812/firedrake-override/firedrake/adjoint_utils/variational_solver.py", line 116, in wrapper
  File "/scratch/xd2/sg8812/firedrake-override/firedrake/adjoint_utils/variational_solver.py", line 116, in wrapper
  File "/scratch/xd2/sg8812/firedrake-override/firedrake/adjoint_utils/variational_solver.py", line 116, in wrapper
    self.solver.solve(bounds=self.stage_bounds)
  File "/scratch/xd2/sg8812/firedrake-override/firedrake/solving_utils.py", line 129, in check_snes_convergence
  File "/scratch/xd2/sg8812/firedrake-override/firedrake/adjoint_utils/variational_solver.py", line 116, in wrapper
    self.solver.solve(bounds=self.stage_bounds)
  File "petsc4py/PETSc/Log.pyx", line 250, in petsc4py.PETSc.Log.EventDecorator.decorator.wrapped_func
    self.solver.solve(bounds=self.stage_bounds)
  File "petsc4py/PETSc/Log.pyx", line 250, in petsc4py.PETSc.Log.EventDecorator.decorator.wrapped_func
    self.solver.solve(bounds=self.stage_bounds)
    self.solver.solve(bounds=self.stage_bounds)
  File "petsc4py/PETSc/Log.pyx", line 250, in petsc4py.PETSc.Log.EventDecorator.decorator.wrapped_func
    self.solver.solve(bounds=self.stage_bounds)
    self.solver.solve(bounds=self.stage_bounds)
  File "petsc4py/PETSc/Log.pyx", line 250, in petsc4py.PETSc.Log.EventDecorator.decorator.wrapped_func
  File "petsc4py/PETSc/Log.pyx", line 250, in petsc4py.PETSc.Log.EventDecorator.decorator.wrapped_func
    self.solver.solve(bounds=self.stage_bounds)
  File "petsc4py/PETSc/Log.pyx", line 250, in petsc4py.PETSc.Log.EventDecorator.decorator.wrapped_func
    self.solver.solve(bounds=self.stage_bounds)
    self.solver.solve(bounds=self.stage_bounds)
  File "petsc4py/PETSc/Log.pyx", line 250, in petsc4py.PETSc.Log.EventDecorator.decorator.wrapped_func
    self.solver.solve(bounds=self.stage_bounds)
  File "petsc4py/PETSc/Log.pyx", line 250, in petsc4py.PETSc.Log.EventDecorator.decorator.wrapped_func
    self.solver.solve(bounds=self.stage_bounds)
  File "petsc4py/PETSc/Log.pyx", line 250, in petsc4py.PETSc.Log.EventDecorator.decorator.wrapped_func
    self.solver.solve(bounds=self.stage_bounds)
    self.solver.solve(bounds=self.stage_bounds)
  File "petsc4py/PETSc/Log.pyx", line 250, in petsc4py.PETSc.Log.EventDecorator.decorator.wrapped_func
  File "petsc4py/PETSc/Log.pyx", line 250, in petsc4py.PETSc.Log.EventDecorator.decorator.wrapped_func
    self.solver.solve(bounds=self.stage_bounds)
    raise ConvergenceError(r"""Nonlinear solve failed to converge after %d nonlinear iterations.
firedrake.exceptions.ConvergenceError: Nonlinear solve failed to converge after 0 nonlinear iterations.
Reason:
   DIVERGED_LINEAR_SOLVE
  File "petsc4py/PETSc/Log.pyx", line 250, in petsc4py.PETSc.Log.EventDecorator.decorator.wrapped_func
    self.solver.solve(bounds=self.stage_bounds)
  File "petsc4py/PETSc/Log.pyx", line 250, in petsc4py.PETSc.Log.EventDecorator.decorator.wrapped_func
    self.solver.solve(bounds=self.stage_bounds)
  File "petsc4py/PETSc/Log.pyx", line 250, in petsc4py.PETSc.Log.EventDecorator.decorator.wrapped_func
    self.solver.solve(bounds=self.stage_bounds)
  File "petsc4py/PETSc/Log.pyx", line 250, in petsc4py.PETSc.Log.EventDecorator.decorator.wrapped_func
  File "petsc4py/PETSc/Log.pyx", line 250, in petsc4py.PETSc.Log.EventDecorator.decorator.wrapped_func
    self.solver.solve(bounds=self.stage_bounds)
  File "petsc4py/PETSc/Log.pyx", line 250, in petsc4py.PETSc.Log.EventDecorator.decorator.wrapped_func
    self.solver.solve(bounds=self.stage_bounds)
  File "petsc4py/PETSc/Log.pyx", line 250, in petsc4py.PETSc.Log.EventDecorator.decorator.wrapped_func
    self.solver.solve(bounds=self.stage_bounds)
  File "petsc4py/PETSc/Log.pyx", line 250, in petsc4py.PETSc.Log.EventDecorator.decorator.wrapped_func
    self.solver.solve(bounds=self.stage_bounds)
  File "petsc4py/PETSc/Log.pyx", line 250, in petsc4py.PETSc.Log.EventDecorator.decorator.wrapped_func
    self.solver.solve(bounds=self.stage_bounds)
    self.solver.solve(bounds=self.stage_bounds)
  File "petsc4py/PETSc/Log.pyx", line 250, in petsc4py.PETSc.Log.EventDecorator.decorator.wrapped_func
    self.solver.solve(bounds=self.stage_bounds)
  File "petsc4py/PETSc/Log.pyx", line 250, in petsc4py.PETSc.Log.EventDecorator.decorator.wrapped_func
    self.solver.solve(bounds=self.stage_bounds)
  File "petsc4py/PETSc/Log.pyx", line 250, in petsc4py.PETSc.Log.EventDecorator.decorator.wrapped_func
    self.solver.solve(bounds=self.stage_bounds)
  File "petsc4py/PETSc/Log.pyx", line 250, in petsc4py.PETSc.Log.EventDecorator.decorator.wrapped_func
  File "petsc4py/PETSc/Log.pyx", line 250, in petsc4py.PETSc.Log.EventDecorator.decorator.wrapped_func
    self.solver.solve(bounds=self.stage_bounds)
  File "petsc4py/PETSc/Log.pyx", line 250, in petsc4py.PETSc.Log.EventDecorator.decorator.wrapped_func
    self.solver.solve(bounds=self.stage_bounds)
  File "petsc4py/PETSc/Log.pyx", line 250, in petsc4py.PETSc.Log.EventDecorator.decorator.wrapped_func
  File "petsc4py/PETSc/Log.pyx", line 250, in petsc4py.PETSc.Log.EventDecorator.decorator.wrapped_func
  File "petsc4py/PETSc/Log.pyx", line 250, in petsc4py.PETSc.Log.EventDecorator.decorator.wrapped_func
  File "petsc4py/PETSc/Log.pyx", line 251, in petsc4py.PETSc.Log.EventDecorator.decorator.wrapped_func
  File "petsc4py/PETSc/Log.pyx", line 250, in petsc4py.PETSc.Log.EventDecorator.decorator.wrapped_func
  File "petsc4py/PETSc/Log.pyx", line 251, in petsc4py.PETSc.Log.EventDecorator.decorator.wrapped_func
    self.solver.solve(bounds=self.stage_bounds)
  File "petsc4py/PETSc/Log.pyx", line 250, in petsc4py.PETSc.Log.EventDecorator.decorator.wrapped_func
    self.solver.solve(bounds=self.stage_bounds)
  File "petsc4py/PETSc/Log.pyx", line 250, in petsc4py.PETSc.Log.EventDecorator.decorator.wrapped_func
  File "petsc4py/PETSc/Log.pyx", line 251, in petsc4py.PETSc.Log.EventDecorator.decorator.wrapped_func
  File "petsc4py/PETSc/Log.pyx", line 251, in petsc4py.PETSc.Log.EventDecorator.decorator.wrapped_func
  File "petsc4py/PETSc/Log.pyx", line 251, in petsc4py.PETSc.Log.EventDecorator.decorator.wrapped_func
  File "petsc4py/PETSc/Log.pyx", line 251, in petsc4py.PETSc.Log.EventDecorator.decorator.wrapped_func
  File "petsc4py/PETSc/Log.pyx", line 251, in petsc4py.PETSc.Log.EventDecorator.decorator.wrapped_func
  File "petsc4py/PETSc/Log.pyx", line 251, in petsc4py.PETSc.Log.EventDecorator.decorator.wrapped_func
  File "petsc4py/PETSc/Log.pyx", line 251, in petsc4py.PETSc.Log.EventDecorator.decorator.wrapped_func
  File "petsc4py/PETSc/Log.pyx", line 251, in petsc4py.PETSc.Log.EventDecorator.decorator.wrapped_func
  File "petsc4py/PETSc/Log.pyx", line 251, in petsc4py.PETSc.Log.EventDecorator.decorator.wrapped_func
  File "petsc4py/PETSc/Log.pyx", line 251, in petsc4py.PETSc.Log.EventDecorator.decorator.wrapped_func
  File "petsc4py/PETSc/Log.pyx", line 251, in petsc4py.PETSc.Log.EventDecorator.decorator.wrapped_func
  File "petsc4py/PETSc/Log.pyx", line 251, in petsc4py.PETSc.Log.EventDecorator.decorator.wrapped_func
  File "petsc4py/PETSc/Log.pyx", line 251, in petsc4py.PETSc.Log.EventDecorator.decorator.wrapped_func
  File "petsc4py/PETSc/Log.pyx", line 251, in petsc4py.PETSc.Log.EventDecorator.decorator.wrapped_func
  File "petsc4py/PETSc/Log.pyx", line 251, in petsc4py.PETSc.Log.EventDecorator.decorator.wrapped_func
  File "petsc4py/PETSc/Log.pyx", line 251, in petsc4py.PETSc.Log.EventDecorator.decorator.wrapped_func
  File "petsc4py/PETSc/Log.pyx", line 251, in petsc4py.PETSc.Log.EventDecorator.decorator.wrapped_func
  File "petsc4py/PETSc/Log.pyx", line 251, in petsc4py.PETSc.Log.EventDecorator.decorator.wrapped_func
  File "petsc4py/PETSc/Log.pyx", line 251, in petsc4py.PETSc.Log.EventDecorator.decorator.wrapped_func
  File "petsc4py/PETSc/Log.pyx", line 251, in petsc4py.PETSc.Log.EventDecorator.decorator.wrapped_func
  File "petsc4py/PETSc/Log.pyx", line 251, in petsc4py.PETSc.Log.EventDecorator.decorator.wrapped_func
    self.solver.solve(bounds=self.stage_bounds)
  File "petsc4py/PETSc/Log.pyx", line 250, in petsc4py.PETSc.Log.EventDecorator.decorator.wrapped_func
  File "/scratch/xd2/sg8812/firedrake-override/firedrake/adjoint_utils/variational_solver.py", line 116, in wrapper
  File "petsc4py/PETSc/Log.pyx", line 251, in petsc4py.PETSc.Log.EventDecorator.decorator.wrapped_func
  File "petsc4py/PETSc/Log.pyx", line 251, in petsc4py.PETSc.Log.EventDecorator.decorator.wrapped_func
  File "petsc4py/PETSc/Log.pyx", line 251, in petsc4py.PETSc.Log.EventDecorator.decorator.wrapped_func
  File "petsc4py/PETSc/Log.pyx", line 251, in petsc4py.PETSc.Log.EventDecorator.decorator.wrapped_func
  File "petsc4py/PETSc/Log.pyx", line 251, in petsc4py.PETSc.Log.EventDecorator.decorator.wrapped_func
  File "petsc4py/PETSc/Log.pyx", line 251, in petsc4py.PETSc.Log.EventDecorator.decorator.wrapped_func
  File "petsc4py/PETSc/Log.pyx", line 251, in petsc4py.PETSc.Log.EventDecorator.decorator.wrapped_func
  File "/scratch/xd2/sg8812/firedrake-override/firedrake/adjoint_utils/variational_solver.py", line 116, in wrapper
  File "/scratch/xd2/sg8812/firedrake-override/firedrake/adjoint_utils/variational_solver.py", line 116, in wrapper
  File "/scratch/xd2/sg8812/firedrake-override/firedrake/adjoint_utils/variational_solver.py", line 116, in wrapper
  File "petsc4py/PETSc/Log.pyx", line 251, in petsc4py.PETSc.Log.EventDecorator.decorator.wrapped_func
  File "petsc4py/PETSc/Log.pyx", line 251, in petsc4py.PETSc.Log.EventDecorator.decorator.wrapped_func
  File "/scratch/xd2/sg8812/firedrake-override/firedrake/adjoint_utils/variational_solver.py", line 116, in wrapper
  File "/scratch/xd2/sg8812/firedrake-override/firedrake/adjoint_utils/variational_solver.py", line 116, in wrapper
  File "/scratch/xd2/sg8812/firedrake-override/firedrake/adjoint_utils/variational_solver.py", line 116, in wrapper
  File "/scratch/xd2/sg8812/firedrake-override/firedrake/adjoint_utils/variational_solver.py", line 116, in wrapper
  File "/scratch/xd2/sg8812/firedrake-override/firedrake/adjoint_utils/variational_solver.py", line 116, in wrapper
  File "/scratch/xd2/sg8812/firedrake-override/firedrake/adjoint_utils/variational_solver.py", line 116, in wrapper
  File "/scratch/xd2/sg8812/firedrake-override/firedrake/adjoint_utils/variational_solver.py", line 116, in wrapper
  File "/scratch/xd2/sg8812/firedrake-override/firedrake/adjoint_utils/variational_solver.py", line 116, in wrapper
  File "/scratch/xd2/sg8812/firedrake-override/firedrake/adjoint_utils/variational_solver.py", line 116, in wrapper
  File "/scratch/xd2/sg8812/firedrake-override/firedrake/adjoint_utils/variational_solver.py", line 116, in wrapper
  File "/scratch/xd2/sg8812/firedrake-override/firedrake/adjoint_utils/variational_solver.py", line 116, in wrapper
  File "/scratch/xd2/sg8812/firedrake-override/firedrake/adjoint_utils/variational_solver.py", line 116, in wrapper
  File "/scratch/xd2/sg8812/firedrake-override/firedrake/adjoint_utils/variational_solver.py", line 116, in wrapper
  File "/scratch/xd2/sg8812/firedrake-override/firedrake/adjoint_utils/variational_solver.py", line 116, in wrapper
  File "/scratch/xd2/sg8812/firedrake-override/firedrake/adjoint_utils/variational_solver.py", line 116, in wrapper
  File "/scratch/xd2/sg8812/firedrake-override/firedrake/adjoint_utils/variational_solver.py", line 116, in wrapper
  File "/scratch/xd2/sg8812/firedrake-override/firedrake/adjoint_utils/variational_solver.py", line 116, in wrapper
  File "/scratch/xd2/sg8812/firedrake-override/firedrake/adjoint_utils/variational_solver.py", line 116, in wrapper
  File "/scratch/xd2/sg8812/firedrake-override/firedrake/adjoint_utils/variational_solver.py", line 116, in wrapper
  File "/scratch/xd2/sg8812/firedrake-override/firedrake/adjoint_utils/variational_solver.py", line 116, in wrapper
  File "/scratch/xd2/sg8812/firedrake-override/firedrake/adjoint_utils/variational_solver.py", line 116, in wrapper
  File "/scratch/xd2/sg8812/firedrake-override/firedrake/adjoint_utils/variational_solver.py", line 116, in wrapper
  File "/scratch/xd2/sg8812/firedrake-override/firedrake/adjoint_utils/variational_solver.py", line 116, in wrapper
  File "/scratch/xd2/sg8812/firedrake-override/firedrake/adjoint_utils/variational_solver.py", line 116, in wrapper
  File "/scratch/xd2/sg8812/firedrake-override/firedrake/adjoint_utils/variational_solver.py", line 116, in wrapper
  File "petsc4py/PETSc/Log.pyx", line 251, in petsc4py.PETSc.Log.EventDecorator.decorator.wrapped_func
  File "/scratch/xd2/sg8812/firedrake-override/firedrake/adjoint_utils/variational_solver.py", line 116, in wrapper
  File "/scratch/xd2/sg8812/firedrake-override/firedrake/adjoint_utils/variational_solver.py", line 116, in wrapper
  File "/scratch/xd2/sg8812/firedrake-override/firedrake/adjoint_utils/variational_solver.py", line 116, in wrapper
  File "/scratch/xd2/sg8812/firedrake-override/firedrake/adjoint_utils/variational_solver.py", line 116, in wrapper
    return self.ts.advance(t)
           ^^^^^^^^^^^^^^^^^^
  File "/scratch/xd2/sg8812/g-adopt-worktrees/sghelichkhani/richardson/gadopt/time_stepper.py", line 244, in advance
    out = solve(self, **kwargs)
          ^^^^^^^^^^^^^^^^^^^^^
  File "/scratch/xd2/sg8812/firedrake-override/firedrake/variational_solver.py", line 403, in solve
    out = solve(self, **kwargs)
          ^^^^^^^^^^^^^^^^^^^^^
  File "/scratch/xd2/sg8812/firedrake-override/firedrake/variational_solver.py", line 403, in solve
    out = solve(self, **kwargs)
          ^^^^^^^^^^^^^^^^^^^^^
  File "/scratch/xd2/sg8812/firedrake-override/firedrake/variational_solver.py", line 403, in solve
    out = solve(self, **kwargs)
          ^^^^^^^^^^^^^^^^^^^^^
    out = solve(self, **kwargs)
          ^^^^^^^^^^^^^^^^^^^^^
  File "/scratch/xd2/sg8812/firedrake-override/firedrake/variational_solver.py", line 403, in solve
    out = solve(self, **kwargs)
          ^^^^^^^^^^^^^^^^^^^^^
  File "/scratch/xd2/sg8812/firedrake-override/firedrake/variational_solver.py", line 403, in solve
  File "/scratch/xd2/sg8812/firedrake-override/firedrake/variational_solver.py", line 403, in solve
    out = solve(self, **kwargs)
          ^^^^^^^^^^^^^^^^^^^^^
  File "/scratch/xd2/sg8812/firedrake-override/firedrake/variational_solver.py", line 403, in solve
    out = solve(self, **kwargs)
          ^^^^^^^^^^^^^^^^^^^^^
    out = solve(self, **kwargs)
    out = solve(self, **kwargs)
          ^^^^^^^^^^^^^^^^^^^^^
    out = solve(self, **kwargs)
          ^^^^^^^^^^^^^^^^^^^^^
  File "/scratch/xd2/sg8812/firedrake-override/firedrake/variational_solver.py", line 403, in solve
    out = solve(self, **kwargs)
  File "/scratch/xd2/sg8812/firedrake-override/firedrake/variational_solver.py", line 403, in solve
    out = solve(self, **kwargs)
          ^^^^^^^^^^^^^^^^^^^^^
    out = solve(self, **kwargs)
          ^^^^^^^^^^^^^^^^^^^^^
          ^^^^^^^^^^^^^^^^^^^^^
  File "/scratch/xd2/sg8812/firedrake-override/firedrake/variational_solver.py", line 403, in solve
  File "/scratch/xd2/sg8812/firedrake-override/firedrake/variational_solver.py", line 403, in solve
    out = solve(self, **kwargs)
          ^^^^^^^^^^^^^^^^^^^^^
  File "/scratch/xd2/sg8812/firedrake-override/firedrake/variational_solver.py", line 403, in solve
          ^^^^^^^^^^^^^^^^^^^^^
  File "/scratch/xd2/sg8812/firedrake-override/firedrake/variational_solver.py", line 403, in solve
    out = solve(self, **kwargs)
          ^^^^^^^^^^^^^^^^^^^^^
  File "/scratch/xd2/sg8812/firedrake-override/firedrake/variational_solver.py", line 403, in solve
    out = solve(self, **kwargs)
          ^^^^^^^^^^^^^^^^^^^^^
  File "/scratch/xd2/sg8812/firedrake-override/firedrake/variational_solver.py", line 403, in solve
    solving_utils.check_snes_convergence(self.snes)
  File "/scratch/xd2/sg8812/firedrake-override/firedrake/solving_utils.py", line 129, in check_snes_convergence
  File "/scratch/xd2/sg8812/firedrake-override/firedrake/variational_solver.py", line 403, in solve
    out = solve(self, **kwargs)
          ^^^^^^^^^^^^^^^^^^^^^
  File "/scratch/xd2/sg8812/firedrake-override/firedrake/variational_solver.py", line 403, in solve
  File "/scratch/xd2/sg8812/firedrake-override/firedrake/variational_solver.py", line 403, in solve
    solving_utils.check_snes_convergence(self.snes)
  File "/scratch/xd2/sg8812/firedrake-override/firedrake/solving_utils.py", line 129, in check_snes_convergence
    solving_utils.check_snes_convergence(self.snes)
  File "/scratch/xd2/sg8812/firedrake-override/firedrake/solving_utils.py", line 129, in check_snes_convergence
    result = self.stepper.advance()
             ^^^^^^^^^^^^^^^^^^^^^^
  File "/scratch/xd2/sg8812/Irksome/irksome/base_time_stepper.py", line 147, in advance
    out = solve(self, **kwargs)
          ^^^^^^^^^^^^^^^^^^^^^
  File "/scratch/xd2/sg8812/firedrake-override/firedrake/variational_solver.py", line 403, in solve
    solving_utils.check_snes_convergence(self.snes)
  File "/scratch/xd2/sg8812/firedrake-override/firedrake/solving_utils.py", line 129, in check_snes_convergence
    solving_utils.check_snes_convergence(self.snes)
  File "/scratch/xd2/sg8812/firedrake-override/firedrake/solving_utils.py", line 129, in check_snes_convergence
    out = solve(self, **kwargs)
          ^^^^^^^^^^^^^^^^^^^^^
  File "/scratch/xd2/sg8812/firedrake-override/firedrake/variational_solver.py", line 403, in solve
    solving_utils.check_snes_convergence(self.snes)
  File "/scratch/xd2/sg8812/firedrake-override/firedrake/solving_utils.py", line 129, in check_snes_convergence
    out = solve(self, **kwargs)
          ^^^^^^^^^^^^^^^^^^^^^
  File "/scratch/xd2/sg8812/firedrake-override/firedrake/variational_solver.py", line 403, in solve
    out = solve(self, **kwargs)
          ^^^^^^^^^^^^^^^^^^^^^
    out = solve(self, **kwargs)
          ^^^^^^^^^^^^^^^^^^^^^
  File "/scratch/xd2/sg8812/firedrake-override/firedrake/variational_solver.py", line 403, in solve
    out = solve(self, **kwargs)
          ^^^^^^^^^^^^^^^^^^^^^
  File "/scratch/xd2/sg8812/firedrake-override/firedrake/variational_solver.py", line 403, in solve
    out = solve(self, **kwargs)
    solving_utils.check_snes_convergence(self.snes)
  File "/scratch/xd2/sg8812/firedrake-override/firedrake/solving_utils.py", line 129, in check_snes_convergence
    raise ConvergenceError(r"""Nonlinear solve failed to converge after %d nonlinear iterations.
firedrake.exceptions.ConvergenceError: Nonlinear solve failed to converge after 0 nonlinear iterations.
Reason:
   DIVERGED_LINEAR_SOLVE    solving_utils.check_snes_convergence(self.snes)
  File "/scratch/xd2/sg8812/firedrake-override/firedrake/solving_utils.py", line 129, in check_snes_convergence
    out = solve(self, **kwargs)
          ^^^^^^^^^^^^^^^^^^^^^
  File "/scratch/xd2/sg8812/firedrake-override/firedrake/variational_solver.py", line 403, in solve
    solving_utils.check_snes_convergence(self.snes)
  File "/scratch/xd2/sg8812/firedrake-override/firedrake/solving_utils.py", line 129, in check_snes_convergence
    out = solve(self, **kwargs)
          ^^^^^^^^^^^^^^^^^^^^^
  File "/scratch/xd2/sg8812/firedrake-override/firedrake/variational_solver.py", line 403, in solve
    raise ConvergenceError(r"""Nonlinear solve failed to converge after %d nonlinear iterations.
firedrake.exceptions.ConvergenceError: Nonlinear solve failed to converge after 0 nonlinear iterations.
Reason:
   DIVERGED_LINEAR_SOLVE
    solving_utils.check_snes_convergence(self.snes)
  File "/scratch/xd2/sg8812/firedrake-override/firedrake/solving_utils.py", line 129, in check_snes_convergence
  File "/scratch/xd2/sg8812/firedrake-override/firedrake/variational_solver.py", line 403, in solve
    raise ConvergenceError(r"""Nonlinear solve failed to converge after %d nonlinear iterations.
firedrake.exceptions.ConvergenceError: Nonlinear solve failed to converge after 0 nonlinear iterations.
Reason:
   DIVERGED_LINEAR_SOLVE
    solving_utils.check_snes_convergence(self.snes)
  File "/scratch/xd2/sg8812/firedrake-override/firedrake/solving_utils.py", line 129, in check_snes_convergence
    solving_utils.check_snes_convergence(self.snes)
  File "/scratch/xd2/sg8812/firedrake-override/firedrake/solving_utils.py", line 129, in check_snes_convergence
    solving_utils.check_snes_convergence(self.snes)
          ^^^^^^^^^^^^^^^^^^^^^
  File "/scratch/xd2/sg8812/firedrake-override/firedrake/variational_solver.py", line 403, in solve
    solving_utils.check_snes_convergence(self.snes)
  File "/scratch/xd2/sg8812/firedrake-override/firedrake/solving_utils.py", line 129, in check_snes_convergence
    raise ConvergenceError(r"""Nonlinear solve failed to converge after %d nonlinear iterations.
    raise ConvergenceError(r"""Nonlinear solve failed to converge after %d nonlinear iterations.
firedrake.exceptions.ConvergenceError: Nonlinear solve failed to converge after 0 nonlinear iterations.
Reason:
   DIVERGED_LINEAR_SOLVE

    raise ConvergenceError(r"""Nonlinear solve failed to converge after %d nonlinear iterations.
firedrake.exceptions.ConvergenceError: Nonlinear solve failed to converge after 0 nonlinear iterations.
Reason:
   DIVERGED_LINEAR_SOLVE
    raise ConvergenceError(r"""Nonlinear solve failed to converge after %d nonlinear iterations.
firedrake.exceptions.ConvergenceError: Nonlinear solve failed to converge after 0 nonlinear iterations.
Reason:
   DIVERGED_LINEAR_SOLVE
    solving_utils.check_snes_convergence(self.snes)
  File "/scratch/xd2/sg8812/firedrake-override/firedrake/solving_utils.py", line 129, in check_snes_convergence
    out = solve(self, **kwargs)
          ^^^^^^^^^^^^^^^^^^^^^
  File "/scratch/xd2/sg8812/firedrake-override/firedrake/variational_solver.py", line 403, in solve
    raise ConvergenceError(r"""Nonlinear solve failed to converge after %d nonlinear iterations.
firedrake.exceptions.ConvergenceError: Nonlinear solve failed to converge after 0 nonlinear iterations.
Reason:
   DIVERGED_LINEAR_SOLVE
    out = solve(self, **kwargs)
          ^^^^^^^^^^^^^^^^^^^^^
  File "/scratch/xd2/sg8812/firedrake-override/firedrake/variational_solver.py", line 403, in solve
    solving_utils.check_snes_convergence(self.snes)
  File "/scratch/xd2/sg8812/firedrake-override/firedrake/solving_utils.py", line 129, in check_snes_convergence
    solving_utils.check_snes_convergence(self.snes)
  File "/scratch/xd2/sg8812/firedrake-override/firedrake/solving_utils.py", line 129, in check_snes_convergence
    raise ConvergenceError(r"""Nonlinear solve failed to converge after %d nonlinear iterations.
firedrake.exceptions.ConvergenceError: Nonlinear solve failed to converge after 0 nonlinear iterations.
Reason:
   DIVERGED_LINEAR_SOLVE    raise ConvergenceError(r"""Nonlinear solve failed to converge after %d nonlinear iterations.
firedrake.exceptions.ConvergenceError: Nonlinear solve failed to converge after 0 nonlinear iterations.
Reason:
   DIVERGED_LINEAR_SOLVE
    solving_utils.check_snes_convergence(self.snes)
  File "/scratch/xd2/sg8812/firedrake-override/firedrake/solving_utils.py", line 129, in check_snes_convergence
    solving_utils.check_snes_convergence(self.snes)
  File "/scratch/xd2/sg8812/firedrake-override/firedrake/solving_utils.py", line 129, in check_snes_convergence
    raise ConvergenceError(r"""Nonlinear solve failed to converge after %d nonlinear iterations.
firedrake.exceptions.ConvergenceError: Nonlinear solve failed to converge after 0 nonlinear iterations.
Reason:
   DIVERGED_LINEAR_SOLVE
    solving_utils.check_snes_convergence(self.snes)
  File "/scratch/xd2/sg8812/firedrake-override/firedrake/solving_utils.py", line 129, in check_snes_convergence
    out = solve(self, **kwargs)
          ^^^^^^^^^^^^^^^^^^^^^
  File "/scratch/xd2/sg8812/firedrake-override/firedrake/variational_solver.py", line 403, in solve
    raise ConvergenceError(r"""Nonlinear solve failed to converge after %d nonlinear iterations.
firedrake.exceptions.ConvergenceError: Nonlinear solve failed to converge after 0 nonlinear iterations.
Reason:
   DIVERGED_LINEAR_SOLVE
    out = solve(self, **kwargs)
          ^^^^^^^^^^^^^^^^^^^^^
  File "/scratch/xd2/sg8812/firedrake-override/firedrake/variational_solver.py", line 403, in solve
    out = solve(self, **kwargs)
          ^^^^^^^^^^^^^^^^^^^^^
  File "/scratch/xd2/sg8812/firedrake-override/firedrake/variational_solver.py", line 403, in solve
    solving_utils.check_snes_convergence(self.snes)
  File "/scratch/xd2/sg8812/firedrake-override/firedrake/solving_utils.py", line 129, in check_snes_convergence
    raise ConvergenceError(r"""Nonlinear solve failed to converge after %d nonlinear iterations.
firedrake.exceptions.ConvergenceError: Nonlinear solve failed to converge after 0 nonlinear iterations.
Reason:
   DIVERGED_LINEAR_SOLVE
    raise ConvergenceError(r"""Nonlinear solve failed to converge after %d nonlinear iterations.
firedrake.exceptions.ConvergenceError: Nonlinear solve failed to converge after 0 nonlinear iterations.
Reason:
   DIVERGED_LINEAR_SOLVE
    out = solve(self, **kwargs)
          ^^^^^^^^^^^^^^^^^^^^^
  File "/scratch/xd2/sg8812/firedrake-override/firedrake/variational_solver.py", line 403, in solve
    out = solve(self, **kwargs)
          ^^^^^^^^^^^^^^^^^^^^^
  File "/scratch/xd2/sg8812/firedrake-override/firedrake/variational_solver.py", line 403, in solve
    raise ConvergenceError(r"""Nonlinear solve failed to converge after %d nonlinear iterations.
firedrake.exceptions.ConvergenceError: Nonlinear solve failed to converge after 0 nonlinear iterations.
Reason:
   DIVERGED_LINEAR_SOLVE
  File "/scratch/xd2/sg8812/firedrake-override/firedrake/solving_utils.py", line 129, in check_snes_convergence
    raise ConvergenceError(r"""Nonlinear solve failed to converge after %d nonlinear iterations.
firedrake.exceptions.ConvergenceError: Nonlinear solve failed to converge after 0 nonlinear iterations.
Reason:
   DIVERGED_LINEAR_SOLVE
    solving_utils.check_snes_convergence(self.snes)
  File "/scratch/xd2/sg8812/firedrake-override/firedrake/solving_utils.py", line 129, in check_snes_convergence
firedrake.exceptions.ConvergenceError: Nonlinear solve failed to converge after 0 nonlinear iterations.
Reason:
   DIVERGED_LINEAR_SOLVE
    raise ConvergenceError(r"""Nonlinear solve failed to converge after %d nonlinear iterations.
firedrake.exceptions.ConvergenceError: Nonlinear solve failed to converge after 0 nonlinear iterations.
Reason:
   DIVERGED_LINEAR_SOLVE
    solving_utils.check_snes_convergence(self.snes)
  File "/scratch/xd2/sg8812/firedrake-override/firedrake/solving_utils.py", line 129, in check_snes_convergence
    raise ConvergenceError(r"""Nonlinear solve failed to converge after %d nonlinear iterations.
    solving_utils.check_snes_convergence(self.snes)
  File "/scratch/xd2/sg8812/firedrake-override/firedrake/solving_utils.py", line 129, in check_snes_convergence
    raise ConvergenceError(r"""Nonlinear solve failed to converge after %d nonlinear iterations.
firedrake.exceptions.ConvergenceError: Nonlinear solve failed to converge after 0 nonlinear iterations.
Reason:
   DIVERGED_LINEAR_SOLVE

    raise ConvergenceError(r"""Nonlinear solve failed to converge after %d nonlinear iterations.
firedrake.exceptions.ConvergenceError: Nonlinear solve failed to converge after 0 nonlinear iterations.
Reason:
   DIVERGED_LINEAR_SOLVE
    raise ConvergenceError(r"""Nonlinear solve failed to converge after %d nonlinear iterations.
firedrake.exceptions.ConvergenceError: Nonlinear solve failed to converge after 0 nonlinear iterations.
Reason:
   DIVERGED_LINEAR_SOLVE
    solving_utils.check_snes_convergence(self.snes)
  File "/scratch/xd2/sg8812/firedrake-override/firedrake/solving_utils.py", line 129, in check_snes_convergence
    raise ConvergenceError(r"""Nonlinear solve failed to converge after %d nonlinear iterations.
    solving_utils.check_snes_convergence(self.snes)
  File "/scratch/xd2/sg8812/firedrake-override/firedrake/solving_utils.py", line 129, in check_snes_convergence
    raise ConvergenceError(r"""Nonlinear solve failed to converge after %d nonlinear iterations.
firedrake.exceptions.ConvergenceError: Nonlinear solve failed to converge after 0 nonlinear iterations.
Reason:
   DIVERGED_LINEAR_SOLVE
    raise ConvergenceError(r"""Nonlinear solve failed to converge after %d nonlinear iterations.
firedrake.exceptions.ConvergenceError: Nonlinear solve failed to converge after 0 nonlinear iterations.
Reason:
   DIVERGED_LINEAR_SOLVE
    solving_utils.check_snes_convergence(self.snes)
  File "/scratch/xd2/sg8812/firedrake-override/firedrake/solving_utils.py", line 129, in check_snes_convergence
    solving_utils.check_snes_convergence(self.snes)
  File "/scratch/xd2/sg8812/firedrake-override/firedrake/solving_utils.py", line 129, in check_snes_convergence
    raise ConvergenceError(r"""Nonlinear solve failed to converge after %d nonlinear iterations.
firedrake.exceptions.ConvergenceError: Nonlinear solve failed to converge after 0 nonlinear iterations.
Reason:
   DIVERGED_LINEAR_SOLVE
    solving_utils.check_snes_convergence(self.snes)
  File "/scratch/xd2/sg8812/firedrake-override/firedrake/solving_utils.py", line 129, in check_snes_convergence
    solving_utils.check_snes_convergence(self.snes)
  File "/scratch/xd2/sg8812/firedrake-override/firedrake/solving_utils.py", line 129, in check_snes_convergence
    raise ConvergenceError(r"""Nonlinear solve failed to converge after %d nonlinear iterations.
firedrake.exceptions.ConvergenceError: Nonlinear solve failed to converge after 0 nonlinear iterations.
Reason:
   DIVERGED_LINEAR_SOLVE
    solving_utils.check_snes_convergence(self.snes)
  File "/scratch/xd2/sg8812/firedrake-override/firedrake/solving_utils.py", line 129, in check_snes_convergence
    solving_utils.check_snes_convergence(self.snes)
  File "/scratch/xd2/sg8812/firedrake-override/firedrake/solving_utils.py", line 129, in check_snes_convergence
    solving_utils.check_snes_convergence(self.snes)
  File "/scratch/xd2/sg8812/firedrake-override/firedrake/solving_utils.py", line 129, in check_snes_convergence
    raise ConvergenceError(r"""Nonlinear solve failed to converge after %d nonlinear iterations.
firedrake.exceptions.ConvergenceError: Nonlinear solve failed to converge after 0 nonlinear iterations.
Reason:
   DIVERGED_LINEAR_SOLVE    raise ConvergenceError(r"""Nonlinear solve failed to converge after %d nonlinear iterations.
firedrake.exceptions.ConvergenceError: Nonlinear solve failed to converge after 0 nonlinear iterations.
Reason:
   DIVERGED_LINEAR_SOLVE
    self.solver.solve(bounds=self.stage_bounds)
  File "petsc4py/PETSc/Log.pyx", line 250, in petsc4py.PETSc.Log.EventDecorator.decorator.wrapped_func
firedrake.exceptions.ConvergenceError: Nonlinear solve failed to converge after 0 nonlinear iterations.
Reason:
   DIVERGED_LINEAR_SOLVE
    solving_utils.check_snes_convergence(self.snes)
  File "/scratch/xd2/sg8812/firedrake-override/firedrake/solving_utils.py", line 129, in check_snes_convergence
    raise ConvergenceError(r"""Nonlinear solve failed to converge after %d nonlinear iterations.
    raise ConvergenceError(r"""Nonlinear solve failed to converge after %d nonlinear iterations.
firedrake.exceptions.ConvergenceError: Nonlinear solve failed to converge after 0 nonlinear iterations.
Reason:
   DIVERGED_LINEAR_SOLVE
firedrake.exceptions.ConvergenceError: Nonlinear solve failed to converge after 0 nonlinear iterations.
Reason:
   DIVERGED_LINEAR_SOLVE
    raise ConvergenceError(r"""Nonlinear solve failed to converge after %d nonlinear iterations.
firedrake.exceptions.ConvergenceError: Nonlinear solve failed to converge after 0 nonlinear iterations.
Reason:
   DIVERGED_LINEAR_SOLVE
    raise ConvergenceError(r"""Nonlinear solve failed to converge after %d nonlinear iterations.
firedrake.exceptions.ConvergenceError: Nonlinear solve failed to converge after 0 nonlinear iterations.
Reason:
   DIVERGED_LINEAR_SOLVE
    raise ConvergenceError(r"""Nonlinear solve failed to converge after %d nonlinear iterations.
firedrake.exceptions.ConvergenceError: Nonlinear solve failed to converge after 0 nonlinear iterations.
Reason:
   DIVERGED_LINEAR_SOLVE
    raise ConvergenceError(r"""Nonlinear solve failed to converge after %d nonlinear iterations.
firedrake.exceptions.ConvergenceError: Nonlinear solve failed to converge after 0 nonlinear iterations.
Reason:
   DIVERGED_LINEAR_SOLVE

firedrake.exceptions.ConvergenceError: Nonlinear solve failed to converge after 0 nonlinear iterations.
Reason:
   DIVERGED_LINEAR_SOLVE
  File "petsc4py/PETSc/Log.pyx", line 251, in petsc4py.PETSc.Log.EventDecorator.decorator.wrapped_func
  File "/scratch/xd2/sg8812/firedrake-override/firedrake/adjoint_utils/variational_solver.py", line 116, in wrapper
    out = solve(self, **kwargs)
          ^^^^^^^^^^^^^^^^^^^^^
  File "/scratch/xd2/sg8812/firedrake-override/firedrake/variational_solver.py", line 403, in solve
    out = solve(self, **kwargs)
          ^^^^^^^^^^^^^^^^^^^^^
  File "/scratch/xd2/sg8812/firedrake-override/firedrake/variational_solver.py", line 403, in solve
    out = solve(self, **kwargs)
          ^^^^^^^^^^^^^^^^^^^^^
  File "/scratch/xd2/sg8812/firedrake-override/firedrake/variational_solver.py", line 403, in solve
    out = solve(self, **kwargs)
          ^^^^^^^^^^^^^^^^^^^^^
  File "/scratch/xd2/sg8812/firedrake-override/firedrake/variational_solver.py", line 403, in solve
    solving_utils.check_snes_convergence(self.snes)
  File "/scratch/xd2/sg8812/firedrake-override/firedrake/solving_utils.py", line 129, in check_snes_convergence
    raise ConvergenceError(r"""Nonlinear solve failed to converge after %d nonlinear iterations.
    out = solve(self, **kwargs)
    out = solve(self, **kwargs)
          ^^^^^^^^^^^^^^^^^^^^^
    out = solve(self, **kwargs)
    out = solve(self, **kwargs)
          ^^^^^^^^^^^^^^^^^^^^^
  File "/scratch/xd2/sg8812/firedrake-override/firedrake/variational_solver.py", line 403, in solve
    out = solve(self, **kwargs)
          ^^^^^^^^^^^^^^^^^^^^^
  File "/scratch/xd2/sg8812/firedrake-override/firedrake/variational_solver.py", line 403, in solve
firedrake.exceptions.ConvergenceError: Nonlinear solve failed to converge after 0 nonlinear iterations.
Reason:
   DIVERGED_LINEAR_SOLVE
          ^^^^^^^^^^^^^^^^^^^^^
  File "/scratch/xd2/sg8812/firedrake-override/firedrake/variational_solver.py", line 403, in solve
  File "/scratch/xd2/sg8812/firedrake-override/firedrake/variational_solver.py", line 403, in solve
          ^^^^^^^^^^^^^^^^^^^^^
  File "/scratch/xd2/sg8812/firedrake-override/firedrake/variational_solver.py", line 403, in solve
    solving_utils.check_snes_convergence(self.snes)
  File "/scratch/xd2/sg8812/firedrake-override/firedrake/solving_utils.py", line 129, in check_snes_convergence
    solving_utils.check_snes_convergence(self.snes)
    solving_utils.check_snes_convergence(self.snes)
  File "/scratch/xd2/sg8812/firedrake-override/firedrake/solving_utils.py", line 129, in check_snes_convergence
    solving_utils.check_snes_convergence(self.snes)
  File "/scratch/xd2/sg8812/firedrake-override/firedrake/solving_utils.py", line 129, in check_snes_convergence
    solving_utils.check_snes_convergence(self.snes)
  File "/scratch/xd2/sg8812/firedrake-override/firedrake/solving_utils.py", line 129, in check_snes_convergence
    solving_utils.check_snes_convergence(self.snes)
    raise ConvergenceError(r"""Nonlinear solve failed to converge after %d nonlinear iterations.
firedrake.exceptions.ConvergenceError: Nonlinear solve failed to converge after 0 nonlinear iterations.
Reason:
   DIVERGED_LINEAR_SOLVE
    solving_utils.check_snes_convergence(self.snes)
  File "/scratch/xd2/sg8812/firedrake-override/firedrake/solving_utils.py", line 129, in check_snes_convergence
    solving_utils.check_snes_convergence(self.snes)
  File "/scratch/xd2/sg8812/firedrake-override/firedrake/solving_utils.py", line 129, in check_snes_convergence
  File "/scratch/xd2/sg8812/firedrake-override/firedrake/solving_utils.py", line 129, in check_snes_convergence
    raise ConvergenceError(r"""Nonlinear solve failed to converge after %d nonlinear iterations.
firedrake.exceptions.ConvergenceError: Nonlinear solve failed to converge after 0 nonlinear iterations.
Reason:
   DIVERGED_LINEAR_SOLVE
  File "/scratch/xd2/sg8812/firedrake-override/firedrake/solving_utils.py", line 129, in check_snes_convergence
    raise ConvergenceError(r"""Nonlinear solve failed to converge after %d nonlinear iterations.
firedrake.exceptions.ConvergenceError: Nonlinear solve failed to converge after 0 nonlinear iterations.
Reason:
   DIVERGED_LINEAR_SOLVE
    raise ConvergenceError(r"""Nonlinear solve failed to converge after %d nonlinear iterations.
firedrake.exceptions.ConvergenceError: Nonlinear solve failed to converge after 0 nonlinear iterations.
Reason:
   DIVERGED_LINEAR_SOLVE    raise ConvergenceError(r"""Nonlinear solve failed to converge after %d nonlinear iterations.
firedrake.exceptions.ConvergenceError: Nonlinear solve failed to converge after 0 nonlinear iterations.
Reason:
   DIVERGED_LINEAR_SOLVE
    raise ConvergenceError(r"""Nonlinear solve failed to converge after %d nonlinear iterations.
firedrake.exceptions.ConvergenceError: Nonlinear solve failed to converge after 0 nonlinear iterations.
Reason:
   DIVERGED_LINEAR_SOLVE    raise ConvergenceError(r"""Nonlinear solve failed to converge after %d nonlinear iterations.
firedrake.exceptions.ConvergenceError: Nonlinear solve failed to converge after 0 nonlinear iterations.
Reason:
   DIVERGED_LINEAR_SOLVE    raise ConvergenceError(r"""Nonlinear solve failed to converge after %d nonlinear iterations.
firedrake.exceptions.ConvergenceError: Nonlinear solve failed to converge after 0 nonlinear iterations.
Reason:
   DIVERGED_LINEAR_SOLVE



--------------------------------------------------------------------------
MPI_ABORT was invoked on rank 25 in communicator MPI_COMM_WORLD
with errorcode 1.

NOTE: invoking MPI_ABORT causes Open MPI to kill all MPI processes.
You may or may not see output from other processes, depending on
exactly when Open MPI kills them.
--------------------------------------------------------------------------
    out = solve(self, **kwargs)
          ^^^^^^^^^^^^^^^^^^^^^
  File "/scratch/xd2/sg8812/firedrake-override/firedrake/variational_solver.py", line 403, in solve
    solving_utils.check_snes_convergence(self.snes)
    out = solve(self, **kwargs)
          ^^^^^^^^^^^^^^^^^^^^^
  File "/scratch/xd2/sg8812/firedrake-override/firedrake/variational_solver.py", line 403, in solve
    solving_utils.check_snes_convergence(self.snes)
    out = solve(self, **kwargs)
          ^^^^^^^^^^^^^^^^^^^^^
  File "/scratch/xd2/sg8812/firedrake-override/firedrake/variational_solver.py", line 403, in solve
  File "/scratch/xd2/sg8812/firedrake-override/firedrake/solving_utils.py", line 129, in check_snes_convergence
  File "/scratch/xd2/sg8812/firedrake-override/firedrake/solving_utils.py", line 129, in check_snes_convergence
    raise ConvergenceError(r"""Nonlinear solve failed to converge after %d nonlinear iterations.
firedrake.exceptions.ConvergenceError: Nonlinear solve failed to converge after 0 nonlinear iterations.
Reason:
   DIVERGED_LINEAR_SOLVE
    solving_utils.check_snes_convergence(self.snes)
  File "/scratch/xd2/sg8812/firedrake-override/firedrake/solving_utils.py", line 129, in check_snes_convergence
    raise ConvergenceError(r"""Nonlinear solve failed to converge after %d nonlinear iterations.
firedrake.exceptions.ConvergenceError: Nonlinear solve failed to converge after 0 nonlinear iterations.
Reason:
   DIVERGED_LINEAR_SOLVE    raise ConvergenceError(r"""Nonlinear solve failed to converge after %d nonlinear iterations.
firedrake.exceptions.ConvergenceError: Nonlinear solve failed to converge after 0 nonlinear iterations.
Reason:
   DIVERGED_LINEAR_SOLVE

[gadi-cpu-spr-0394.gadi.nci.org.au:1120051] PMIX ERROR: UNREACHABLE in file /jobfs/35226956.gadi-pbs/0/openmpi/4.0.7/source/openmpi-4.0.7/opal/mca/pmix/pmix3x/pmix/src/server/pmix_server.c at line 2198
[gadi-cpu-spr-0394.gadi.nci.org.au:1120051] PMIX ERROR: UNREACHABLE in file /jobfs/35226956.gadi-pbs/0/openmpi/4.0.7/source/openmpi-4.0.7/opal/mca/pmix/pmix3x/pmix/src/server/pmix_server.c at line 2198
[gadi-cpu-spr-0394.gadi.nci.org.au:1120051] PMIX ERROR: UNREACHABLE in file /jobfs/35226956.gadi-pbs/0/openmpi/4.0.7/source/openmpi-4.0.7/opal/mca/pmix/pmix3x/pmix/src/server/pmix_server.c at line 2198
[gadi-cpu-spr-0394.gadi.nci.org.au:1120051] PMIX ERROR: UNREACHABLE in file /jobfs/35226956.gadi-pbs/0/openmpi/4.0.7/source/openmpi-4.0.7/opal/mca/pmix/pmix3x/pmix/src/server/pmix_server.c at line 2198
[gadi-cpu-spr-0394.gadi.nci.org.au:1120051] 47 more processes have sent help message help-mpi-api.txt / mpi-abort
[gadi-cpu-spr-0394.gadi.nci.org.au:1120051] Set MCA parameter "orte_base_help_aggregate" to 0 to see all help / error messages
=== Job completed: Wed Apr 15 10:56:09 AEST 2026 ===

======================================================================================
                  Resource Usage on 2026-04-15 10:56:19:
   Job Id:             165687802.gadi-pbs
   Project:            xd2
   Exit Status:        0
   Service Units:      5.83
   NCPUs Requested:    48                  CPU Time Used: 01:07:36        
   Memory Requested:   500.0GB               Memory Used: 42.13GB         
   Walltime Requested: 03:00:00            Walltime Used: 00:01:45        
   JobFS Requested:    400.0GB                JobFS Used: 38.54MB         
======================================================================================
