=== Job info ===
Case: murrumbidgee
Solver: gamg_asm
Scale: sweep
Nodes: 1
CPUs: 48
Date: Wed Apr 15 10:54:26 AEST 2026
================
Number of degrees of freedom: 853800
Horizontal resolution: 5000.0 m, Layers: 50, DG1
Time stepper: BackwardEuler, dt = 43200.0 s, steps = 20
Solver: gamg_asm
Solver parameters: {'ksp_type': 'gmres', 'ksp_rtol': 1e-06, 'ksp_max_it': 200, 'ksp_gmres_restart': 30, 'pc_type': 'gamg', 'pc_gamg_type': 'agg', 'pc_gamg_asm_use_agg': True, 'mg_levels_pc_type': 'asm', 'mg_levels_pc_asm_overlap': 0, 'mg_levels_sub_pc_type': 'lu', 'mg_levels_ksp_type': 'chebyshev', 'mg_levels_ksp_max_it': 1, 'mg_levels_ksp_convergence_test': 'skip', 'pc_gamg_threshold': 0.02, 'pc_gamg_threshold_scale': 1.0, 'pc_gamg_agg_nsmooths': 1, 'pc_gamg_aggressive_coarsening': 1, 'pc_gamg_aggressive_square_graph': True, 'pc_gamg_coarse_eq_limit': 1000, 'pc_gamg_process_eq_limit': 50, 'pc_gamg_use_sa_esteig': True, 'pc_gamg_recompute_esteig': True, 'pc_gamg_reuse_interpolation': True, 'mg_coarse_ksp_type': 'gmres', 'mg_coarse_ksp_max_it': 30, 'mg_coarse_pc_type': 'bjacobi', 'mg_coarse_sub_pc_type': 'ilu', 'snes_type': 'newtonls', 'snes_linesearch_type': 'bt', 'snes_rtol': 1e-08, 'snes_atol': 1e-08, 'snes_max_it': 50}
  0 SNES Function norm 1.586518606175e+08
    Linear BackwardEuler-Equation_ solve did not converge due to DIVERGED_ITS iterations 200
  Nonlinear BackwardEuler-Equation_ solve did not converge due to DIVERGED_LINEAR_SOLVE iterations 0
Traceback (most recent call last):
  File "/scratch/xd2/sg8812/g-adopt-worktrees/sghelichkhani/richardson/tests/parallel_scaling_richards/murrumbidgee_3d.py", line 284, in <module>
Traceback (most recent call last):
  File "/scratch/xd2/sg8812/g-adopt-worktrees/sghelichkhani/richardson/tests/parallel_scaling_richards/murrumbidgee_3d.py", line 284, in <module>
Traceback (most recent call last):
  File "/scratch/xd2/sg8812/g-adopt-worktrees/sghelichkhani/richardson/tests/parallel_scaling_richards/murrumbidgee_3d.py", line 284, in <module>
Traceback (most recent call last):
  File "/scratch/xd2/sg8812/g-adopt-worktrees/sghelichkhani/richardson/tests/parallel_scaling_richards/murrumbidgee_3d.py", line 284, in <module>
Traceback (most recent call last):
  File "/scratch/xd2/sg8812/g-adopt-worktrees/sghelichkhani/richardson/tests/parallel_scaling_richards/murrumbidgee_3d.py", line 284, in <module>
Traceback (most recent call last):
  File "/scratch/xd2/sg8812/g-adopt-worktrees/sghelichkhani/richardson/tests/parallel_scaling_richards/murrumbidgee_3d.py", line 284, in <module>
Traceback (most recent call last):
  File "/scratch/xd2/sg8812/g-adopt-worktrees/sghelichkhani/richardson/tests/parallel_scaling_richards/murrumbidgee_3d.py", line 284, in <module>
Traceback (most recent call last):
  File "/scratch/xd2/sg8812/g-adopt-worktrees/sghelichkhani/richardson/tests/parallel_scaling_richards/murrumbidgee_3d.py", line 284, in <module>
Traceback (most recent call last):
  File "/scratch/xd2/sg8812/g-adopt-worktrees/sghelichkhani/richardson/tests/parallel_scaling_richards/murrumbidgee_3d.py", line 284, in <module>
Traceback (most recent call last):
  File "/scratch/xd2/sg8812/g-adopt-worktrees/sghelichkhani/richardson/tests/parallel_scaling_richards/murrumbidgee_3d.py", line 284, in <module>
Traceback (most recent call last):
  File "/scratch/xd2/sg8812/g-adopt-worktrees/sghelichkhani/richardson/tests/parallel_scaling_richards/murrumbidgee_3d.py", line 284, in <module>
Traceback (most recent call last):
  File "/scratch/xd2/sg8812/g-adopt-worktrees/sghelichkhani/richardson/tests/parallel_scaling_richards/murrumbidgee_3d.py", line 284, in <module>
Traceback (most recent call last):
  File "/scratch/xd2/sg8812/g-adopt-worktrees/sghelichkhani/richardson/tests/parallel_scaling_richards/murrumbidgee_3d.py", line 284, in <module>
Traceback (most recent call last):
  File "/scratch/xd2/sg8812/g-adopt-worktrees/sghelichkhani/richardson/tests/parallel_scaling_richards/murrumbidgee_3d.py", line 284, in <module>
Traceback (most recent call last):
  File "/scratch/xd2/sg8812/g-adopt-worktrees/sghelichkhani/richardson/tests/parallel_scaling_richards/murrumbidgee_3d.py", line 284, in <module>
Traceback (most recent call last):
  File "/scratch/xd2/sg8812/g-adopt-worktrees/sghelichkhani/richardson/tests/parallel_scaling_richards/murrumbidgee_3d.py", line 284, in <module>
Traceback (most recent call last):
  File "/scratch/xd2/sg8812/g-adopt-worktrees/sghelichkhani/richardson/tests/parallel_scaling_richards/murrumbidgee_3d.py", line 284, in <module>
Traceback (most recent call last):
  File "/scratch/xd2/sg8812/g-adopt-worktrees/sghelichkhani/richardson/tests/parallel_scaling_richards/murrumbidgee_3d.py", line 284, in <module>
Traceback (most recent call last):
  File "/scratch/xd2/sg8812/g-adopt-worktrees/sghelichkhani/richardson/tests/parallel_scaling_richards/murrumbidgee_3d.py", line 284, in <module>
Traceback (most recent call last):
  File "/scratch/xd2/sg8812/g-adopt-worktrees/sghelichkhani/richardson/tests/parallel_scaling_richards/murrumbidgee_3d.py", line 284, in <module>
Traceback (most recent call last):
  File "/scratch/xd2/sg8812/g-adopt-worktrees/sghelichkhani/richardson/tests/parallel_scaling_richards/murrumbidgee_3d.py", line 284, in <module>
Traceback (most recent call last):
  File "/scratch/xd2/sg8812/g-adopt-worktrees/sghelichkhani/richardson/tests/parallel_scaling_richards/murrumbidgee_3d.py", line 284, in <module>
Traceback (most recent call last):
  File "/scratch/xd2/sg8812/g-adopt-worktrees/sghelichkhani/richardson/tests/parallel_scaling_richards/murrumbidgee_3d.py", line 284, in <module>
Traceback (most recent call last):
  File "/scratch/xd2/sg8812/g-adopt-worktrees/sghelichkhani/richardson/tests/parallel_scaling_richards/murrumbidgee_3d.py", line 284, in <module>
Traceback (most recent call last):
  File "/scratch/xd2/sg8812/g-adopt-worktrees/sghelichkhani/richardson/tests/parallel_scaling_richards/murrumbidgee_3d.py", line 284, in <module>
Traceback (most recent call last):
  File "/scratch/xd2/sg8812/g-adopt-worktrees/sghelichkhani/richardson/tests/parallel_scaling_richards/murrumbidgee_3d.py", line 284, in <module>
Traceback (most recent call last):
  File "/scratch/xd2/sg8812/g-adopt-worktrees/sghelichkhani/richardson/tests/parallel_scaling_richards/murrumbidgee_3d.py", line 284, in <module>
Traceback (most recent call last):
  File "/scratch/xd2/sg8812/g-adopt-worktrees/sghelichkhani/richardson/tests/parallel_scaling_richards/murrumbidgee_3d.py", line 284, in <module>
Traceback (most recent call last):
  File "/scratch/xd2/sg8812/g-adopt-worktrees/sghelichkhani/richardson/tests/parallel_scaling_richards/murrumbidgee_3d.py", line 284, in <module>
Traceback (most recent call last):
  File "/scratch/xd2/sg8812/g-adopt-worktrees/sghelichkhani/richardson/tests/parallel_scaling_richards/murrumbidgee_3d.py", line 284, in <module>
Traceback (most recent call last):
  File "/scratch/xd2/sg8812/g-adopt-worktrees/sghelichkhani/richardson/tests/parallel_scaling_richards/murrumbidgee_3d.py", line 284, in <module>
Traceback (most recent call last):
  File "/scratch/xd2/sg8812/g-adopt-worktrees/sghelichkhani/richardson/tests/parallel_scaling_richards/murrumbidgee_3d.py", line 284, in <module>
Traceback (most recent call last):
  File "/scratch/xd2/sg8812/g-adopt-worktrees/sghelichkhani/richardson/tests/parallel_scaling_richards/murrumbidgee_3d.py", line 284, in <module>
Traceback (most recent call last):
  File "/scratch/xd2/sg8812/g-adopt-worktrees/sghelichkhani/richardson/tests/parallel_scaling_richards/murrumbidgee_3d.py", line 284, in <module>
Traceback (most recent call last):
  File "/scratch/xd2/sg8812/g-adopt-worktrees/sghelichkhani/richardson/tests/parallel_scaling_richards/murrumbidgee_3d.py", line 284, in <module>
Traceback (most recent call last):
  File "/scratch/xd2/sg8812/g-adopt-worktrees/sghelichkhani/richardson/tests/parallel_scaling_richards/murrumbidgee_3d.py", line 284, in <module>
Traceback (most recent call last):
  File "/scratch/xd2/sg8812/g-adopt-worktrees/sghelichkhani/richardson/tests/parallel_scaling_richards/murrumbidgee_3d.py", line 284, in <module>
Traceback (most recent call last):
  File "/scratch/xd2/sg8812/g-adopt-worktrees/sghelichkhani/richardson/tests/parallel_scaling_richards/murrumbidgee_3d.py", line 284, in <module>
Traceback (most recent call last):
  File "/scratch/xd2/sg8812/g-adopt-worktrees/sghelichkhani/richardson/tests/parallel_scaling_richards/murrumbidgee_3d.py", line 284, in <module>
Traceback (most recent call last):
  File "/scratch/xd2/sg8812/g-adopt-worktrees/sghelichkhani/richardson/tests/parallel_scaling_richards/murrumbidgee_3d.py", line 284, in <module>
Traceback (most recent call last):
  File "/scratch/xd2/sg8812/g-adopt-worktrees/sghelichkhani/richardson/tests/parallel_scaling_richards/murrumbidgee_3d.py", line 284, in <module>
Traceback (most recent call last):
  File "/scratch/xd2/sg8812/g-adopt-worktrees/sghelichkhani/richardson/tests/parallel_scaling_richards/murrumbidgee_3d.py", line 284, in <module>
Traceback (most recent call last):
  File "/scratch/xd2/sg8812/g-adopt-worktrees/sghelichkhani/richardson/tests/parallel_scaling_richards/murrumbidgee_3d.py", line 284, in <module>
Traceback (most recent call last):
  File "/scratch/xd2/sg8812/g-adopt-worktrees/sghelichkhani/richardson/tests/parallel_scaling_richards/murrumbidgee_3d.py", line 284, in <module>
Traceback (most recent call last):
  File "/scratch/xd2/sg8812/g-adopt-worktrees/sghelichkhani/richardson/tests/parallel_scaling_richards/murrumbidgee_3d.py", line 284, in <module>
Traceback (most recent call last):
  File "/scratch/xd2/sg8812/g-adopt-worktrees/sghelichkhani/richardson/tests/parallel_scaling_richards/murrumbidgee_3d.py", line 284, in <module>
Traceback (most recent call last):
  File "/scratch/xd2/sg8812/g-adopt-worktrees/sghelichkhani/richardson/tests/parallel_scaling_richards/murrumbidgee_3d.py", line 284, in <module>
Traceback (most recent call last):
  File "/scratch/xd2/sg8812/g-adopt-worktrees/sghelichkhani/richardson/tests/parallel_scaling_richards/murrumbidgee_3d.py", line 284, in <module>
    model(
  File "/scratch/xd2/sg8812/g-adopt-worktrees/sghelichkhani/richardson/tests/parallel_scaling_richards/murrumbidgee_3d.py", line 262, in model
    model(
  File "/scratch/xd2/sg8812/g-adopt-worktrees/sghelichkhani/richardson/tests/parallel_scaling_richards/murrumbidgee_3d.py", line 262, in model
    model(
  File "/scratch/xd2/sg8812/g-adopt-worktrees/sghelichkhani/richardson/tests/parallel_scaling_richards/murrumbidgee_3d.py", line 262, in model
    model(
  File "/scratch/xd2/sg8812/g-adopt-worktrees/sghelichkhani/richardson/tests/parallel_scaling_richards/murrumbidgee_3d.py", line 262, in model
    model(
  File "/scratch/xd2/sg8812/g-adopt-worktrees/sghelichkhani/richardson/tests/parallel_scaling_richards/murrumbidgee_3d.py", line 262, in model
    model(
  File "/scratch/xd2/sg8812/g-adopt-worktrees/sghelichkhani/richardson/tests/parallel_scaling_richards/murrumbidgee_3d.py", line 262, in model
    model(
  File "/scratch/xd2/sg8812/g-adopt-worktrees/sghelichkhani/richardson/tests/parallel_scaling_richards/murrumbidgee_3d.py", line 262, in model
    model(
  File "/scratch/xd2/sg8812/g-adopt-worktrees/sghelichkhani/richardson/tests/parallel_scaling_richards/murrumbidgee_3d.py", line 262, in model
    model(
  File "/scratch/xd2/sg8812/g-adopt-worktrees/sghelichkhani/richardson/tests/parallel_scaling_richards/murrumbidgee_3d.py", line 262, in model
    model(
  File "/scratch/xd2/sg8812/g-adopt-worktrees/sghelichkhani/richardson/tests/parallel_scaling_richards/murrumbidgee_3d.py", line 262, in model
    model(
  File "/scratch/xd2/sg8812/g-adopt-worktrees/sghelichkhani/richardson/tests/parallel_scaling_richards/murrumbidgee_3d.py", line 262, in model
    model(
  File "/scratch/xd2/sg8812/g-adopt-worktrees/sghelichkhani/richardson/tests/parallel_scaling_richards/murrumbidgee_3d.py", line 262, in model
    model(
  File "/scratch/xd2/sg8812/g-adopt-worktrees/sghelichkhani/richardson/tests/parallel_scaling_richards/murrumbidgee_3d.py", line 262, in model
    model(
  File "/scratch/xd2/sg8812/g-adopt-worktrees/sghelichkhani/richardson/tests/parallel_scaling_richards/murrumbidgee_3d.py", line 262, in model
    model(
    model(
  File "/scratch/xd2/sg8812/g-adopt-worktrees/sghelichkhani/richardson/tests/parallel_scaling_richards/murrumbidgee_3d.py", line 262, in model
    model(
  File "/scratch/xd2/sg8812/g-adopt-worktrees/sghelichkhani/richardson/tests/parallel_scaling_richards/murrumbidgee_3d.py", line 262, in model
    model(
  File "/scratch/xd2/sg8812/g-adopt-worktrees/sghelichkhani/richardson/tests/parallel_scaling_richards/murrumbidgee_3d.py", line 262, in model
    model(
  File "/scratch/xd2/sg8812/g-adopt-worktrees/sghelichkhani/richardson/tests/parallel_scaling_richards/murrumbidgee_3d.py", line 262, in model
    model(
  File "/scratch/xd2/sg8812/g-adopt-worktrees/sghelichkhani/richardson/tests/parallel_scaling_richards/murrumbidgee_3d.py", line 262, in model
    model(
  File "/scratch/xd2/sg8812/g-adopt-worktrees/sghelichkhani/richardson/tests/parallel_scaling_richards/murrumbidgee_3d.py", line 262, in model
    model(
  File "/scratch/xd2/sg8812/g-adopt-worktrees/sghelichkhani/richardson/tests/parallel_scaling_richards/murrumbidgee_3d.py", line 262, in model
    richards_solver.solve()
    model(
    model(
  File "/scratch/xd2/sg8812/g-adopt-worktrees/sghelichkhani/richardson/tests/parallel_scaling_richards/murrumbidgee_3d.py", line 262, in model
    model(
  File "/scratch/xd2/sg8812/g-adopt-worktrees/sghelichkhani/richardson/tests/parallel_scaling_richards/murrumbidgee_3d.py", line 262, in model
    model(
  File "/scratch/xd2/sg8812/g-adopt-worktrees/sghelichkhani/richardson/tests/parallel_scaling_richards/murrumbidgee_3d.py", line 262, in model
    model(
  File "/scratch/xd2/sg8812/g-adopt-worktrees/sghelichkhani/richardson/tests/parallel_scaling_richards/murrumbidgee_3d.py", line 262, in model
    model(
  File "/scratch/xd2/sg8812/g-adopt-worktrees/sghelichkhani/richardson/tests/parallel_scaling_richards/murrumbidgee_3d.py", line 262, in model
    model(
  File "/scratch/xd2/sg8812/g-adopt-worktrees/sghelichkhani/richardson/tests/parallel_scaling_richards/murrumbidgee_3d.py", line 262, in model
  File "/scratch/xd2/sg8812/g-adopt-worktrees/sghelichkhani/richardson/tests/parallel_scaling_richards/murrumbidgee_3d.py", line 262, in model
    model(
  File "/scratch/xd2/sg8812/g-adopt-worktrees/sghelichkhani/richardson/tests/parallel_scaling_richards/murrumbidgee_3d.py", line 262, in model
    richards_solver.solve()
  File "/scratch/xd2/sg8812/g-adopt-worktrees/sghelichkhani/richardson/gadopt/richards_solver.py", line 566, in solve
    model(
  File "/scratch/xd2/sg8812/g-adopt-worktrees/sghelichkhani/richardson/tests/parallel_scaling_richards/murrumbidgee_3d.py", line 262, in model
  File "/scratch/xd2/sg8812/g-adopt-worktrees/sghelichkhani/richardson/gadopt/richards_solver.py", line 566, in solve
    model(
  File "/scratch/xd2/sg8812/g-adopt-worktrees/sghelichkhani/richardson/tests/parallel_scaling_richards/murrumbidgee_3d.py", line 262, in model
  File "/scratch/xd2/sg8812/g-adopt-worktrees/sghelichkhani/richardson/tests/parallel_scaling_richards/murrumbidgee_3d.py", line 262, in model
    model(
  File "/scratch/xd2/sg8812/g-adopt-worktrees/sghelichkhani/richardson/tests/parallel_scaling_richards/murrumbidgee_3d.py", line 262, in model
    model(
  File "/scratch/xd2/sg8812/g-adopt-worktrees/sghelichkhani/richardson/tests/parallel_scaling_richards/murrumbidgee_3d.py", line 262, in model
    model(
  File "/scratch/xd2/sg8812/g-adopt-worktrees/sghelichkhani/richardson/tests/parallel_scaling_richards/murrumbidgee_3d.py", line 262, in model
    model(
  File "/scratch/xd2/sg8812/g-adopt-worktrees/sghelichkhani/richardson/tests/parallel_scaling_richards/murrumbidgee_3d.py", line 262, in model
    model(
  File "/scratch/xd2/sg8812/g-adopt-worktrees/sghelichkhani/richardson/tests/parallel_scaling_richards/murrumbidgee_3d.py", line 262, in model
    model(
  File "/scratch/xd2/sg8812/g-adopt-worktrees/sghelichkhani/richardson/tests/parallel_scaling_richards/murrumbidgee_3d.py", line 262, in model
    model(
  File "/scratch/xd2/sg8812/g-adopt-worktrees/sghelichkhani/richardson/tests/parallel_scaling_richards/murrumbidgee_3d.py", line 262, in model
    model(
  File "/scratch/xd2/sg8812/g-adopt-worktrees/sghelichkhani/richardson/tests/parallel_scaling_richards/murrumbidgee_3d.py", line 262, in model
    model(
  File "/scratch/xd2/sg8812/g-adopt-worktrees/sghelichkhani/richardson/tests/parallel_scaling_richards/murrumbidgee_3d.py", line 262, in model
    model(
  File "/scratch/xd2/sg8812/g-adopt-worktrees/sghelichkhani/richardson/tests/parallel_scaling_richards/murrumbidgee_3d.py", line 262, in model
    model(
  File "/scratch/xd2/sg8812/g-adopt-worktrees/sghelichkhani/richardson/tests/parallel_scaling_richards/murrumbidgee_3d.py", line 262, in model
    model(
  File "/scratch/xd2/sg8812/g-adopt-worktrees/sghelichkhani/richardson/tests/parallel_scaling_richards/murrumbidgee_3d.py", line 262, in model
    model(
  File "/scratch/xd2/sg8812/g-adopt-worktrees/sghelichkhani/richardson/tests/parallel_scaling_richards/murrumbidgee_3d.py", line 262, in model
    model(
  File "/scratch/xd2/sg8812/g-adopt-worktrees/sghelichkhani/richardson/tests/parallel_scaling_richards/murrumbidgee_3d.py", line 262, in model
    richards_solver.solve()
  File "/scratch/xd2/sg8812/g-adopt-worktrees/sghelichkhani/richardson/gadopt/richards_solver.py", line 566, in solve
    richards_solver.solve()
    richards_solver.solve()
  File "/scratch/xd2/sg8812/g-adopt-worktrees/sghelichkhani/richardson/gadopt/richards_solver.py", line 566, in solve
    return self.ts.advance(t)
           ^^^^^^^^^^^^^^^^^^
  File "/scratch/xd2/sg8812/g-adopt-worktrees/sghelichkhani/richardson/gadopt/time_stepper.py", line 244, in advance
    richards_solver.solve()
  File "/scratch/xd2/sg8812/g-adopt-worktrees/sghelichkhani/richardson/gadopt/richards_solver.py", line 566, in solve
    richards_solver.solve()
    model(
  File "/scratch/xd2/sg8812/g-adopt-worktrees/sghelichkhani/richardson/tests/parallel_scaling_richards/murrumbidgee_3d.py", line 262, in model
    return self.ts.advance(t)
    richards_solver.solve()
    richards_solver.solve()
  File "/scratch/xd2/sg8812/g-adopt-worktrees/sghelichkhani/richardson/gadopt/richards_solver.py", line 566, in solve
           ^^^^^^^^^^^^^^^^^^
  File "/scratch/xd2/sg8812/g-adopt-worktrees/sghelichkhani/richardson/gadopt/time_stepper.py", line 244, in advance
  File "/scratch/xd2/sg8812/g-adopt-worktrees/sghelichkhani/richardson/gadopt/richards_solver.py", line 566, in solve
  File "/scratch/xd2/sg8812/g-adopt-worktrees/sghelichkhani/richardson/gadopt/richards_solver.py", line 566, in solve
    richards_solver.solve()
  File "/scratch/xd2/sg8812/g-adopt-worktrees/sghelichkhani/richardson/gadopt/richards_solver.py", line 566, in solve
    richards_solver.solve()
  File "/scratch/xd2/sg8812/g-adopt-worktrees/sghelichkhani/richardson/gadopt/richards_solver.py", line 566, in solve
    model(
  File "/scratch/xd2/sg8812/g-adopt-worktrees/sghelichkhani/richardson/tests/parallel_scaling_richards/murrumbidgee_3d.py", line 262, in model
  File "/scratch/xd2/sg8812/g-adopt-worktrees/sghelichkhani/richardson/gadopt/richards_solver.py", line 566, in solve
    richards_solver.solve()
    result = self.stepper.advance()
             ^^^^^^^^^^^^^^^^^^^^^^
  File "/scratch/xd2/sg8812/Irksome/irksome/base_time_stepper.py", line 147, in advance
    return self.ts.advance(t)
           ^^^^^^^^^^^^^^^^^^
  File "/scratch/xd2/sg8812/g-adopt-worktrees/sghelichkhani/richardson/gadopt/time_stepper.py", line 244, in advance
    richards_solver.solve()
  File "/scratch/xd2/sg8812/g-adopt-worktrees/sghelichkhani/richardson/gadopt/richards_solver.py", line 566, in solve
    richards_solver.solve()
    return self.ts.advance(t)
           ^^^^^^^^^^^^^^^^^^
  File "/scratch/xd2/sg8812/g-adopt-worktrees/sghelichkhani/richardson/gadopt/time_stepper.py", line 244, in advance
    return self.ts.advance(t)
           ^^^^^^^^^^^^^^^^^^
  File "/scratch/xd2/sg8812/g-adopt-worktrees/sghelichkhani/richardson/gadopt/time_stepper.py", line 244, in advance
    return self.ts.advance(t)
           ^^^^^^^^^^^^^^^^^^
    richards_solver.solve()
  File "/scratch/xd2/sg8812/g-adopt-worktrees/sghelichkhani/richardson/gadopt/richards_solver.py", line 566, in solve
    return self.ts.advance(t)
  File "/scratch/xd2/sg8812/g-adopt-worktrees/sghelichkhani/richardson/gadopt/richards_solver.py", line 566, in solve
    richards_solver.solve()
  File "/scratch/xd2/sg8812/g-adopt-worktrees/sghelichkhani/richardson/gadopt/richards_solver.py", line 566, in solve
    return self.ts.advance(t)
           ^^^^^^^^^^^^^^^^^^
  File "/scratch/xd2/sg8812/g-adopt-worktrees/sghelichkhani/richardson/gadopt/time_stepper.py", line 244, in advance
    result = self.stepper.advance()
             ^^^^^^^^^^^^^^^^^^^^^^
  File "/scratch/xd2/sg8812/Irksome/irksome/base_time_stepper.py", line 147, in advance
    richards_solver.solve()
  File "/scratch/xd2/sg8812/g-adopt-worktrees/sghelichkhani/richardson/gadopt/time_stepper.py", line 244, in advance
    richards_solver.solve()
    richards_solver.solve()
    richards_solver.solve()
  File "/scratch/xd2/sg8812/g-adopt-worktrees/sghelichkhani/richardson/gadopt/richards_solver.py", line 566, in solve
    richards_solver.solve()
  File "/scratch/xd2/sg8812/g-adopt-worktrees/sghelichkhani/richardson/gadopt/richards_solver.py", line 566, in solve
           ^^^^^^^^^^^^^^^^^^
  File "/scratch/xd2/sg8812/g-adopt-worktrees/sghelichkhani/richardson/gadopt/time_stepper.py", line 244, in advance
    richards_solver.solve()
    richards_solver.solve()
    richards_solver.solve()
    richards_solver.solve()
  File "/scratch/xd2/sg8812/g-adopt-worktrees/sghelichkhani/richardson/gadopt/richards_solver.py", line 566, in solve
    richards_solver.solve()
    richards_solver.solve()
  File "/scratch/xd2/sg8812/g-adopt-worktrees/sghelichkhani/richardson/gadopt/richards_solver.py", line 566, in solve
    richards_solver.solve()
  File "/scratch/xd2/sg8812/g-adopt-worktrees/sghelichkhani/richardson/gadopt/richards_solver.py", line 566, in solve
  File "/scratch/xd2/sg8812/g-adopt-worktrees/sghelichkhani/richardson/gadopt/richards_solver.py", line 566, in solve
    richards_solver.solve()
    richards_solver.solve()
  File "/scratch/xd2/sg8812/g-adopt-worktrees/sghelichkhani/richardson/gadopt/richards_solver.py", line 566, in solve
    richards_solver.solve()
    richards_solver.solve()
  File "/scratch/xd2/sg8812/g-adopt-worktrees/sghelichkhani/richardson/gadopt/richards_solver.py", line 566, in solve
    return self.ts.advance(t)
           ^^^^^^^^^^^^^^^^^^
    richards_solver.solve()
  File "/scratch/xd2/sg8812/g-adopt-worktrees/sghelichkhani/richardson/gadopt/richards_solver.py", line 566, in solve
    richards_solver.solve()
  File "/scratch/xd2/sg8812/g-adopt-worktrees/sghelichkhani/richardson/gadopt/richards_solver.py", line 566, in solve
  File "/scratch/xd2/sg8812/g-adopt-worktrees/sghelichkhani/richardson/gadopt/richards_solver.py", line 566, in solve
    richards_solver.solve()
  File "/scratch/xd2/sg8812/g-adopt-worktrees/sghelichkhani/richardson/gadopt/richards_solver.py", line 566, in solve
    richards_solver.solve()
  File "/scratch/xd2/sg8812/g-adopt-worktrees/sghelichkhani/richardson/gadopt/richards_solver.py", line 566, in solve
    richards_solver.solve()
  File "/scratch/xd2/sg8812/g-adopt-worktrees/sghelichkhani/richardson/gadopt/richards_solver.py", line 566, in solve
    richards_solver.solve()
  File "/scratch/xd2/sg8812/g-adopt-worktrees/sghelichkhani/richardson/gadopt/richards_solver.py", line 566, in solve
  File "/scratch/xd2/sg8812/g-adopt-worktrees/sghelichkhani/richardson/gadopt/richards_solver.py", line 566, in solve
  File "/scratch/xd2/sg8812/g-adopt-worktrees/sghelichkhani/richardson/gadopt/richards_solver.py", line 566, in solve
  File "/scratch/xd2/sg8812/g-adopt-worktrees/sghelichkhani/richardson/gadopt/richards_solver.py", line 566, in solve
    richards_solver.solve()
  File "/scratch/xd2/sg8812/g-adopt-worktrees/sghelichkhani/richardson/gadopt/richards_solver.py", line 566, in solve
    return self.ts.advance(t)
           ^^^^^^^^^^^^^^^^^^
    return self.ts.advance(t)
           ^^^^^^^^^^^^^^^^^^
  File "/scratch/xd2/sg8812/g-adopt-worktrees/sghelichkhani/richardson/gadopt/time_stepper.py", line 244, in advance
  File "/scratch/xd2/sg8812/g-adopt-worktrees/sghelichkhani/richardson/gadopt/richards_solver.py", line 566, in solve
  File "/scratch/xd2/sg8812/g-adopt-worktrees/sghelichkhani/richardson/gadopt/richards_solver.py", line 566, in solve
    richards_solver.solve()
  File "/scratch/xd2/sg8812/g-adopt-worktrees/sghelichkhani/richardson/gadopt/richards_solver.py", line 566, in solve
    return self.ts.advance(t)
           ^^^^^^^^^^^^^^^^^^
  File "/scratch/xd2/sg8812/g-adopt-worktrees/sghelichkhani/richardson/gadopt/time_stepper.py", line 244, in advance
  File "/scratch/xd2/sg8812/g-adopt-worktrees/sghelichkhani/richardson/gadopt/richards_solver.py", line 566, in solve
    richards_solver.solve()
  File "/scratch/xd2/sg8812/g-adopt-worktrees/sghelichkhani/richardson/gadopt/richards_solver.py", line 566, in solve
    return self.ts.advance(t)
           ^^^^^^^^^^^^^^^^^^
  File "/scratch/xd2/sg8812/g-adopt-worktrees/sghelichkhani/richardson/gadopt/time_stepper.py", line 244, in advance
  File "/scratch/xd2/sg8812/g-adopt-worktrees/sghelichkhani/richardson/gadopt/richards_solver.py", line 566, in solve
    richards_solver.solve()
  File "/scratch/xd2/sg8812/g-adopt-worktrees/sghelichkhani/richardson/gadopt/richards_solver.py", line 566, in solve
    richards_solver.solve()
  File "/scratch/xd2/sg8812/g-adopt-worktrees/sghelichkhani/richardson/gadopt/richards_solver.py", line 566, in solve
    return self.ts.advance(t)
           ^^^^^^^^^^^^^^^^^^
  File "/scratch/xd2/sg8812/g-adopt-worktrees/sghelichkhani/richardson/gadopt/time_stepper.py", line 244, in advance
    richards_solver.solve()
  File "/scratch/xd2/sg8812/g-adopt-worktrees/sghelichkhani/richardson/gadopt/richards_solver.py", line 566, in solve
  File "/scratch/xd2/sg8812/g-adopt-worktrees/sghelichkhani/richardson/gadopt/time_stepper.py", line 244, in advance
    richards_solver.solve()
  File "/scratch/xd2/sg8812/g-adopt-worktrees/sghelichkhani/richardson/gadopt/richards_solver.py", line 566, in solve
    richards_solver.solve()
  File "/scratch/xd2/sg8812/g-adopt-worktrees/sghelichkhani/richardson/gadopt/richards_solver.py", line 566, in solve
    self.solver.solve(bounds=self.stage_bounds)
  File "petsc4py/PETSc/Log.pyx", line 250, in petsc4py.PETSc.Log.EventDecorator.decorator.wrapped_func
  File "/scratch/xd2/sg8812/g-adopt-worktrees/sghelichkhani/richardson/gadopt/time_stepper.py", line 244, in advance
    return self.ts.advance(t)
           ^^^^^^^^^^^^^^^^^^
  File "/scratch/xd2/sg8812/g-adopt-worktrees/sghelichkhani/richardson/gadopt/time_stepper.py", line 244, in advance
    richards_solver.solve()
  File "/scratch/xd2/sg8812/g-adopt-worktrees/sghelichkhani/richardson/gadopt/richards_solver.py", line 566, in solve
    self.solver.solve(bounds=self.stage_bounds)
  File "petsc4py/PETSc/Log.pyx", line 250, in petsc4py.PETSc.Log.EventDecorator.decorator.wrapped_func
    richards_solver.solve()
  File "/scratch/xd2/sg8812/g-adopt-worktrees/sghelichkhani/richardson/gadopt/richards_solver.py", line 566, in solve
    return self.ts.advance(t)
           ^^^^^^^^^^^^^^^^^^
  File "/scratch/xd2/sg8812/g-adopt-worktrees/sghelichkhani/richardson/gadopt/time_stepper.py", line 244, in advance
    result = self.stepper.advance()
             ^^^^^^^^^^^^^^^^^^^^^^
  File "/scratch/xd2/sg8812/Irksome/irksome/base_time_stepper.py", line 147, in advance
    return self.ts.advance(t)
           ^^^^^^^^^^^^^^^^^^
  File "/scratch/xd2/sg8812/g-adopt-worktrees/sghelichkhani/richardson/gadopt/time_stepper.py", line 244, in advance
    return self.ts.advance(t)
           ^^^^^^^^^^^^^^^^^^
  File "/scratch/xd2/sg8812/g-adopt-worktrees/sghelichkhani/richardson/gadopt/time_stepper.py", line 244, in advance
    return self.ts.advance(t)
           ^^^^^^^^^^^^^^^^^^
  File "/scratch/xd2/sg8812/g-adopt-worktrees/sghelichkhani/richardson/gadopt/time_stepper.py", line 244, in advance
  File "/scratch/xd2/sg8812/g-adopt-worktrees/sghelichkhani/richardson/gadopt/richards_solver.py", line 566, in solve
    return self.ts.advance(t)
           ^^^^^^^^^^^^^^^^^^
  File "/scratch/xd2/sg8812/g-adopt-worktrees/sghelichkhani/richardson/gadopt/time_stepper.py", line 244, in advance
    return self.ts.advance(t)
           ^^^^^^^^^^^^^^^^^^
  File "/scratch/xd2/sg8812/g-adopt-worktrees/sghelichkhani/richardson/gadopt/time_stepper.py", line 244, in advance
    result = self.stepper.advance()
    return self.ts.advance(t)
           ^^^^^^^^^^^^^^^^^^
  File "/scratch/xd2/sg8812/g-adopt-worktrees/sghelichkhani/richardson/gadopt/time_stepper.py", line 244, in advance
    return self.ts.advance(t)
           ^^^^^^^^^^^^^^^^^^
  File "/scratch/xd2/sg8812/g-adopt-worktrees/sghelichkhani/richardson/gadopt/time_stepper.py", line 244, in advance
    return self.ts.advance(t)
           ^^^^^^^^^^^^^^^^^^
  File "/scratch/xd2/sg8812/g-adopt-worktrees/sghelichkhani/richardson/gadopt/time_stepper.py", line 244, in advance
    return self.ts.advance(t)
           ^^^^^^^^^^^^^^^^^^
  File "/scratch/xd2/sg8812/g-adopt-worktrees/sghelichkhani/richardson/gadopt/time_stepper.py", line 244, in advance
    result = self.stepper.advance()
             ^^^^^^^^^^^^^^^^^^^^^^
  File "/scratch/xd2/sg8812/Irksome/irksome/base_time_stepper.py", line 147, in advance
    return self.ts.advance(t)
           ^^^^^^^^^^^^^^^^^^
  File "/scratch/xd2/sg8812/g-adopt-worktrees/sghelichkhani/richardson/gadopt/time_stepper.py", line 244, in advance
    return self.ts.advance(t)
    result = self.stepper.advance()
             ^^^^^^^^^^^^^^^^^^^^^^
  File "/scratch/xd2/sg8812/Irksome/irksome/base_time_stepper.py", line 147, in advance
             ^^^^^^^^^^^^^^^^^^^^^^
  File "/scratch/xd2/sg8812/Irksome/irksome/base_time_stepper.py", line 147, in advance
    return self.ts.advance(t)
           ^^^^^^^^^^^^^^^^^^
  File "/scratch/xd2/sg8812/g-adopt-worktrees/sghelichkhani/richardson/gadopt/time_stepper.py", line 244, in advance
    return self.ts.advance(t)
           ^^^^^^^^^^^^^^^^^^
  File "/scratch/xd2/sg8812/g-adopt-worktrees/sghelichkhani/richardson/gadopt/time_stepper.py", line 244, in advance
           ^^^^^^^^^^^^^^^^^^
  File "/scratch/xd2/sg8812/g-adopt-worktrees/sghelichkhani/richardson/gadopt/time_stepper.py", line 244, in advance
    return self.ts.advance(t)
    return self.ts.advance(t)
    self.solver.solve(bounds=self.stage_bounds)
    return self.ts.advance(t)
    return self.ts.advance(t)
           ^^^^^^^^^^^^^^^^^^
  File "/scratch/xd2/sg8812/g-adopt-worktrees/sghelichkhani/richardson/gadopt/time_stepper.py", line 244, in advance
    return self.ts.advance(t)
           ^^^^^^^^^^^^^^^^^^
  File "/scratch/xd2/sg8812/g-adopt-worktrees/sghelichkhani/richardson/gadopt/time_stepper.py", line 244, in advance
    result = self.stepper.advance()
             ^^^^^^^^^^^^^^^^^^^^^^
  File "/scratch/xd2/sg8812/Irksome/irksome/base_time_stepper.py", line 147, in advance
    result = self.stepper.advance()
             ^^^^^^^^^^^^^^^^^^^^^^
  File "/scratch/xd2/sg8812/Irksome/irksome/base_time_stepper.py", line 147, in advance
    return self.ts.advance(t)
           ^^^^^^^^^^^^^^^^^^
    result = self.stepper.advance()
             ^^^^^^^^^^^^^^^^^^^^^^
  File "/scratch/xd2/sg8812/Irksome/irksome/base_time_stepper.py", line 147, in advance
    return self.ts.advance(t)
           ^^^^^^^^^^^^^^^^^^
  File "/scratch/xd2/sg8812/g-adopt-worktrees/sghelichkhani/richardson/gadopt/time_stepper.py", line 244, in advance
    return self.ts.advance(t)
           ^^^^^^^^^^^^^^^^^^
  File "/scratch/xd2/sg8812/g-adopt-worktrees/sghelichkhani/richardson/gadopt/time_stepper.py", line 244, in advance
    return self.ts.advance(t)
           ^^^^^^^^^^^^^^^^^^
  File "/scratch/xd2/sg8812/g-adopt-worktrees/sghelichkhani/richardson/gadopt/time_stepper.py", line 244, in advance
    result = self.stepper.advance()
             ^^^^^^^^^^^^^^^^^^^^^^
  File "/scratch/xd2/sg8812/Irksome/irksome/base_time_stepper.py", line 147, in advance
           ^^^^^^^^^^^^^^^^^^
  File "/scratch/xd2/sg8812/g-adopt-worktrees/sghelichkhani/richardson/gadopt/time_stepper.py", line 244, in advance
    return self.ts.advance(t)
           ^^^^^^^^^^^^^^^^^^
  File "/scratch/xd2/sg8812/g-adopt-worktrees/sghelichkhani/richardson/gadopt/time_stepper.py", line 244, in advance
    return self.ts.advance(t)
           ^^^^^^^^^^^^^^^^^^
  File "/scratch/xd2/sg8812/g-adopt-worktrees/sghelichkhani/richardson/gadopt/time_stepper.py", line 244, in advance
    return self.ts.advance(t)
           ^^^^^^^^^^^^^^^^^^
  File "/scratch/xd2/sg8812/g-adopt-worktrees/sghelichkhani/richardson/gadopt/time_stepper.py", line 244, in advance
    return self.ts.advance(t)
           ^^^^^^^^^^^^^^^^^^
  File "/scratch/xd2/sg8812/g-adopt-worktrees/sghelichkhani/richardson/gadopt/time_stepper.py", line 244, in advance
           ^^^^^^^^^^^^^^^^^^
  File "/scratch/xd2/sg8812/g-adopt-worktrees/sghelichkhani/richardson/gadopt/time_stepper.py", line 244, in advance
  File "petsc4py/PETSc/Log.pyx", line 250, in petsc4py.PETSc.Log.EventDecorator.decorator.wrapped_func
    return self.ts.advance(t)
           ^^^^^^^^^^^^^^^^^^
  File "/scratch/xd2/sg8812/g-adopt-worktrees/sghelichkhani/richardson/gadopt/time_stepper.py", line 244, in advance
    result = self.stepper.advance()
             ^^^^^^^^^^^^^^^^^^^^^^
  File "/scratch/xd2/sg8812/Irksome/irksome/base_time_stepper.py", line 147, in advance
           ^^^^^^^^^^^^^^^^^^
  File "/scratch/xd2/sg8812/g-adopt-worktrees/sghelichkhani/richardson/gadopt/time_stepper.py", line 244, in advance
    return self.ts.advance(t)
           ^^^^^^^^^^^^^^^^^^
  File "/scratch/xd2/sg8812/g-adopt-worktrees/sghelichkhani/richardson/gadopt/time_stepper.py", line 244, in advance
    return self.ts.advance(t)
           ^^^^^^^^^^^^^^^^^^
  File "/scratch/xd2/sg8812/g-adopt-worktrees/sghelichkhani/richardson/gadopt/time_stepper.py", line 244, in advance
  File "/scratch/xd2/sg8812/g-adopt-worktrees/sghelichkhani/richardson/gadopt/time_stepper.py", line 244, in advance
    result = self.stepper.advance()
             ^^^^^^^^^^^^^^^^^^^^^^
  File "/scratch/xd2/sg8812/Irksome/irksome/base_time_stepper.py", line 147, in advance
    return self.ts.advance(t)
           ^^^^^^^^^^^^^^^^^^
  File "/scratch/xd2/sg8812/g-adopt-worktrees/sghelichkhani/richardson/gadopt/time_stepper.py", line 244, in advance
    return self.ts.advance(t)
           ^^^^^^^^^^^^^^^^^^
  File "/scratch/xd2/sg8812/g-adopt-worktrees/sghelichkhani/richardson/gadopt/time_stepper.py", line 244, in advance
    result = self.stepper.advance()
             ^^^^^^^^^^^^^^^^^^^^^^
  File "/scratch/xd2/sg8812/Irksome/irksome/base_time_stepper.py", line 147, in advance
    result = self.stepper.advance()
             ^^^^^^^^^^^^^^^^^^^^^^
  File "/scratch/xd2/sg8812/Irksome/irksome/base_time_stepper.py", line 147, in advance
    result = self.stepper.advance()
             ^^^^^^^^^^^^^^^^^^^^^^
  File "/scratch/xd2/sg8812/Irksome/irksome/base_time_stepper.py", line 147, in advance
    result = self.stepper.advance()
             ^^^^^^^^^^^^^^^^^^^^^^
  File "/scratch/xd2/sg8812/Irksome/irksome/base_time_stepper.py", line 147, in advance
    result = self.stepper.advance()
             ^^^^^^^^^^^^^^^^^^^^^^
  File "/scratch/xd2/sg8812/Irksome/irksome/base_time_stepper.py", line 147, in advance
    result = self.stepper.advance()
             ^^^^^^^^^^^^^^^^^^^^^^
  File "/scratch/xd2/sg8812/Irksome/irksome/base_time_stepper.py", line 147, in advance
    result = self.stepper.advance()
             ^^^^^^^^^^^^^^^^^^^^^^
  File "/scratch/xd2/sg8812/Irksome/irksome/base_time_stepper.py", line 147, in advance
    result = self.stepper.advance()
             ^^^^^^^^^^^^^^^^^^^^^^
  File "/scratch/xd2/sg8812/Irksome/irksome/base_time_stepper.py", line 147, in advance
    result = self.stepper.advance()
    result = self.stepper.advance()
    result = self.stepper.advance()
             ^^^^^^^^^^^^^^^^^^^^^^
  File "/scratch/xd2/sg8812/Irksome/irksome/base_time_stepper.py", line 147, in advance
    result = self.stepper.advance()
    result = self.stepper.advance()
    result = self.stepper.advance()
             ^^^^^^^^^^^^^^^^^^^^^^
  File "/scratch/xd2/sg8812/Irksome/irksome/base_time_stepper.py", line 147, in advance
    result = self.stepper.advance()
             ^^^^^^^^^^^^^^^^^^^^^^
  File "/scratch/xd2/sg8812/Irksome/irksome/base_time_stepper.py", line 147, in advance
    result = self.stepper.advance()
             ^^^^^^^^^^^^^^^^^^^^^^
  File "/scratch/xd2/sg8812/Irksome/irksome/base_time_stepper.py", line 147, in advance
    result = self.stepper.advance()
             ^^^^^^^^^^^^^^^^^^^^^^
  File "/scratch/xd2/sg8812/Irksome/irksome/base_time_stepper.py", line 147, in advance
             ^^^^^^^^^^^^^^^^^^^^^^
  File "/scratch/xd2/sg8812/Irksome/irksome/base_time_stepper.py", line 147, in advance
    result = self.stepper.advance()
             ^^^^^^^^^^^^^^^^^^^^^^
  File "/scratch/xd2/sg8812/Irksome/irksome/base_time_stepper.py", line 147, in advance
             ^^^^^^^^^^^^^^^^^^^^^^
  File "/scratch/xd2/sg8812/Irksome/irksome/base_time_stepper.py", line 147, in advance
    result = self.stepper.advance()
             ^^^^^^^^^^^^^^^^^^^^^^
             ^^^^^^^^^^^^^^^^^^^^^^
  File "/scratch/xd2/sg8812/Irksome/irksome/base_time_stepper.py", line 147, in advance
             ^^^^^^^^^^^^^^^^^^^^^^
  File "/scratch/xd2/sg8812/Irksome/irksome/base_time_stepper.py", line 147, in advance
    result = self.stepper.advance()
             ^^^^^^^^^^^^^^^^^^^^^^
  File "/scratch/xd2/sg8812/Irksome/irksome/base_time_stepper.py", line 147, in advance
    result = self.stepper.advance()
             ^^^^^^^^^^^^^^^^^^^^^^
  File "/scratch/xd2/sg8812/Irksome/irksome/base_time_stepper.py", line 147, in advance
    result = self.stepper.advance()
             ^^^^^^^^^^^^^^^^^^^^^^
  File "/scratch/xd2/sg8812/Irksome/irksome/base_time_stepper.py", line 147, in advance
    result = self.stepper.advance()
             ^^^^^^^^^^^^^^^^^^^^^^
  File "/scratch/xd2/sg8812/Irksome/irksome/base_time_stepper.py", line 147, in advance
  File "/scratch/xd2/sg8812/Irksome/irksome/base_time_stepper.py", line 147, in advance
    result = self.stepper.advance()
             ^^^^^^^^^^^^^^^^^^^^^^
  File "/scratch/xd2/sg8812/Irksome/irksome/base_time_stepper.py", line 147, in advance
    return self.ts.advance(t)
           ^^^^^^^^^^^^^^^^^^
  File "/scratch/xd2/sg8812/g-adopt-worktrees/sghelichkhani/richardson/gadopt/time_stepper.py", line 244, in advance
    result = self.stepper.advance()
             ^^^^^^^^^^^^^^^^^^^^^^
  File "/scratch/xd2/sg8812/Irksome/irksome/base_time_stepper.py", line 147, in advance
    result = self.stepper.advance()
             ^^^^^^^^^^^^^^^^^^^^^^
  File "/scratch/xd2/sg8812/Irksome/irksome/base_time_stepper.py", line 147, in advance
    result = self.stepper.advance()
             ^^^^^^^^^^^^^^^^^^^^^^
  File "/scratch/xd2/sg8812/Irksome/irksome/base_time_stepper.py", line 147, in advance
    result = self.stepper.advance()
             ^^^^^^^^^^^^^^^^^^^^^^
  File "/scratch/xd2/sg8812/Irksome/irksome/base_time_stepper.py", line 147, in advance
    result = self.stepper.advance()
             ^^^^^^^^^^^^^^^^^^^^^^
  File "/scratch/xd2/sg8812/Irksome/irksome/base_time_stepper.py", line 147, in advance
    result = self.stepper.advance()
             ^^^^^^^^^^^^^^^^^^^^^^
  File "/scratch/xd2/sg8812/Irksome/irksome/base_time_stepper.py", line 147, in advance
    result = self.stepper.advance()
             ^^^^^^^^^^^^^^^^^^^^^^
  File "/scratch/xd2/sg8812/Irksome/irksome/base_time_stepper.py", line 147, in advance
    result = self.stepper.advance()
             ^^^^^^^^^^^^^^^^^^^^^^
  File "/scratch/xd2/sg8812/Irksome/irksome/base_time_stepper.py", line 147, in advance
    self.solver.solve(bounds=self.stage_bounds)
  File "petsc4py/PETSc/Log.pyx", line 250, in petsc4py.PETSc.Log.EventDecorator.decorator.wrapped_func
    result = self.stepper.advance()
             ^^^^^^^^^^^^^^^^^^^^^^
  File "/scratch/xd2/sg8812/Irksome/irksome/base_time_stepper.py", line 147, in advance
    result = self.stepper.advance()
             ^^^^^^^^^^^^^^^^^^^^^^
  File "/scratch/xd2/sg8812/Irksome/irksome/base_time_stepper.py", line 147, in advance
    result = self.stepper.advance()
             ^^^^^^^^^^^^^^^^^^^^^^
  File "/scratch/xd2/sg8812/Irksome/irksome/base_time_stepper.py", line 147, in advance
    result = self.stepper.advance()
             ^^^^^^^^^^^^^^^^^^^^^^
  File "/scratch/xd2/sg8812/Irksome/irksome/base_time_stepper.py", line 147, in advance
  File "petsc4py/PETSc/Log.pyx", line 251, in petsc4py.PETSc.Log.EventDecorator.decorator.wrapped_func
  File "petsc4py/PETSc/Log.pyx", line 251, in petsc4py.PETSc.Log.EventDecorator.decorator.wrapped_func
  File "petsc4py/PETSc/Log.pyx", line 251, in petsc4py.PETSc.Log.EventDecorator.decorator.wrapped_func
  File "petsc4py/PETSc/Log.pyx", line 251, in petsc4py.PETSc.Log.EventDecorator.decorator.wrapped_func
  File "/scratch/xd2/sg8812/firedrake-override/firedrake/adjoint_utils/variational_solver.py", line 116, in wrapper
  File "/scratch/xd2/sg8812/firedrake-override/firedrake/adjoint_utils/variational_solver.py", line 116, in wrapper
  File "/scratch/xd2/sg8812/firedrake-override/firedrake/adjoint_utils/variational_solver.py", line 116, in wrapper
  File "/scratch/xd2/sg8812/firedrake-override/firedrake/adjoint_utils/variational_solver.py", line 116, in wrapper
    self.solver.solve(bounds=self.stage_bounds)
  File "petsc4py/PETSc/Log.pyx", line 250, in petsc4py.PETSc.Log.EventDecorator.decorator.wrapped_func
    self.solver.solve(bounds=self.stage_bounds)
  File "petsc4py/PETSc/Log.pyx", line 250, in petsc4py.PETSc.Log.EventDecorator.decorator.wrapped_func
    self.solver.solve(bounds=self.stage_bounds)
  File "petsc4py/PETSc/Log.pyx", line 250, in petsc4py.PETSc.Log.EventDecorator.decorator.wrapped_func
    self.solver.solve(bounds=self.stage_bounds)
  File "petsc4py/PETSc/Log.pyx", line 250, in petsc4py.PETSc.Log.EventDecorator.decorator.wrapped_func
    self.solver.solve(bounds=self.stage_bounds)
  File "petsc4py/PETSc/Log.pyx", line 250, in petsc4py.PETSc.Log.EventDecorator.decorator.wrapped_func
    self.solver.solve(bounds=self.stage_bounds)
  File "petsc4py/PETSc/Log.pyx", line 250, in petsc4py.PETSc.Log.EventDecorator.decorator.wrapped_func
    self.solver.solve(bounds=self.stage_bounds)
  File "petsc4py/PETSc/Log.pyx", line 250, in petsc4py.PETSc.Log.EventDecorator.decorator.wrapped_func
    self.solver.solve(bounds=self.stage_bounds)
  File "petsc4py/PETSc/Log.pyx", line 250, in petsc4py.PETSc.Log.EventDecorator.decorator.wrapped_func
    self.solver.solve(bounds=self.stage_bounds)
  File "petsc4py/PETSc/Log.pyx", line 250, in petsc4py.PETSc.Log.EventDecorator.decorator.wrapped_func
    self.solver.solve(bounds=self.stage_bounds)
    self.solver.solve(bounds=self.stage_bounds)
  File "petsc4py/PETSc/Log.pyx", line 250, in petsc4py.PETSc.Log.EventDecorator.decorator.wrapped_func
    self.solver.solve(bounds=self.stage_bounds)
  File "petsc4py/PETSc/Log.pyx", line 250, in petsc4py.PETSc.Log.EventDecorator.decorator.wrapped_func
  File "petsc4py/PETSc/Log.pyx", line 250, in petsc4py.PETSc.Log.EventDecorator.decorator.wrapped_func
  File "petsc4py/PETSc/Log.pyx", line 251, in petsc4py.PETSc.Log.EventDecorator.decorator.wrapped_func
    out = solve(self, **kwargs)
  File "petsc4py/PETSc/Log.pyx", line 251, in petsc4py.PETSc.Log.EventDecorator.decorator.wrapped_func
    out = solve(self, **kwargs)
  File "petsc4py/PETSc/Log.pyx", line 251, in petsc4py.PETSc.Log.EventDecorator.decorator.wrapped_func
    out = solve(self, **kwargs)
  File "petsc4py/PETSc/Log.pyx", line 251, in petsc4py.PETSc.Log.EventDecorator.decorator.wrapped_func
          ^^^^^^^^^^^^^^^^^^^^^
  File "/scratch/xd2/sg8812/firedrake-override/firedrake/variational_solver.py", line 403, in solve
          ^^^^^^^^^^^^^^^^^^^^^
  File "/scratch/xd2/sg8812/firedrake-override/firedrake/variational_solver.py", line 403, in solve
  File "petsc4py/PETSc/Log.pyx", line 251, in petsc4py.PETSc.Log.EventDecorator.decorator.wrapped_func
          ^^^^^^^^^^^^^^^^^^^^^
  File "/scratch/xd2/sg8812/firedrake-override/firedrake/variational_solver.py", line 403, in solve
  File "petsc4py/PETSc/Log.pyx", line 251, in petsc4py.PETSc.Log.EventDecorator.decorator.wrapped_func
  File "petsc4py/PETSc/Log.pyx", line 251, in petsc4py.PETSc.Log.EventDecorator.decorator.wrapped_func
  File "petsc4py/PETSc/Log.pyx", line 251, in petsc4py.PETSc.Log.EventDecorator.decorator.wrapped_func
  File "petsc4py/PETSc/Log.pyx", line 251, in petsc4py.PETSc.Log.EventDecorator.decorator.wrapped_func
  File "petsc4py/PETSc/Log.pyx", line 251, in petsc4py.PETSc.Log.EventDecorator.decorator.wrapped_func
  File "/scratch/xd2/sg8812/firedrake-override/firedrake/adjoint_utils/variational_solver.py", line 116, in wrapper
  File "petsc4py/PETSc/Log.pyx", line 251, in petsc4py.PETSc.Log.EventDecorator.decorator.wrapped_func
  File "petsc4py/PETSc/Log.pyx", line 251, in petsc4py.PETSc.Log.EventDecorator.decorator.wrapped_func
  File "/scratch/xd2/sg8812/firedrake-override/firedrake/adjoint_utils/variational_solver.py", line 116, in wrapper
    out = solve(self, **kwargs)
          ^^^^^^^^^^^^^^^^^^^^^
  File "/scratch/xd2/sg8812/firedrake-override/firedrake/adjoint_utils/variational_solver.py", line 116, in wrapper
  File "/scratch/xd2/sg8812/firedrake-override/firedrake/adjoint_utils/variational_solver.py", line 116, in wrapper
  File "/scratch/xd2/sg8812/firedrake-override/firedrake/adjoint_utils/variational_solver.py", line 116, in wrapper
    solving_utils.check_snes_convergence(self.snes)
  File "/scratch/xd2/sg8812/firedrake-override/firedrake/variational_solver.py", line 403, in solve
    solving_utils.check_snes_convergence(self.snes)
  File "/scratch/xd2/sg8812/firedrake-override/firedrake/adjoint_utils/variational_solver.py", line 116, in wrapper
    solving_utils.check_snes_convergence(self.snes)
  File "/scratch/xd2/sg8812/firedrake-override/firedrake/solving_utils.py", line 129, in check_snes_convergence
  File "/scratch/xd2/sg8812/firedrake-override/firedrake/adjoint_utils/variational_solver.py", line 116, in wrapper
  File "/scratch/xd2/sg8812/firedrake-override/firedrake/solving_utils.py", line 129, in check_snes_convergence
  File "/scratch/xd2/sg8812/firedrake-override/firedrake/solving_utils.py", line 129, in check_snes_convergence
  File "/scratch/xd2/sg8812/firedrake-override/firedrake/adjoint_utils/variational_solver.py", line 116, in wrapper
  File "/scratch/xd2/sg8812/firedrake-override/firedrake/adjoint_utils/variational_solver.py", line 116, in wrapper
  File "/scratch/xd2/sg8812/firedrake-override/firedrake/adjoint_utils/variational_solver.py", line 116, in wrapper
  File "/scratch/xd2/sg8812/firedrake-override/firedrake/adjoint_utils/variational_solver.py", line 116, in wrapper
  File "/scratch/xd2/sg8812/firedrake-override/firedrake/adjoint_utils/variational_solver.py", line 116, in wrapper
    raise ConvergenceError(r"""Nonlinear solve failed to converge after %d nonlinear iterations.
firedrake.exceptions.ConvergenceError: Nonlinear solve failed to converge after 0 nonlinear iterations.
Reason:
   DIVERGED_LINEAR_SOLVE    raise ConvergenceError(r"""Nonlinear solve failed to converge after %d nonlinear iterations.
firedrake.exceptions.ConvergenceError: Nonlinear solve failed to converge after 0 nonlinear iterations.
Reason:
   DIVERGED_LINEAR_SOLVE    raise ConvergenceError(r"""Nonlinear solve failed to converge after %d nonlinear iterations.
firedrake.exceptions.ConvergenceError: Nonlinear solve failed to converge after 0 nonlinear iterations.
Reason:
   DIVERGED_LINEAR_SOLVE    solving_utils.check_snes_convergence(self.snes)



  File "/scratch/xd2/sg8812/firedrake-override/firedrake/solving_utils.py", line 129, in check_snes_convergence
    raise ConvergenceError(r"""Nonlinear solve failed to converge after %d nonlinear iterations.
firedrake.exceptions.ConvergenceError: Nonlinear solve failed to converge after 0 nonlinear iterations.
Reason:
   DIVERGED_LINEAR_SOLVE
    self.solver.solve(bounds=self.stage_bounds)
  File "petsc4py/PETSc/Log.pyx", line 250, in petsc4py.PETSc.Log.EventDecorator.decorator.wrapped_func
    self.solver.solve(bounds=self.stage_bounds)
  File "petsc4py/PETSc/Log.pyx", line 250, in petsc4py.PETSc.Log.EventDecorator.decorator.wrapped_func
    self.solver.solve(bounds=self.stage_bounds)
    out = solve(self, **kwargs)
          ^^^^^^^^^^^^^^^^^^^^^
    self.solver.solve(bounds=self.stage_bounds)
    self.solver.solve(bounds=self.stage_bounds)
    self.solver.solve(bounds=self.stage_bounds)
  File "petsc4py/PETSc/Log.pyx", line 250, in petsc4py.PETSc.Log.EventDecorator.decorator.wrapped_func
    self.solver.solve(bounds=self.stage_bounds)
  File "petsc4py/PETSc/Log.pyx", line 250, in petsc4py.PETSc.Log.EventDecorator.decorator.wrapped_func
    self.solver.solve(bounds=self.stage_bounds)
  File "petsc4py/PETSc/Log.pyx", line 250, in petsc4py.PETSc.Log.EventDecorator.decorator.wrapped_func
    self.solver.solve(bounds=self.stage_bounds)
  File "petsc4py/PETSc/Log.pyx", line 250, in petsc4py.PETSc.Log.EventDecorator.decorator.wrapped_func
    self.solver.solve(bounds=self.stage_bounds)
  File "petsc4py/PETSc/Log.pyx", line 250, in petsc4py.PETSc.Log.EventDecorator.decorator.wrapped_func
    self.solver.solve(bounds=self.stage_bounds)
  File "petsc4py/PETSc/Log.pyx", line 250, in petsc4py.PETSc.Log.EventDecorator.decorator.wrapped_func
  File "/scratch/xd2/sg8812/firedrake-override/firedrake/variational_solver.py", line 403, in solve
  File "petsc4py/PETSc/Log.pyx", line 250, in petsc4py.PETSc.Log.EventDecorator.decorator.wrapped_func
  File "petsc4py/PETSc/Log.pyx", line 250, in petsc4py.PETSc.Log.EventDecorator.decorator.wrapped_func
    self.solver.solve(bounds=self.stage_bounds)
  File "petsc4py/PETSc/Log.pyx", line 250, in petsc4py.PETSc.Log.EventDecorator.decorator.wrapped_func
    self.solver.solve(bounds=self.stage_bounds)
  File "petsc4py/PETSc/Log.pyx", line 250, in petsc4py.PETSc.Log.EventDecorator.decorator.wrapped_func
    self.solver.solve(bounds=self.stage_bounds)
  File "petsc4py/PETSc/Log.pyx", line 250, in petsc4py.PETSc.Log.EventDecorator.decorator.wrapped_func
    self.solver.solve(bounds=self.stage_bounds)
  File "petsc4py/PETSc/Log.pyx", line 250, in petsc4py.PETSc.Log.EventDecorator.decorator.wrapped_func
  File "petsc4py/PETSc/Log.pyx", line 251, in petsc4py.PETSc.Log.EventDecorator.decorator.wrapped_func
    self.solver.solve(bounds=self.stage_bounds)
  File "petsc4py/PETSc/Log.pyx", line 250, in petsc4py.PETSc.Log.EventDecorator.decorator.wrapped_func
    self.solver.solve(bounds=self.stage_bounds)
  File "petsc4py/PETSc/Log.pyx", line 250, in petsc4py.PETSc.Log.EventDecorator.decorator.wrapped_func
    self.solver.solve(bounds=self.stage_bounds)
  File "petsc4py/PETSc/Log.pyx", line 250, in petsc4py.PETSc.Log.EventDecorator.decorator.wrapped_func
  File "petsc4py/PETSc/Log.pyx", line 251, in petsc4py.PETSc.Log.EventDecorator.decorator.wrapped_func
  File "petsc4py/PETSc/Log.pyx", line 250, in petsc4py.PETSc.Log.EventDecorator.decorator.wrapped_func
    self.solver.solve(bounds=self.stage_bounds)
    self.solver.solve(bounds=self.stage_bounds)
  File "petsc4py/PETSc/Log.pyx", line 250, in petsc4py.PETSc.Log.EventDecorator.decorator.wrapped_func
    solving_utils.check_snes_convergence(self.snes)
  File "/scratch/xd2/sg8812/firedrake-override/firedrake/solving_utils.py", line 129, in check_snes_convergence
  File "petsc4py/PETSc/Log.pyx", line 251, in petsc4py.PETSc.Log.EventDecorator.decorator.wrapped_func
  File "petsc4py/PETSc/Log.pyx", line 250, in petsc4py.PETSc.Log.EventDecorator.decorator.wrapped_func
  File "petsc4py/PETSc/Log.pyx", line 251, in petsc4py.PETSc.Log.EventDecorator.decorator.wrapped_func
  File "petsc4py/PETSc/Log.pyx", line 251, in petsc4py.PETSc.Log.EventDecorator.decorator.wrapped_func
  File "petsc4py/PETSc/Log.pyx", line 251, in petsc4py.PETSc.Log.EventDecorator.decorator.wrapped_func
  File "petsc4py/PETSc/Log.pyx", line 251, in petsc4py.PETSc.Log.EventDecorator.decorator.wrapped_func
  File "petsc4py/PETSc/Log.pyx", line 251, in petsc4py.PETSc.Log.EventDecorator.decorator.wrapped_func
  File "petsc4py/PETSc/Log.pyx", line 251, in petsc4py.PETSc.Log.EventDecorator.decorator.wrapped_func
  File "petsc4py/PETSc/Log.pyx", line 251, in petsc4py.PETSc.Log.EventDecorator.decorator.wrapped_func
  File "petsc4py/PETSc/Log.pyx", line 251, in petsc4py.PETSc.Log.EventDecorator.decorator.wrapped_func
    raise ConvergenceError(r"""Nonlinear solve failed to converge after %d nonlinear iterations.
firedrake.exceptions.ConvergenceError: Nonlinear solve failed to converge after 0 nonlinear iterations.
Reason:
   DIVERGED_LINEAR_SOLVE
  File "petsc4py/PETSc/Log.pyx", line 251, in petsc4py.PETSc.Log.EventDecorator.decorator.wrapped_func
  File "petsc4py/PETSc/Log.pyx", line 251, in petsc4py.PETSc.Log.EventDecorator.decorator.wrapped_func
  File "/scratch/xd2/sg8812/firedrake-override/firedrake/adjoint_utils/variational_solver.py", line 116, in wrapper
  File "/scratch/xd2/sg8812/firedrake-override/firedrake/adjoint_utils/variational_solver.py", line 116, in wrapper
  File "petsc4py/PETSc/Log.pyx", line 251, in petsc4py.PETSc.Log.EventDecorator.decorator.wrapped_func
  File "petsc4py/PETSc/Log.pyx", line 251, in petsc4py.PETSc.Log.EventDecorator.decorator.wrapped_func
  File "/scratch/xd2/sg8812/firedrake-override/firedrake/adjoint_utils/variational_solver.py", line 116, in wrapper
  File "petsc4py/PETSc/Log.pyx", line 251, in petsc4py.PETSc.Log.EventDecorator.decorator.wrapped_func
  File "petsc4py/PETSc/Log.pyx", line 251, in petsc4py.PETSc.Log.EventDecorator.decorator.wrapped_func
  File "petsc4py/PETSc/Log.pyx", line 251, in petsc4py.PETSc.Log.EventDecorator.decorator.wrapped_func
  File "/scratch/xd2/sg8812/firedrake-override/firedrake/adjoint_utils/variational_solver.py", line 116, in wrapper
  File "/scratch/xd2/sg8812/firedrake-override/firedrake/adjoint_utils/variational_solver.py", line 116, in wrapper
  File "petsc4py/PETSc/Log.pyx", line 251, in petsc4py.PETSc.Log.EventDecorator.decorator.wrapped_func
  File "/scratch/xd2/sg8812/firedrake-override/firedrake/adjoint_utils/variational_solver.py", line 116, in wrapper
  File "/scratch/xd2/sg8812/firedrake-override/firedrake/adjoint_utils/variational_solver.py", line 116, in wrapper
  File "/scratch/xd2/sg8812/firedrake-override/firedrake/adjoint_utils/variational_solver.py", line 116, in wrapper
  File "petsc4py/PETSc/Log.pyx", line 251, in petsc4py.PETSc.Log.EventDecorator.decorator.wrapped_func
  File "/scratch/xd2/sg8812/firedrake-override/firedrake/adjoint_utils/variational_solver.py", line 116, in wrapper
  File "/scratch/xd2/sg8812/firedrake-override/firedrake/adjoint_utils/variational_solver.py", line 116, in wrapper
  File "/scratch/xd2/sg8812/firedrake-override/firedrake/adjoint_utils/variational_solver.py", line 116, in wrapper
  File "/scratch/xd2/sg8812/firedrake-override/firedrake/adjoint_utils/variational_solver.py", line 116, in wrapper
  File "/scratch/xd2/sg8812/firedrake-override/firedrake/adjoint_utils/variational_solver.py", line 116, in wrapper
  File "/scratch/xd2/sg8812/firedrake-override/firedrake/adjoint_utils/variational_solver.py", line 116, in wrapper
  File "/scratch/xd2/sg8812/firedrake-override/firedrake/adjoint_utils/variational_solver.py", line 116, in wrapper
  File "/scratch/xd2/sg8812/firedrake-override/firedrake/adjoint_utils/variational_solver.py", line 116, in wrapper
  File "/scratch/xd2/sg8812/firedrake-override/firedrake/adjoint_utils/variational_solver.py", line 116, in wrapper
  File "/scratch/xd2/sg8812/firedrake-override/firedrake/adjoint_utils/variational_solver.py", line 116, in wrapper
  File "/scratch/xd2/sg8812/firedrake-override/firedrake/adjoint_utils/variational_solver.py", line 116, in wrapper
  File "/scratch/xd2/sg8812/firedrake-override/firedrake/adjoint_utils/variational_solver.py", line 116, in wrapper
    self.solver.solve(bounds=self.stage_bounds)
  File "petsc4py/PETSc/Log.pyx", line 250, in petsc4py.PETSc.Log.EventDecorator.decorator.wrapped_func
    self.solver.solve(bounds=self.stage_bounds)
  File "petsc4py/PETSc/Log.pyx", line 250, in petsc4py.PETSc.Log.EventDecorator.decorator.wrapped_func
    self.solver.solve(bounds=self.stage_bounds)
  File "petsc4py/PETSc/Log.pyx", line 250, in petsc4py.PETSc.Log.EventDecorator.decorator.wrapped_func
    self.solver.solve(bounds=self.stage_bounds)
  File "petsc4py/PETSc/Log.pyx", line 250, in petsc4py.PETSc.Log.EventDecorator.decorator.wrapped_func
    self.solver.solve(bounds=self.stage_bounds)
  File "petsc4py/PETSc/Log.pyx", line 250, in petsc4py.PETSc.Log.EventDecorator.decorator.wrapped_func
    self.solver.solve(bounds=self.stage_bounds)
  File "petsc4py/PETSc/Log.pyx", line 250, in petsc4py.PETSc.Log.EventDecorator.decorator.wrapped_func
    self.solver.solve(bounds=self.stage_bounds)
  File "petsc4py/PETSc/Log.pyx", line 250, in petsc4py.PETSc.Log.EventDecorator.decorator.wrapped_func
    self.solver.solve(bounds=self.stage_bounds)
  File "petsc4py/PETSc/Log.pyx", line 250, in petsc4py.PETSc.Log.EventDecorator.decorator.wrapped_func
    self.solver.solve(bounds=self.stage_bounds)
  File "petsc4py/PETSc/Log.pyx", line 250, in petsc4py.PETSc.Log.EventDecorator.decorator.wrapped_func
    self.solver.solve(bounds=self.stage_bounds)
  File "petsc4py/PETSc/Log.pyx", line 250, in petsc4py.PETSc.Log.EventDecorator.decorator.wrapped_func
  File "petsc4py/PETSc/Log.pyx", line 251, in petsc4py.PETSc.Log.EventDecorator.decorator.wrapped_func
  File "petsc4py/PETSc/Log.pyx", line 251, in petsc4py.PETSc.Log.EventDecorator.decorator.wrapped_func
  File "petsc4py/PETSc/Log.pyx", line 251, in petsc4py.PETSc.Log.EventDecorator.decorator.wrapped_func
  File "petsc4py/PETSc/Log.pyx", line 251, in petsc4py.PETSc.Log.EventDecorator.decorator.wrapped_func
  File "petsc4py/PETSc/Log.pyx", line 251, in petsc4py.PETSc.Log.EventDecorator.decorator.wrapped_func
  File "petsc4py/PETSc/Log.pyx", line 251, in petsc4py.PETSc.Log.EventDecorator.decorator.wrapped_func
  File "petsc4py/PETSc/Log.pyx", line 251, in petsc4py.PETSc.Log.EventDecorator.decorator.wrapped_func
  File "petsc4py/PETSc/Log.pyx", line 251, in petsc4py.PETSc.Log.EventDecorator.decorator.wrapped_func
  File "petsc4py/PETSc/Log.pyx", line 251, in petsc4py.PETSc.Log.EventDecorator.decorator.wrapped_func
  File "petsc4py/PETSc/Log.pyx", line 251, in petsc4py.PETSc.Log.EventDecorator.decorator.wrapped_func
  File "/scratch/xd2/sg8812/firedrake-override/firedrake/adjoint_utils/variational_solver.py", line 116, in wrapper
  File "/scratch/xd2/sg8812/firedrake-override/firedrake/adjoint_utils/variational_solver.py", line 116, in wrapper
  File "/scratch/xd2/sg8812/firedrake-override/firedrake/adjoint_utils/variational_solver.py", line 116, in wrapper
  File "/scratch/xd2/sg8812/firedrake-override/firedrake/adjoint_utils/variational_solver.py", line 116, in wrapper
  File "/scratch/xd2/sg8812/firedrake-override/firedrake/adjoint_utils/variational_solver.py", line 116, in wrapper
    out = solve(self, **kwargs)
  File "/scratch/xd2/sg8812/firedrake-override/firedrake/adjoint_utils/variational_solver.py", line 116, in wrapper
  File "/scratch/xd2/sg8812/firedrake-override/firedrake/adjoint_utils/variational_solver.py", line 116, in wrapper
  File "/scratch/xd2/sg8812/firedrake-override/firedrake/adjoint_utils/variational_solver.py", line 116, in wrapper
    out = solve(self, **kwargs)
          ^^^^^^^^^^^^^^^^^^^^^
    out = solve(self, **kwargs)
  File "/scratch/xd2/sg8812/firedrake-override/firedrake/adjoint_utils/variational_solver.py", line 116, in wrapper
  File "/scratch/xd2/sg8812/firedrake-override/firedrake/adjoint_utils/variational_solver.py", line 116, in wrapper
          ^^^^^^^^^^^^^^^^^^^^^
  File "/scratch/xd2/sg8812/firedrake-override/firedrake/variational_solver.py", line 403, in solve
    out = solve(self, **kwargs)
          ^^^^^^^^^^^^^^^^^^^^^
  File "/scratch/xd2/sg8812/firedrake-override/firedrake/variational_solver.py", line 403, in solve
    out = solve(self, **kwargs)
          ^^^^^^^^^^^^^^^^^^^^^
  File "/scratch/xd2/sg8812/firedrake-override/firedrake/variational_solver.py", line 403, in solve
    out = solve(self, **kwargs)
          ^^^^^^^^^^^^^^^^^^^^^
  File "/scratch/xd2/sg8812/firedrake-override/firedrake/variational_solver.py", line 403, in solve
  File "/scratch/xd2/sg8812/firedrake-override/firedrake/variational_solver.py", line 403, in solve
    out = solve(self, **kwargs)
          ^^^^^^^^^^^^^^^^^^^^^
  File "/scratch/xd2/sg8812/firedrake-override/firedrake/variational_solver.py", line 403, in solve
          ^^^^^^^^^^^^^^^^^^^^^
  File "/scratch/xd2/sg8812/firedrake-override/firedrake/variational_solver.py", line 403, in solve
    out = solve(self, **kwargs)
          ^^^^^^^^^^^^^^^^^^^^^
    out = solve(self, **kwargs)
          ^^^^^^^^^^^^^^^^^^^^^
  File "/scratch/xd2/sg8812/firedrake-override/firedrake/variational_solver.py", line 403, in solve
  File "/scratch/xd2/sg8812/firedrake-override/firedrake/variational_solver.py", line 403, in solve
    out = solve(self, **kwargs)
    out = solve(self, **kwargs)
    out = solve(self, **kwargs)
          ^^^^^^^^^^^^^^^^^^^^^
    out = solve(self, **kwargs)
          ^^^^^^^^^^^^^^^^^^^^^
    solving_utils.check_snes_convergence(self.snes)
  File "/scratch/xd2/sg8812/firedrake-override/firedrake/solving_utils.py", line 129, in check_snes_convergence
    solving_utils.check_snes_convergence(self.snes)
    solving_utils.check_snes_convergence(self.snes)
    out = solve(self, **kwargs)
    out = solve(self, **kwargs)
          ^^^^^^^^^^^^^^^^^^^^^
          ^^^^^^^^^^^^^^^^^^^^^
  File "/scratch/xd2/sg8812/firedrake-override/firedrake/variational_solver.py", line 403, in solve
    out = solve(self, **kwargs)
          ^^^^^^^^^^^^^^^^^^^^^
  File "/scratch/xd2/sg8812/firedrake-override/firedrake/variational_solver.py", line 403, in solve
          ^^^^^^^^^^^^^^^^^^^^^
  File "/scratch/xd2/sg8812/firedrake-override/firedrake/variational_solver.py", line 403, in solve
  File "/scratch/xd2/sg8812/firedrake-override/firedrake/variational_solver.py", line 403, in solve
  File "/scratch/xd2/sg8812/firedrake-override/firedrake/variational_solver.py", line 403, in solve
    out = solve(self, **kwargs)
          ^^^^^^^^^^^^^^^^^^^^^
  File "/scratch/xd2/sg8812/firedrake-override/firedrake/variational_solver.py", line 403, in solve
    solving_utils.check_snes_convergence(self.snes)
  File "/scratch/xd2/sg8812/firedrake-override/firedrake/solving_utils.py", line 129, in check_snes_convergence
    out = solve(self, **kwargs)
          ^^^^^^^^^^^^^^^^^^^^^
  File "/scratch/xd2/sg8812/firedrake-override/firedrake/variational_solver.py", line 403, in solve
    solving_utils.check_snes_convergence(self.snes)
  File "/scratch/xd2/sg8812/firedrake-override/firedrake/solving_utils.py", line 129, in check_snes_convergence
    out = solve(self, **kwargs)
          ^^^^^^^^^^^^^^^^^^^^^
  File "/scratch/xd2/sg8812/firedrake-override/firedrake/variational_solver.py", line 403, in solve
    out = solve(self, **kwargs)
          ^^^^^^^^^^^^^^^^^^^^^
  File "/scratch/xd2/sg8812/firedrake-override/firedrake/variational_solver.py", line 403, in solve
    solving_utils.check_snes_convergence(self.snes)
  File "/scratch/xd2/sg8812/firedrake-override/firedrake/solving_utils.py", line 129, in check_snes_convergence
    out = solve(self, **kwargs)
          ^^^^^^^^^^^^^^^^^^^^^
  File "/scratch/xd2/sg8812/firedrake-override/firedrake/variational_solver.py", line 403, in solve
  File "/scratch/xd2/sg8812/firedrake-override/firedrake/solving_utils.py", line 129, in check_snes_convergence
    raise ConvergenceError(r"""Nonlinear solve failed to converge after %d nonlinear iterations.
  File "/scratch/xd2/sg8812/firedrake-override/firedrake/solving_utils.py", line 129, in check_snes_convergence
          ^^^^^^^^^^^^^^^^^^^^^
  File "/scratch/xd2/sg8812/firedrake-override/firedrake/variational_solver.py", line 403, in solve
    solving_utils.check_snes_convergence(self.snes)
  File "/scratch/xd2/sg8812/firedrake-override/firedrake/solving_utils.py", line 129, in check_snes_convergence
    raise ConvergenceError(r"""Nonlinear solve failed to converge after %d nonlinear iterations.
firedrake.exceptions.ConvergenceError: Nonlinear solve failed to converge after 0 nonlinear iterations.
Reason:
   DIVERGED_LINEAR_SOLVE
    out = solve(self, **kwargs)
    out = solve(self, **kwargs)
          ^^^^^^^^^^^^^^^^^^^^^
  File "/scratch/xd2/sg8812/firedrake-override/firedrake/variational_solver.py", line 403, in solve
  File "/scratch/xd2/sg8812/firedrake-override/firedrake/variational_solver.py", line 403, in solve
    out = solve(self, **kwargs)
          ^^^^^^^^^^^^^^^^^^^^^
  File "/scratch/xd2/sg8812/firedrake-override/firedrake/variational_solver.py", line 403, in solve
    out = solve(self, **kwargs)
          ^^^^^^^^^^^^^^^^^^^^^
  File "/scratch/xd2/sg8812/firedrake-override/firedrake/variational_solver.py", line 403, in solve
    out = solve(self, **kwargs)
          ^^^^^^^^^^^^^^^^^^^^^
  File "/scratch/xd2/sg8812/firedrake-override/firedrake/variational_solver.py", line 403, in solve
    out = solve(self, **kwargs)
          ^^^^^^^^^^^^^^^^^^^^^
  File "/scratch/xd2/sg8812/firedrake-override/firedrake/variational_solver.py", line 403, in solve
    out = solve(self, **kwargs)
          ^^^^^^^^^^^^^^^^^^^^^
    out = solve(self, **kwargs)
          ^^^^^^^^^^^^^^^^^^^^^
  File "/scratch/xd2/sg8812/firedrake-override/firedrake/variational_solver.py", line 403, in solve
    out = solve(self, **kwargs)
          ^^^^^^^^^^^^^^^^^^^^^
  File "/scratch/xd2/sg8812/firedrake-override/firedrake/variational_solver.py", line 403, in solve
    out = solve(self, **kwargs)
          ^^^^^^^^^^^^^^^^^^^^^
  File "/scratch/xd2/sg8812/firedrake-override/firedrake/variational_solver.py", line 403, in solve
    out = solve(self, **kwargs)
          ^^^^^^^^^^^^^^^^^^^^^
  File "/scratch/xd2/sg8812/firedrake-override/firedrake/variational_solver.py", line 403, in solve
    out = solve(self, **kwargs)
          ^^^^^^^^^^^^^^^^^^^^^
  File "/scratch/xd2/sg8812/firedrake-override/firedrake/variational_solver.py", line 403, in solve
    out = solve(self, **kwargs)
          ^^^^^^^^^^^^^^^^^^^^^
  File "/scratch/xd2/sg8812/firedrake-override/firedrake/variational_solver.py", line 403, in solve
    raise ConvergenceError(r"""Nonlinear solve failed to converge after %d nonlinear iterations.
firedrake.exceptions.ConvergenceError: Nonlinear solve failed to converge after 0 nonlinear iterations.
Reason:
   DIVERGED_LINEAR_SOLVE
    solving_utils.check_snes_convergence(self.snes)
  File "/scratch/xd2/sg8812/firedrake-override/firedrake/solving_utils.py", line 129, in check_snes_convergence
    raise ConvergenceError(r"""Nonlinear solve failed to converge after %d nonlinear iterations.
    out = solve(self, **kwargs)
          ^^^^^^^^^^^^^^^^^^^^^
  File "/scratch/xd2/sg8812/firedrake-override/firedrake/variational_solver.py", line 403, in solve
    out = solve(self, **kwargs)
          ^^^^^^^^^^^^^^^^^^^^^
  File "/scratch/xd2/sg8812/firedrake-override/firedrake/variational_solver.py", line 403, in solve
    out = solve(self, **kwargs)
          ^^^^^^^^^^^^^^^^^^^^^
  File "/scratch/xd2/sg8812/firedrake-override/firedrake/variational_solver.py", line 403, in solve
    solving_utils.check_snes_convergence(self.snes)
  File "/scratch/xd2/sg8812/firedrake-override/firedrake/solving_utils.py", line 129, in check_snes_convergence
    raise ConvergenceError(r"""Nonlinear solve failed to converge after %d nonlinear iterations.
firedrake.exceptions.ConvergenceError: Nonlinear solve failed to converge after 0 nonlinear iterations.
Reason:
   DIVERGED_LINEAR_SOLVE
firedrake.exceptions.ConvergenceError: Nonlinear solve failed to converge after 0 nonlinear iterations.
Reason:
   DIVERGED_LINEAR_SOLVE
    out = solve(self, **kwargs)
          ^^^^^^^^^^^^^^^^^^^^^
  File "/scratch/xd2/sg8812/firedrake-override/firedrake/variational_solver.py", line 403, in solve
    out = solve(self, **kwargs)
          ^^^^^^^^^^^^^^^^^^^^^
  File "/scratch/xd2/sg8812/firedrake-override/firedrake/variational_solver.py", line 403, in solve
    solving_utils.check_snes_convergence(self.snes)
  File "/scratch/xd2/sg8812/firedrake-override/firedrake/solving_utils.py", line 129, in check_snes_convergence
    raise ConvergenceError(r"""Nonlinear solve failed to converge after %d nonlinear iterations.
firedrake.exceptions.ConvergenceError: Nonlinear solve failed to converge after 0 nonlinear iterations.
Reason:
   DIVERGED_LINEAR_SOLVE
          ^^^^^^^^^^^^^^^^^^^^^
  File "/scratch/xd2/sg8812/firedrake-override/firedrake/variational_solver.py", line 403, in solve
    solving_utils.check_snes_convergence(self.snes)
  File "/scratch/xd2/sg8812/firedrake-override/firedrake/solving_utils.py", line 129, in check_snes_convergence
    solving_utils.check_snes_convergence(self.snes)
  File "/scratch/xd2/sg8812/firedrake-override/firedrake/solving_utils.py", line 129, in check_snes_convergence
    solving_utils.check_snes_convergence(self.snes)
  File "/scratch/xd2/sg8812/firedrake-override/firedrake/solving_utils.py", line 129, in check_snes_convergence
    solving_utils.check_snes_convergence(self.snes)
  File "/scratch/xd2/sg8812/firedrake-override/firedrake/solving_utils.py", line 129, in check_snes_convergence
    solving_utils.check_snes_convergence(self.snes)
  File "/scratch/xd2/sg8812/firedrake-override/firedrake/solving_utils.py", line 129, in check_snes_convergence
    solving_utils.check_snes_convergence(self.snes)
  File "/scratch/xd2/sg8812/firedrake-override/firedrake/solving_utils.py", line 129, in check_snes_convergence
    raise ConvergenceError(r"""Nonlinear solve failed to converge after %d nonlinear iterations.
    solving_utils.check_snes_convergence(self.snes)
  File "/scratch/xd2/sg8812/firedrake-override/firedrake/solving_utils.py", line 129, in check_snes_convergence
    raise ConvergenceError(r"""Nonlinear solve failed to converge after %d nonlinear iterations.
firedrake.exceptions.ConvergenceError: Nonlinear solve failed to converge after 0 nonlinear iterations.
Reason:
   DIVERGED_LINEAR_SOLVE
  File "/scratch/xd2/sg8812/firedrake-override/firedrake/variational_solver.py", line 403, in solve
    solving_utils.check_snes_convergence(self.snes)
  File "/scratch/xd2/sg8812/firedrake-override/firedrake/solving_utils.py", line 129, in check_snes_convergence
    raise ConvergenceError(r"""Nonlinear solve failed to converge after %d nonlinear iterations.
firedrake.exceptions.ConvergenceError: Nonlinear solve failed to converge after 0 nonlinear iterations.
Reason:
   DIVERGED_LINEAR_SOLVE
    raise ConvergenceError(r"""Nonlinear solve failed to converge after %d nonlinear iterations.
firedrake.exceptions.ConvergenceError: Nonlinear solve failed to converge after 0 nonlinear iterations.
Reason:
   DIVERGED_LINEAR_SOLVE
firedrake.exceptions.ConvergenceError: Nonlinear solve failed to converge after 0 nonlinear iterations.
Reason:
   DIVERGED_LINEAR_SOLVE
    solving_utils.check_snes_convergence(self.snes)
  File "/scratch/xd2/sg8812/firedrake-override/firedrake/solving_utils.py", line 129, in check_snes_convergence
    solving_utils.check_snes_convergence(self.snes)
  File "/scratch/xd2/sg8812/firedrake-override/firedrake/solving_utils.py", line 129, in check_snes_convergence
    raise ConvergenceError(r"""Nonlinear solve failed to converge after %d nonlinear iterations.
firedrake.exceptions.ConvergenceError: Nonlinear solve failed to converge after 0 nonlinear iterations.
Reason:
   DIVERGED_LINEAR_SOLVE
    solving_utils.check_snes_convergence(self.snes)
  File "/scratch/xd2/sg8812/firedrake-override/firedrake/solving_utils.py", line 129, in check_snes_convergence
    raise ConvergenceError(r"""Nonlinear solve failed to converge after %d nonlinear iterations.
firedrake.exceptions.ConvergenceError: Nonlinear solve failed to converge after 0 nonlinear iterations.
Reason:
   DIVERGED_LINEAR_SOLVE
    solving_utils.check_snes_convergence(self.snes)
  File "/scratch/xd2/sg8812/firedrake-override/firedrake/solving_utils.py", line 129, in check_snes_convergence
    raise ConvergenceError(r"""Nonlinear solve failed to converge after %d nonlinear iterations.
firedrake.exceptions.ConvergenceError: Nonlinear solve failed to converge after 0 nonlinear iterations.
Reason:
   DIVERGED_LINEAR_SOLVE
    raise ConvergenceError(r"""Nonlinear solve failed to converge after %d nonlinear iterations.
firedrake.exceptions.ConvergenceError: Nonlinear solve failed to converge after 0 nonlinear iterations.
Reason:
   DIVERGED_LINEAR_SOLVE
    raise ConvergenceError(r"""Nonlinear solve failed to converge after %d nonlinear iterations.
firedrake.exceptions.ConvergenceError: Nonlinear solve failed to converge after 0 nonlinear iterations.
Reason:
   DIVERGED_LINEAR_SOLVE
    raise ConvergenceError(r"""Nonlinear solve failed to converge after %d nonlinear iterations.
firedrake.exceptions.ConvergenceError: Nonlinear solve failed to converge after 0 nonlinear iterations.
Reason:
   DIVERGED_LINEAR_SOLVE
firedrake.exceptions.ConvergenceError: Nonlinear solve failed to converge after 0 nonlinear iterations.
Reason:
   DIVERGED_LINEAR_SOLVE
--------------------------------------------------------------------------
MPI_ABORT was invoked on rank 41 in communicator MPI_COMM_WORLD
with errorcode 1.

NOTE: invoking MPI_ABORT causes Open MPI to kill all MPI processes.
You may or may not see output from other processes, depending on
exactly when Open MPI kills them.
--------------------------------------------------------------------------
    raise ConvergenceError(r"""Nonlinear solve failed to converge after %d nonlinear iterations.
firedrake.exceptions.ConvergenceError: Nonlinear solve failed to converge after 0 nonlinear iterations.
Reason:
   DIVERGED_LINEAR_SOLVE
    solving_utils.check_snes_convergence(self.snes)
  File "/scratch/xd2/sg8812/firedrake-override/firedrake/solving_utils.py", line 129, in check_snes_convergence
    raise ConvergenceError(r"""Nonlinear solve failed to converge after %d nonlinear iterations.
    solving_utils.check_snes_convergence(self.snes)
    solving_utils.check_snes_convergence(self.snes)
  File "/scratch/xd2/sg8812/firedrake-override/firedrake/solving_utils.py", line 129, in check_snes_convergence
    solving_utils.check_snes_convergence(self.snes)
  File "/scratch/xd2/sg8812/firedrake-override/firedrake/solving_utils.py", line 129, in check_snes_convergence
    raise ConvergenceError(r"""Nonlinear solve failed to converge after %d nonlinear iterations.
firedrake.exceptions.ConvergenceError: Nonlinear solve failed to converge after 0 nonlinear iterations.
Reason:
   DIVERGED_LINEAR_SOLVE
    out = solve(self, **kwargs)
          ^^^^^^^^^^^^^^^^^^^^^
  File "/scratch/xd2/sg8812/firedrake-override/firedrake/variational_solver.py", line 403, in solve
    solving_utils.check_snes_convergence(self.snes)
  File "/scratch/xd2/sg8812/firedrake-override/firedrake/solving_utils.py", line 129, in check_snes_convergence
    solving_utils.check_snes_convergence(self.snes)
  File "/scratch/xd2/sg8812/firedrake-override/firedrake/solving_utils.py", line 129, in check_snes_convergence
    raise ConvergenceError(r"""Nonlinear solve failed to converge after %d nonlinear iterations.
firedrake.exceptions.ConvergenceError: Nonlinear solve failed to converge after 0 nonlinear iterations.
Reason:
   DIVERGED_LINEAR_SOLVE
    solving_utils.check_snes_convergence(self.snes)
  File "/scratch/xd2/sg8812/firedrake-override/firedrake/solving_utils.py", line 129, in check_snes_convergence
    raise ConvergenceError(r"""Nonlinear solve failed to converge after %d nonlinear iterations.
firedrake.exceptions.ConvergenceError: Nonlinear solve failed to converge after 0 nonlinear iterations.
Reason:
   DIVERGED_LINEAR_SOLVE
    solving_utils.check_snes_convergence(self.snes)
  File "/scratch/xd2/sg8812/firedrake-override/firedrake/solving_utils.py", line 129, in check_snes_convergence
    raise ConvergenceError(r"""Nonlinear solve failed to converge after %d nonlinear iterations.
firedrake.exceptions.ConvergenceError: Nonlinear solve failed to converge after 0 nonlinear iterations.
Reason:
   DIVERGED_LINEAR_SOLVE
    solving_utils.check_snes_convergence(self.snes)
  File "/scratch/xd2/sg8812/firedrake-override/firedrake/solving_utils.py", line 129, in check_snes_convergence
    solving_utils.check_snes_convergence(self.snes)
  File "/scratch/xd2/sg8812/firedrake-override/firedrake/solving_utils.py", line 129, in check_snes_convergence
    solving_utils.check_snes_convergence(self.snes)
  File "/scratch/xd2/sg8812/firedrake-override/firedrake/solving_utils.py", line 129, in check_snes_convergence
    raise ConvergenceError(r"""Nonlinear solve failed to converge after %d nonlinear iterations.
firedrake.exceptions.ConvergenceError: Nonlinear solve failed to converge after 0 nonlinear iterations.
Reason:
   DIVERGED_LINEAR_SOLVE
    solving_utils.check_snes_convergence(self.snes)
  File "/scratch/xd2/sg8812/firedrake-override/firedrake/solving_utils.py", line 129, in check_snes_convergence
    raise ConvergenceError(r"""Nonlinear solve failed to converge after %d nonlinear iterations.
firedrake.exceptions.ConvergenceError: Nonlinear solve failed to converge after 0 nonlinear iterations.
Reason:
   DIVERGED_LINEAR_SOLVE    solving_utils.check_snes_convergence(self.snes)
  File "/scratch/xd2/sg8812/firedrake-override/firedrake/solving_utils.py", line 129, in check_snes_convergence
    raise ConvergenceError(r"""Nonlinear solve failed to converge after %d nonlinear iterations.
firedrake.exceptions.ConvergenceError: Nonlinear solve failed to converge after 0 nonlinear iterations.
Reason:
   DIVERGED_LINEAR_SOLVE
    solving_utils.check_snes_convergence(self.snes)
  File "/scratch/xd2/sg8812/firedrake-override/firedrake/solving_utils.py", line 129, in check_snes_convergence
    raise ConvergenceError(r"""Nonlinear solve failed to converge after %d nonlinear iterations.
firedrake.exceptions.ConvergenceError: Nonlinear solve failed to converge after 0 nonlinear iterations.
Reason:
   DIVERGED_LINEAR_SOLVE
    solving_utils.check_snes_convergence(self.snes)
  File "/scratch/xd2/sg8812/firedrake-override/firedrake/solving_utils.py", line 129, in check_snes_convergence
    raise ConvergenceError(r"""Nonlinear solve failed to converge after %d nonlinear iterations.
firedrake.exceptions.ConvergenceError: Nonlinear solve failed to converge after 0 nonlinear iterations.
Reason:
   DIVERGED_LINEAR_SOLVE
    solving_utils.check_snes_convergence(self.snes)
  File "/scratch/xd2/sg8812/firedrake-override/firedrake/solving_utils.py", line 129, in check_snes_convergence
    raise ConvergenceError(r"""Nonlinear solve failed to converge after %d nonlinear iterations.
firedrake.exceptions.ConvergenceError: Nonlinear solve failed to converge after 0 nonlinear iterations.
Reason:
   DIVERGED_LINEAR_SOLVE
    raise ConvergenceError(r"""Nonlinear solve failed to converge after %d nonlinear iterations.
firedrake.exceptions.ConvergenceError: Nonlinear solve failed to converge after 0 nonlinear iterations.
Reason:
   DIVERGED_LINEAR_SOLVE
    raise ConvergenceError(r"""Nonlinear solve failed to converge after %d nonlinear iterations.
firedrake.exceptions.ConvergenceError: Nonlinear solve failed to converge after 0 nonlinear iterations.
Reason:
   DIVERGED_LINEAR_SOLVE
    solving_utils.check_snes_convergence(self.snes)
  File "/scratch/xd2/sg8812/firedrake-override/firedrake/solving_utils.py", line 129, in check_snes_convergence
    raise ConvergenceError(r"""Nonlinear solve failed to converge after %d nonlinear iterations.
firedrake.exceptions.ConvergenceError: Nonlinear solve failed to converge after 0 nonlinear iterations.
Reason:
   DIVERGED_LINEAR_SOLVE
    raise ConvergenceError(r"""Nonlinear solve failed to converge after %d nonlinear iterations.
firedrake.exceptions.ConvergenceError: Nonlinear solve failed to converge after 0 nonlinear iterations.
Reason:
   DIVERGED_LINEAR_SOLVE
    raise ConvergenceError(r"""Nonlinear solve failed to converge after %d nonlinear iterations.
firedrake.exceptions.ConvergenceError: Nonlinear solve failed to converge after 0 nonlinear iterations.
Reason:
   DIVERGED_LINEAR_SOLVE
firedrake.exceptions.ConvergenceError: Nonlinear solve failed to converge after 0 nonlinear iterations.
Reason:
   DIVERGED_LINEAR_SOLVE
  File "/scratch/xd2/sg8812/firedrake-override/firedrake/solving_utils.py", line 129, in check_snes_convergence
    raise ConvergenceError(r"""Nonlinear solve failed to converge after %d nonlinear iterations.
firedrake.exceptions.ConvergenceError: Nonlinear solve failed to converge after 0 nonlinear iterations.
Reason:
   DIVERGED_LINEAR_SOLVE
    raise ConvergenceError(r"""Nonlinear solve failed to converge after %d nonlinear iterations.
firedrake.exceptions.ConvergenceError: Nonlinear solve failed to converge after 0 nonlinear iterations.
Reason:
   DIVERGED_LINEAR_SOLVE
    solving_utils.check_snes_convergence(self.snes)
    raise ConvergenceError(r"""Nonlinear solve failed to converge after %d nonlinear iterations.
firedrake.exceptions.ConvergenceError: Nonlinear solve failed to converge after 0 nonlinear iterations.
Reason:
   DIVERGED_LINEAR_SOLVE
    raise ConvergenceError(r"""Nonlinear solve failed to converge after %d nonlinear iterations.
firedrake.exceptions.ConvergenceError: Nonlinear solve failed to converge after 0 nonlinear iterations.
Reason:
   DIVERGED_LINEAR_SOLVE
    raise ConvergenceError(r"""Nonlinear solve failed to converge after %d nonlinear iterations.
firedrake.exceptions.ConvergenceError: Nonlinear solve failed to converge after 0 nonlinear iterations.
Reason:
   DIVERGED_LINEAR_SOLVE

  File "/scratch/xd2/sg8812/firedrake-override/firedrake/solving_utils.py", line 129, in check_snes_convergence
    raise ConvergenceError(r"""Nonlinear solve failed to converge after %d nonlinear iterations.
    out = solve(self, **kwargs)
    raise ConvergenceError(r"""Nonlinear solve failed to converge after %d nonlinear iterations.
firedrake.exceptions.ConvergenceError: Nonlinear solve failed to converge after 0 nonlinear iterations.
Reason:
   DIVERGED_LINEAR_SOLVEfiredrake.exceptions.ConvergenceError: Nonlinear solve failed to converge after 0 nonlinear iterations.
Reason:
   DIVERGED_LINEAR_SOLVE

          ^^^^^^^^^^^^^^^^^^^^^
  File "/scratch/xd2/sg8812/firedrake-override/firedrake/variational_solver.py", line 403, in solve
    solving_utils.check_snes_convergence(self.snes)
  File "/scratch/xd2/sg8812/firedrake-override/firedrake/solving_utils.py", line 129, in check_snes_convergence
    raise ConvergenceError(r"""Nonlinear solve failed to converge after %d nonlinear iterations.
firedrake.exceptions.ConvergenceError: Nonlinear solve failed to converge after 0 nonlinear iterations.
Reason:
   DIVERGED_LINEAR_SOLVE
    self.solver.solve(bounds=self.stage_bounds)
  File "petsc4py/PETSc/Log.pyx", line 250, in petsc4py.PETSc.Log.EventDecorator.decorator.wrapped_func
  File "petsc4py/PETSc/Log.pyx", line 251, in petsc4py.PETSc.Log.EventDecorator.decorator.wrapped_func
  File "/scratch/xd2/sg8812/firedrake-override/firedrake/adjoint_utils/variational_solver.py", line 116, in wrapper
    self.solver.solve(bounds=self.stage_bounds)
  File "petsc4py/PETSc/Log.pyx", line 250, in petsc4py.PETSc.Log.EventDecorator.decorator.wrapped_func
  File "petsc4py/PETSc/Log.pyx", line 251, in petsc4py.PETSc.Log.EventDecorator.decorator.wrapped_func
  File "/scratch/xd2/sg8812/firedrake-override/firedrake/adjoint_utils/variational_solver.py", line 116, in wrapper
    out = solve(self, **kwargs)
          ^^^^^^^^^^^^^^^^^^^^^
  File "/scratch/xd2/sg8812/firedrake-override/firedrake/variational_solver.py", line 403, in solve
    out = solve(self, **kwargs)
    solving_utils.check_snes_convergence(self.snes)
          ^^^^^^^^^^^^^^^^^^^^^
  File "/scratch/xd2/sg8812/firedrake-override/firedrake/variational_solver.py", line 403, in solve
  File "/scratch/xd2/sg8812/firedrake-override/firedrake/solving_utils.py", line 129, in check_snes_convergence
    raise ConvergenceError(r"""Nonlinear solve failed to converge after %d nonlinear iterations.
firedrake.exceptions.ConvergenceError: Nonlinear solve failed to converge after 0 nonlinear iterations.
Reason:
   DIVERGED_LINEAR_SOLVE
    solving_utils.check_snes_convergence(self.snes)
  File "/scratch/xd2/sg8812/firedrake-override/firedrake/solving_utils.py", line 129, in check_snes_convergence
    raise ConvergenceError(r"""Nonlinear solve failed to converge after %d nonlinear iterations.
firedrake.exceptions.ConvergenceError: Nonlinear solve failed to converge after 0 nonlinear iterations.
Reason:
   DIVERGED_LINEAR_SOLVE
[gadi-cpu-spr-0385.gadi.nci.org.au:4173646] PMIX ERROR: UNREACHABLE in file /jobfs/35226956.gadi-pbs/0/openmpi/4.0.7/source/openmpi-4.0.7/opal/mca/pmix/pmix3x/pmix/src/server/pmix_server.c at line 2198
[gadi-cpu-spr-0385.gadi.nci.org.au:4173646] PMIX ERROR: UNREACHABLE in file /jobfs/35226956.gadi-pbs/0/openmpi/4.0.7/source/openmpi-4.0.7/opal/mca/pmix/pmix3x/pmix/src/server/pmix_server.c at line 2198
[gadi-cpu-spr-0385.gadi.nci.org.au:4173646] PMIX ERROR: UNREACHABLE in file /jobfs/35226956.gadi-pbs/0/openmpi/4.0.7/source/openmpi-4.0.7/opal/mca/pmix/pmix3x/pmix/src/server/pmix_server.c at line 2198
[gadi-cpu-spr-0385.gadi.nci.org.au:4173646] PMIX ERROR: UNREACHABLE in file /jobfs/35226956.gadi-pbs/0/openmpi/4.0.7/source/openmpi-4.0.7/opal/mca/pmix/pmix3x/pmix/src/server/pmix_server.c at line 2198
[gadi-cpu-spr-0385.gadi.nci.org.au:4173646] PMIX ERROR: UNREACHABLE in file /jobfs/35226956.gadi-pbs/0/openmpi/4.0.7/source/openmpi-4.0.7/opal/mca/pmix/pmix3x/pmix/src/server/pmix_server.c at line 2198
[gadi-cpu-spr-0385.gadi.nci.org.au:4173646] PMIX ERROR: UNREACHABLE in file /jobfs/35226956.gadi-pbs/0/openmpi/4.0.7/source/openmpi-4.0.7/opal/mca/pmix/pmix3x/pmix/src/server/pmix_server.c at line 2198
[gadi-cpu-spr-0385.gadi.nci.org.au:4173646] PMIX ERROR: UNREACHABLE in file /jobfs/35226956.gadi-pbs/0/openmpi/4.0.7/source/openmpi-4.0.7/opal/mca/pmix/pmix3x/pmix/src/server/pmix_server.c at line 2198
[gadi-cpu-spr-0385.gadi.nci.org.au:4173646] PMIX ERROR: UNREACHABLE in file /jobfs/35226956.gadi-pbs/0/openmpi/4.0.7/source/openmpi-4.0.7/opal/mca/pmix/pmix3x/pmix/src/server/pmix_server.c at line 2198
[gadi-cpu-spr-0385.gadi.nci.org.au:4173646] PMIX ERROR: UNREACHABLE in file /jobfs/35226956.gadi-pbs/0/openmpi/4.0.7/source/openmpi-4.0.7/opal/mca/pmix/pmix3x/pmix/src/server/pmix_server.c at line 2198
[gadi-cpu-spr-0385.gadi.nci.org.au:4173646] PMIX ERROR: UNREACHABLE in file /jobfs/35226956.gadi-pbs/0/openmpi/4.0.7/source/openmpi-4.0.7/opal/mca/pmix/pmix3x/pmix/src/server/pmix_server.c at line 2198
[gadi-cpu-spr-0385.gadi.nci.org.au:4173646] PMIX ERROR: UNREACHABLE in file /jobfs/35226956.gadi-pbs/0/openmpi/4.0.7/source/openmpi-4.0.7/opal/mca/pmix/pmix3x/pmix/src/server/pmix_server.c at line 2198
[gadi-cpu-spr-0385.gadi.nci.org.au:4173646] PMIX ERROR: UNREACHABLE in file /jobfs/35226956.gadi-pbs/0/openmpi/4.0.7/source/openmpi-4.0.7/opal/mca/pmix/pmix3x/pmix/src/server/pmix_server.c at line 2198
[gadi-cpu-spr-0385.gadi.nci.org.au:4173646] PMIX ERROR: UNREACHABLE in file /jobfs/35226956.gadi-pbs/0/openmpi/4.0.7/source/openmpi-4.0.7/opal/mca/pmix/pmix3x/pmix/src/server/pmix_server.c at line 2198
[gadi-cpu-spr-0385.gadi.nci.org.au:4173646] PMIX ERROR: UNREACHABLE in file /jobfs/35226956.gadi-pbs/0/openmpi/4.0.7/source/openmpi-4.0.7/opal/mca/pmix/pmix3x/pmix/src/server/pmix_server.c at line 2198
[gadi-cpu-spr-0385.gadi.nci.org.au:4173646] PMIX ERROR: UNREACHABLE in file /jobfs/35226956.gadi-pbs/0/openmpi/4.0.7/source/openmpi-4.0.7/opal/mca/pmix/pmix3x/pmix/src/server/pmix_server.c at line 2198
[gadi-cpu-spr-0385.gadi.nci.org.au:4173646] PMIX ERROR: UNREACHABLE in file /jobfs/35226956.gadi-pbs/0/openmpi/4.0.7/source/openmpi-4.0.7/opal/mca/pmix/pmix3x/pmix/src/server/pmix_server.c at line 2198
[gadi-cpu-spr-0385.gadi.nci.org.au:4173646] PMIX ERROR: UNREACHABLE in file /jobfs/35226956.gadi-pbs/0/openmpi/4.0.7/source/openmpi-4.0.7/opal/mca/pmix/pmix3x/pmix/src/server/pmix_server.c at line 2198
[gadi-cpu-spr-0385.gadi.nci.org.au:4173646] PMIX ERROR: UNREACHABLE in file /jobfs/35226956.gadi-pbs/0/openmpi/4.0.7/source/openmpi-4.0.7/opal/mca/pmix/pmix3x/pmix/src/server/pmix_server.c at line 2198
[gadi-cpu-spr-0385.gadi.nci.org.au:4173646] PMIX ERROR: UNREACHABLE in file /jobfs/35226956.gadi-pbs/0/openmpi/4.0.7/source/openmpi-4.0.7/opal/mca/pmix/pmix3x/pmix/src/server/pmix_server.c at line 2198
[gadi-cpu-spr-0385.gadi.nci.org.au:4173646] PMIX ERROR: UNREACHABLE in file /jobfs/35226956.gadi-pbs/0/openmpi/4.0.7/source/openmpi-4.0.7/opal/mca/pmix/pmix3x/pmix/src/server/pmix_server.c at line 2198
[gadi-cpu-spr-0385.gadi.nci.org.au:4173646] PMIX ERROR: UNREACHABLE in file /jobfs/35226956.gadi-pbs/0/openmpi/4.0.7/source/openmpi-4.0.7/opal/mca/pmix/pmix3x/pmix/src/server/pmix_server.c at line 2198
[gadi-cpu-spr-0385.gadi.nci.org.au:4173646] PMIX ERROR: UNREACHABLE in file /jobfs/35226956.gadi-pbs/0/openmpi/4.0.7/source/openmpi-4.0.7/opal/mca/pmix/pmix3x/pmix/src/server/pmix_server.c at line 2198
[gadi-cpu-spr-0385.gadi.nci.org.au:4173646] PMIX ERROR: UNREACHABLE in file /jobfs/35226956.gadi-pbs/0/openmpi/4.0.7/source/openmpi-4.0.7/opal/mca/pmix/pmix3x/pmix/src/server/pmix_server.c at line 2198
[gadi-cpu-spr-0385.gadi.nci.org.au:4173646] PMIX ERROR: UNREACHABLE in file /jobfs/35226956.gadi-pbs/0/openmpi/4.0.7/source/openmpi-4.0.7/opal/mca/pmix/pmix3x/pmix/src/server/pmix_server.c at line 2198
[gadi-cpu-spr-0385.gadi.nci.org.au:4173646] PMIX ERROR: UNREACHABLE in file /jobfs/35226956.gadi-pbs/0/openmpi/4.0.7/source/openmpi-4.0.7/opal/mca/pmix/pmix3x/pmix/src/server/pmix_server.c at line 2198
[gadi-cpu-spr-0385.gadi.nci.org.au:4173646] PMIX ERROR: UNREACHABLE in file /jobfs/35226956.gadi-pbs/0/openmpi/4.0.7/source/openmpi-4.0.7/opal/mca/pmix/pmix3x/pmix/src/server/pmix_server.c at line 2198
[gadi-cpu-spr-0385.gadi.nci.org.au:4173646] PMIX ERROR: UNREACHABLE in file /jobfs/35226956.gadi-pbs/0/openmpi/4.0.7/source/openmpi-4.0.7/opal/mca/pmix/pmix3x/pmix/src/server/pmix_server.c at line 2198
[gadi-cpu-spr-0385.gadi.nci.org.au:4173646] PMIX ERROR: UNREACHABLE in file /jobfs/35226956.gadi-pbs/0/openmpi/4.0.7/source/openmpi-4.0.7/opal/mca/pmix/pmix3x/pmix/src/server/pmix_server.c at line 2198
[gadi-cpu-spr-0385.gadi.nci.org.au:4173646] PMIX ERROR: UNREACHABLE in file /jobfs/35226956.gadi-pbs/0/openmpi/4.0.7/source/openmpi-4.0.7/opal/mca/pmix/pmix3x/pmix/src/server/pmix_server.c at line 2198
[gadi-cpu-spr-0385.gadi.nci.org.au:4173646] PMIX ERROR: UNREACHABLE in file /jobfs/35226956.gadi-pbs/0/openmpi/4.0.7/source/openmpi-4.0.7/opal/mca/pmix/pmix3x/pmix/src/server/pmix_server.c at line 2198
[gadi-cpu-spr-0385.gadi.nci.org.au:4173646] PMIX ERROR: UNREACHABLE in file /jobfs/35226956.gadi-pbs/0/openmpi/4.0.7/source/openmpi-4.0.7/opal/mca/pmix/pmix3x/pmix/src/server/pmix_server.c at line 2198
[gadi-cpu-spr-0385.gadi.nci.org.au:4173646] PMIX ERROR: UNREACHABLE in file /jobfs/35226956.gadi-pbs/0/openmpi/4.0.7/source/openmpi-4.0.7/opal/mca/pmix/pmix3x/pmix/src/server/pmix_server.c at line 2198
[gadi-cpu-spr-0385.gadi.nci.org.au:4173646] PMIX ERROR: UNREACHABLE in file /jobfs/35226956.gadi-pbs/0/openmpi/4.0.7/source/openmpi-4.0.7/opal/mca/pmix/pmix3x/pmix/src/server/pmix_server.c at line 2198
[gadi-cpu-spr-0385.gadi.nci.org.au:4173646] PMIX ERROR: UNREACHABLE in file /jobfs/35226956.gadi-pbs/0/openmpi/4.0.7/source/openmpi-4.0.7/opal/mca/pmix/pmix3x/pmix/src/server/pmix_server.c at line 2198
[gadi-cpu-spr-0385.gadi.nci.org.au:4173646] PMIX ERROR: UNREACHABLE in file /jobfs/35226956.gadi-pbs/0/openmpi/4.0.7/source/openmpi-4.0.7/opal/mca/pmix/pmix3x/pmix/src/server/pmix_server.c at line 2198
[gadi-cpu-spr-0385.gadi.nci.org.au:4173646] 47 more processes have sent help message help-mpi-api.txt / mpi-abort
[gadi-cpu-spr-0385.gadi.nci.org.au:4173646] Set MCA parameter "orte_base_help_aggregate" to 0 to see all help / error messages
=== Job completed: Wed Apr 15 10:56:17 AEST 2026 ===

======================================================================================
                  Resource Usage on 2026-04-15 10:56:21:
   Job Id:             165687795.gadi-pbs
   Project:            xd2
   Exit Status:        0
   Service Units:      6.28
   NCPUs Requested:    48                  CPU Time Used: 01:14:36        
   Memory Requested:   500.0GB               Memory Used: 44.32GB         
   Walltime Requested: 03:00:00            Walltime Used: 00:01:53        
   JobFS Requested:    400.0GB                JobFS Used: 28.22MB         
======================================================================================
