=== Murrumbidgee VLumping at paper resolution ===
Resolution: 1775 m horiz, 300 layers, no hierarchy
dt ramp: 60 s -> 43200 s (growth 1.5, shrink 0.5)
Target: 30 days simulation time
Nodes: 4 (416 CPUs)
Date: Wed Apr 15 12:10:19 AEST 2026
================
Could not save font_manager cache Lock error: Matplotlib failed to acquire the following lock file:
    /jobfs/165699181.gadi-pbs/matplotlib/fontlist-v390.json.matplotlib-lock
This maybe due to another process holding this lock file.  If you are sure no
other Matplotlib process is running, remove this file and try again.
Could not save font_manager cache Lock error: Matplotlib failed to acquire the following lock file:
    /jobfs/165699181.gadi-pbs/matplotlib/fontlist-v390.json.matplotlib-lock
This maybe due to another process holding this lock file.  If you are sure no
other Matplotlib process is running, remove this file and try again.
Could not save font_manager cache Lock error: Matplotlib failed to acquire the following lock file:
    /jobfs/165699181.gadi-pbs/matplotlib/fontlist-v390.json.matplotlib-lock
This maybe due to another process holding this lock file.  If you are sure no
other Matplotlib process is running, remove this file and try again.
Could not save font_manager cache Lock error: Matplotlib failed to acquire the following lock file:
    /jobfs/165699181.gadi-pbs/matplotlib/fontlist-v390.json.matplotlib-lock
This maybe due to another process holding this lock file.  If you are sure no
other Matplotlib process is running, remove this file and try again.
Could not save font_manager cache Lock error: Matplotlib failed to acquire the following lock file:
    /jobfs/165699181.gadi-pbs/matplotlib/fontlist-v390.json.matplotlib-lock
This maybe due to another process holding this lock file.  If you are sure no
other Matplotlib process is running, remove this file and try again.
Could not save font_manager cache Lock error: Matplotlib failed to acquire the following lock file:
    /jobfs/165699181.gadi-pbs/matplotlib/fontlist-v390.json.matplotlib-lock
This maybe due to another process holding this lock file.  If you are sure no
other Matplotlib process is running, remove this file and try again.
Could not save font_manager cache Lock error: Matplotlib failed to acquire the following lock file:
    /jobfs/165699181.gadi-pbs/matplotlib/fontlist-v390.json.matplotlib-lock
This maybe due to another process holding this lock file.  If you are sure no
other Matplotlib process is running, remove this file and try again.
Could not save font_manager cache Lock error: Matplotlib failed to acquire the following lock file:
    /jobfs/165699181.gadi-pbs/matplotlib/fontlist-v390.json.matplotlib-lock
This maybe due to another process holding this lock file.  If you are sure no
other Matplotlib process is running, remove this file and try again.
Could not save font_manager cache Lock error: Matplotlib failed to acquire the following lock file:
    /jobfs/165699181.gadi-pbs/matplotlib/fontlist-v390.json.matplotlib-lock
This maybe due to another process holding this lock file.  If you are sure no
other Matplotlib process is running, remove this file and try again.
Could not save font_manager cache Lock error: Matplotlib failed to acquire the following lock file:
    /jobfs/165699181.gadi-pbs/matplotlib/fontlist-v390.json.matplotlib-lock
This maybe due to another process holding this lock file.  If you are sure no
other Matplotlib process is running, remove this file and try again.
Could not save font_manager cache Lock error: Matplotlib failed to acquire the following lock file:
    /jobfs/165699181.gadi-pbs/matplotlib/fontlist-v390.json.matplotlib-lock
This maybe due to another process holding this lock file.  If you are sure no
other Matplotlib process is running, remove this file and try again.
Could not save font_manager cache Lock error: Matplotlib failed to acquire the following lock file:
    /jobfs/165699181.gadi-pbs/matplotlib/fontlist-v390.json.matplotlib-lock
This maybe due to another process holding this lock file.  If you are sure no
other Matplotlib process is running, remove this file and try again.
Could not save font_manager cache Lock error: Matplotlib failed to acquire the following lock file:
    /jobfs/165699181.gadi-pbs/matplotlib/fontlist-v390.json.matplotlib-lock
This maybe due to another process holding this lock file.  If you are sure no
other Matplotlib process is running, remove this file and try again.
Could not save font_manager cache Lock error: Matplotlib failed to acquire the following lock file:
    /jobfs/165699181.gadi-pbs/matplotlib/fontlist-v390.json.matplotlib-lock
This maybe due to another process holding this lock file.  If you are sure no
other Matplotlib process is running, remove this file and try again.
Could not save font_manager cache Lock error: Matplotlib failed to acquire the following lock file:
    /jobfs/165699181.gadi-pbs/matplotlib/fontlist-v390.json.matplotlib-lock
This maybe due to another process holding this lock file.  If you are sure no
other Matplotlib process is running, remove this file and try again.
Could not save font_manager cache Lock error: Matplotlib failed to acquire the following lock file:
    /jobfs/165699181.gadi-pbs/matplotlib/fontlist-v390.json.matplotlib-lock
This maybe due to another process holding this lock file.  If you are sure no
other Matplotlib process is running, remove this file and try again.
Could not save font_manager cache Lock error: Matplotlib failed to acquire the following lock file:
    /jobfs/165699181.gadi-pbs/matplotlib/fontlist-v390.json.matplotlib-lock
This maybe due to another process holding this lock file.  If you are sure no
other Matplotlib process is running, remove this file and try again.
Could not save font_manager cache Lock error: Matplotlib failed to acquire the following lock file:
    /jobfs/165699181.gadi-pbs/matplotlib/fontlist-v390.json.matplotlib-lock
This maybe due to another process holding this lock file.  If you are sure no
other Matplotlib process is running, remove this file and try again.
Could not save font_manager cache Lock error: Matplotlib failed to acquire the following lock file:
    /jobfs/165699181.gadi-pbs/matplotlib/fontlist-v390.json.matplotlib-lock
This maybe due to another process holding this lock file.  If you are sure no
other Matplotlib process is running, remove this file and try again.
Could not save font_manager cache Lock error: Matplotlib failed to acquire the following lock file:
    /jobfs/165699181.gadi-pbs/matplotlib/fontlist-v390.json.matplotlib-lock
This maybe due to another process holding this lock file.  If you are sure no
other Matplotlib process is running, remove this file and try again.
Could not save font_manager cache Lock error: Matplotlib failed to acquire the following lock file:
    /jobfs/165699181.gadi-pbs/matplotlib/fontlist-v390.json.matplotlib-lock
This maybe due to another process holding this lock file.  If you are sure no
other Matplotlib process is running, remove this file and try again.
Could not save font_manager cache Lock error: Matplotlib failed to acquire the following lock file:
    /jobfs/165699181.gadi-pbs/matplotlib/fontlist-v390.json.matplotlib-lock
This maybe due to another process holding this lock file.  If you are sure no
other Matplotlib process is running, remove this file and try again.
Could not save font_manager cache Lock error: Matplotlib failed to acquire the following lock file:
    /jobfs/165699181.gadi-pbs/matplotlib/fontlist-v390.json.matplotlib-lock
This maybe due to another process holding this lock file.  If you are sure no
other Matplotlib process is running, remove this file and try again.
Could not save font_manager cache Lock error: Matplotlib failed to acquire the following lock file:
    /jobfs/165699181.gadi-pbs/matplotlib/fontlist-v390.json.matplotlib-lock
This maybe due to another process holding this lock file.  If you are sure no
other Matplotlib process is running, remove this file and try again.
Could not save font_manager cache Lock error: Matplotlib failed to acquire the following lock file:
    /jobfs/165699181.gadi-pbs/matplotlib/fontlist-v390.json.matplotlib-lock
This maybe due to another process holding this lock file.  If you are sure no
other Matplotlib process is running, remove this file and try again.
Could not save font_manager cache Lock error: Matplotlib failed to acquire the following lock file:
    /jobfs/165699181.gadi-pbs/matplotlib/fontlist-v390.json.matplotlib-lock
This maybe due to another process holding this lock file.  If you are sure no
other Matplotlib process is running, remove this file and try again.
Could not save font_manager cache Lock error: Matplotlib failed to acquire the following lock file:
    /jobfs/165699181.gadi-pbs/matplotlib/fontlist-v390.json.matplotlib-lock
This maybe due to another process holding this lock file.  If you are sure no
other Matplotlib process is running, remove this file and try again.
Could not save font_manager cache Lock error: Matplotlib failed to acquire the following lock file:
    /jobfs/165699181.gadi-pbs/matplotlib/fontlist-v390.json.matplotlib-lock
This maybe due to another process holding this lock file.  If you are sure no
other Matplotlib process is running, remove this file and try again.
Could not save font_manager cache Lock error: Matplotlib failed to acquire the following lock file:
    /jobfs/165699181.gadi-pbs/matplotlib/fontlist-v390.json.matplotlib-lock
This maybe due to another process holding this lock file.  If you are sure no
other Matplotlib process is running, remove this file and try again.
Could not save font_manager cache Lock error: Matplotlib failed to acquire the following lock file:
    /jobfs/165699181.gadi-pbs/matplotlib/fontlist-v390.json.matplotlib-lock
This maybe due to another process holding this lock file.  If you are sure no
other Matplotlib process is running, remove this file and try again.
Could not save font_manager cache Lock error: Matplotlib failed to acquire the following lock file:
    /jobfs/165699181.gadi-pbs/matplotlib/fontlist-v390.json.matplotlib-lock
This maybe due to another process holding this lock file.  If you are sure no
other Matplotlib process is running, remove this file and try again.
Could not save font_manager cache Lock error: Matplotlib failed to acquire the following lock file:
    /jobfs/165699181.gadi-pbs/matplotlib/fontlist-v390.json.matplotlib-lock
This maybe due to another process holding this lock file.  If you are sure no
other Matplotlib process is running, remove this file and try again.
Could not save font_manager cache Lock error: Matplotlib failed to acquire the following lock file:
    /jobfs/165699181.gadi-pbs/matplotlib/fontlist-v390.json.matplotlib-lock
This maybe due to another process holding this lock file.  If you are sure no
other Matplotlib process is running, remove this file and try again.
Could not save font_manager cache Lock error: Matplotlib failed to acquire the following lock file:
    /jobfs/165699181.gadi-pbs/matplotlib/fontlist-v390.json.matplotlib-lock
This maybe due to another process holding this lock file.  If you are sure no
other Matplotlib process is running, remove this file and try again.
Could not save font_manager cache Lock error: Matplotlib failed to acquire the following lock file:
    /jobfs/165699181.gadi-pbs/matplotlib/fontlist-v390.json.matplotlib-lock
This maybe due to another process holding this lock file.  If you are sure no
other Matplotlib process is running, remove this file and try again.
Could not save font_manager cache Lock error: Matplotlib failed to acquire the following lock file:
    /jobfs/165699181.gadi-pbs/matplotlib/fontlist-v390.json.matplotlib-lock
This maybe due to another process holding this lock file.  If you are sure no
other Matplotlib process is running, remove this file and try again.
Could not save font_manager cache Lock error: Matplotlib failed to acquire the following lock file:
    /jobfs/165699181.gadi-pbs/matplotlib/fontlist-v390.json.matplotlib-lock
This maybe due to another process holding this lock file.  If you are sure no
other Matplotlib process is running, remove this file and try again.
Could not save font_manager cache Lock error: Matplotlib failed to acquire the following lock file:
    /jobfs/165699181.gadi-pbs/matplotlib/fontlist-v390.json.matplotlib-lock
This maybe due to another process holding this lock file.  If you are sure no
other Matplotlib process is running, remove this file and try again.
Could not save font_manager cache Lock error: Matplotlib failed to acquire the following lock file:
    /jobfs/165699181.gadi-pbs/matplotlib/fontlist-v390.json.matplotlib-lock
This maybe due to another process holding this lock file.  If you are sure no
other Matplotlib process is running, remove this file and try again.
Could not save font_manager cache Lock error: Matplotlib failed to acquire the following lock file:
    /jobfs/165699181.gadi-pbs/matplotlib/fontlist-v390.json.matplotlib-lock
This maybe due to another process holding this lock file.  If you are sure no
other Matplotlib process is running, remove this file and try again.
Could not save font_manager cache Lock error: Matplotlib failed to acquire the following lock file:
    /jobfs/165699181.gadi-pbs/matplotlib/fontlist-v390.json.matplotlib-lock
This maybe due to another process holding this lock file.  If you are sure no
other Matplotlib process is running, remove this file and try again.
Could not save font_manager cache Lock error: Matplotlib failed to acquire the following lock file:
    /jobfs/165699181.gadi-pbs/matplotlib/fontlist-v390.json.matplotlib-lock
This maybe due to another process holding this lock file.  If you are sure no
other Matplotlib process is running, remove this file and try again.
Could not save font_manager cache Lock error: Matplotlib failed to acquire the following lock file:
    /jobfs/165699181.gadi-pbs/matplotlib/fontlist-v390.json.matplotlib-lock
This maybe due to another process holding this lock file.  If you are sure no
other Matplotlib process is running, remove this file and try again.
Could not save font_manager cache Lock error: Matplotlib failed to acquire the following lock file:
    /jobfs/165699181.gadi-pbs/matplotlib/fontlist-v390.json.matplotlib-lock
This maybe due to another process holding this lock file.  If you are sure no
other Matplotlib process is running, remove this file and try again.
Could not save font_manager cache Lock error: Matplotlib failed to acquire the following lock file:
    /jobfs/165699181.gadi-pbs/matplotlib/fontlist-v390.json.matplotlib-lock
This maybe due to another process holding this lock file.  If you are sure no
other Matplotlib process is running, remove this file and try again.
Could not save font_manager cache Lock error: Matplotlib failed to acquire the following lock file:
    /jobfs/165699181.gadi-pbs/matplotlib/fontlist-v390.json.matplotlib-lock
This maybe due to another process holding this lock file.  If you are sure no
other Matplotlib process is running, remove this file and try again.
Could not save font_manager cache Lock error: Matplotlib failed to acquire the following lock file:
    /jobfs/165699181.gadi-pbs/matplotlib/fontlist-v390.json.matplotlib-lock
This maybe due to another process holding this lock file.  If you are sure no
other Matplotlib process is running, remove this file and try again.
Could not save font_manager cache Lock error: Matplotlib failed to acquire the following lock file:
    /jobfs/165699181.gadi-pbs/matplotlib/fontlist-v390.json.matplotlib-lock
This maybe due to another process holding this lock file.  If you are sure no
other Matplotlib process is running, remove this file and try again.
Could not save font_manager cache Lock error: Matplotlib failed to acquire the following lock file:
    /jobfs/165699181.gadi-pbs/matplotlib/fontlist-v390.json.matplotlib-lock
This maybe due to another process holding this lock file.  If you are sure no
other Matplotlib process is running, remove this file and try again.
Could not save font_manager cache Lock error: Matplotlib failed to acquire the following lock file:
    /jobfs/165699181.gadi-pbs/matplotlib/fontlist-v390.json.matplotlib-lock
This maybe due to another process holding this lock file.  If you are sure no
other Matplotlib process is running, remove this file and try again.
Could not save font_manager cache Lock error: Matplotlib failed to acquire the following lock file:
    /jobfs/165699181.gadi-pbs/matplotlib/fontlist-v390.json.matplotlib-lock
This maybe due to another process holding this lock file.  If you are sure no
other Matplotlib process is running, remove this file and try again.
Could not save font_manager cache Lock error: Matplotlib failed to acquire the following lock file:
    /jobfs/165699181.gadi-pbs/matplotlib/fontlist-v390.json.matplotlib-lock
This maybe due to another process holding this lock file.  If you are sure no
other Matplotlib process is running, remove this file and try again.
Could not save font_manager cache Lock error: Matplotlib failed to acquire the following lock file:
    /jobfs/165699181.gadi-pbs/matplotlib/fontlist-v390.json.matplotlib-lock
This maybe due to another process holding this lock file.  If you are sure no
other Matplotlib process is running, remove this file and try again.
Could not save font_manager cache Lock error: Matplotlib failed to acquire the following lock file:
    /jobfs/165699181.gadi-pbs/matplotlib/fontlist-v390.json.matplotlib-lock
This maybe due to another process holding this lock file.  If you are sure no
other Matplotlib process is running, remove this file and try again.
Could not save font_manager cache Lock error: Matplotlib failed to acquire the following lock file:
    /jobfs/165699181.gadi-pbs/matplotlib/fontlist-v390.json.matplotlib-lock
This maybe due to another process holding this lock file.  If you are sure no
other Matplotlib process is running, remove this file and try again.
Could not save font_manager cache Lock error: Matplotlib failed to acquire the following lock file:
    /jobfs/165699181.gadi-pbs/matplotlib/fontlist-v390.json.matplotlib-lock
This maybe due to another process holding this lock file.  If you are sure no
other Matplotlib process is running, remove this file and try again.
Could not save font_manager cache Lock error: Matplotlib failed to acquire the following lock file:
    /jobfs/165699181.gadi-pbs/matplotlib/fontlist-v390.json.matplotlib-lock
This maybe due to another process holding this lock file.  If you are sure no
other Matplotlib process is running, remove this file and try again.
Could not save font_manager cache Lock error: Matplotlib failed to acquire the following lock file:
    /jobfs/165699181.gadi-pbs/matplotlib/fontlist-v390.json.matplotlib-lock
This maybe due to another process holding this lock file.  If you are sure no
other Matplotlib process is running, remove this file and try again.
Could not save font_manager cache Lock error: Matplotlib failed to acquire the following lock file:
    /jobfs/165699181.gadi-pbs/matplotlib/fontlist-v390.json.matplotlib-lock
This maybe due to another process holding this lock file.  If you are sure no
other Matplotlib process is running, remove this file and try again.
Could not save font_manager cache Lock error: Matplotlib failed to acquire the following lock file:
    /jobfs/165699181.gadi-pbs/matplotlib/fontlist-v390.json.matplotlib-lock
This maybe due to another process holding this lock file.  If you are sure no
other Matplotlib process is running, remove this file and try again.
Could not save font_manager cache Lock error: Matplotlib failed to acquire the following lock file:
    /jobfs/165699181.gadi-pbs/matplotlib/fontlist-v390.json.matplotlib-lock
This maybe due to another process holding this lock file.  If you are sure no
other Matplotlib process is running, remove this file and try again.
Could not save font_manager cache Lock error: Matplotlib failed to acquire the following lock file:
    /jobfs/165699181.gadi-pbs/matplotlib/fontlist-v390.json.matplotlib-lock
This maybe due to another process holding this lock file.  If you are sure no
other Matplotlib process is running, remove this file and try again.
Number of degrees of freedom: 40080600
Horizontal resolution: 1775.0 m, Layers: 300, DG1
Time stepper: BackwardEuler, dt_init = 60.0 s, dt_max = 43200.0 s, growth = 1.5
Solver: vlumping
Solver parameters: {'ksp_type': 'fgmres', 'ksp_rtol': 1e-06, 'ksp_max_it': 200, 'ksp_gmres_restart': 30, 'pc_type': 'python', 'pc_python_type': 'solvers.vlumping.VerticallyLumpedPC', 'lumped_mg_levels_ksp_type': 'chebyshev', 'lumped_mg_levels_ksp_max_it': 2, 'lumped_mg_levels_ksp_convergence_test': 'skip', 'lumped_mg_levels_pc_type': 'bjacobi', 'lumped_mg_levels_sub_pc_type': 'ilu', 'lumped_mg_levels_sub_pc_factor_levels': 0, 'lumped_mg_coarse_ksp_type': 'preonly', 'lumped_mg_coarse_pc_type': 'lu', 'lumped_mg_coarse_pc_factor_mat_solver_type': 'mumps', 'snes_type': 'newtonls', 'snes_linesearch_type': 'bt', 'snes_rtol': 1e-08, 'snes_atol': 1e-08, 'snes_max_it': 50}
  0 SNES Function norm 1.679560406395e+03
    Linear BackwardEuler-Equation_ solve converged due to CONVERGED_RTOL iterations 6
  1 SNES Function norm 2.930418610346e+00
    Linear BackwardEuler-Equation_ solve converged due to CONVERGED_RTOL iterations 5
  2 SNES Function norm 4.045093720813e-01
  Nonlinear BackwardEuler-Equation_ solve converged due to CONVERGED_SNORM_RELATIVE iterations 2
t = 0.00 d | step 1/100000 | dt = 60.0 s | wall 24.32 s | NL 2 | L 11
  0 SNES Function norm 2.530785021273e+01
    Linear BackwardEuler-Equation_ solve converged due to CONVERGED_RTOL iterations 5
  1 SNES Function norm 2.382362782903e-01
    Linear BackwardEuler-Equation_ solve converged due to CONVERGED_RTOL iterations 5
  2 SNES Function norm 5.808669371135e-03
  Nonlinear BackwardEuler-Equation_ solve converged due to CONVERGED_SNORM_RELATIVE iterations 2
t = 0.00 d | step 2/100000 | dt = 90.0 s | wall 2.65 s | NL 2 | L 10
  0 SNES Function norm 3.514138901624e+01
    Linear BackwardEuler-Equation_ solve converged due to CONVERGED_RTOL iterations 5
  1 SNES Function norm 3.247789182544e-01
    Linear BackwardEuler-Equation_ solve converged due to CONVERGED_RTOL iterations 5
  2 SNES Function norm 2.578408632923e-02
  Nonlinear BackwardEuler-Equation_ solve converged due to CONVERGED_SNORM_RELATIVE iterations 2
t = 0.00 d | step 3/100000 | dt = 135.0 s | wall 2.62 s | NL 2 | L 10
  0 SNES Function norm 4.983031829782e+01
    Linear BackwardEuler-Equation_ solve converged due to CONVERGED_RTOL iterations 5
  1 SNES Function norm 6.870119517407e-02
    Linear BackwardEuler-Equation_ solve converged due to CONVERGED_RTOL iterations 6
  2 SNES Function norm 2.897660742195e-04
  Nonlinear BackwardEuler-Equation_ solve converged due to CONVERGED_SNORM_RELATIVE iterations 2
t = 0.01 d | step 4/100000 | dt = 202.5 s | wall 2.77 s | NL 2 | L 11
  0 SNES Function norm 7.116722158255e+01
    Linear BackwardEuler-Equation_ solve converged due to CONVERGED_RTOL iterations 5
  1 SNES Function norm 7.001568807805e-02
    Linear BackwardEuler-Equation_ solve converged due to CONVERGED_RTOL iterations 6
  2 SNES Function norm 4.140505597454e-05
  Nonlinear BackwardEuler-Equation_ solve converged due to CONVERGED_SNORM_RELATIVE iterations 2
t = 0.01 d | step 5/100000 | dt = 303.8 s | wall 2.76 s | NL 2 | L 11
  0 SNES Function norm 1.018492873136e+02
    Linear BackwardEuler-Equation_ solve converged due to CONVERGED_RTOL iterations 5
  1 SNES Function norm 6.206558657769e-02
    Linear BackwardEuler-Equation_ solve converged due to CONVERGED_RTOL iterations 6
  2 SNES Function norm 9.202256451376e-05
  Nonlinear BackwardEuler-Equation_ solve converged due to CONVERGED_SNORM_RELATIVE iterations 2
t = 0.01 d | step 6/100000 | dt = 455.6 s | wall 2.74 s | NL 2 | L 11
  0 SNES Function norm 1.457006446289e+02
    Linear BackwardEuler-Equation_ solve converged due to CONVERGED_RTOL iterations 5
  1 SNES Function norm 5.485147795587e-02
    Linear BackwardEuler-Equation_ solve converged due to CONVERGED_RTOL iterations 7
  2 SNES Function norm 5.546837882198e-05
  Nonlinear BackwardEuler-Equation_ solve converged due to CONVERGED_SNORM_RELATIVE iterations 2
t = 0.02 d | step 7/100000 | dt = 683.4 s | wall 2.89 s | NL 2 | L 12
  0 SNES Function norm 2.081712580967e+02
    Linear BackwardEuler-Equation_ solve converged due to CONVERGED_RTOL iterations 5
  1 SNES Function norm 7.878403162747e-02
    Linear BackwardEuler-Equation_ solve converged due to CONVERGED_RTOL iterations 7
  2 SNES Function norm 7.587538762241e-04
  Nonlinear BackwardEuler-Equation_ solve converged due to CONVERGED_SNORM_RELATIVE iterations 2
t = 0.03 d | step 8/100000 | dt = 1025.2 s | wall 2.87 s | NL 2 | L 12
  0 SNES Function norm 2.971997386833e+02
    Linear BackwardEuler-Equation_ solve converged due to CONVERGED_RTOL iterations 5
  1 SNES Function norm 1.526698916153e-01
    Linear BackwardEuler-Equation_ solve converged due to CONVERGED_RTOL iterations 7
  2 SNES Function norm 7.702078258097e-04
  Nonlinear BackwardEuler-Equation_ solve converged due to CONVERGED_SNORM_RELATIVE iterations 2
t = 0.05 d | step 9/100000 | dt = 1537.7 s | wall 2.82 s | NL 2 | L 12
  0 SNES Function norm 4.244795220009e+02
    Linear BackwardEuler-Equation_ solve converged due to CONVERGED_RTOL iterations 6
  1 SNES Function norm 5.103753071471e-01
    Linear BackwardEuler-Equation_ solve converged due to CONVERGED_RTOL iterations 7
  2 SNES Function norm 1.411022274758e-03
  Nonlinear BackwardEuler-Equation_ solve converged due to CONVERGED_SNORM_RELATIVE iterations 2
t = 0.08 d | step 10/100000 | dt = 2306.6 s | wall 2.95 s | NL 2 | L 13
  0 SNES Function norm 6.070971317258e+02
    Linear BackwardEuler-Equation_ solve converged due to CONVERGED_RTOL iterations 6
  1 SNES Function norm 6.546448853006e-01
    Linear BackwardEuler-Equation_ solve converged due to CONVERGED_RTOL iterations 7
  2 SNES Function norm 3.467682422795e-04
  Nonlinear BackwardEuler-Equation_ solve converged due to CONVERGED_SNORM_RELATIVE iterations 2
t = 0.12 d | step 11/100000 | dt = 3459.9 s | wall 2.97 s | NL 2 | L 13
  0 SNES Function norm 8.695654627832e+02
    Linear BackwardEuler-Equation_ solve converged due to CONVERGED_RTOL iterations 6
  1 SNES Function norm 1.101229076263e+00
    Linear BackwardEuler-Equation_ solve converged due to CONVERGED_RTOL iterations 7
  2 SNES Function norm 2.398757040232e-03
    Linear BackwardEuler-Equation_ solve converged due to CONVERGED_RTOL iterations 7
  3 SNES Function norm 3.907750457946e-04
  Nonlinear BackwardEuler-Equation_ solve converged due to CONVERGED_SNORM_RELATIVE iterations 3
t = 0.18 d | step 12/100000 | dt = 5189.9 s | wall 4.37 s | NL 3 | L 20
  0 SNES Function norm 1.246416267442e+03
    Linear BackwardEuler-Equation_ solve converged due to CONVERGED_RTOL iterations 7
  1 SNES Function norm 3.037270803340e+00
    Linear BackwardEuler-Equation_ solve converged due to CONVERGED_RTOL iterations 7
  2 SNES Function norm 5.959364912759e-03
    Linear BackwardEuler-Equation_ solve converged due to CONVERGED_RTOL iterations 7
  3 SNES Function norm 5.865530593964e-04
  Nonlinear BackwardEuler-Equation_ solve converged due to CONVERGED_SNORM_RELATIVE iterations 3
t = 0.27 d | step 13/100000 | dt = 7784.8 s | wall 4.31 s | NL 3 | L 21
  0 SNES Function norm 1.786004386752e+03
    Linear BackwardEuler-Equation_ solve converged due to CONVERGED_RTOL iterations 7
  1 SNES Function norm 3.942084709944e+00
    Linear BackwardEuler-Equation_ solve converged due to CONVERGED_RTOL iterations 7
  2 SNES Function norm 1.088493461476e-02
    Linear BackwardEuler-Equation_ solve converged due to CONVERGED_RTOL iterations 7
  3 SNES Function norm 8.808961208611e-04
  Nonlinear BackwardEuler-Equation_ solve converged due to CONVERGED_SNORM_RELATIVE iterations 3
t = 0.40 d | step 14/100000 | dt = 11677.2 s | wall 4.29 s | NL 3 | L 21
  0 SNES Function norm 2.556255262494e+03
    Linear BackwardEuler-Equation_ solve converged due to CONVERGED_RTOL iterations 7
  1 SNES Function norm 7.707512118728e+00
    Linear BackwardEuler-Equation_ solve converged due to CONVERGED_RTOL iterations 7
  2 SNES Function norm 1.189879507589e-02
    Linear BackwardEuler-Equation_ solve converged due to CONVERGED_RTOL iterations 8
  3 SNES Function norm 1.322197298418e-03
  Nonlinear BackwardEuler-Equation_ solve converged due to CONVERGED_SNORM_RELATIVE iterations 3
t = 0.61 d | step 15/100000 | dt = 17515.8 s | wall 4.27 s | NL 3 | L 22
  0 SNES Function norm 3.654849695976e+03
    Linear BackwardEuler-Equation_ solve converged due to CONVERGED_RTOL iterations 7
  1 SNES Function norm 1.123253270171e+01
    Linear BackwardEuler-Equation_ solve converged due to CONVERGED_RTOL iterations 8
  2 SNES Function norm 5.032467238873e-02
    Linear BackwardEuler-Equation_ solve converged due to CONVERGED_RTOL iterations 7
  3 SNES Function norm 1.980466092928e-03
  Nonlinear BackwardEuler-Equation_ solve converged due to CONVERGED_SNORM_RELATIVE iterations 3
t = 0.91 d | step 16/100000 | dt = 26273.6 s | wall 4.26 s | NL 3 | L 22
  0 SNES Function norm 5.225092321945e+03
    Linear BackwardEuler-Equation_ solve converged due to CONVERGED_RTOL iterations 8
  1 SNES Function norm 2.634040392252e+01
    Linear BackwardEuler-Equation_ solve converged due to CONVERGED_RTOL iterations 8
  2 SNES Function norm 1.176843022494e-01
    Linear BackwardEuler-Equation_ solve converged due to CONVERGED_RTOL iterations 8
  3 SNES Function norm 2.976622371872e-03
  Nonlinear BackwardEuler-Equation_ solve converged due to CONVERGED_SNORM_RELATIVE iterations 3
t = 1.37 d | step 17/100000 | dt = 39410.5 s | wall 4.53 s | NL 3 | L 24
  0 SNES Function norm 5.466321598946e+03
    Linear BackwardEuler-Equation_ solve converged due to CONVERGED_RTOL iterations 8
  1 SNES Function norm 4.554753222990e+01
    Linear BackwardEuler-Equation_ solve converged due to CONVERGED_RTOL iterations 8
  2 SNES Function norm 2.388860707606e-01
    Linear BackwardEuler-Equation_ solve converged due to CONVERGED_RTOL iterations 8
  3 SNES Function norm 3.264206733571e-03
  Nonlinear BackwardEuler-Equation_ solve converged due to CONVERGED_SNORM_RELATIVE iterations 3
t = 1.87 d | step 18/100000 | dt = 43200.0 s | wall 4.49 s | NL 3 | L 24
  0 SNES Function norm 5.277179112809e+03
    Linear BackwardEuler-Equation_ solve converged due to CONVERGED_RTOL iterations 8
  1 SNES Function norm 3.623516778287e+01
    Linear BackwardEuler-Equation_ solve converged due to CONVERGED_RTOL iterations 8
  2 SNES Function norm 1.353230671660e-01
    Linear BackwardEuler-Equation_ solve converged due to CONVERGED_RTOL iterations 7
  3 SNES Function norm 3.262734794515e-03
  Nonlinear BackwardEuler-Equation_ solve converged due to CONVERGED_SNORM_RELATIVE iterations 3
t = 2.37 d | step 19/100000 | dt = 43200.0 s | wall 4.37 s | NL 3 | L 23
  0 SNES Function norm 5.142081680909e+03
    Linear BackwardEuler-Equation_ solve converged due to CONVERGED_RTOL iterations 8
  1 SNES Function norm 2.348873768227e+01
    Linear BackwardEuler-Equation_ solve converged due to CONVERGED_RTOL iterations 8
  2 SNES Function norm 4.185247350061e-02
    Linear BackwardEuler-Equation_ solve converged due to CONVERGED_RTOL iterations 8
  3 SNES Function norm 3.261246465797e-03
  Nonlinear BackwardEuler-Equation_ solve converged due to CONVERGED_SNORM_RELATIVE iterations 3
t = 2.87 d | step 20/100000 | dt = 43200.0 s | wall 4.51 s | NL 3 | L 24
  0 SNES Function norm 5.040010445675e+03
    Linear BackwardEuler-Equation_ solve converged due to CONVERGED_RTOL iterations 8
  1 SNES Function norm 2.045137919246e+01
    Linear BackwardEuler-Equation_ solve converged due to CONVERGED_RTOL iterations 8
  2 SNES Function norm 6.309812489374e-02
    Linear BackwardEuler-Equation_ solve converged due to CONVERGED_RTOL iterations 8
  3 SNES Function norm 3.260577181279e-03
  Nonlinear BackwardEuler-Equation_ solve converged due to CONVERGED_SNORM_RELATIVE iterations 3
t = 3.37 d | step 21/100000 | dt = 43200.0 s | wall 4.50 s | NL 3 | L 24
  0 SNES Function norm 4.958945133757e+03
    Linear BackwardEuler-Equation_ solve converged due to CONVERGED_RTOL iterations 8
  1 SNES Function norm 3.966602666985e+01
    Linear BackwardEuler-Equation_ solve converged due to CONVERGED_RTOL iterations 8
  2 SNES Function norm 1.110812604271e-01
    Linear BackwardEuler-Equation_ solve converged due to CONVERGED_RTOL iterations 8
  3 SNES Function norm 3.255649787815e-03
  Nonlinear BackwardEuler-Equation_ solve converged due to CONVERGED_SNORM_RELATIVE iterations 3
t = 3.87 d | step 22/100000 | dt = 43200.0 s | wall 4.56 s | NL 3 | L 24
  0 SNES Function norm 4.892475426120e+03
    Linear BackwardEuler-Equation_ solve converged due to CONVERGED_RTOL iterations 8
  1 SNES Function norm 2.911138770467e+02
    Linear BackwardEuler-Equation_ solve converged due to CONVERGED_RTOL iterations 6
  2 SNES Function norm 9.556650231264e-02
    Linear BackwardEuler-Equation_ solve converged due to CONVERGED_RTOL iterations 8
  3 SNES Function norm 3.298487388952e-03
  Nonlinear BackwardEuler-Equation_ solve converged due to CONVERGED_SNORM_RELATIVE iterations 3
t = 4.37 d | step 23/100000 | dt = 43200.0 s | wall 4.40 s | NL 3 | L 22
  0 SNES Function norm 4.836587024931e+03
    Linear BackwardEuler-Equation_ solve converged due to CONVERGED_RTOL iterations 8
  1 SNES Function norm 2.597369069159e+01
    Linear BackwardEuler-Equation_ solve converged due to CONVERGED_RTOL iterations 8
  2 SNES Function norm 1.623297448438e-01
    Linear BackwardEuler-Equation_ solve converged due to CONVERGED_RTOL iterations 8
  3 SNES Function norm 3.261649452295e-03
  Nonlinear BackwardEuler-Equation_ solve converged due to CONVERGED_SNORM_RELATIVE iterations 3
t = 4.87 d | step 24/100000 | dt = 43200.0 s | wall 4.48 s | NL 3 | L 24
  0 SNES Function norm 4.788753307932e+03
    Linear BackwardEuler-Equation_ solve converged due to CONVERGED_RTOL iterations 8
  1 SNES Function norm 3.254888974529e+01
    Linear BackwardEuler-Equation_ solve converged due to CONVERGED_RTOL iterations 8
  2 SNES Function norm 1.146605372480e-01
    Linear BackwardEuler-Equation_ solve converged due to CONVERGED_RTOL iterations 8
  3 SNES Function norm 3.259134863818e-03
  Nonlinear BackwardEuler-Equation_ solve converged due to CONVERGED_SNORM_RELATIVE iterations 3
t = 5.37 d | step 25/100000 | dt = 43200.0 s | wall 4.48 s | NL 3 | L 24
  0 SNES Function norm 4.746787626209e+03
    Linear BackwardEuler-Equation_ solve converged due to CONVERGED_RTOL iterations 8
  1 SNES Function norm 2.049048750003e+01
    Linear BackwardEuler-Equation_ solve converged due to CONVERGED_RTOL iterations 8
  2 SNES Function norm 1.247705796472e-01
    Linear BackwardEuler-Equation_ solve converged due to CONVERGED_RTOL iterations 8
  3 SNES Function norm 3.257814934250e-03
  Nonlinear BackwardEuler-Equation_ solve converged due to CONVERGED_SNORM_RELATIVE iterations 3
t = 5.87 d | step 26/100000 | dt = 43200.0 s | wall 4.49 s | NL 3 | L 24
  0 SNES Function norm 4.709966776434e+03
    Linear BackwardEuler-Equation_ solve converged due to CONVERGED_RTOL iterations 8
  1 SNES Function norm 2.276817908206e+01
    Linear BackwardEuler-Equation_ solve converged due to CONVERGED_RTOL iterations 8
  2 SNES Function norm 7.775542845428e-02
    Linear BackwardEuler-Equation_ solve converged due to CONVERGED_RTOL iterations 8
  3 SNES Function norm 3.261000334372e-03
  Nonlinear BackwardEuler-Equation_ solve converged due to CONVERGED_SNORM_RELATIVE iterations 3
t = 6.37 d | step 27/100000 | dt = 43200.0 s | wall 4.47 s | NL 3 | L 24
  0 SNES Function norm 4.677211157574e+03
    Linear BackwardEuler-Equation_ solve converged due to CONVERGED_RTOL iterations 8
  1 SNES Function norm 1.755438853931e+01
    Linear BackwardEuler-Equation_ solve converged due to CONVERGED_RTOL iterations 8
  2 SNES Function norm 1.483349988823e-02
    Linear BackwardEuler-Equation_ solve converged due to CONVERGED_RTOL iterations 8
  3 SNES Function norm 3.259676782081e-03
  Nonlinear BackwardEuler-Equation_ solve converged due to CONVERGED_SNORM_RELATIVE iterations 3
t = 6.87 d | step 28/100000 | dt = 43200.0 s | wall 4.52 s | NL 3 | L 24
  0 SNES Function norm 4.647731589906e+03
    Linear BackwardEuler-Equation_ solve converged due to CONVERGED_RTOL iterations 8
  1 SNES Function norm 2.031048676442e+01
    Linear BackwardEuler-Equation_ solve converged due to CONVERGED_RTOL iterations 8
  2 SNES Function norm 6.002543520334e-02
    Linear BackwardEuler-Equation_ solve converged due to CONVERGED_RTOL iterations 8
  3 SNES Function norm 3.259615716117e-03
  Nonlinear BackwardEuler-Equation_ solve converged due to CONVERGED_SNORM_RELATIVE iterations 3
t = 7.37 d | step 29/100000 | dt = 43200.0 s | wall 4.46 s | NL 3 | L 24
  0 SNES Function norm 4.620940898035e+03
    Linear BackwardEuler-Equation_ solve converged due to CONVERGED_RTOL iterations 8
  1 SNES Function norm 2.080874306132e+01
    Linear BackwardEuler-Equation_ solve converged due to CONVERGED_RTOL iterations 8
  2 SNES Function norm 4.481290714410e-02
    Linear BackwardEuler-Equation_ solve converged due to CONVERGED_RTOL iterations 8
  3 SNES Function norm 3.256782174803e-03
  Nonlinear BackwardEuler-Equation_ solve converged due to CONVERGED_SNORM_RELATIVE iterations 3
t = 7.87 d | step 30/100000 | dt = 43200.0 s | wall 4.48 s | NL 3 | L 24
  0 SNES Function norm 4.596483147185e+03
    Linear BackwardEuler-Equation_ solve converged due to CONVERGED_RTOL iterations 8
  1 SNES Function norm 3.562960646993e+01
    Linear BackwardEuler-Equation_ solve converged due to CONVERGED_RTOL iterations 8
  2 SNES Function norm 1.849718110357e-01
    Linear BackwardEuler-Equation_ solve converged due to CONVERGED_RTOL iterations 7
  3 SNES Function norm 3.258354603727e-03
  Nonlinear BackwardEuler-Equation_ solve converged due to CONVERGED_SNORM_RELATIVE iterations 3
t = 8.37 d | step 31/100000 | dt = 43200.0 s | wall 4.36 s | NL 3 | L 23
  0 SNES Function norm 4.573244270796e+03
    Linear BackwardEuler-Equation_ solve converged due to CONVERGED_RTOL iterations 8
  1 SNES Function norm 1.949265340203e+01
    Linear BackwardEuler-Equation_ solve converged due to CONVERGED_RTOL iterations 8
  2 SNES Function norm 3.392686828680e-02
    Linear BackwardEuler-Equation_ solve converged due to CONVERGED_RTOL iterations 8
  3 SNES Function norm 3.257919162514e-03
  Nonlinear BackwardEuler-Equation_ solve converged due to CONVERGED_SNORM_RELATIVE iterations 3
t = 8.87 d | step 32/100000 | dt = 43200.0 s | wall 4.47 s | NL 3 | L 24
  0 SNES Function norm 4.552102390417e+03
    Linear BackwardEuler-Equation_ solve converged due to CONVERGED_RTOL iterations 8
  1 SNES Function norm 2.762611126748e+01
    Linear BackwardEuler-Equation_ solve converged due to CONVERGED_RTOL iterations 8
  2 SNES Function norm 8.307093748421e-02
    Linear BackwardEuler-Equation_ solve converged due to CONVERGED_RTOL iterations 8
  3 SNES Function norm 3.257541867996e-03
  Nonlinear BackwardEuler-Equation_ solve converged due to CONVERGED_SNORM_RELATIVE iterations 3
t = 9.37 d | step 33/100000 | dt = 43200.0 s | wall 4.49 s | NL 3 | L 24
  0 SNES Function norm 4.532721880323e+03
    Linear BackwardEuler-Equation_ solve converged due to CONVERGED_RTOL iterations 8
  1 SNES Function norm 2.250028056549e+01
    Linear BackwardEuler-Equation_ solve converged due to CONVERGED_RTOL iterations 8
  2 SNES Function norm 5.121310090955e-02
    Linear BackwardEuler-Equation_ solve converged due to CONVERGED_RTOL iterations 8
  3 SNES Function norm 3.258912587891e-03
  Nonlinear BackwardEuler-Equation_ solve converged due to CONVERGED_SNORM_RELATIVE iterations 3
t = 9.87 d | step 34/100000 | dt = 43200.0 s | wall 4.50 s | NL 3 | L 24
  0 SNES Function norm 4.514514247954e+03
    Linear BackwardEuler-Equation_ solve converged due to CONVERGED_RTOL iterations 8
  1 SNES Function norm 2.562036458840e+01
    Linear BackwardEuler-Equation_ solve converged due to CONVERGED_RTOL iterations 8
  2 SNES Function norm 3.786541736985e-02
    Linear BackwardEuler-Equation_ solve converged due to CONVERGED_RTOL iterations 8
  3 SNES Function norm 3.255967723940e-03
  Nonlinear BackwardEuler-Equation_ solve converged due to CONVERGED_SNORM_RELATIVE iterations 3
t = 10.37 d | step 35/100000 | dt = 43200.0 s | wall 4.47 s | NL 3 | L 24
  0 SNES Function norm 4.497771539621e+03
    Linear BackwardEuler-Equation_ solve converged due to CONVERGED_RTOL iterations 8
  1 SNES Function norm 4.061843055084e+01
    Linear BackwardEuler-Equation_ solve converged due to CONVERGED_RTOL iterations 7
  2 SNES Function norm 1.779954725463e-02
    Linear BackwardEuler-Equation_ solve converged due to CONVERGED_RTOL iterations 8
  3 SNES Function norm 3.264388783400e-03
  Nonlinear BackwardEuler-Equation_ solve converged due to CONVERGED_SNORM_RELATIVE iterations 3
t = 10.87 d | step 36/100000 | dt = 43200.0 s | wall 4.36 s | NL 3 | L 23
  0 SNES Function norm 4.482172702009e+03
    Linear BackwardEuler-Equation_ solve converged due to CONVERGED_RTOL iterations 8
  1 SNES Function norm 3.462255939049e+02
    Linear BackwardEuler-Equation_ solve converged due to CONVERGED_RTOL iterations 6
  2 SNES Function norm 5.269054176395e-02
    Linear BackwardEuler-Equation_ solve converged due to CONVERGED_RTOL iterations 8
  3 SNES Function norm 3.287395867182e-03
  Nonlinear BackwardEuler-Equation_ solve converged due to CONVERGED_SNORM_RELATIVE iterations 3
t = 11.37 d | step 37/100000 | dt = 43200.0 s | wall 4.25 s | NL 3 | L 22
  0 SNES Function norm 4.467572603786e+03
    Linear BackwardEuler-Equation_ solve converged due to CONVERGED_RTOL iterations 8
  1 SNES Function norm 3.413436085514e+01
    Linear BackwardEuler-Equation_ solve converged due to CONVERGED_RTOL iterations 8
  2 SNES Function norm 5.721217379774e-02
    Linear BackwardEuler-Equation_ solve converged due to CONVERGED_RTOL iterations 8
  3 SNES Function norm 3.257468227016e-03
  Nonlinear BackwardEuler-Equation_ solve converged due to CONVERGED_SNORM_RELATIVE iterations 3
t = 11.87 d | step 38/100000 | dt = 43200.0 s | wall 4.48 s | NL 3 | L 24
  0 SNES Function norm 4.453880295233e+03
    Linear BackwardEuler-Equation_ solve converged due to CONVERGED_RTOL iterations 8
  1 SNES Function norm 3.291129555660e+01
    Linear BackwardEuler-Equation_ solve converged due to CONVERGED_RTOL iterations 7
  2 SNES Function norm 9.631650235430e-03
    Linear BackwardEuler-Equation_ solve converged due to CONVERGED_RTOL iterations 8
  3 SNES Function norm 3.268555096435e-03
  Nonlinear BackwardEuler-Equation_ solve converged due to CONVERGED_SNORM_RELATIVE iterations 3
t = 12.37 d | step 39/100000 | dt = 43200.0 s | wall 4.47 s | NL 3 | L 23
  0 SNES Function norm 4.440777803783e+03
    Linear BackwardEuler-Equation_ solve converged due to CONVERGED_RTOL iterations 8
  1 SNES Function norm 2.733354659411e+01
    Linear BackwardEuler-Equation_ solve converged due to CONVERGED_RTOL iterations 8
  2 SNES Function norm 5.692021649180e-02
    Linear BackwardEuler-Equation_ solve converged due to CONVERGED_RTOL iterations 8
  3 SNES Function norm 3.255282701834e-03
  Nonlinear BackwardEuler-Equation_ solve converged due to CONVERGED_SNORM_RELATIVE iterations 3
t = 12.87 d | step 40/100000 | dt = 43200.0 s | wall 4.50 s | NL 3 | L 24
  0 SNES Function norm 4.428377029106e+03
    Linear BackwardEuler-Equation_ solve converged due to CONVERGED_RTOL iterations 8
  1 SNES Function norm 2.117865083742e+01
    Linear BackwardEuler-Equation_ solve converged due to CONVERGED_RTOL iterations 8
  2 SNES Function norm 8.267947655160e-02
    Linear BackwardEuler-Equation_ solve converged due to CONVERGED_RTOL iterations 8
  3 SNES Function norm 3.257116139740e-03
  Nonlinear BackwardEuler-Equation_ solve converged due to CONVERGED_SNORM_RELATIVE iterations 3
t = 13.37 d | step 41/100000 | dt = 43200.0 s | wall 4.49 s | NL 3 | L 24
  0 SNES Function norm 4.416621977194e+03
    Linear BackwardEuler-Equation_ solve converged due to CONVERGED_RTOL iterations 8
  1 SNES Function norm 2.163879844017e+01
    Linear BackwardEuler-Equation_ solve converged due to CONVERGED_RTOL iterations 8
  2 SNES Function norm 3.741012822585e-02
    Linear BackwardEuler-Equation_ solve converged due to CONVERGED_RTOL iterations 8
  3 SNES Function norm 3.260304986166e-03
  Nonlinear BackwardEuler-Equation_ solve converged due to CONVERGED_SNORM_RELATIVE iterations 3
t = 13.87 d | step 42/100000 | dt = 43200.0 s | wall 4.52 s | NL 3 | L 24
  0 SNES Function norm 4.405552344843e+03
    Linear BackwardEuler-Equation_ solve converged due to CONVERGED_RTOL iterations 8
  1 SNES Function norm 2.007235249663e+01
    Linear BackwardEuler-Equation_ solve converged due to CONVERGED_RTOL iterations 7
  2 SNES Function norm 7.099051133393e-02
    Linear BackwardEuler-Equation_ solve converged due to CONVERGED_RTOL iterations 8
  3 SNES Function norm 3.262862505668e-03
  Nonlinear BackwardEuler-Equation_ solve converged due to CONVERGED_SNORM_RELATIVE iterations 3
t = 14.37 d | step 43/100000 | dt = 43200.0 s | wall 4.39 s | NL 3 | L 23
  0 SNES Function norm 4.395058169053e+03
    Linear BackwardEuler-Equation_ solve converged due to CONVERGED_RTOL iterations 8
  1 SNES Function norm 5.857710603579e+01
    Linear BackwardEuler-Equation_ solve converged due to CONVERGED_RTOL iterations 7
  2 SNES Function norm 2.514327205721e-02
    Linear BackwardEuler-Equation_ solve converged due to CONVERGED_RTOL iterations 8
  3 SNES Function norm 3.267916310049e-03
  Nonlinear BackwardEuler-Equation_ solve converged due to CONVERGED_SNORM_RELATIVE iterations 3
t = 14.87 d | step 44/100000 | dt = 43200.0 s | wall 4.40 s | NL 3 | L 23
  0 SNES Function norm 4.384983270311e+03
    Linear BackwardEuler-Equation_ solve converged due to CONVERGED_RTOL iterations 8
  1 SNES Function norm 1.678093140683e+01
    Linear BackwardEuler-Equation_ solve converged due to CONVERGED_RTOL iterations 8
  2 SNES Function norm 4.056965241893e-02
    Linear BackwardEuler-Equation_ solve converged due to CONVERGED_RTOL iterations 8
  3 SNES Function norm 3.257504701735e-03
  Nonlinear BackwardEuler-Equation_ solve converged due to CONVERGED_SNORM_RELATIVE iterations 3
t = 15.37 d | step 45/100000 | dt = 43200.0 s | wall 4.49 s | NL 3 | L 24
  0 SNES Function norm 4.375281400787e+03
    Linear BackwardEuler-Equation_ solve converged due to CONVERGED_RTOL iterations 8
  1 SNES Function norm 1.670798062407e+01
    Linear BackwardEuler-Equation_ solve converged due to CONVERGED_RTOL iterations 8
  2 SNES Function norm 3.310740945191e-02
    Linear BackwardEuler-Equation_ solve converged due to CONVERGED_RTOL iterations 8
  3 SNES Function norm 3.254684099151e-03
  Nonlinear BackwardEuler-Equation_ solve converged due to CONVERGED_SNORM_RELATIVE iterations 3
t = 15.87 d | step 46/100000 | dt = 43200.0 s | wall 4.48 s | NL 3 | L 24
  0 SNES Function norm 4.365939012906e+03
    Linear BackwardEuler-Equation_ solve converged due to CONVERGED_RTOL iterations 8
  1 SNES Function norm 2.570388188323e+01
    Linear BackwardEuler-Equation_ solve converged due to CONVERGED_RTOL iterations 7
  2 SNES Function norm 1.522062498110e-02
    Linear BackwardEuler-Equation_ solve converged due to CONVERGED_RTOL iterations 8
  3 SNES Function norm 3.270102466747e-03
  Nonlinear BackwardEuler-Equation_ solve converged due to CONVERGED_SNORM_RELATIVE iterations 3
t = 16.37 d | step 47/100000 | dt = 43200.0 s | wall 4.37 s | NL 3 | L 23
  0 SNES Function norm 4.357031742067e+03
    Linear BackwardEuler-Equation_ solve converged due to CONVERGED_RTOL iterations 8
  1 SNES Function norm 2.465850145352e+01
    Linear BackwardEuler-Equation_ solve converged due to CONVERGED_RTOL iterations 7
  2 SNES Function norm 2.743293565300e-02
    Linear BackwardEuler-Equation_ solve converged due to CONVERGED_RTOL iterations 8
  3 SNES Function norm 3.266143246005e-03
  Nonlinear BackwardEuler-Equation_ solve converged due to CONVERGED_SNORM_RELATIVE iterations 3
t = 16.87 d | step 48/100000 | dt = 43200.0 s | wall 4.36 s | NL 3 | L 23
  0 SNES Function norm 4.348522171103e+03
    Linear BackwardEuler-Equation_ solve converged due to CONVERGED_RTOL iterations 8
  1 SNES Function norm 2.455023950889e+01
    Linear BackwardEuler-Equation_ solve converged due to CONVERGED_RTOL iterations 8
  2 SNES Function norm 8.984650045265e-03
    Linear BackwardEuler-Equation_ solve converged due to CONVERGED_RTOL iterations 8
  3 SNES Function norm 3.258827565605e-03
  Nonlinear BackwardEuler-Equation_ solve converged due to CONVERGED_SNORM_RELATIVE iterations 3
t = 17.37 d | step 49/100000 | dt = 43200.0 s | wall 4.50 s | NL 3 | L 24
  0 SNES Function norm 4.340417830057e+03
    Linear BackwardEuler-Equation_ solve converged due to CONVERGED_RTOL iterations 8
  1 SNES Function norm 6.668107214528e+01
    Linear BackwardEuler-Equation_ solve converged due to CONVERGED_RTOL iterations 7
  2 SNES Function norm 1.788909969817e-02
    Linear BackwardEuler-Equation_ solve converged due to CONVERGED_RTOL iterations 8
  3 SNES Function norm 3.264525404394e-03
  Nonlinear BackwardEuler-Equation_ solve converged due to CONVERGED_SNORM_RELATIVE iterations 3
t = 17.87 d | step 50/100000 | dt = 43200.0 s | wall 4.37 s | NL 3 | L 23
  0 SNES Function norm 4.332538115891e+03
    Linear BackwardEuler-Equation_ solve converged due to CONVERGED_RTOL iterations 8
  1 SNES Function norm 1.453797519435e+01
    Linear BackwardEuler-Equation_ solve converged due to CONVERGED_RTOL iterations 8
  2 SNES Function norm 4.446420446601e-02
    Linear BackwardEuler-Equation_ solve converged due to CONVERGED_RTOL iterations 8
  3 SNES Function norm 3.254536997699e-03
  Nonlinear BackwardEuler-Equation_ solve converged due to CONVERGED_SNORM_RELATIVE iterations 3
t = 18.37 d | step 51/100000 | dt = 43200.0 s | wall 4.46 s | NL 3 | L 24
  0 SNES Function norm 4.324891330638e+03
    Linear BackwardEuler-Equation_ solve converged due to CONVERGED_RTOL iterations 8
  1 SNES Function norm 1.884808851283e+01
    Linear BackwardEuler-Equation_ solve converged due to CONVERGED_RTOL iterations 8
  2 SNES Function norm 2.425089461826e-02
    Linear BackwardEuler-Equation_ solve converged due to CONVERGED_RTOL iterations 8
  3 SNES Function norm 3.255579049324e-03
  Nonlinear BackwardEuler-Equation_ solve converged due to CONVERGED_SNORM_RELATIVE iterations 3
t = 18.87 d | step 52/100000 | dt = 43200.0 s | wall 4.49 s | NL 3 | L 24
  0 SNES Function norm 4.317527447339e+03
    Linear BackwardEuler-Equation_ solve converged due to CONVERGED_RTOL iterations 8
  1 SNES Function norm 3.176747728295e+01
    Linear BackwardEuler-Equation_ solve converged due to CONVERGED_RTOL iterations 7
  2 SNES Function norm 1.115694230453e-01
    Linear BackwardEuler-Equation_ solve converged due to CONVERGED_RTOL iterations 7
  3 SNES Function norm 3.264344885833e-03
  Nonlinear BackwardEuler-Equation_ solve converged due to CONVERGED_SNORM_RELATIVE iterations 3
t = 19.37 d | step 53/100000 | dt = 43200.0 s | wall 4.25 s | NL 3 | L 22
  0 SNES Function norm 4.310050042181e+03
    Linear BackwardEuler-Equation_ solve converged due to CONVERGED_RTOL iterations 8
  1 SNES Function norm 2.304709978877e+01
    Linear BackwardEuler-Equation_ solve converged due to CONVERGED_RTOL iterations 8
  2 SNES Function norm 1.703543971312e-01
    Linear BackwardEuler-Equation_ solve converged due to CONVERGED_RTOL iterations 8
  3 SNES Function norm 3.254041098259e-03
  Nonlinear BackwardEuler-Equation_ solve converged due to CONVERGED_SNORM_RELATIVE iterations 3
t = 19.87 d | step 54/100000 | dt = 43200.0 s | wall 4.49 s | NL 3 | L 24
  0 SNES Function norm 4.303042108098e+03
    Linear BackwardEuler-Equation_ solve converged due to CONVERGED_RTOL iterations 8
  1 SNES Function norm 2.490035117674e+01
    Linear BackwardEuler-Equation_ solve converged due to CONVERGED_RTOL iterations 8
  2 SNES Function norm 5.524951753720e-02
    Linear BackwardEuler-Equation_ solve converged due to CONVERGED_RTOL iterations 8
  3 SNES Function norm 3.254956482824e-03
  Nonlinear BackwardEuler-Equation_ solve converged due to CONVERGED_SNORM_RELATIVE iterations 3
t = 20.37 d | step 55/100000 | dt = 43200.0 s | wall 4.49 s | NL 3 | L 24
  0 SNES Function norm 4.296395157787e+03
    Linear BackwardEuler-Equation_ solve converged due to CONVERGED_RTOL iterations 8
  1 SNES Function norm 4.747189987226e+01
    Linear BackwardEuler-Equation_ solve converged due to CONVERGED_RTOL iterations 7
  2 SNES Function norm 8.993115037742e-02
    Linear BackwardEuler-Equation_ solve converged due to CONVERGED_RTOL iterations 8
  3 SNES Function norm 3.262681378935e-03
  Nonlinear BackwardEuler-Equation_ solve converged due to CONVERGED_SNORM_RELATIVE iterations 3
t = 20.87 d | step 56/100000 | dt = 43200.0 s | wall 4.36 s | NL 3 | L 23
  0 SNES Function norm 4.289768707224e+03
    Linear BackwardEuler-Equation_ solve converged due to CONVERGED_RTOL iterations 8
  1 SNES Function norm 2.771422484193e+01
    Linear BackwardEuler-Equation_ solve converged due to CONVERGED_RTOL iterations 7
  2 SNES Function norm 9.772123302577e-03
    Linear BackwardEuler-Equation_ solve converged due to CONVERGED_RTOL iterations 8
  3 SNES Function norm 3.263173213569e-03
  Nonlinear BackwardEuler-Equation_ solve converged due to CONVERGED_SNORM_RELATIVE iterations 3
t = 21.37 d | step 57/100000 | dt = 43200.0 s | wall 4.44 s | NL 3 | L 23
  0 SNES Function norm 4.283466504630e+03
    Linear BackwardEuler-Equation_ solve converged due to CONVERGED_RTOL iterations 8
  1 SNES Function norm 1.911281036662e+01
    Linear BackwardEuler-Equation_ solve converged due to CONVERGED_RTOL iterations 8
  2 SNES Function norm 1.256804934985e-02
    Linear BackwardEuler-Equation_ solve converged due to CONVERGED_RTOL iterations 8
  3 SNES Function norm 3.255735535207e-03
  Nonlinear BackwardEuler-Equation_ solve converged due to CONVERGED_SNORM_RELATIVE iterations 3
t = 21.87 d | step 58/100000 | dt = 43200.0 s | wall 4.46 s | NL 3 | L 24
  0 SNES Function norm 4.277478636343e+03
    Linear BackwardEuler-Equation_ solve converged due to CONVERGED_RTOL iterations 8
  1 SNES Function norm 1.908495512828e+01
    Linear BackwardEuler-Equation_ solve converged due to CONVERGED_RTOL iterations 7
  2 SNES Function norm 3.934621222907e-02
    Linear BackwardEuler-Equation_ solve converged due to CONVERGED_RTOL iterations 8
  3 SNES Function norm 3.264281886306e-03
  Nonlinear BackwardEuler-Equation_ solve converged due to CONVERGED_SNORM_RELATIVE iterations 3
t = 22.37 d | step 59/100000 | dt = 43200.0 s | wall 4.54 s | NL 3 | L 23
  0 SNES Function norm 4.271554956193e+03
    Linear BackwardEuler-Equation_ solve converged due to CONVERGED_RTOL iterations 8
  1 SNES Function norm 4.414620945921e+01
    Linear BackwardEuler-Equation_ solve converged due to CONVERGED_RTOL iterations 7
  2 SNES Function norm 2.207981892673e-01
    Linear BackwardEuler-Equation_ solve converged due to CONVERGED_RTOL iterations 7
  3 SNES Function norm 3.262093169334e-03
  Nonlinear BackwardEuler-Equation_ solve converged due to CONVERGED_SNORM_RELATIVE iterations 3
t = 22.87 d | step 60/100000 | dt = 43200.0 s | wall 4.28 s | NL 3 | L 22
  0 SNES Function norm 4.265084270761e+03
    Linear BackwardEuler-Equation_ solve converged due to CONVERGED_RTOL iterations 8
  1 SNES Function norm 7.367725283210e+01
    Linear BackwardEuler-Equation_ solve converged due to CONVERGED_RTOL iterations 6
  2 SNES Function norm 2.745728287352e-02
    Linear BackwardEuler-Equation_ solve converged due to CONVERGED_RTOL iterations 8
  3 SNES Function norm 3.285596008497e-03
  Nonlinear BackwardEuler-Equation_ solve converged due to CONVERGED_SNORM_RELATIVE iterations 3
t = 23.37 d | step 61/100000 | dt = 43200.0 s | wall 4.25 s | NL 3 | L 22
  0 SNES Function norm 4.259229638896e+03
    Linear BackwardEuler-Equation_ solve converged due to CONVERGED_RTOL iterations 8
  1 SNES Function norm 3.919512448706e+01
    Linear BackwardEuler-Equation_ solve converged due to CONVERGED_RTOL iterations 7
  2 SNES Function norm 1.875504764085e-02
    Linear BackwardEuler-Equation_ solve converged due to CONVERGED_RTOL iterations 8
  3 SNES Function norm 3.267521033004e-03
  Nonlinear BackwardEuler-Equation_ solve converged due to CONVERGED_SNORM_RELATIVE iterations 3
t = 23.87 d | step 62/100000 | dt = 43200.0 s | wall 4.43 s | NL 3 | L 23
  0 SNES Function norm 4.253658412537e+03
    Linear BackwardEuler-Equation_ solve converged due to CONVERGED_RTOL iterations 8
  1 SNES Function norm 2.677803655265e+02
    Linear BackwardEuler-Equation_ solve converged due to CONVERGED_RTOL iterations 6
  2 SNES Function norm 2.859617752958e-02
    Linear BackwardEuler-Equation_ solve converged due to CONVERGED_RTOL iterations 8
  3 SNES Function norm 3.286696592570e-03
  Nonlinear BackwardEuler-Equation_ solve converged due to CONVERGED_SNORM_RELATIVE iterations 3
t = 24.37 d | step 63/100000 | dt = 43200.0 s | wall 4.28 s | NL 3 | L 22
  0 SNES Function norm 4.248359717027e+03
    Linear BackwardEuler-Equation_ solve converged due to CONVERGED_RTOL iterations 8
  1 SNES Function norm 1.979896718115e+01
    Linear BackwardEuler-Equation_ solve converged due to CONVERGED_RTOL iterations 8
  2 SNES Function norm 2.634965920693e-02
    Linear BackwardEuler-Equation_ solve converged due to CONVERGED_RTOL iterations 8
  3 SNES Function norm 3.255299577836e-03
  Nonlinear BackwardEuler-Equation_ solve converged due to CONVERGED_SNORM_RELATIVE iterations 3
t = 24.87 d | step 64/100000 | dt = 43200.0 s | wall 4.48 s | NL 3 | L 24
  0 SNES Function norm 4.243274572735e+03
    Linear BackwardEuler-Equation_ solve converged due to CONVERGED_RTOL iterations 8
  1 SNES Function norm 2.116829123816e+01
    Linear BackwardEuler-Equation_ solve converged due to CONVERGED_RTOL iterations 8
  2 SNES Function norm 4.696444648074e-02
    Linear BackwardEuler-Equation_ solve converged due to CONVERGED_RTOL iterations 8
  3 SNES Function norm 3.257594108444e-03
  Nonlinear BackwardEuler-Equation_ solve converged due to CONVERGED_SNORM_RELATIVE iterations 3
t = 25.37 d | step 65/100000 | dt = 43200.0 s | wall 4.51 s | NL 3 | L 24
  0 SNES Function norm 4.238195944843e+03
    Linear BackwardEuler-Equation_ solve converged due to CONVERGED_RTOL iterations 8
  1 SNES Function norm 4.477963839386e+01
    Linear BackwardEuler-Equation_ solve converged due to CONVERGED_RTOL iterations 7
  2 SNES Function norm 2.733532163155e-02
  Nonlinear BackwardEuler-Equation_ solve converged due to CONVERGED_SNORM_RELATIVE iterations 2
t = 25.87 d | step 66/100000 | dt = 43200.0 s | wall 2.90 s | NL 2 | L 15
  0 SNES Function norm 4.233304621544e+03
    Linear BackwardEuler-Equation_ solve converged due to CONVERGED_RTOL iterations 8
  1 SNES Function norm 1.857452083270e+01
    Linear BackwardEuler-Equation_ solve converged due to CONVERGED_RTOL iterations 8
  2 SNES Function norm 1.183790872494e-02
  Nonlinear BackwardEuler-Equation_ solve converged due to CONVERGED_SNORM_RELATIVE iterations 2
t = 26.37 d | step 67/100000 | dt = 43200.0 s | wall 3.00 s | NL 2 | L 16
  0 SNES Function norm 4.228516905221e+03
    Linear BackwardEuler-Equation_ solve converged due to CONVERGED_RTOL iterations 8
  1 SNES Function norm 1.939022634465e+01
    Linear BackwardEuler-Equation_ solve converged due to CONVERGED_RTOL iterations 8
  2 SNES Function norm 1.053822393206e-01
  Nonlinear BackwardEuler-Equation_ solve converged due to CONVERGED_SNORM_RELATIVE iterations 2
t = 26.87 d | step 68/100000 | dt = 43200.0 s | wall 2.99 s | NL 2 | L 16
  0 SNES Function norm 4.223783693789e+03
    Linear BackwardEuler-Equation_ solve converged due to CONVERGED_RTOL iterations 8
  1 SNES Function norm 2.295671368371e+01
    Linear BackwardEuler-Equation_ solve converged due to CONVERGED_RTOL iterations 7
  2 SNES Function norm 2.620102032443e-02
  Nonlinear BackwardEuler-Equation_ solve converged due to CONVERGED_SNORM_RELATIVE iterations 2
t = 27.37 d | step 69/100000 | dt = 43200.0 s | wall 2.89 s | NL 2 | L 15
  0 SNES Function norm 4.219216010499e+03
    Linear BackwardEuler-Equation_ solve converged due to CONVERGED_RTOL iterations 8
  1 SNES Function norm 1.913918828068e+01
    Linear BackwardEuler-Equation_ solve converged due to CONVERGED_RTOL iterations 8
  2 SNES Function norm 6.172989760881e-02
  Nonlinear BackwardEuler-Equation_ solve converged due to CONVERGED_SNORM_RELATIVE iterations 2
t = 27.87 d | step 70/100000 | dt = 43200.0 s | wall 3.00 s | NL 2 | L 16
  0 SNES Function norm 4.214718332902e+03
    Linear BackwardEuler-Equation_ solve converged due to CONVERGED_RTOL iterations 8
  1 SNES Function norm 2.286069903788e+01
    Linear BackwardEuler-Equation_ solve converged due to CONVERGED_RTOL iterations 8
  2 SNES Function norm 3.136513122357e-02
  Nonlinear BackwardEuler-Equation_ solve converged due to CONVERGED_SNORM_RELATIVE iterations 2
t = 28.37 d | step 71/100000 | dt = 43200.0 s | wall 3.01 s | NL 2 | L 16
  0 SNES Function norm 4.210435740728e+03
    Linear BackwardEuler-Equation_ solve converged due to CONVERGED_RTOL iterations 8
  1 SNES Function norm 1.882161485336e+01
    Linear BackwardEuler-Equation_ solve converged due to CONVERGED_RTOL iterations 8
  2 SNES Function norm 2.955406518596e-02
  Nonlinear BackwardEuler-Equation_ solve converged due to CONVERGED_SNORM_RELATIVE iterations 2
t = 28.87 d | step 72/100000 | dt = 43200.0 s | wall 2.99 s | NL 2 | L 16
  0 SNES Function norm 4.206184861805e+03
    Linear BackwardEuler-Equation_ solve converged due to CONVERGED_RTOL iterations 8
  1 SNES Function norm 1.148694820486e+01
    Linear BackwardEuler-Equation_ solve converged due to CONVERGED_RTOL iterations 8
  2 SNES Function norm 1.334416788029e-02
  Nonlinear BackwardEuler-Equation_ solve converged due to CONVERGED_SNORM_RELATIVE iterations 2
t = 29.37 d | step 73/100000 | dt = 43200.0 s | wall 2.99 s | NL 2 | L 16
  0 SNES Function norm 4.202115746341e+03
    Linear BackwardEuler-Equation_ solve converged due to CONVERGED_RTOL iterations 8
  1 SNES Function norm 1.873263994077e+01
    Linear BackwardEuler-Equation_ solve converged due to CONVERGED_RTOL iterations 8
  2 SNES Function norm 1.249339895596e-02
  Nonlinear BackwardEuler-Equation_ solve converged due to CONVERGED_SNORM_RELATIVE iterations 2
t = 29.87 d | step 74/100000 | dt = 43200.0 s | wall 3.03 s | NL 2 | L 16
  0 SNES Function norm 4.198193771212e+03
    Linear BackwardEuler-Equation_ solve converged due to CONVERGED_RTOL iterations 8
  1 SNES Function norm 1.511464341335e+01
    Linear BackwardEuler-Equation_ solve converged due to CONVERGED_RTOL iterations 8
  2 SNES Function norm 2.187840146778e-02
  Nonlinear BackwardEuler-Equation_ solve converged due to CONVERGED_SNORM_RELATIVE iterations 2
t = 30.37 d | step 75/100000 | dt = 43200.0 s | wall 3.02 s | NL 2 | L 16
Done | total NL 204 | total L 1541 | mean wall/step 4.29 s | peak RSS 990 MB | steps 75 | failed 0 | sim_time 30.37 d
=== Job completed: Wed Apr 15 12:17:02 AEST 2026 ===

======================================================================================
                  Resource Usage on 2026-04-15 12:17:13:
   Job Id:             165699181.gadi-pbs
   Project:            xd2
   Exit Status:        0
   Service Units:      93.60
   NCPUs Requested:    416                 CPU Time Used: 44:22:56        
   Memory Requested:   1.95TB                Memory Used: 311.04GB        
   Walltime Requested: 06:00:00            Walltime Used: 00:06:45        
   JobFS Requested:    400.0GB                JobFS Used: 142.43MB        
======================================================================================
