=== Job info ===
Case: murr_strong
Solver: bjacobi
Scale: s1
Degree: 1
Nodes: 1
CPUs: 104
Date: Fri Aug 21 22:38:11 AEST 2026
G-ADOPT commit: 3ab20fabc820d68b6d1f820b80149bc8e452a7f4
Morrow commit: 9f1c014645b561e55a2576f70ae9efd804cb3e6a
Driver SHA256: f5182d7d32b0293d79ef7050bbc979798d87c378f1525fe27f283ad0b4e5ba41
Solver SHA256: 647928a1afcd8cfbbcb5c87f23b115f71f40a9538cd5a523d3a4b213dfcc37f3
Firedrake module: singularity:intel-compiler-llvm/2024.2.1:petsc/main-20260815:firedrake/main-20260806
PETSC_OPTIONS: -log_view :/scratch/xd2/sg8812/morrow2026/parallel_scaling/results/murr_strong/bjacobi/s1.profile
================
Number of degrees of freedom: 334540800
Horizontal resolution: 620.0 m, Layers: 300, DG1
Time stepper: BackwardEuler, dt_init = 60.0 s, dt_max = 43200.0 s, growth = 1.5
Solver: bjacobi
Solver parameters: {'ksp_type': 'gmres', 'ksp_rtol': 0.0001, 'ksp_max_it': 500, 'ksp_gmres_restart': 30, 'pc_type': 'bjacobi', 'sub_ksp_type': 'preonly', 'sub_pc_type': 'ilu', 'sub_pc_factor_levels': 0, 'snes_type': 'newtonls', 'snes_linesearch_type': 'bt', 'snes_rtol': 1e-08, 'snes_atol': 1e-12, 'snes_stol': 1e-08, 'snes_max_it': 50}
    Linear BackwardEuler-Equation_ solve converged due to CONVERGED_RTOL iterations 57
    Linear BackwardEuler-Equation_ solve converged due to CONVERGED_RTOL iterations 57
  Nonlinear BackwardEuler-Equation_ solve converged due to CONVERGED_SNORM_RELATIVE iterations 2
t = 0.00 d | step 1/100000 | dt = 60.0 s | wall 163.13 s | NL 2 | L 114
    Linear BackwardEuler-Equation_ solve converged due to CONVERGED_RTOL iterations 21
    Linear BackwardEuler-Equation_ solve converged due to CONVERGED_RTOL iterations 51
  Nonlinear BackwardEuler-Equation_ solve converged due to CONVERGED_SNORM_RELATIVE iterations 2
t = 0.00 d | step 2/100000 | dt = 90.0 s | wall 84.51 s | NL 2 | L 72
    Linear BackwardEuler-Equation_ solve converged due to CONVERGED_RTOL iterations 21
    Linear BackwardEuler-Equation_ solve converged due to CONVERGED_RTOL iterations 53
  Nonlinear BackwardEuler-Equation_ solve converged due to CONVERGED_SNORM_RELATIVE iterations 2
t = 0.00 d | step 3/100000 | dt = 135.0 s | wall 81.27 s | NL 2 | L 74
    Linear BackwardEuler-Equation_ solve converged due to CONVERGED_RTOL iterations 20
    Linear BackwardEuler-Equation_ solve converged due to CONVERGED_RTOL iterations 53
  Nonlinear BackwardEuler-Equation_ solve converged due to CONVERGED_SNORM_RELATIVE iterations 2
t = 0.01 d | step 4/100000 | dt = 202.5 s | wall 80.17 s | NL 2 | L 73
    Linear BackwardEuler-Equation_ solve converged due to CONVERGED_RTOL iterations 19
    Linear BackwardEuler-Equation_ solve converged due to CONVERGED_RTOL iterations 51
  Nonlinear BackwardEuler-Equation_ solve converged due to CONVERGED_SNORM_RELATIVE iterations 2
t = 0.01 d | step 5/100000 | dt = 303.8 s | wall 77.99 s | NL 2 | L 70
    Linear BackwardEuler-Equation_ solve converged due to CONVERGED_RTOL iterations 19
    Linear BackwardEuler-Equation_ solve converged due to CONVERGED_RTOL iterations 50
  Nonlinear BackwardEuler-Equation_ solve converged due to CONVERGED_SNORM_RELATIVE iterations 2
t = 0.01 d | step 6/100000 | dt = 455.6 s | wall 76.54 s | NL 2 | L 69
    Linear BackwardEuler-Equation_ solve converged due to CONVERGED_RTOL iterations 19
    Linear BackwardEuler-Equation_ solve converged due to CONVERGED_RTOL iterations 49
  Nonlinear BackwardEuler-Equation_ solve converged due to CONVERGED_SNORM_RELATIVE iterations 2
t = 0.02 d | step 7/100000 | dt = 683.4 s | wall 75.67 s | NL 2 | L 68
    Linear BackwardEuler-Equation_ solve converged due to CONVERGED_RTOL iterations 19
    Linear BackwardEuler-Equation_ solve converged due to CONVERGED_RTOL iterations 46
  Nonlinear BackwardEuler-Equation_ solve converged due to CONVERGED_SNORM_RELATIVE iterations 2
t = 0.03 d | step 8/100000 | dt = 1025.2 s | wall 72.83 s | NL 2 | L 65
    Linear BackwardEuler-Equation_ solve converged due to CONVERGED_RTOL iterations 19
    Linear BackwardEuler-Equation_ solve converged due to CONVERGED_RTOL iterations 45
    Linear BackwardEuler-Equation_ solve converged due to CONVERGED_RTOL iterations 68
  Nonlinear BackwardEuler-Equation_ solve converged due to CONVERGED_SNORM_RELATIVE iterations 3
t = 0.05 d | step 9/100000 | dt = 1537.7 s | wall 142.22 s | NL 3 | L 132
    Linear BackwardEuler-Equation_ solve converged due to CONVERGED_RTOL iterations 19
    Linear BackwardEuler-Equation_ solve converged due to CONVERGED_RTOL iterations 44

======================================================================================
                  Resource Usage on 2026-08-21 22:56:20:
   Job Id:             176972440.gadi-pbs
   Project:            xd2
   Exit Status:        271 (Linux Signal 15 SIGTERM Termination)
   Service Units:      62.80
   NCPUs Requested:    104                 CPU Time Used: 30:16:25        
   Memory Requested:   500.0GB               Memory Used: 490.01GB        
   Walltime Requested: 06:00:00            Walltime Used: 00:18:07        
   JobFS Requested:    400.0GB                JobFS Used: 88.12MB         
======================================================================================
