=== Job info ===
Phase: production
Case: murr_strong
Scale: s8
Solver: bjacobi
Nodes: 8
CPUs: 832
Walltime limit: 03:00:00
Firedrake module: firedrake/main-20260806
G-ADOPT source: /scratch/xd2/sg8812/morrow2026-bjacobi-matrix-20260820T070948Z/source/g-adopt
PETSC_OPTIONS: -log_view :/scratch/xd2/sg8812/morrow2026-bjacobi-matrix-20260820T070948Z/production/results/murr_strong/s8/run.profile
Date: 2026-08-20T07:26:31Z
Command: python /scratch/xd2/sg8812/morrow2026-bjacobi-matrix-20260820T070948Z/source/morrow/parallel_scaling/murrumbidgee_3d.py --horiz-res 620 --layers 300 --solver bjacobi --refinement-levels 0 --dt-init 60 --dt-max 43200 --dt-growth 1.5 --dt-shrink 0.5 --t-final 2592000 --data-dir /scratch/xd2/sg8812/morrow2026-bjacobi-matrix-20260820T070948Z/source/morrow/parallel_scaling/murrumbidgee_data --profile
================
Number of degrees of freedom: 322912800
Horizontal resolution: 620.0 m, Layers: 300, DG1
Time stepper: BackwardEuler, dt_init = 60.0 s, dt_max = 43200.0 s, growth = 1.5
Solver: bjacobi
Solver parameters: {'ksp_type': 'gmres', 'ksp_rtol': 1e-06, 'ksp_max_it': 500, 'ksp_gmres_restart': 30, 'pc_type': 'bjacobi', 'sub_ksp_type': 'preonly', 'sub_pc_type': 'ilu', 'sub_pc_factor_levels': 0, 'snes_type': 'newtonls', 'snes_linesearch_type': 'bt', 'snes_rtol': 1e-08, 'snes_atol': 1e-08, 'snes_max_it': 50}
    Linear BackwardEuler-Equation_ solve converged due to CONVERGED_RTOL iterations 87
    Linear BackwardEuler-Equation_ solve converged due to CONVERGED_RTOL iterations 72
  Nonlinear BackwardEuler-Equation_ solve converged due to CONVERGED_SNORM_RELATIVE iterations 2
t = 0.00 d | step 1/100000 | dt = 60.0 s | wall 39.20 s | NL 2 | L 159
    Linear BackwardEuler-Equation_ solve converged due to CONVERGED_RTOL iterations 50
    Linear BackwardEuler-Equation_ solve converged due to CONVERGED_RTOL iterations 66
  Nonlinear BackwardEuler-Equation_ solve converged due to CONVERGED_SNORM_RELATIVE iterations 2
t = 0.00 d | step 2/100000 | dt = 90.0 s | wall 14.80 s | NL 2 | L 116
    Linear BackwardEuler-Equation_ solve converged due to CONVERGED_RTOL iterations 48
    Linear BackwardEuler-Equation_ solve converged due to CONVERGED_RTOL iterations 67
  Nonlinear BackwardEuler-Equation_ solve converged due to CONVERGED_SNORM_RELATIVE iterations 2
t = 0.00 d | step 3/100000 | dt = 135.0 s | wall 14.52 s | NL 2 | L 115
    Linear BackwardEuler-Equation_ solve converged due to CONVERGED_RTOL iterations 47
    Linear BackwardEuler-Equation_ solve converged due to CONVERGED_RTOL iterations 68
  Nonlinear BackwardEuler-Equation_ solve converged due to CONVERGED_SNORM_RELATIVE iterations 2
t = 0.01 d | step 4/100000 | dt = 202.5 s | wall 14.46 s | NL 2 | L 115
    Linear BackwardEuler-Equation_ solve converged due to CONVERGED_RTOL iterations 46
    Linear BackwardEuler-Equation_ solve converged due to CONVERGED_RTOL iterations 60
  Nonlinear BackwardEuler-Equation_ solve converged due to CONVERGED_SNORM_RELATIVE iterations 2
t = 0.01 d | step 5/100000 | dt = 303.8 s | wall 13.77 s | NL 2 | L 106
    Linear BackwardEuler-Equation_ solve converged due to CONVERGED_RTOL iterations 46
    Linear BackwardEuler-Equation_ solve converged due to CONVERGED_RTOL iterations 58
  Nonlinear BackwardEuler-Equation_ solve converged due to CONVERGED_SNORM_RELATIVE iterations 2
t = 0.01 d | step 6/100000 | dt = 455.6 s | wall 13.44 s | NL 2 | L 104
    Linear BackwardEuler-Equation_ solve converged due to CONVERGED_RTOL iterations 45
    Linear BackwardEuler-Equation_ solve converged due to CONVERGED_RTOL iterations 57
  Nonlinear BackwardEuler-Equation_ solve converged due to CONVERGED_SNORM_RELATIVE iterations 2
t = 0.02 d | step 7/100000 | dt = 683.4 s | wall 13.26 s | NL 2 | L 102
    Linear BackwardEuler-Equation_ solve converged due to CONVERGED_RTOL iterations 45
    Linear BackwardEuler-Equation_ solve converged due to CONVERGED_RTOL iterations 55
  Nonlinear BackwardEuler-Equation_ solve converged due to CONVERGED_SNORM_RELATIVE iterations 2
t = 0.03 d | step 8/100000 | dt = 1025.2 s | wall 12.86 s | NL 2 | L 100
    Linear BackwardEuler-Equation_ solve converged due to CONVERGED_RTOL iterations 46
    Linear BackwardEuler-Equation_ solve converged due to CONVERGED_RTOL iterations 55
  Nonlinear BackwardEuler-Equation_ solve converged due to CONVERGED_SNORM_RELATIVE iterations 2
t = 0.05 d | step 9/100000 | dt = 1537.7 s | wall 13.06 s | NL 2 | L 101
    Linear BackwardEuler-Equation_ solve converged due to CONVERGED_RTOL iterations 46
    Linear BackwardEuler-Equation_ solve converged due to CONVERGED_RTOL iterations 54
  Nonlinear BackwardEuler-Equation_ solve converged due to CONVERGED_SNORM_RELATIVE iterations 2
t = 0.08 d | step 10/100000 | dt = 2306.6 s | wall 12.88 s | NL 2 | L 100
    Linear BackwardEuler-Equation_ solve converged due to CONVERGED_RTOL iterations 46
    Linear BackwardEuler-Equation_ solve converged due to CONVERGED_RTOL iterations 52
  Nonlinear BackwardEuler-Equation_ solve converged due to CONVERGED_SNORM_RELATIVE iterations 2
t = 0.12 d | step 11/100000 | dt = 3459.9 s | wall 12.66 s | NL 2 | L 98
    Linear BackwardEuler-Equation_ solve converged due to CONVERGED_RTOL iterations 46
    Linear BackwardEuler-Equation_ solve converged due to CONVERGED_RTOL iterations 53
    Linear BackwardEuler-Equation_ solve converged due to CONVERGED_RTOL iterations 75
  Nonlinear BackwardEuler-Equation_ solve converged due to CONVERGED_SNORM_RELATIVE iterations 3
t = 0.18 d | step 12/100000 | dt = 5189.9 s | wall 22.06 s | NL 3 | L 174
    Linear BackwardEuler-Equation_ solve converged due to CONVERGED_RTOL iterations 47
    Linear BackwardEuler-Equation_ solve converged due to CONVERGED_RTOL iterations 52
    Linear BackwardEuler-Equation_ solve converged due to CONVERGED_RTOL iterations 70
  Nonlinear BackwardEuler-Equation_ solve converged due to CONVERGED_SNORM_RELATIVE iterations 3
t = 0.27 d | step 13/100000 | dt = 7784.8 s | wall 21.34 s | NL 3 | L 169
    Linear BackwardEuler-Equation_ solve converged due to CONVERGED_RTOL iterations 47
    Linear BackwardEuler-Equation_ solve converged due to CONVERGED_RTOL iterations 52
    Linear BackwardEuler-Equation_ solve converged due to CONVERGED_RTOL iterations 75
  Nonlinear BackwardEuler-Equation_ solve converged due to CONVERGED_SNORM_RELATIVE iterations 3
t = 0.40 d | step 14/100000 | dt = 11677.2 s | wall 21.82 s | NL 3 | L 174
    Linear BackwardEuler-Equation_ solve converged due to CONVERGED_RTOL iterations 47
    Linear BackwardEuler-Equation_ solve converged due to CONVERGED_RTOL iterations 51
    Linear BackwardEuler-Equation_ solve converged due to CONVERGED_RTOL iterations 78
  Nonlinear BackwardEuler-Equation_ solve converged due to CONVERGED_SNORM_RELATIVE iterations 3
t = 0.61 d | step 15/100000 | dt = 17515.8 s | wall 22.14 s | NL 3 | L 176
    Linear BackwardEuler-Equation_ solve converged due to CONVERGED_RTOL iterations 47
    Linear BackwardEuler-Equation_ solve converged due to CONVERGED_RTOL iterations 50
    Linear BackwardEuler-Equation_ solve converged due to CONVERGED_RTOL iterations 73
  Nonlinear BackwardEuler-Equation_ solve converged due to CONVERGED_SNORM_RELATIVE iterations 3
t = 0.91 d | step 16/100000 | dt = 26273.6 s | wall 21.51 s | NL 3 | L 170
    Linear BackwardEuler-Equation_ solve converged due to CONVERGED_RTOL iterations 48
    Linear BackwardEuler-Equation_ solve converged due to CONVERGED_RTOL iterations 49
    Linear BackwardEuler-Equation_ solve converged due to CONVERGED_RTOL iterations 73
  Nonlinear BackwardEuler-Equation_ solve converged due to CONVERGED_SNORM_RELATIVE iterations 3
t = 1.37 d | step 17/100000 | dt = 39410.5 s | wall 21.52 s | NL 3 | L 170
    Linear BackwardEuler-Equation_ solve converged due to CONVERGED_RTOL iterations 48
    Linear BackwardEuler-Equation_ solve converged due to CONVERGED_RTOL iterations 50
    Linear BackwardEuler-Equation_ solve converged due to CONVERGED_RTOL iterations 74
  Nonlinear BackwardEuler-Equation_ solve converged due to CONVERGED_SNORM_RELATIVE iterations 3
t = 1.87 d | step 18/100000 | dt = 43200.0 s | wall 21.66 s | NL 3 | L 172
    Linear BackwardEuler-Equation_ solve converged due to CONVERGED_RTOL iterations 48
    Linear BackwardEuler-Equation_ solve converged due to CONVERGED_RTOL iterations 50
    Linear BackwardEuler-Equation_ solve converged due to CONVERGED_RTOL iterations 74
  Nonlinear BackwardEuler-Equation_ solve converged due to CONVERGED_SNORM_RELATIVE iterations 3
t = 2.37 d | step 19/100000 | dt = 43200.0 s | wall 21.68 s | NL 3 | L 172
    Linear BackwardEuler-Equation_ solve converged due to CONVERGED_RTOL iterations 48
    Linear BackwardEuler-Equation_ solve converged due to CONVERGED_RTOL iterations 51
    Linear BackwardEuler-Equation_ solve converged due to CONVERGED_RTOL iterations 74
  Nonlinear BackwardEuler-Equation_ solve converged due to CONVERGED_SNORM_RELATIVE iterations 3
t = 2.87 d | step 20/100000 | dt = 43200.0 s | wall 21.81 s | NL 3 | L 173
    Linear BackwardEuler-Equation_ solve converged due to CONVERGED_RTOL iterations 48
    Linear BackwardEuler-Equation_ solve converged due to CONVERGED_RTOL iterations 52
    Linear BackwardEuler-Equation_ solve converged due to CONVERGED_RTOL iterations 75
  Nonlinear BackwardEuler-Equation_ solve converged due to CONVERGED_SNORM_RELATIVE iterations 3
t = 3.37 d | step 21/100000 | dt = 43200.0 s | wall 22.09 s | NL 3 | L 175
    Linear BackwardEuler-Equation_ solve converged due to CONVERGED_RTOL iterations 49
    Linear BackwardEuler-Equation_ solve converged due to CONVERGED_RTOL iterations 52
    Linear BackwardEuler-Equation_ solve converged due to CONVERGED_RTOL iterations 73
  Nonlinear BackwardEuler-Equation_ solve converged due to CONVERGED_SNORM_RELATIVE iterations 3
t = 3.87 d | step 22/100000 | dt = 43200.0 s | wall 22.08 s | NL 3 | L 174
    Linear BackwardEuler-Equation_ solve converged due to CONVERGED_RTOL iterations 49
    Linear BackwardEuler-Equation_ solve converged due to CONVERGED_RTOL iterations 53
    Linear BackwardEuler-Equation_ solve converged due to CONVERGED_RTOL iterations 74
  Nonlinear BackwardEuler-Equation_ solve converged due to CONVERGED_SNORM_RELATIVE iterations 3
t = 4.37 d | step 23/100000 | dt = 43200.0 s | wall 22.14 s | NL 3 | L 176
    Linear BackwardEuler-Equation_ solve converged due to CONVERGED_RTOL iterations 49
    Linear BackwardEuler-Equation_ solve converged due to CONVERGED_RTOL iterations 53
    Linear BackwardEuler-Equation_ solve converged due to CONVERGED_RTOL iterations 71
  Nonlinear BackwardEuler-Equation_ solve converged due to CONVERGED_SNORM_RELATIVE iterations 3
t = 4.87 d | step 24/100000 | dt = 43200.0 s | wall 21.92 s | NL 3 | L 173
    Linear BackwardEuler-Equation_ solve converged due to CONVERGED_RTOL iterations 49
    Linear BackwardEuler-Equation_ solve converged due to CONVERGED_RTOL iterations 53
    Linear BackwardEuler-Equation_ solve converged due to CONVERGED_RTOL iterations 74
  Nonlinear BackwardEuler-Equation_ solve converged due to CONVERGED_SNORM_RELATIVE iterations 3
t = 5.37 d | step 25/100000 | dt = 43200.0 s | wall 22.16 s | NL 3 | L 176
    Linear BackwardEuler-Equation_ solve converged due to CONVERGED_RTOL iterations 49
    Linear BackwardEuler-Equation_ solve converged due to CONVERGED_RTOL iterations 53
    Linear BackwardEuler-Equation_ solve converged due to CONVERGED_RTOL iterations 76
  Nonlinear BackwardEuler-Equation_ solve converged due to CONVERGED_SNORM_RELATIVE iterations 3
t = 5.87 d | step 26/100000 | dt = 43200.0 s | wall 22.54 s | NL 3 | L 178
    Linear BackwardEuler-Equation_ solve converged due to CONVERGED_RTOL iterations 49
    Linear BackwardEuler-Equation_ solve converged due to CONVERGED_RTOL iterations 54
    Linear BackwardEuler-Equation_ solve converged due to CONVERGED_RTOL iterations 73
  Nonlinear BackwardEuler-Equation_ solve converged due to CONVERGED_SNORM_RELATIVE iterations 3
t = 6.37 d | step 27/100000 | dt = 43200.0 s | wall 22.17 s | NL 3 | L 176
    Linear BackwardEuler-Equation_ solve converged due to CONVERGED_RTOL iterations 49
    Linear BackwardEuler-Equation_ solve converged due to CONVERGED_RTOL iterations 54
    Linear BackwardEuler-Equation_ solve converged due to CONVERGED_RTOL iterations 76
  Nonlinear BackwardEuler-Equation_ solve converged due to CONVERGED_SNORM_RELATIVE iterations 3
t = 6.87 d | step 28/100000 | dt = 43200.0 s | wall 22.36 s | NL 3 | L 179
    Linear BackwardEuler-Equation_ solve converged due to CONVERGED_RTOL iterations 50
    Linear BackwardEuler-Equation_ solve converged due to CONVERGED_RTOL iterations 54
    Linear BackwardEuler-Equation_ solve converged due to CONVERGED_RTOL iterations 75
  Nonlinear BackwardEuler-Equation_ solve converged due to CONVERGED_SNORM_RELATIVE iterations 3
t = 7.37 d | step 29/100000 | dt = 43200.0 s | wall 22.35 s | NL 3 | L 179
    Linear BackwardEuler-Equation_ solve converged due to CONVERGED_RTOL iterations 50
    Linear BackwardEuler-Equation_ solve converged due to CONVERGED_RTOL iterations 54
    Linear BackwardEuler-Equation_ solve converged due to CONVERGED_RTOL iterations 77
  Nonlinear BackwardEuler-Equation_ solve converged due to CONVERGED_SNORM_RELATIVE iterations 3
t = 7.87 d | step 30/100000 | dt = 43200.0 s | wall 22.75 s | NL 3 | L 181
    Linear BackwardEuler-Equation_ solve converged due to CONVERGED_RTOL iterations 50
    Linear BackwardEuler-Equation_ solve converged due to CONVERGED_RTOL iterations 54
    Linear BackwardEuler-Equation_ solve converged due to CONVERGED_RTOL iterations 74
  Nonlinear BackwardEuler-Equation_ solve converged due to CONVERGED_SNORM_RELATIVE iterations 3
t = 8.37 d | step 31/100000 | dt = 43200.0 s | wall 22.14 s | NL 3 | L 178
    Linear BackwardEuler-Equation_ solve converged due to CONVERGED_RTOL iterations 50
    Linear BackwardEuler-Equation_ solve converged due to CONVERGED_RTOL iterations 55
    Linear BackwardEuler-Equation_ solve converged due to CONVERGED_RTOL iterations 79
  Nonlinear BackwardEuler-Equation_ solve converged due to CONVERGED_SNORM_RELATIVE iterations 3
t = 8.87 d | step 32/100000 | dt = 43200.0 s | wall 23.03 s | NL 3 | L 184
    Linear BackwardEuler-Equation_ solve converged due to CONVERGED_RTOL iterations 50
    Linear BackwardEuler-Equation_ solve converged due to CONVERGED_RTOL iterations 54
    Linear BackwardEuler-Equation_ solve converged due to CONVERGED_RTOL iterations 75
  Nonlinear BackwardEuler-Equation_ solve converged due to CONVERGED_SNORM_RELATIVE iterations 3
t = 9.37 d | step 33/100000 | dt = 43200.0 s | wall 22.36 s | NL 3 | L 179
    Linear BackwardEuler-Equation_ solve converged due to CONVERGED_RTOL iterations 50
    Linear BackwardEuler-Equation_ solve converged due to CONVERGED_RTOL iterations 56
    Linear BackwardEuler-Equation_ solve converged due to CONVERGED_RTOL iterations 74
  Nonlinear BackwardEuler-Equation_ solve converged due to CONVERGED_SNORM_RELATIVE iterations 3
t = 9.87 d | step 34/100000 | dt = 43200.0 s | wall 22.62 s | NL 3 | L 180
    Linear BackwardEuler-Equation_ solve converged due to CONVERGED_RTOL iterations 50
    Linear BackwardEuler-Equation_ solve converged due to CONVERGED_RTOL iterations 56
    Linear BackwardEuler-Equation_ solve converged due to CONVERGED_RTOL iterations 75
  Nonlinear BackwardEuler-Equation_ solve converged due to CONVERGED_SNORM_RELATIVE iterations 3
t = 10.37 d | step 35/100000 | dt = 43200.0 s | wall 22.63 s | NL 3 | L 181
    Linear BackwardEuler-Equation_ solve converged due to CONVERGED_RTOL iterations 50
    Linear BackwardEuler-Equation_ solve converged due to CONVERGED_RTOL iterations 56
    Linear BackwardEuler-Equation_ solve converged due to CONVERGED_RTOL iterations 77
  Nonlinear BackwardEuler-Equation_ solve converged due to CONVERGED_SNORM_RELATIVE iterations 3
t = 10.87 d | step 36/100000 | dt = 43200.0 s | wall 22.94 s | NL 3 | L 183
    Linear BackwardEuler-Equation_ solve converged due to CONVERGED_RTOL iterations 50
    Linear BackwardEuler-Equation_ solve converged due to CONVERGED_RTOL iterations 55
    Linear BackwardEuler-Equation_ solve converged due to CONVERGED_RTOL iterations 76
  Nonlinear BackwardEuler-Equation_ solve converged due to CONVERGED_SNORM_RELATIVE iterations 3
t = 11.37 d | step 37/100000 | dt = 43200.0 s | wall 22.74 s | NL 3 | L 181
    Linear BackwardEuler-Equation_ solve converged due to CONVERGED_RTOL iterations 50
    Linear BackwardEuler-Equation_ solve converged due to CONVERGED_RTOL iterations 56
    Linear BackwardEuler-Equation_ solve converged due to CONVERGED_RTOL iterations 75
  Nonlinear BackwardEuler-Equation_ solve converged due to CONVERGED_SNORM_RELATIVE iterations 3
t = 11.87 d | step 38/100000 | dt = 43200.0 s | wall 22.82 s | NL 3 | L 181
    Linear BackwardEuler-Equation_ solve converged due to CONVERGED_RTOL iterations 50
    Linear BackwardEuler-Equation_ solve converged due to CONVERGED_RTOL iterations 56
    Linear BackwardEuler-Equation_ solve converged due to CONVERGED_RTOL iterations 75
  Nonlinear BackwardEuler-Equation_ solve converged due to CONVERGED_SNORM_RELATIVE iterations 3
t = 12.37 d | step 39/100000 | dt = 43200.0 s | wall 22.69 s | NL 3 | L 181
    Linear BackwardEuler-Equation_ solve converged due to CONVERGED_RTOL iterations 50
    Linear BackwardEuler-Equation_ solve converged due to CONVERGED_RTOL iterations 56
    Linear BackwardEuler-Equation_ solve converged due to CONVERGED_RTOL iterations 71
  Nonlinear BackwardEuler-Equation_ solve converged due to CONVERGED_SNORM_RELATIVE iterations 3
t = 12.87 d | step 40/100000 | dt = 43200.0 s | wall 22.46 s | NL 3 | L 177
    Linear BackwardEuler-Equation_ solve converged due to CONVERGED_RTOL iterations 50
    Linear BackwardEuler-Equation_ solve converged due to CONVERGED_RTOL iterations 56
    Linear BackwardEuler-Equation_ solve converged due to CONVERGED_RTOL iterations 77
  Nonlinear BackwardEuler-Equation_ solve converged due to CONVERGED_SNORM_RELATIVE iterations 3
t = 13.37 d | step 41/100000 | dt = 43200.0 s | wall 22.88 s | NL 3 | L 183
    Linear BackwardEuler-Equation_ solve converged due to CONVERGED_RTOL iterations 50
    Linear BackwardEuler-Equation_ solve converged due to CONVERGED_RTOL iterations 57
    Linear BackwardEuler-Equation_ solve converged due to CONVERGED_RTOL iterations 75
  Nonlinear BackwardEuler-Equation_ solve converged due to CONVERGED_SNORM_RELATIVE iterations 3
t = 13.87 d | step 42/100000 | dt = 43200.0 s | wall 23.00 s | NL 3 | L 182
    Linear BackwardEuler-Equation_ solve converged due to CONVERGED_RTOL iterations 51
    Linear BackwardEuler-Equation_ solve converged due to CONVERGED_RTOL iterations 56
    Linear BackwardEuler-Equation_ solve converged due to CONVERGED_RTOL iterations 69
  Nonlinear BackwardEuler-Equation_ solve converged due to CONVERGED_SNORM_RELATIVE iterations 3
t = 14.37 d | step 43/100000 | dt = 43200.0 s | wall 22.21 s | NL 3 | L 176
    Linear BackwardEuler-Equation_ solve converged due to CONVERGED_RTOL iterations 51
    Linear BackwardEuler-Equation_ solve converged due to CONVERGED_RTOL iterations 57
    Linear BackwardEuler-Equation_ solve converged due to CONVERGED_RTOL iterations 78
  Nonlinear BackwardEuler-Equation_ solve converged due to CONVERGED_SNORM_RELATIVE iterations 3
t = 14.87 d | step 44/100000 | dt = 43200.0 s | wall 23.46 s | NL 3 | L 186
    Linear BackwardEuler-Equation_ solve converged due to CONVERGED_RTOL iterations 51
    Linear BackwardEuler-Equation_ solve converged due to CONVERGED_RTOL iterations 57
    Linear BackwardEuler-Equation_ solve converged due to CONVERGED_RTOL iterations 76
  Nonlinear BackwardEuler-Equation_ solve converged due to CONVERGED_SNORM_RELATIVE iterations 3
t = 15.37 d | step 45/100000 | dt = 43200.0 s | wall 22.93 s | NL 3 | L 184
    Linear BackwardEuler-Equation_ solve converged due to CONVERGED_RTOL iterations 51
    Linear BackwardEuler-Equation_ solve converged due to CONVERGED_RTOL iterations 57
    Linear BackwardEuler-Equation_ solve converged due to CONVERGED_RTOL iterations 78
  Nonlinear BackwardEuler-Equation_ solve converged due to CONVERGED_SNORM_RELATIVE iterations 3
t = 15.87 d | step 46/100000 | dt = 43200.0 s | wall 23.32 s | NL 3 | L 186
    Linear BackwardEuler-Equation_ solve converged due to CONVERGED_RTOL iterations 51
    Linear BackwardEuler-Equation_ solve converged due to CONVERGED_RTOL iterations 57
    Linear BackwardEuler-Equation_ solve converged due to CONVERGED_RTOL iterations 76
  Nonlinear BackwardEuler-Equation_ solve converged due to CONVERGED_SNORM_RELATIVE iterations 3
t = 16.37 d | step 47/100000 | dt = 43200.0 s | wall 23.06 s | NL 3 | L 184
    Linear BackwardEuler-Equation_ solve converged due to CONVERGED_RTOL iterations 51
    Linear BackwardEuler-Equation_ solve converged due to CONVERGED_RTOL iterations 57
    Linear BackwardEuler-Equation_ solve converged due to CONVERGED_RTOL iterations 74
  Nonlinear BackwardEuler-Equation_ solve converged due to CONVERGED_SNORM_RELATIVE iterations 3
t = 16.87 d | step 48/100000 | dt = 43200.0 s | wall 22.84 s | NL 3 | L 182
    Linear BackwardEuler-Equation_ solve converged due to CONVERGED_RTOL iterations 51
    Linear BackwardEuler-Equation_ solve converged due to CONVERGED_RTOL iterations 58
    Linear BackwardEuler-Equation_ solve converged due to CONVERGED_RTOL iterations 73
  Nonlinear BackwardEuler-Equation_ solve converged due to CONVERGED_SNORM_RELATIVE iterations 3
t = 17.37 d | step 49/100000 | dt = 43200.0 s | wall 22.90 s | NL 3 | L 182
    Linear BackwardEuler-Equation_ solve converged due to CONVERGED_RTOL iterations 51
    Linear BackwardEuler-Equation_ solve converged due to CONVERGED_RTOL iterations 57
    Linear BackwardEuler-Equation_ solve converged due to CONVERGED_RTOL iterations 72
  Nonlinear BackwardEuler-Equation_ solve converged due to CONVERGED_SNORM_RELATIVE iterations 3
t = 17.87 d | step 50/100000 | dt = 43200.0 s | wall 22.55 s | NL 3 | L 180
    Linear BackwardEuler-Equation_ solve converged due to CONVERGED_RTOL iterations 51
    Linear BackwardEuler-Equation_ solve converged due to CONVERGED_RTOL iterations 58
    Linear BackwardEuler-Equation_ solve converged due to CONVERGED_RTOL iterations 75
  Nonlinear BackwardEuler-Equation_ solve converged due to CONVERGED_SNORM_RELATIVE iterations 3
t = 18.37 d | step 51/100000 | dt = 43200.0 s | wall 22.98 s | NL 3 | L 184
    Linear BackwardEuler-Equation_ solve converged due to CONVERGED_RTOL iterations 51
    Linear BackwardEuler-Equation_ solve converged due to CONVERGED_RTOL iterations 58
    Linear BackwardEuler-Equation_ solve converged due to CONVERGED_RTOL iterations 78
  Nonlinear BackwardEuler-Equation_ solve converged due to CONVERGED_SNORM_RELATIVE iterations 3
t = 18.87 d | step 52/100000 | dt = 43200.0 s | wall 23.24 s | NL 3 | L 187
    Linear BackwardEuler-Equation_ solve converged due to CONVERGED_RTOL iterations 51
    Linear BackwardEuler-Equation_ solve converged due to CONVERGED_RTOL iterations 58
    Linear BackwardEuler-Equation_ solve converged due to CONVERGED_RTOL iterations 74
  Nonlinear BackwardEuler-Equation_ solve converged due to CONVERGED_SNORM_RELATIVE iterations 3
t = 19.37 d | step 53/100000 | dt = 43200.0 s | wall 23.20 s | NL 3 | L 183
    Linear BackwardEuler-Equation_ solve converged due to CONVERGED_RTOL iterations 51
    Linear BackwardEuler-Equation_ solve converged due to CONVERGED_RTOL iterations 58
    Linear BackwardEuler-Equation_ solve converged due to CONVERGED_RTOL iterations 72
  Nonlinear BackwardEuler-Equation_ solve converged due to CONVERGED_SNORM_RELATIVE iterations 3
t = 19.87 d | step 54/100000 | dt = 43200.0 s | wall 22.64 s | NL 3 | L 181
    Linear BackwardEuler-Equation_ solve converged due to CONVERGED_RTOL iterations 51
    Linear BackwardEuler-Equation_ solve converged due to CONVERGED_RTOL iterations 57
    Linear BackwardEuler-Equation_ solve converged due to CONVERGED_RTOL iterations 75
  Nonlinear BackwardEuler-Equation_ solve converged due to CONVERGED_SNORM_RELATIVE iterations 3
t = 20.37 d | step 55/100000 | dt = 43200.0 s | wall 23.15 s | NL 3 | L 183
    Linear BackwardEuler-Equation_ solve converged due to CONVERGED_RTOL iterations 51
    Linear BackwardEuler-Equation_ solve converged due to CONVERGED_RTOL iterations 58
    Linear BackwardEuler-Equation_ solve converged due to CONVERGED_RTOL iterations 76
  Nonlinear BackwardEuler-Equation_ solve converged due to CONVERGED_SNORM_RELATIVE iterations 3
t = 20.87 d | step 56/100000 | dt = 43200.0 s | wall 23.08 s | NL 3 | L 185
    Linear BackwardEuler-Equation_ solve converged due to CONVERGED_RTOL iterations 51
    Linear BackwardEuler-Equation_ solve converged due to CONVERGED_RTOL iterations 59
    Linear BackwardEuler-Equation_ solve converged due to CONVERGED_RTOL iterations 75
  Nonlinear BackwardEuler-Equation_ solve converged due to CONVERGED_SNORM_RELATIVE iterations 3
t = 21.37 d | step 57/100000 | dt = 43200.0 s | wall 23.10 s | NL 3 | L 185
    Linear BackwardEuler-Equation_ solve converged due to CONVERGED_RTOL iterations 51
    Linear BackwardEuler-Equation_ solve converged due to CONVERGED_RTOL iterations 58
    Linear BackwardEuler-Equation_ solve converged due to CONVERGED_RTOL iterations 75
  Nonlinear BackwardEuler-Equation_ solve converged due to CONVERGED_SNORM_RELATIVE iterations 3
t = 21.87 d | step 58/100000 | dt = 43200.0 s | wall 23.04 s | NL 3 | L 184
    Linear BackwardEuler-Equation_ solve converged due to CONVERGED_RTOL iterations 51
    Linear BackwardEuler-Equation_ solve converged due to CONVERGED_RTOL iterations 59
    Linear BackwardEuler-Equation_ solve converged due to CONVERGED_RTOL iterations 77
  Nonlinear BackwardEuler-Equation_ solve converged due to CONVERGED_SNORM_RELATIVE iterations 3
t = 22.37 d | step 59/100000 | dt = 43200.0 s | wall 23.33 s | NL 3 | L 187
    Linear BackwardEuler-Equation_ solve converged due to CONVERGED_RTOL iterations 51
    Linear BackwardEuler-Equation_ solve converged due to CONVERGED_RTOL iterations 58
    Linear BackwardEuler-Equation_ solve converged due to CONVERGED_RTOL iterations 73
  Nonlinear BackwardEuler-Equation_ solve converged due to CONVERGED_SNORM_RELATIVE iterations 3
t = 22.87 d | step 60/100000 | dt = 43200.0 s | wall 22.91 s | NL 3 | L 182
    Linear BackwardEuler-Equation_ solve converged due to CONVERGED_RTOL iterations 51
    Linear BackwardEuler-Equation_ solve converged due to CONVERGED_RTOL iterations 58
    Linear BackwardEuler-Equation_ solve converged due to CONVERGED_RTOL iterations 76
  Nonlinear BackwardEuler-Equation_ solve converged due to CONVERGED_SNORM_RELATIVE iterations 3
t = 23.37 d | step 61/100000 | dt = 43200.0 s | wall 23.10 s | NL 3 | L 185
    Linear BackwardEuler-Equation_ solve converged due to CONVERGED_RTOL iterations 51
    Linear BackwardEuler-Equation_ solve converged due to CONVERGED_RTOL iterations 59
    Linear BackwardEuler-Equation_ solve converged due to CONVERGED_RTOL iterations 74
  Nonlinear BackwardEuler-Equation_ solve converged due to CONVERGED_SNORM_RELATIVE iterations 3
t = 23.87 d | step 62/100000 | dt = 43200.0 s | wall 23.29 s | NL 3 | L 184
    Linear BackwardEuler-Equation_ solve converged due to CONVERGED_RTOL iterations 51
    Linear BackwardEuler-Equation_ solve converged due to CONVERGED_RTOL iterations 59
    Linear BackwardEuler-Equation_ solve converged due to CONVERGED_RTOL iterations 74
  Nonlinear BackwardEuler-Equation_ solve converged due to CONVERGED_SNORM_RELATIVE iterations 3
t = 24.37 d | step 63/100000 | dt = 43200.0 s | wall 23.08 s | NL 3 | L 184
    Linear BackwardEuler-Equation_ solve converged due to CONVERGED_RTOL iterations 51
    Linear BackwardEuler-Equation_ solve converged due to CONVERGED_RTOL iterations 60
    Linear BackwardEuler-Equation_ solve converged due to CONVERGED_RTOL iterations 75
  Nonlinear BackwardEuler-Equation_ solve converged due to CONVERGED_SNORM_RELATIVE iterations 3
t = 24.87 d | step 64/100000 | dt = 43200.0 s | wall 23.34 s | NL 3 | L 186
    Linear BackwardEuler-Equation_ solve converged due to CONVERGED_RTOL iterations 51
    Linear BackwardEuler-Equation_ solve converged due to CONVERGED_RTOL iterations 59
  Nonlinear BackwardEuler-Equation_ solve converged due to CONVERGED_SNORM_RELATIVE iterations 2
t = 25.37 d | step 65/100000 | dt = 43200.0 s | wall 14.21 s | NL 2 | L 110
    Linear BackwardEuler-Equation_ solve converged due to CONVERGED_RTOL iterations 52
    Linear BackwardEuler-Equation_ solve converged due to CONVERGED_RTOL iterations 60
  Nonlinear BackwardEuler-Equation_ solve converged due to CONVERGED_SNORM_RELATIVE iterations 2
t = 25.87 d | step 66/100000 | dt = 43200.0 s | wall 14.27 s | NL 2 | L 112
    Linear BackwardEuler-Equation_ solve converged due to CONVERGED_RTOL iterations 52
    Linear BackwardEuler-Equation_ solve converged due to CONVERGED_RTOL iterations 60
  Nonlinear BackwardEuler-Equation_ solve converged due to CONVERGED_SNORM_RELATIVE iterations 2
t = 26.37 d | step 67/100000 | dt = 43200.0 s | wall 14.45 s | NL 2 | L 112
    Linear BackwardEuler-Equation_ solve converged due to CONVERGED_RTOL iterations 52
    Linear BackwardEuler-Equation_ solve converged due to CONVERGED_RTOL iterations 60
  Nonlinear BackwardEuler-Equation_ solve converged due to CONVERGED_SNORM_RELATIVE iterations 2
t = 26.87 d | step 68/100000 | dt = 43200.0 s | wall 14.34 s | NL 2 | L 112
    Linear BackwardEuler-Equation_ solve converged due to CONVERGED_RTOL iterations 52
    Linear BackwardEuler-Equation_ solve converged due to CONVERGED_RTOL iterations 59
  Nonlinear BackwardEuler-Equation_ solve converged due to CONVERGED_SNORM_RELATIVE iterations 2
t = 27.37 d | step 69/100000 | dt = 43200.0 s | wall 14.17 s | NL 2 | L 111
    Linear BackwardEuler-Equation_ solve converged due to CONVERGED_RTOL iterations 52
    Linear BackwardEuler-Equation_ solve converged due to CONVERGED_RTOL iterations 59
  Nonlinear BackwardEuler-Equation_ solve converged due to CONVERGED_SNORM_RELATIVE iterations 2
t = 27.87 d | step 70/100000 | dt = 43200.0 s | wall 14.16 s | NL 2 | L 111
    Linear BackwardEuler-Equation_ solve converged due to CONVERGED_RTOL iterations 52
    Linear BackwardEuler-Equation_ solve converged due to CONVERGED_RTOL iterations 60
  Nonlinear BackwardEuler-Equation_ solve converged due to CONVERGED_SNORM_RELATIVE iterations 2
t = 28.37 d | step 71/100000 | dt = 43200.0 s | wall 14.31 s | NL 2 | L 112
    Linear BackwardEuler-Equation_ solve converged due to CONVERGED_RTOL iterations 52
    Linear BackwardEuler-Equation_ solve converged due to CONVERGED_RTOL iterations 61
  Nonlinear BackwardEuler-Equation_ solve converged due to CONVERGED_SNORM_RELATIVE iterations 2
t = 28.87 d | step 72/100000 | dt = 43200.0 s | wall 14.60 s | NL 2 | L 113
    Linear BackwardEuler-Equation_ solve converged due to CONVERGED_RTOL iterations 52
    Linear BackwardEuler-Equation_ solve converged due to CONVERGED_RTOL iterations 59
  Nonlinear BackwardEuler-Equation_ solve converged due to CONVERGED_SNORM_RELATIVE iterations 2
t = 29.37 d | step 73/100000 | dt = 43200.0 s | wall 14.10 s | NL 2 | L 111
    Linear BackwardEuler-Equation_ solve converged due to CONVERGED_RTOL iterations 52
    Linear BackwardEuler-Equation_ solve converged due to CONVERGED_RTOL iterations 60
  Nonlinear BackwardEuler-Equation_ solve converged due to CONVERGED_SNORM_RELATIVE iterations 2
t = 29.87 d | step 74/100000 | dt = 43200.0 s | wall 14.35 s | NL 2 | L 112
    Linear BackwardEuler-Equation_ solve converged due to CONVERGED_RTOL iterations 52
    Linear BackwardEuler-Equation_ solve converged due to CONVERGED_RTOL iterations 60
  Nonlinear BackwardEuler-Equation_ solve converged due to CONVERGED_SNORM_RELATIVE iterations 2
t = 30.37 d | step 75/100000 | dt = 43200.0 s | wall 14.25 s | NL 2 | L 112
Done | total NL 203 | total L 11971 | mean wall/step 20.39 s | peak RSS 1333 MB | steps 75 | failed 0 | sim_time 30.37 d
=== Job completed: 2026-08-20T07:53:30Z ===

======================================================================================
                  Resource Usage on 2026-08-20 17:53:35:
   Job Id:             176816382.gadi-pbs
   Project:            xd2
   Exit Status:        0
   Service Units:      750.19
   NCPUs Requested:    832                 CPU Time Used: 370:52:24       
   Memory Requested:   3.91TB                Memory Used: 849.14GB        
   Walltime Requested: 03:00:00            Walltime Used: 00:27:03        
   JobFS Requested:    400.0GB                JobFS Used: 999.33MB        
======================================================================================
