=== Job info ===
Case: cockett
Solver: bjacobi
Scale: huge
Degree: 1
Nodes: 8
CPUs: 832
Date: Tue Aug 25 22:04:23 AEST 2026
G-ADOPT commit: 3ab20fabc820d68b6d1f820b80149bc8e452a7f4
Morrow commit: b153bd39bb0aa4da6fa4255ec076a2a14fc030fc
Driver SHA256: ba6abf3ce3388755b35208a104650d19c9d308d9f781cba9ec25e899ad444bb4
Solver SHA256: f57d11e7fdc91b12c1947d959bce4fbf2ed76227ee5cddeb33a2c58c24a6db9e
Firedrake module: singularity:intel-compiler-llvm/2024.2.1:petsc/main-20260815:firedrake/main-20260806
PETSC_OPTIONS: -log_view :/scratch/xd2/sg8812/morrow2026/parallel_scaling/results/cockett/bjacobi/huge.profile
================
Matplotlib is building the font cache; this may take a moment.
Matplotlib is building the font cache; this may take a moment.
Matplotlib is building the font cache; this may take a moment.
Matplotlib is building the font cache; this may take a moment.
Matplotlib is building the font cache; this may take a moment.
Matplotlib is building the font cache; this may take a moment.
Matplotlib is building the font cache; this may take a moment.
Matplotlib is building the font cache; this may take a moment.
Matplotlib is building the font cache; this may take a moment.
Matplotlib is building the font cache; this may take a moment.
Matplotlib is building the font cache; this may take a moment.
Matplotlib is building the font cache; this may take a moment.
Matplotlib is building the font cache; this may take a moment.
Matplotlib is building the font cache; this may take a moment.
Matplotlib is building the font cache; this may take a moment.
Matplotlib is building the font cache; this may take a moment.
Matplotlib is building the font cache; this may take a moment.
Matplotlib is building the font cache; this may take a moment.
Matplotlib is building the font cache; this may take a moment.
Matplotlib is building the font cache; this may take a moment.
Matplotlib is building the font cache; this may take a moment.
Matplotlib is building the font cache; this may take a moment.
Matplotlib is building the font cache; this may take a moment.
Matplotlib is building the font cache; this may take a moment.
Matplotlib is building the font cache; this may take a moment.
Matplotlib is building the font cache; this may take a moment.
Matplotlib is building the font cache; this may take a moment.
Matplotlib is building the font cache; this may take a moment.
Matplotlib is building the font cache; this may take a moment.
Matplotlib is building the font cache; this may take a moment.
Matplotlib is building the font cache; this may take a moment.
Matplotlib is building the font cache; this may take a moment.
Matplotlib is building the font cache; this may take a moment.
Matplotlib is building the font cache; this may take a moment.
Matplotlib is building the font cache; this may take a moment.
Matplotlib is building the font cache; this may take a moment.
Matplotlib is building the font cache; this may take a moment.
Matplotlib is building the font cache; this may take a moment.
Matplotlib is building the font cache; this may take a moment.
Matplotlib is building the font cache; this may take a moment.
Matplotlib is building the font cache; this may take a moment.
Matplotlib is building the font cache; this may take a moment.
Matplotlib is building the font cache; this may take a moment.
Matplotlib is building the font cache; this may take a moment.
Matplotlib is building the font cache; this may take a moment.
Matplotlib is building the font cache; this may take a moment.
Matplotlib is building the font cache; this may take a moment.
Matplotlib is building the font cache; this may take a moment.
Matplotlib is building the font cache; this may take a moment.
Matplotlib is building the font cache; this may take a moment.
Matplotlib is building the font cache; this may take a moment.
Matplotlib is building the font cache; this may take a moment.
Matplotlib is building the font cache; this may take a moment.
Matplotlib is building the font cache; this may take a moment.
Matplotlib is building the font cache; this may take a moment.
Matplotlib is building the font cache; this may take a moment.
Matplotlib is building the font cache; this may take a moment.
Matplotlib is building the font cache; this may take a moment.
Matplotlib is building the font cache; this may take a moment.
Matplotlib is building the font cache; this may take a moment.
Matplotlib is building the font cache; this may take a moment.
Matplotlib is building the font cache; this may take a moment.
Matplotlib is building the font cache; this may take a moment.
Matplotlib is building the font cache; this may take a moment.
Matplotlib is building the font cache; this may take a moment.
Matplotlib is building the font cache; this may take a moment.
Matplotlib is building the font cache; this may take a moment.
Matplotlib is building the font cache; this may take a moment.
Matplotlib is building the font cache; this may take a moment.
Matplotlib is building the font cache; this may take a moment.
Matplotlib is building the font cache; this may take a moment.
Matplotlib is building the font cache; this may take a moment.
Matplotlib is building the font cache; this may take a moment.
Matplotlib is building the font cache; this may take a moment.
Matplotlib is building the font cache; this may take a moment.
Matplotlib is building the font cache; this may take a moment.
Matplotlib is building the font cache; this may take a moment.
Matplotlib is building the font cache; this may take a moment.
Matplotlib is building the font cache; this may take a moment.
Matplotlib is building the font cache; this may take a moment.
Matplotlib is building the font cache; this may take a moment.
Matplotlib is building the font cache; this may take a moment.
Matplotlib is building the font cache; this may take a moment.
Matplotlib is building the font cache; this may take a moment.
Matplotlib is building the font cache; this may take a moment.
Matplotlib is building the font cache; this may take a moment.
Matplotlib is building the font cache; this may take a moment.
Matplotlib is building the font cache; this may take a moment.
Matplotlib is building the font cache; this may take a moment.
Matplotlib is building the font cache; this may take a moment.
Matplotlib is building the font cache; this may take a moment.
Matplotlib is building the font cache; this may take a moment.
Matplotlib is building the font cache; this may take a moment.
Matplotlib is building the font cache; this may take a moment.
Matplotlib is building the font cache; this may take a moment.
Matplotlib is building the font cache; this may take a moment.
Matplotlib is building the font cache; this may take a moment.
Matplotlib is building the font cache; this may take a moment.
Matplotlib is building the font cache; this may take a moment.
Matplotlib is building the font cache; this may take a moment.
Matplotlib is building the font cache; this may take a moment.
Matplotlib is building the font cache; this may take a moment.
Matplotlib is building the font cache; this may take a moment.
Matplotlib is building the font cache; this may take a moment.
Matplotlib is building the font cache; this may take a moment.
Matplotlib is building the font cache; this may take a moment.
Matplotlib is building the font cache; this may take a moment.
Matplotlib is building the font cache; this may take a moment.
Matplotlib is building the font cache; this may take a moment.
Matplotlib is building the font cache; this may take a moment.
Matplotlib is building the font cache; this may take a moment.
Matplotlib is building the font cache; this may take a moment.
Matplotlib is building the font cache; this may take a moment.
Matplotlib is building the font cache; this may take a moment.
Matplotlib is building the font cache; this may take a moment.
Matplotlib is building the font cache; this may take a moment.
Matplotlib is building the font cache; this may take a moment.
Matplotlib is building the font cache; this may take a moment.
Matplotlib is building the font cache; this may take a moment.
Matplotlib is building the font cache; this may take a moment.
Matplotlib is building the font cache; this may take a moment.
Matplotlib is building the font cache; this may take a moment.
Matplotlib is building the font cache; this may take a moment.
Matplotlib is building the font cache; this may take a moment.
Matplotlib is building the font cache; this may take a moment.
Matplotlib is building the font cache; this may take a moment.
Matplotlib is building the font cache; this may take a moment.
Matplotlib is building the font cache; this may take a moment.
Matplotlib is building the font cache; this may take a moment.
Matplotlib is building the font cache; this may take a moment.
Matplotlib is building the font cache; this may take a moment.
Matplotlib is building the font cache; this may take a moment.
Matplotlib is building the font cache; this may take a moment.
Matplotlib is building the font cache; this may take a moment.
Matplotlib is building the font cache; this may take a moment.
Matplotlib is building the font cache; this may take a moment.
Matplotlib is building the font cache; this may take a moment.
Matplotlib is building the font cache; this may take a moment.
Matplotlib is building the font cache; this may take a moment.
Matplotlib is building the font cache; this may take a moment.
Matplotlib is building the font cache; this may take a moment.
Matplotlib is building the font cache; this may take a moment.
Matplotlib is building the font cache; this may take a moment.
Matplotlib is building the font cache; this may take a moment.
Matplotlib is building the font cache; this may take a moment.
Matplotlib is building the font cache; this may take a moment.
Matplotlib is building the font cache; this may take a moment.
Matplotlib is building the font cache; this may take a moment.
Matplotlib is building the font cache; this may take a moment.
Matplotlib is building the font cache; this may take a moment.
Matplotlib is building the font cache; this may take a moment.
Matplotlib is building the font cache; this may take a moment.
Matplotlib is building the font cache; this may take a moment.
Matplotlib is building the font cache; this may take a moment.
Matplotlib is building the font cache; this may take a moment.
Matplotlib is building the font cache; this may take a moment.
Matplotlib is building the font cache; this may take a moment.
Matplotlib is building the font cache; this may take a moment.
Matplotlib is building the font cache; this may take a moment.
Matplotlib is building the font cache; this may take a moment.
Matplotlib is building the font cache; this may take a moment.
Matplotlib is building the font cache; this may take a moment.
Matplotlib is building the font cache; this may take a moment.
Matplotlib is building the font cache; this may take a moment.
Matplotlib is building the font cache; this may take a moment.
Matplotlib is building the font cache; this may take a moment.
Matplotlib is building the font cache; this may take a moment.
Matplotlib is building the font cache; this may take a moment.
Matplotlib is building the font cache; this may take a moment.
Matplotlib is building the font cache; this may take a moment.
Matplotlib is building the font cache; this may take a moment.
Matplotlib is building the font cache; this may take a moment.
Matplotlib is building the font cache; this may take a moment.
Matplotlib is building the font cache; this may take a moment.
Matplotlib is building the font cache; this may take a moment.
Matplotlib is building the font cache; this may take a moment.
Matplotlib is building the font cache; this may take a moment.
Matplotlib is building the font cache; this may take a moment.
Matplotlib is building the font cache; this may take a moment.
Matplotlib is building the font cache; this may take a moment.
Matplotlib is building the font cache; this may take a moment.
Matplotlib is building the font cache; this may take a moment.
Matplotlib is building the font cache; this may take a moment.
Matplotlib is building the font cache; this may take a moment.
Matplotlib is building the font cache; this may take a moment.
Matplotlib is building the font cache; this may take a moment.
Matplotlib is building the font cache; this may take a moment.
Matplotlib is building the font cache; this may take a moment.
Matplotlib is building the font cache; this may take a moment.
Matplotlib is building the font cache; this may take a moment.
Matplotlib is building the font cache; this may take a moment.
Matplotlib is building the font cache; this may take a moment.
Matplotlib is building the font cache; this may take a moment.
Matplotlib is building the font cache; this may take a moment.
Matplotlib is building the font cache; this may take a moment.
Matplotlib is building the font cache; this may take a moment.
Matplotlib is building the font cache; this may take a moment.
Matplotlib is building the font cache; this may take a moment.
Matplotlib is building the font cache; this may take a moment.
Matplotlib is building the font cache; this may take a moment.
Matplotlib is building the font cache; this may take a moment.
Matplotlib is building the font cache; this may take a moment.
Matplotlib is building the font cache; this may take a moment.
Matplotlib is building the font cache; this may take a moment.
Matplotlib is building the font cache; this may take a moment.
Matplotlib is building the font cache; this may take a moment.
Matplotlib is building the font cache; this may take a moment.
Matplotlib is building the font cache; this may take a moment.
Matplotlib is building the font cache; this may take a moment.
Matplotlib is building the font cache; this may take a moment.
Matplotlib is building the font cache; this may take a moment.
Matplotlib is building the font cache; this may take a moment.
Matplotlib is building the font cache; this may take a moment.
Matplotlib is building the font cache; this may take a moment.
Matplotlib is building the font cache; this may take a moment.
Matplotlib is building the font cache; this may take a moment.
Matplotlib is building the font cache; this may take a moment.
Matplotlib is building the font cache; this may take a moment.
Matplotlib is building the font cache; this may take a moment.
Matplotlib is building the font cache; this may take a moment.
Matplotlib is building the font cache; this may take a moment.
Matplotlib is building the font cache; this may take a moment.
Matplotlib is building the font cache; this may take a moment.
Matplotlib is building the font cache; this may take a moment.
Matplotlib is building the font cache; this may take a moment.
Matplotlib is building the font cache; this may take a moment.
Matplotlib is building the font cache; this may take a moment.
Matplotlib is building the font cache; this may take a moment.
Matplotlib is building the font cache; this may take a moment.
Matplotlib is building the font cache; this may take a moment.
Matplotlib is building the font cache; this may take a moment.
Matplotlib is building the font cache; this may take a moment.
Matplotlib is building the font cache; this may take a moment.
Matplotlib is building the font cache; this may take a moment.
Matplotlib is building the font cache; this may take a moment.
Matplotlib is building the font cache; this may take a moment.
Matplotlib is building the font cache; this may take a moment.
Matplotlib is building the font cache; this may take a moment.
Matplotlib is building the font cache; this may take a moment.
Matplotlib is building the font cache; this may take a moment.
Matplotlib is building the font cache; this may take a moment.
Matplotlib is building the font cache; this may take a moment.
Matplotlib is building the font cache; this may take a moment.
Matplotlib is building the font cache; this may take a moment.
Matplotlib is building the font cache; this may take a moment.
Matplotlib is building the font cache; this may take a moment.
Matplotlib is building the font cache; this may take a moment.
Matplotlib is building the font cache; this may take a moment.
Matplotlib is building the font cache; this may take a moment.
Matplotlib is building the font cache; this may take a moment.
Matplotlib is building the font cache; this may take a moment.
Matplotlib is building the font cache; this may take a moment.
Matplotlib is building the font cache; this may take a moment.
Matplotlib is building the font cache; this may take a moment.
Matplotlib is building the font cache; this may take a moment.
Matplotlib is building the font cache; this may take a moment.
Matplotlib is building the font cache; this may take a moment.
Matplotlib is building the font cache; this may take a moment.
Matplotlib is building the font cache; this may take a moment.
Matplotlib is building the font cache; this may take a moment.
Matplotlib is building the font cache; this may take a moment.
Matplotlib is building the font cache; this may take a moment.
Matplotlib is building the font cache; this may take a moment.
Matplotlib is building the font cache; this may take a moment.
Matplotlib is building the font cache; this may take a moment.
Matplotlib is building the font cache; this may take a moment.
Matplotlib is building the font cache; this may take a moment.
Matplotlib is building the font cache; this may take a moment.
Matplotlib is building the font cache; this may take a moment.
Matplotlib is building the font cache; this may take a moment.
Matplotlib is building the font cache; this may take a moment.
Matplotlib is building the font cache; this may take a moment.
Matplotlib is building the font cache; this may take a moment.
Matplotlib is building the font cache; this may take a moment.
Matplotlib is building the font cache; this may take a moment.
Matplotlib is building the font cache; this may take a moment.
Matplotlib is building the font cache; this may take a moment.
Matplotlib is building the font cache; this may take a moment.
Matplotlib is building the font cache; this may take a moment.
Matplotlib is building the font cache; this may take a moment.
Matplotlib is building the font cache; this may take a moment.
Matplotlib is building the font cache; this may take a moment.
Matplotlib is building the font cache; this may take a moment.
Matplotlib is building the font cache; this may take a moment.
Matplotlib is building the font cache; this may take a moment.
Matplotlib is building the font cache; this may take a moment.
Matplotlib is building the font cache; this may take a moment.
Matplotlib is building the font cache; this may take a moment.
Matplotlib is building the font cache; this may take a moment.
Matplotlib is building the font cache; this may take a moment.
Matplotlib is building the font cache; this may take a moment.
Matplotlib is building the font cache; this may take a moment.
Matplotlib is building the font cache; this may take a moment.
Matplotlib is building the font cache; this may take a moment.
Matplotlib is building the font cache; this may take a moment.
Matplotlib is building the font cache; this may take a moment.
Matplotlib is building the font cache; this may take a moment.
Matplotlib is building the font cache; this may take a moment.
Matplotlib is building the font cache; this may take a moment.
Matplotlib is building the font cache; this may take a moment.
Matplotlib is building the font cache; this may take a moment.
Matplotlib is building the font cache; this may take a moment.
Matplotlib is building the font cache; this may take a moment.
Matplotlib is building the font cache; this may take a moment.
Matplotlib is building the font cache; this may take a moment.
Matplotlib is building the font cache; this may take a moment.
Matplotlib is building the font cache; this may take a moment.
Matplotlib is building the font cache; this may take a moment.
Matplotlib is building the font cache; this may take a moment.
Matplotlib is building the font cache; this may take a moment.
Matplotlib is building the font cache; this may take a moment.
Matplotlib is building the font cache; this may take a moment.
Matplotlib is building the font cache; this may take a moment.
Matplotlib is building the font cache; this may take a moment.
Matplotlib is building the font cache; this may take a moment.
Matplotlib is building the font cache; this may take a moment.
Matplotlib is building the font cache; this may take a moment.
Matplotlib is building the font cache; this may take a moment.
Matplotlib is building the font cache; this may take a moment.
Matplotlib is building the font cache; this may take a moment.
Matplotlib is building the font cache; this may take a moment.
Matplotlib is building the font cache; this may take a moment.
Matplotlib is building the font cache; this may take a moment.
Matplotlib is building the font cache; this may take a moment.
Matplotlib is building the font cache; this may take a moment.
Matplotlib is building the font cache; this may take a moment.
Matplotlib is building the font cache; this may take a moment.
Matplotlib is building the font cache; this may take a moment.
Matplotlib is building the font cache; this may take a moment.
Matplotlib is building the font cache; this may take a moment.
Matplotlib is building the font cache; this may take a moment.
Matplotlib is building the font cache; this may take a moment.
Matplotlib is building the font cache; this may take a moment.
Matplotlib is building the font cache; this may take a moment.
Matplotlib is building the font cache; this may take a moment.
Matplotlib is building the font cache; this may take a moment.
Matplotlib is building the font cache; this may take a moment.
Matplotlib is building the font cache; this may take a moment.
Matplotlib is building the font cache; this may take a moment.
Matplotlib is building the font cache; this may take a moment.
Matplotlib is building the font cache; this may take a moment.
Matplotlib is building the font cache; this may take a moment.
Matplotlib is building the font cache; this may take a moment.
Matplotlib is building the font cache; this may take a moment.
Matplotlib is building the font cache; this may take a moment.
Matplotlib is building the font cache; this may take a moment.
Matplotlib is building the font cache; this may take a moment.
Matplotlib is building the font cache; this may take a moment.
Matplotlib is building the font cache; this may take a moment.
Matplotlib is building the font cache; this may take a moment.
Matplotlib is building the font cache; this may take a moment.
Matplotlib is building the font cache; this may take a moment.
Matplotlib is building the font cache; this may take a moment.
Matplotlib is building the font cache; this may take a moment.
Matplotlib is building the font cache; this may take a moment.
Matplotlib is building the font cache; this may take a moment.
Matplotlib is building the font cache; this may take a moment.
Matplotlib is building the font cache; this may take a moment.
Matplotlib is building the font cache; this may take a moment.
Matplotlib is building the font cache; this may take a moment.
Matplotlib is building the font cache; this may take a moment.
Matplotlib is building the font cache; this may take a moment.
Matplotlib is building the font cache; this may take a moment.
Matplotlib is building the font cache; this may take a moment.
Matplotlib is building the font cache; this may take a moment.
Matplotlib is building the font cache; this may take a moment.
Matplotlib is building the font cache; this may take a moment.
Matplotlib is building the font cache; this may take a moment.
Matplotlib is building the font cache; this may take a moment.
Matplotlib is building the font cache; this may take a moment.
Matplotlib is building the font cache; this may take a moment.
Matplotlib is building the font cache; this may take a moment.
Matplotlib is building the font cache; this may take a moment.
Matplotlib is building the font cache; this may take a moment.
Matplotlib is building the font cache; this may take a moment.
Matplotlib is building the font cache; this may take a moment.
Matplotlib is building the font cache; this may take a moment.
Matplotlib is building the font cache; this may take a moment.
Number of degrees of freedom: 143769600
Mesh: 240x240x312, DQ1
Time stepper: BackwardEuler, dt = 300.0 s, steps = 30
Solver: bjacobi
Solver parameters: {'ksp_type': 'gmres', 'ksp_pc_side': 'right', 'ksp_rtol': 0.0001, 'ksp_max_it': 200, 'ksp_gmres_restart': 30, 'pc_type': 'bjacobi', 'sub_ksp_type': 'preonly', 'sub_pc_type': 'ilu', 'sub_pc_factor_levels': 0, 'snes_type': 'newtonls', 'snes_linesearch_type': 'bt', 'snes_rtol': 1e-08, 'snes_atol': 1e-12, 'snes_stol': 1e-08, 'snes_max_it': 50}
    Linear BackwardEuler-Equation_ solve converged due to CONVERGED_RTOL iterations 102
    Linear BackwardEuler-Equation_ solve converged due to CONVERGED_RTOL iterations 104
    Linear BackwardEuler-Equation_ solve converged due to CONVERGED_RTOL iterations 82
    Linear BackwardEuler-Equation_ solve converged due to CONVERGED_RTOL iterations 88
  Nonlinear BackwardEuler-Equation_ solve converged due to CONVERGED_FNORM_ABS iterations 4
t = 300.00 s | step 1/30 | wall 64.66 s | NL 4 | L 376
    Linear BackwardEuler-Equation_ solve converged due to CONVERGED_RTOL iterations 105
    Linear BackwardEuler-Equation_ solve converged due to CONVERGED_RTOL iterations 112
    Linear BackwardEuler-Equation_ solve converged due to CONVERGED_RTOL iterations 108
  Nonlinear BackwardEuler-Equation_ solve converged due to CONVERGED_FNORM_ABS iterations 3
t = 600.00 s | step 2/30 | wall 24.26 s | NL 3 | L 325
    Linear BackwardEuler-Equation_ solve converged due to CONVERGED_RTOL iterations 108
    Linear BackwardEuler-Equation_ solve converged due to CONVERGED_RTOL iterations 115
    Linear BackwardEuler-Equation_ solve converged due to CONVERGED_RTOL iterations 112
  Nonlinear BackwardEuler-Equation_ solve converged due to CONVERGED_FNORM_ABS iterations 3
t = 900.00 s | step 3/30 | wall 24.70 s | NL 3 | L 335
    Linear BackwardEuler-Equation_ solve converged due to CONVERGED_RTOL iterations 112
    Linear BackwardEuler-Equation_ solve converged due to CONVERGED_RTOL iterations 116
    Linear BackwardEuler-Equation_ solve converged due to CONVERGED_RTOL iterations 114
  Nonlinear BackwardEuler-Equation_ solve converged due to CONVERGED_FNORM_ABS iterations 3
t = 1200.00 s | step 4/30 | wall 25.20 s | NL 3 | L 342
    Linear BackwardEuler-Equation_ solve converged due to CONVERGED_RTOL iterations 114
    Linear BackwardEuler-Equation_ solve converged due to CONVERGED_RTOL iterations 117
    Linear BackwardEuler-Equation_ solve converged due to CONVERGED_RTOL iterations 116
  Nonlinear BackwardEuler-Equation_ solve converged due to CONVERGED_FNORM_ABS iterations 3
t = 1500.00 s | step 5/30 | wall 25.56 s | NL 3 | L 347
    Linear BackwardEuler-Equation_ solve converged due to CONVERGED_RTOL iterations 116
    Linear BackwardEuler-Equation_ solve converged due to CONVERGED_RTOL iterations 117
    Linear BackwardEuler-Equation_ solve converged due to CONVERGED_RTOL iterations 117
  Nonlinear BackwardEuler-Equation_ solve converged due to CONVERGED_FNORM_ABS iterations 3
t = 1800.00 s | step 6/30 | wall 25.78 s | NL 3 | L 350
    Linear BackwardEuler-Equation_ solve converged due to CONVERGED_RTOL iterations 117
    Linear BackwardEuler-Equation_ solve converged due to CONVERGED_RTOL iterations 118
    Linear BackwardEuler-Equation_ solve converged due to CONVERGED_RTOL iterations 119
  Nonlinear BackwardEuler-Equation_ solve converged due to CONVERGED_FNORM_ABS iterations 3
t = 2100.00 s | step 7/30 | wall 26.00 s | NL 3 | L 354
    Linear BackwardEuler-Equation_ solve converged due to CONVERGED_RTOL iterations 118
    Linear BackwardEuler-Equation_ solve converged due to CONVERGED_RTOL iterations 119
    Linear BackwardEuler-Equation_ solve converged due to CONVERGED_RTOL iterations 123
  Nonlinear BackwardEuler-Equation_ solve converged due to CONVERGED_FNORM_ABS iterations 3
t = 2400.00 s | step 8/30 | wall 26.38 s | NL 3 | L 360
    Linear BackwardEuler-Equation_ solve converged due to CONVERGED_RTOL iterations 120
    Linear BackwardEuler-Equation_ solve converged due to CONVERGED_RTOL iterations 123
    Linear BackwardEuler-Equation_ solve converged due to CONVERGED_RTOL iterations 124
  Nonlinear BackwardEuler-Equation_ solve converged due to CONVERGED_FNORM_ABS iterations 3
t = 2700.00 s | step 9/30 | wall 26.86 s | NL 3 | L 367
    Linear BackwardEuler-Equation_ solve converged due to CONVERGED_RTOL iterations 123
    Linear BackwardEuler-Equation_ solve converged due to CONVERGED_RTOL iterations 123
    Linear BackwardEuler-Equation_ solve converged due to CONVERGED_RTOL iterations 126
  Nonlinear BackwardEuler-Equation_ solve converged due to CONVERGED_FNORM_ABS iterations 3
t = 3000.00 s | step 10/30 | wall 27.28 s | NL 3 | L 372
    Linear BackwardEuler-Equation_ solve converged due to CONVERGED_RTOL iterations 124
    Linear BackwardEuler-Equation_ solve converged due to CONVERGED_RTOL iterations 125
    Linear BackwardEuler-Equation_ solve converged due to CONVERGED_RTOL iterations 127
  Nonlinear BackwardEuler-Equation_ solve converged due to CONVERGED_FNORM_ABS iterations 3
t = 3300.00 s | step 11/30 | wall 27.50 s | NL 3 | L 376
    Linear BackwardEuler-Equation_ solve converged due to CONVERGED_RTOL iterations 127
    Linear BackwardEuler-Equation_ solve converged due to CONVERGED_RTOL iterations 126
    Linear BackwardEuler-Equation_ solve converged due to CONVERGED_RTOL iterations 128
  Nonlinear BackwardEuler-Equation_ solve converged due to CONVERGED_FNORM_ABS iterations 3
t = 3600.00 s | step 12/30 | wall 27.63 s | NL 3 | L 381
    Linear BackwardEuler-Equation_ solve converged due to CONVERGED_RTOL iterations 128
    Linear BackwardEuler-Equation_ solve converged due to CONVERGED_RTOL iterations 127
    Linear BackwardEuler-Equation_ solve converged due to CONVERGED_RTOL iterations 129
  Nonlinear BackwardEuler-Equation_ solve converged due to CONVERGED_FNORM_ABS iterations 3
t = 3900.00 s | step 13/30 | wall 27.85 s | NL 3 | L 384
    Linear BackwardEuler-Equation_ solve converged due to CONVERGED_RTOL iterations 130
    Linear BackwardEuler-Equation_ solve converged due to CONVERGED_RTOL iterations 128
    Linear BackwardEuler-Equation_ solve converged due to CONVERGED_RTOL iterations 130
  Nonlinear BackwardEuler-Equation_ solve converged due to CONVERGED_FNORM_ABS iterations 3
t = 4200.00 s | step 14/30 | wall 28.13 s | NL 3 | L 388
    Linear BackwardEuler-Equation_ solve converged due to CONVERGED_RTOL iterations 131
    Linear BackwardEuler-Equation_ solve converged due to CONVERGED_RTOL iterations 129
    Linear BackwardEuler-Equation_ solve converged due to CONVERGED_RTOL iterations 131
  Nonlinear BackwardEuler-Equation_ solve converged due to CONVERGED_FNORM_ABS iterations 3
t = 4500.00 s | step 15/30 | wall 28.29 s | NL 3 | L 391
    Linear BackwardEuler-Equation_ solve converged due to CONVERGED_RTOL iterations 132
    Linear BackwardEuler-Equation_ solve converged due to CONVERGED_RTOL iterations 129
    Linear BackwardEuler-Equation_ solve converged due to CONVERGED_RTOL iterations 132
  Nonlinear BackwardEuler-Equation_ solve converged due to CONVERGED_FNORM_ABS iterations 3
t = 4800.00 s | step 16/30 | wall 28.39 s | NL 3 | L 393
    Linear BackwardEuler-Equation_ solve converged due to CONVERGED_RTOL iterations 133
    Linear BackwardEuler-Equation_ solve converged due to CONVERGED_RTOL iterations 129
    Linear BackwardEuler-Equation_ solve converged due to CONVERGED_RTOL iterations 133
  Nonlinear BackwardEuler-Equation_ solve converged due to CONVERGED_FNORM_ABS iterations 3
t = 5100.00 s | step 17/30 | wall 28.44 s | NL 3 | L 395
    Linear BackwardEuler-Equation_ solve converged due to CONVERGED_RTOL iterations 133
    Linear BackwardEuler-Equation_ solve converged due to CONVERGED_RTOL iterations 130
    Linear BackwardEuler-Equation_ solve converged due to CONVERGED_RTOL iterations 134
  Nonlinear BackwardEuler-Equation_ solve converged due to CONVERGED_FNORM_ABS iterations 3
t = 5400.00 s | step 18/30 | wall 28.63 s | NL 3 | L 397
    Linear BackwardEuler-Equation_ solve converged due to CONVERGED_RTOL iterations 134
    Linear BackwardEuler-Equation_ solve converged due to CONVERGED_RTOL iterations 130
    Linear BackwardEuler-Equation_ solve converged due to CONVERGED_RTOL iterations 135
  Nonlinear BackwardEuler-Equation_ solve converged due to CONVERGED_FNORM_ABS iterations 3
t = 5700.00 s | step 19/30 | wall 28.78 s | NL 3 | L 399
    Linear BackwardEuler-Equation_ solve converged due to CONVERGED_RTOL iterations 135
    Linear BackwardEuler-Equation_ solve converged due to CONVERGED_RTOL iterations 130
    Linear BackwardEuler-Equation_ solve converged due to CONVERGED_RTOL iterations 136
  Nonlinear BackwardEuler-Equation_ solve converged due to CONVERGED_FNORM_ABS iterations 3
t = 6000.00 s | step 20/30 | wall 28.93 s | NL 3 | L 401
    Linear BackwardEuler-Equation_ solve converged due to CONVERGED_RTOL iterations 135
    Linear BackwardEuler-Equation_ solve converged due to CONVERGED_RTOL iterations 130
    Linear BackwardEuler-Equation_ solve converged due to CONVERGED_RTOL iterations 136
  Nonlinear BackwardEuler-Equation_ solve converged due to CONVERGED_FNORM_ABS iterations 3
t = 6300.00 s | step 21/30 | wall 28.79 s | NL 3 | L 401
    Linear BackwardEuler-Equation_ solve converged due to CONVERGED_RTOL iterations 136
    Linear BackwardEuler-Equation_ solve converged due to CONVERGED_RTOL iterations 130
    Linear BackwardEuler-Equation_ solve converged due to CONVERGED_RTOL iterations 137
  Nonlinear BackwardEuler-Equation_ solve converged due to CONVERGED_FNORM_ABS iterations 3
t = 6600.00 s | step 22/30 | wall 28.95 s | NL 3 | L 403
    Linear BackwardEuler-Equation_ solve converged due to CONVERGED_RTOL iterations 137
    Linear BackwardEuler-Equation_ solve converged due to CONVERGED_RTOL iterations 130
    Linear BackwardEuler-Equation_ solve converged due to CONVERGED_RTOL iterations 137
  Nonlinear BackwardEuler-Equation_ solve converged due to CONVERGED_FNORM_ABS iterations 3
t = 6900.00 s | step 23/30 | wall 29.05 s | NL 3 | L 404
    Linear BackwardEuler-Equation_ solve converged due to CONVERGED_RTOL iterations 137
    Linear BackwardEuler-Equation_ solve converged due to CONVERGED_RTOL iterations 130
    Linear BackwardEuler-Equation_ solve converged due to CONVERGED_RTOL iterations 138
  Nonlinear BackwardEuler-Equation_ solve converged due to CONVERGED_FNORM_ABS iterations 3
t = 7200.00 s | step 24/30 | wall 29.13 s | NL 3 | L 405
    Linear BackwardEuler-Equation_ solve converged due to CONVERGED_RTOL iterations 137
    Linear BackwardEuler-Equation_ solve converged due to CONVERGED_RTOL iterations 130
    Linear BackwardEuler-Equation_ solve converged due to CONVERGED_RTOL iterations 138
  Nonlinear BackwardEuler-Equation_ solve converged due to CONVERGED_FNORM_ABS iterations 3
t = 7500.00 s | step 25/30 | wall 29.03 s | NL 3 | L 405
    Linear BackwardEuler-Equation_ solve converged due to CONVERGED_RTOL iterations 138
    Linear BackwardEuler-Equation_ solve converged due to CONVERGED_RTOL iterations 130
    Linear BackwardEuler-Equation_ solve converged due to CONVERGED_RTOL iterations 138
  Nonlinear BackwardEuler-Equation_ solve converged due to CONVERGED_FNORM_ABS iterations 3
t = 7800.00 s | step 26/30 | wall 29.12 s | NL 3 | L 406
    Linear BackwardEuler-Equation_ solve converged due to CONVERGED_RTOL iterations 138
    Linear BackwardEuler-Equation_ solve converged due to CONVERGED_RTOL iterations 130
    Linear BackwardEuler-Equation_ solve converged due to CONVERGED_RTOL iterations 138
  Nonlinear BackwardEuler-Equation_ solve converged due to CONVERGED_FNORM_ABS iterations 3
t = 8100.00 s | step 27/30 | wall 29.22 s | NL 3 | L 406
    Linear BackwardEuler-Equation_ solve converged due to CONVERGED_RTOL iterations 139
    Linear BackwardEuler-Equation_ solve converged due to CONVERGED_RTOL iterations 130
    Linear BackwardEuler-Equation_ solve converged due to CONVERGED_RTOL iterations 138
  Nonlinear BackwardEuler-Equation_ solve converged due to CONVERGED_FNORM_ABS iterations 3
t = 8400.00 s | step 28/30 | wall 29.31 s | NL 3 | L 407
    Linear BackwardEuler-Equation_ solve converged due to CONVERGED_RTOL iterations 139
    Linear BackwardEuler-Equation_ solve converged due to CONVERGED_RTOL iterations 130
    Linear BackwardEuler-Equation_ solve converged due to CONVERGED_RTOL iterations 138
  Nonlinear BackwardEuler-Equation_ solve converged due to CONVERGED_FNORM_ABS iterations 3
t = 8700.00 s | step 29/30 | wall 29.17 s | NL 3 | L 407
    Linear BackwardEuler-Equation_ solve converged due to CONVERGED_RTOL iterations 139
    Linear BackwardEuler-Equation_ solve converged due to CONVERGED_RTOL iterations 130
    Linear BackwardEuler-Equation_ solve converged due to CONVERGED_RTOL iterations 138
  Nonlinear BackwardEuler-Equation_ solve converged due to CONVERGED_FNORM_ABS iterations 3
t = 9000.00 s | step 30/30 | wall 29.18 s | NL 3 | L 407
Done | total NL 91 | total L 11484 | mean wall/step 29.01 s | peak RSS 1047 MB
=== Job completed: Tue Aug 25 22:19:48 AEST 2026 ===

======================================================================================
                  Resource Usage on 2026-08-25 22:19:52:
   Job Id:             177412701.gadi-pbs
   Project:            xd2
   Exit Status:        0
   Service Units:      428.94
   NCPUs Requested:    832                 CPU Time Used: 208:51:18       
   Memory Requested:   3.91TB                Memory Used: 584.05GB        
   Walltime Requested: 03:00:00            Walltime Used: 00:15:28        
   JobFS Requested:    400.0GB                JobFS Used: 56.04MB         
======================================================================================
