=== Job info ===
Case: cockett
Solver: bjacobi
Scale: medium
Degree: 1
Nodes: 2
CPUs: 208
Date: Fri Aug 21 23:16:05 AEST 2026
G-ADOPT commit: 3ab20fabc820d68b6d1f820b80149bc8e452a7f4
Morrow commit: b153bd39bb0aa4da6fa4255ec076a2a14fc030fc
Driver SHA256: ba6abf3ce3388755b35208a104650d19c9d308d9f781cba9ec25e899ad444bb4
Solver SHA256: f57d11e7fdc91b12c1947d959bce4fbf2ed76227ee5cddeb33a2c58c24a6db9e
Firedrake module: singularity:intel-compiler-llvm/2024.2.1:petsc/main-20260815:firedrake/main-20260806
PETSC_OPTIONS: -log_view :/scratch/xd2/sg8812/morrow2026/parallel_scaling/results/cockett/bjacobi/medium.profile
================
Could not save font_manager cache Lock error: Matplotlib failed to acquire the following lock file:
    /jobfs/176973746.gadi-pbs/matplotlib/fontlist-v3.11.0.json.matplotlib-lock
This maybe due to another process holding this lock file.  If you are sure no
other Matplotlib process is running, remove this file and try again.
Could not save font_manager cache Lock error: Matplotlib failed to acquire the following lock file:
    /jobfs/176973746.gadi-pbs/matplotlib/fontlist-v3.11.0.json.matplotlib-lock
This maybe due to another process holding this lock file.  If you are sure no
other Matplotlib process is running, remove this file and try again.
Could not save font_manager cache Lock error: Matplotlib failed to acquire the following lock file:
    /jobfs/176973746.gadi-pbs/matplotlib/fontlist-v3.11.0.json.matplotlib-lock
This maybe due to another process holding this lock file.  If you are sure no
other Matplotlib process is running, remove this file and try again.
Could not save font_manager cache Lock error: Matplotlib failed to acquire the following lock file:
    /jobfs/176973746.gadi-pbs/matplotlib/fontlist-v3.11.0.json.matplotlib-lock
This maybe due to another process holding this lock file.  If you are sure no
other Matplotlib process is running, remove this file and try again.
Could not save font_manager cache Lock error: Matplotlib failed to acquire the following lock file:
    /jobfs/176973746.gadi-pbs/matplotlib/fontlist-v3.11.0.json.matplotlib-lock
This maybe due to another process holding this lock file.  If you are sure no
other Matplotlib process is running, remove this file and try again.
Could not save font_manager cache Lock error: Matplotlib failed to acquire the following lock file:
    /jobfs/176973746.gadi-pbs/matplotlib/fontlist-v3.11.0.json.matplotlib-lock
This maybe due to another process holding this lock file.  If you are sure no
other Matplotlib process is running, remove this file and try again.
Could not save font_manager cache Lock error: Matplotlib failed to acquire the following lock file:
    /jobfs/176973746.gadi-pbs/matplotlib/fontlist-v3.11.0.json.matplotlib-lock
This maybe due to another process holding this lock file.  If you are sure no
other Matplotlib process is running, remove this file and try again.
Could not save font_manager cache Lock error: Matplotlib failed to acquire the following lock file:
    /jobfs/176973746.gadi-pbs/matplotlib/fontlist-v3.11.0.json.matplotlib-lock
This maybe due to another process holding this lock file.  If you are sure no
other Matplotlib process is running, remove this file and try again.
Could not save font_manager cache Lock error: Matplotlib failed to acquire the following lock file:
    /jobfs/176973746.gadi-pbs/matplotlib/fontlist-v3.11.0.json.matplotlib-lock
This maybe due to another process holding this lock file.  If you are sure no
other Matplotlib process is running, remove this file and try again.
Could not save font_manager cache Lock error: Matplotlib failed to acquire the following lock file:
    /jobfs/176973746.gadi-pbs/matplotlib/fontlist-v3.11.0.json.matplotlib-lock
This maybe due to another process holding this lock file.  If you are sure no
other Matplotlib process is running, remove this file and try again.
Could not save font_manager cache Lock error: Matplotlib failed to acquire the following lock file:
    /jobfs/176973746.gadi-pbs/matplotlib/fontlist-v3.11.0.json.matplotlib-lock
This maybe due to another process holding this lock file.  If you are sure no
other Matplotlib process is running, remove this file and try again.
Could not save font_manager cache Lock error: Matplotlib failed to acquire the following lock file:
    /jobfs/176973746.gadi-pbs/matplotlib/fontlist-v3.11.0.json.matplotlib-lock
This maybe due to another process holding this lock file.  If you are sure no
other Matplotlib process is running, remove this file and try again.
Could not save font_manager cache Lock error: Matplotlib failed to acquire the following lock file:
    /jobfs/176973746.gadi-pbs/matplotlib/fontlist-v3.11.0.json.matplotlib-lock
This maybe due to another process holding this lock file.  If you are sure no
other Matplotlib process is running, remove this file and try again.
Could not save font_manager cache Lock error: Matplotlib failed to acquire the following lock file:
    /jobfs/176973746.gadi-pbs/matplotlib/fontlist-v3.11.0.json.matplotlib-lock
This maybe due to another process holding this lock file.  If you are sure no
other Matplotlib process is running, remove this file and try again.
Could not save font_manager cache Lock error: Matplotlib failed to acquire the following lock file:
    /jobfs/176973746.gadi-pbs/matplotlib/fontlist-v3.11.0.json.matplotlib-lock
This maybe due to another process holding this lock file.  If you are sure no
other Matplotlib process is running, remove this file and try again.
Could not save font_manager cache Lock error: Matplotlib failed to acquire the following lock file:
    /jobfs/176973746.gadi-pbs/matplotlib/fontlist-v3.11.0.json.matplotlib-lock
This maybe due to another process holding this lock file.  If you are sure no
other Matplotlib process is running, remove this file and try again.
Could not save font_manager cache Lock error: Matplotlib failed to acquire the following lock file:
    /jobfs/176973746.gadi-pbs/matplotlib/fontlist-v3.11.0.json.matplotlib-lock
This maybe due to another process holding this lock file.  If you are sure no
other Matplotlib process is running, remove this file and try again.
Could not save font_manager cache Lock error: Matplotlib failed to acquire the following lock file:
    /jobfs/176973746.gadi-pbs/matplotlib/fontlist-v3.11.0.json.matplotlib-lock
This maybe due to another process holding this lock file.  If you are sure no
other Matplotlib process is running, remove this file and try again.
Could not save font_manager cache Lock error: Matplotlib failed to acquire the following lock file:
    /jobfs/176973746.gadi-pbs/matplotlib/fontlist-v3.11.0.json.matplotlib-lock
This maybe due to another process holding this lock file.  If you are sure no
other Matplotlib process is running, remove this file and try again.
Could not save font_manager cache Lock error: Matplotlib failed to acquire the following lock file:
    /jobfs/176973746.gadi-pbs/matplotlib/fontlist-v3.11.0.json.matplotlib-lock
This maybe due to another process holding this lock file.  If you are sure no
other Matplotlib process is running, remove this file and try again.
Could not save font_manager cache Lock error: Matplotlib failed to acquire the following lock file:
    /jobfs/176973746.gadi-pbs/matplotlib/fontlist-v3.11.0.json.matplotlib-lock
This maybe due to another process holding this lock file.  If you are sure no
other Matplotlib process is running, remove this file and try again.
Could not save font_manager cache Lock error: Matplotlib failed to acquire the following lock file:
    /jobfs/176973746.gadi-pbs/matplotlib/fontlist-v3.11.0.json.matplotlib-lock
This maybe due to another process holding this lock file.  If you are sure no
other Matplotlib process is running, remove this file and try again.
Could not save font_manager cache Lock error: Matplotlib failed to acquire the following lock file:
    /jobfs/176973746.gadi-pbs/matplotlib/fontlist-v3.11.0.json.matplotlib-lock
This maybe due to another process holding this lock file.  If you are sure no
other Matplotlib process is running, remove this file and try again.
Could not save font_manager cache Lock error: Matplotlib failed to acquire the following lock file:
    /jobfs/176973746.gadi-pbs/matplotlib/fontlist-v3.11.0.json.matplotlib-lock
This maybe due to another process holding this lock file.  If you are sure no
other Matplotlib process is running, remove this file and try again.
Number of degrees of freedom: 36227072
Mesh: 152x152x196, DQ1
Time stepper: BackwardEuler, dt = 300.0 s, steps = 30
Solver: bjacobi
Solver parameters: {'ksp_type': 'gmres', 'ksp_pc_side': 'right', 'ksp_rtol': 0.0001, 'ksp_max_it': 200, 'ksp_gmres_restart': 30, 'pc_type': 'bjacobi', 'sub_ksp_type': 'preonly', 'sub_pc_type': 'ilu', 'sub_pc_factor_levels': 0, 'snes_type': 'newtonls', 'snes_linesearch_type': 'bt', 'snes_rtol': 1e-08, 'snes_atol': 1e-12, 'snes_stol': 1e-08, 'snes_max_it': 50}
    Linear BackwardEuler-Equation_ solve converged due to CONVERGED_RTOL iterations 60
    Linear BackwardEuler-Equation_ solve converged due to CONVERGED_RTOL iterations 64
    Linear BackwardEuler-Equation_ solve converged due to CONVERGED_RTOL iterations 55
    Linear BackwardEuler-Equation_ solve converged due to CONVERGED_RTOL iterations 58
  Nonlinear BackwardEuler-Equation_ solve converged due to CONVERGED_FNORM_ABS iterations 4
t = 300.00 s | step 1/30 | wall 55.41 s | NL 4 | L 237
    Linear BackwardEuler-Equation_ solve converged due to CONVERGED_RTOL iterations 67
    Linear BackwardEuler-Equation_ solve converged due to CONVERGED_RTOL iterations 69
    Linear BackwardEuler-Equation_ solve converged due to CONVERGED_RTOL iterations 67
  Nonlinear BackwardEuler-Equation_ solve converged due to CONVERGED_FNORM_ABS iterations 3
t = 600.00 s | step 2/30 | wall 16.52 s | NL 3 | L 203
    Linear BackwardEuler-Equation_ solve converged due to CONVERGED_RTOL iterations 68
    Linear BackwardEuler-Equation_ solve converged due to CONVERGED_RTOL iterations 70
    Linear BackwardEuler-Equation_ solve converged due to CONVERGED_RTOL iterations 69
  Nonlinear BackwardEuler-Equation_ solve converged due to CONVERGED_FNORM_ABS iterations 3
t = 900.00 s | step 3/30 | wall 16.64 s | NL 3 | L 207
    Linear BackwardEuler-Equation_ solve converged due to CONVERGED_RTOL iterations 70
    Linear BackwardEuler-Equation_ solve converged due to CONVERGED_RTOL iterations 71
    Linear BackwardEuler-Equation_ solve converged due to CONVERGED_RTOL iterations 70
  Nonlinear BackwardEuler-Equation_ solve converged due to CONVERGED_FNORM_ABS iterations 3
t = 1200.00 s | step 4/30 | wall 16.86 s | NL 3 | L 211
    Linear BackwardEuler-Equation_ solve converged due to CONVERGED_RTOL iterations 71
    Linear BackwardEuler-Equation_ solve converged due to CONVERGED_RTOL iterations 72
    Linear BackwardEuler-Equation_ solve converged due to CONVERGED_RTOL iterations 70
  Nonlinear BackwardEuler-Equation_ solve converged due to CONVERGED_FNORM_ABS iterations 3
t = 1500.00 s | step 5/30 | wall 16.99 s | NL 3 | L 213
    Linear BackwardEuler-Equation_ solve converged due to CONVERGED_RTOL iterations 72
    Linear BackwardEuler-Equation_ solve converged due to CONVERGED_RTOL iterations 73
    Linear BackwardEuler-Equation_ solve converged due to CONVERGED_RTOL iterations 71
  Nonlinear BackwardEuler-Equation_ solve converged due to CONVERGED_FNORM_ABS iterations 3
t = 1800.00 s | step 6/30 | wall 17.16 s | NL 3 | L 216
    Linear BackwardEuler-Equation_ solve converged due to CONVERGED_RTOL iterations 73
    Linear BackwardEuler-Equation_ solve converged due to CONVERGED_RTOL iterations 73
    Linear BackwardEuler-Equation_ solve converged due to CONVERGED_RTOL iterations 71
  Nonlinear BackwardEuler-Equation_ solve converged due to CONVERGED_FNORM_ABS iterations 3
t = 2100.00 s | step 7/30 | wall 17.23 s | NL 3 | L 217
    Linear BackwardEuler-Equation_ solve converged due to CONVERGED_RTOL iterations 73
    Linear BackwardEuler-Equation_ solve converged due to CONVERGED_RTOL iterations 73
    Linear BackwardEuler-Equation_ solve converged due to CONVERGED_RTOL iterations 71
  Nonlinear BackwardEuler-Equation_ solve converged due to CONVERGED_FNORM_ABS iterations 3
t = 2400.00 s | step 8/30 | wall 17.22 s | NL 3 | L 217
    Linear BackwardEuler-Equation_ solve converged due to CONVERGED_RTOL iterations 74
    Linear BackwardEuler-Equation_ solve converged due to CONVERGED_RTOL iterations 73
    Linear BackwardEuler-Equation_ solve converged due to CONVERGED_RTOL iterations 71
  Nonlinear BackwardEuler-Equation_ solve converged due to CONVERGED_FNORM_ABS iterations 3
t = 2700.00 s | step 9/30 | wall 17.39 s | NL 3 | L 218
    Linear BackwardEuler-Equation_ solve converged due to CONVERGED_RTOL iterations 74
    Linear BackwardEuler-Equation_ solve converged due to CONVERGED_RTOL iterations 73
    Linear BackwardEuler-Equation_ solve converged due to CONVERGED_RTOL iterations 72
  Nonlinear BackwardEuler-Equation_ solve converged due to CONVERGED_FNORM_ABS iterations 3
t = 3000.00 s | step 10/30 | wall 17.34 s | NL 3 | L 219
    Linear BackwardEuler-Equation_ solve converged due to CONVERGED_RTOL iterations 75
    Linear BackwardEuler-Equation_ solve converged due to CONVERGED_RTOL iterations 73
    Linear BackwardEuler-Equation_ solve converged due to CONVERGED_RTOL iterations 74
  Nonlinear BackwardEuler-Equation_ solve converged due to CONVERGED_FNORM_ABS iterations 3
t = 3300.00 s | step 11/30 | wall 17.51 s | NL 3 | L 222
    Linear BackwardEuler-Equation_ solve converged due to CONVERGED_RTOL iterations 75
    Linear BackwardEuler-Equation_ solve converged due to CONVERGED_RTOL iterations 74
    Linear BackwardEuler-Equation_ solve converged due to CONVERGED_RTOL iterations 74
  Nonlinear BackwardEuler-Equation_ solve converged due to CONVERGED_FNORM_ABS iterations 3
t = 3600.00 s | step 12/30 | wall 17.60 s | NL 3 | L 223
    Linear BackwardEuler-Equation_ solve converged due to CONVERGED_RTOL iterations 76
    Linear BackwardEuler-Equation_ solve converged due to CONVERGED_RTOL iterations 74
    Linear BackwardEuler-Equation_ solve converged due to CONVERGED_RTOL iterations 75
  Nonlinear BackwardEuler-Equation_ solve converged due to CONVERGED_FNORM_ABS iterations 3
t = 3900.00 s | step 13/30 | wall 17.71 s | NL 3 | L 225
    Linear BackwardEuler-Equation_ solve converged due to CONVERGED_RTOL iterations 76
    Linear BackwardEuler-Equation_ solve converged due to CONVERGED_RTOL iterations 74
    Linear BackwardEuler-Equation_ solve converged due to CONVERGED_RTOL iterations 76
  Nonlinear BackwardEuler-Equation_ solve converged due to CONVERGED_FNORM_ABS iterations 3
t = 4200.00 s | step 14/30 | wall 17.76 s | NL 3 | L 226
    Linear BackwardEuler-Equation_ solve converged due to CONVERGED_RTOL iterations 77
    Linear BackwardEuler-Equation_ solve converged due to CONVERGED_RTOL iterations 74
    Linear BackwardEuler-Equation_ solve converged due to CONVERGED_RTOL iterations 77
  Nonlinear BackwardEuler-Equation_ solve converged due to CONVERGED_FNORM_ABS iterations 3
t = 4500.00 s | step 15/30 | wall 17.88 s | NL 3 | L 228
    Linear BackwardEuler-Equation_ solve converged due to CONVERGED_RTOL iterations 77
    Linear BackwardEuler-Equation_ solve converged due to CONVERGED_RTOL iterations 74
    Linear BackwardEuler-Equation_ solve converged due to CONVERGED_RTOL iterations 78
  Nonlinear BackwardEuler-Equation_ solve converged due to CONVERGED_FNORM_ABS iterations 3
t = 4800.00 s | step 16/30 | wall 18.04 s | NL 3 | L 229
    Linear BackwardEuler-Equation_ solve converged due to CONVERGED_RTOL iterations 77
    Linear BackwardEuler-Equation_ solve converged due to CONVERGED_RTOL iterations 75
    Linear BackwardEuler-Equation_ solve converged due to CONVERGED_RTOL iterations 78
  Nonlinear BackwardEuler-Equation_ solve converged due to CONVERGED_FNORM_ABS iterations 3
t = 5100.00 s | step 17/30 | wall 18.00 s | NL 3 | L 230
    Linear BackwardEuler-Equation_ solve converged due to CONVERGED_RTOL iterations 78
    Linear BackwardEuler-Equation_ solve converged due to CONVERGED_RTOL iterations 75
    Linear BackwardEuler-Equation_ solve converged due to CONVERGED_RTOL iterations 79
  Nonlinear BackwardEuler-Equation_ solve converged due to CONVERGED_FNORM_ABS iterations 3
t = 5400.00 s | step 18/30 | wall 18.16 s | NL 3 | L 232
    Linear BackwardEuler-Equation_ solve converged due to CONVERGED_RTOL iterations 78
    Linear BackwardEuler-Equation_ solve converged due to CONVERGED_RTOL iterations 75
    Linear BackwardEuler-Equation_ solve converged due to CONVERGED_RTOL iterations 79
  Nonlinear BackwardEuler-Equation_ solve converged due to CONVERGED_FNORM_ABS iterations 3
t = 5700.00 s | step 19/30 | wall 18.14 s | NL 3 | L 232
    Linear BackwardEuler-Equation_ solve converged due to CONVERGED_RTOL iterations 78
    Linear BackwardEuler-Equation_ solve converged due to CONVERGED_RTOL iterations 75
    Linear BackwardEuler-Equation_ solve converged due to CONVERGED_RTOL iterations 80
  Nonlinear BackwardEuler-Equation_ solve converged due to CONVERGED_FNORM_ABS iterations 3
t = 6000.00 s | step 20/30 | wall 18.19 s | NL 3 | L 233
    Linear BackwardEuler-Equation_ solve converged due to CONVERGED_RTOL iterations 79
    Linear BackwardEuler-Equation_ solve converged due to CONVERGED_RTOL iterations 75
    Linear BackwardEuler-Equation_ solve converged due to CONVERGED_RTOL iterations 80
  Nonlinear BackwardEuler-Equation_ solve converged due to CONVERGED_FNORM_ABS iterations 3
t = 6300.00 s | step 21/30 | wall 18.27 s | NL 3 | L 234
    Linear BackwardEuler-Equation_ solve converged due to CONVERGED_RTOL iterations 79
    Linear BackwardEuler-Equation_ solve converged due to CONVERGED_RTOL iterations 76
    Linear BackwardEuler-Equation_ solve converged due to CONVERGED_RTOL iterations 80
  Nonlinear BackwardEuler-Equation_ solve converged due to CONVERGED_FNORM_ABS iterations 3
t = 6600.00 s | step 22/30 | wall 18.36 s | NL 3 | L 235
    Linear BackwardEuler-Equation_ solve converged due to CONVERGED_RTOL iterations 80
    Linear BackwardEuler-Equation_ solve converged due to CONVERGED_RTOL iterations 76
    Linear BackwardEuler-Equation_ solve converged due to CONVERGED_RTOL iterations 81
  Nonlinear BackwardEuler-Equation_ solve converged due to CONVERGED_FNORM_ABS iterations 3
t = 6900.00 s | step 23/30 | wall 18.47 s | NL 3 | L 237
    Linear BackwardEuler-Equation_ solve converged due to CONVERGED_RTOL iterations 80
    Linear BackwardEuler-Equation_ solve converged due to CONVERGED_RTOL iterations 76
    Linear BackwardEuler-Equation_ solve converged due to CONVERGED_RTOL iterations 81
  Nonlinear BackwardEuler-Equation_ solve converged due to CONVERGED_FNORM_ABS iterations 3
t = 7200.00 s | step 24/30 | wall 18.45 s | NL 3 | L 237
    Linear BackwardEuler-Equation_ solve converged due to CONVERGED_RTOL iterations 80
    Linear BackwardEuler-Equation_ solve converged due to CONVERGED_RTOL iterations 76
    Linear BackwardEuler-Equation_ solve converged due to CONVERGED_RTOL iterations 81
  Nonlinear BackwardEuler-Equation_ solve converged due to CONVERGED_FNORM_ABS iterations 3
t = 7500.00 s | step 25/30 | wall 18.45 s | NL 3 | L 237
    Linear BackwardEuler-Equation_ solve converged due to CONVERGED_RTOL iterations 80
    Linear BackwardEuler-Equation_ solve converged due to CONVERGED_RTOL iterations 76
    Linear BackwardEuler-Equation_ solve converged due to CONVERGED_RTOL iterations 81
  Nonlinear BackwardEuler-Equation_ solve converged due to CONVERGED_FNORM_ABS iterations 3
t = 7800.00 s | step 26/30 | wall 18.45 s | NL 3 | L 237
    Linear BackwardEuler-Equation_ solve converged due to CONVERGED_RTOL iterations 81
    Linear BackwardEuler-Equation_ solve converged due to CONVERGED_RTOL iterations 76
    Linear BackwardEuler-Equation_ solve converged due to CONVERGED_RTOL iterations 82
  Nonlinear BackwardEuler-Equation_ solve converged due to CONVERGED_FNORM_ABS iterations 3
t = 8100.00 s | step 27/30 | wall 18.59 s | NL 3 | L 239
    Linear BackwardEuler-Equation_ solve converged due to CONVERGED_RTOL iterations 81
    Linear BackwardEuler-Equation_ solve converged due to CONVERGED_RTOL iterations 76
    Linear BackwardEuler-Equation_ solve converged due to CONVERGED_RTOL iterations 82
  Nonlinear BackwardEuler-Equation_ solve converged due to CONVERGED_FNORM_ABS iterations 3
t = 8400.00 s | step 28/30 | wall 18.58 s | NL 3 | L 239
    Linear BackwardEuler-Equation_ solve converged due to CONVERGED_RTOL iterations 81
    Linear BackwardEuler-Equation_ solve converged due to CONVERGED_RTOL iterations 76
    Linear BackwardEuler-Equation_ solve converged due to CONVERGED_RTOL iterations 82
  Nonlinear BackwardEuler-Equation_ solve converged due to CONVERGED_FNORM_ABS iterations 3
t = 8700.00 s | step 29/30 | wall 18.65 s | NL 3 | L 239
    Linear BackwardEuler-Equation_ solve converged due to CONVERGED_RTOL iterations 82
    Linear BackwardEuler-Equation_ solve converged due to CONVERGED_RTOL iterations 76
    Linear BackwardEuler-Equation_ solve converged due to CONVERGED_RTOL iterations 83
  Nonlinear BackwardEuler-Equation_ solve converged due to CONVERGED_FNORM_ABS iterations 3
t = 9000.00 s | step 30/30 | wall 18.71 s | NL 3 | L 241
Done | total NL 91 | total L 6813 | mean wall/step 19.09 s | peak RSS 995 MB
=== Job completed: Fri Aug 21 23:26:15 AEST 2026 ===

======================================================================================
                  Resource Usage on 2026-08-21 23:26:19:
   Job Id:             176973746.gadi-pbs
   Project:            xd2
   Exit Status:        0
   Service Units:      70.72
   NCPUs Requested:    208                 CPU Time Used: 34:44:12        
   Memory Requested:   1000.0GB              Memory Used: 144.73GB        
   Walltime Requested: 03:00:00            Walltime Used: 00:10:12        
   JobFS Requested:    400.0GB                JobFS Used: 56.0MB          
======================================================================================
