=== Job info ===
Case: murrumbidgee
Solver: gamg
Scale: smoke
Degree: 1
Nodes: 1
CPUs: 104
Date: Fri Aug 21 23:23:16 AEST 2026
G-ADOPT commit: 3ab20fabc820d68b6d1f820b80149bc8e452a7f4
Morrow commit: b153bd39bb0aa4da6fa4255ec076a2a14fc030fc
Driver SHA256: f5182d7d32b0293d79ef7050bbc979798d87c378f1525fe27f283ad0b4e5ba41
Solver SHA256: 0fae5ccb0c585016f61e4feecd9cd967f5a8c692c278ca3772963440bddc11b7
Firedrake module: singularity:intel-compiler-llvm/2024.2.1:petsc/main-20260815:firedrake/main-20260806
PETSC_OPTIONS: -log_view :/scratch/xd2/sg8812/morrow2026/parallel_scaling/results/murrumbidgee/gamg/smoke.profile
================
Number of degrees of freedom: 21657600
Horizontal resolution: 1775.0 m, Layers: 150, DG1
Time stepper: BackwardEuler, dt_init = 60.0 s, dt_max = 43200.0 s, growth = 1.5
Solver: gamg
Solver parameters: {'ksp_type': 'gmres', 'ksp_pc_side': 'right', 'ksp_rtol': 0.0001, 'ksp_max_it': 200, 'ksp_gmres_restart': 30, 'pc_type': 'gamg', 'pc_gamg_type': 'agg', 'pc_gamg_threshold': 0.02, 'pc_gamg_aggressive_coarsening': 1, 'pc_gamg_coarse_eq_limit': 1000, 'pc_gamg_process_eq_limit': 50, 'pc_gamg_agg_nsmooths': 1, 'pc_gamg_reuse_interpolation': True, 'mg_levels_ksp_type': 'chebyshev', 'mg_levels_ksp_max_it': 2, 'mg_levels_ksp_convergence_test': 'skip', 'mg_levels_pc_type': 'bjacobi', 'mg_levels_sub_pc_type': 'ilu', 'mg_levels_sub_pc_factor_levels': 0, 'mg_coarse_ksp_type': 'gmres', 'mg_coarse_ksp_max_it': 30, 'mg_coarse_pc_type': 'bjacobi', 'mg_coarse_sub_pc_type': 'ilu', 'snes_type': 'newtonls', 'snes_linesearch_type': 'bt', 'snes_rtol': 1e-08, 'snes_atol': 1e-12, 'snes_stol': 1e-08, 'snes_max_it': 50}
[1787319048.666821] [gadi-cpu-spr-0338:342550:0]        mm_xpmem.c:161  UCX  ERROR   failed to attach xpmem apid 0x1700053a16 offset 0x14b99c754000 length 675840: No such file or directory
[1787319048.668950] [gadi-cpu-spr-0338:342550:0]        ucp_rkey.c:418  UCX  ERROR   failed to unpack remote key from remote md[7]: Input/output error
[gadi-cpu-spr-0338:342550:0:342550]        rndv.c:1350 Fatal: failed to unpack rendezvous remote key received from <no debug data>: Input/output error
--------------------------------------------------------------------------
Primary job  terminated normally, but 1 process returned
a non-zero exit code. Per user-direction, the job has been aborted.
--------------------------------------------------------------------------
--------------------------------------------------------------------------
mpiexec noticed that process rank 18 with PID 0 on node gadi-cpu-spr-0338 exited on signal 9 (Killed).
--------------------------------------------------------------------------

======================================================================================
                  Resource Usage on 2026-08-21 23:31:04:
   Job Id:             176973759.gadi-pbs
   Project:            xd2
   Exit Status:        137 (Linux Signal 9 SIGKILL Kill, unblockable)
   Service Units:      26.40
   NCPUs Requested:    104                 CPU Time Used: 12:13:37        
   Memory Requested:   500.0GB               Memory Used: 487.31GB        
   Walltime Requested: 06:00:00            Walltime Used: 00:07:37        
   JobFS Requested:    400.0GB                JobFS Used: 37.8MB          
======================================================================================
