=== Job info ===
Phase: production
Case: murr_vertical
Scale: smoke
Solver: bjacobi
Nodes: 1
CPUs: 104
Walltime limit: 06:00:00
Firedrake module: firedrake/main-20260806
G-ADOPT source: /scratch/xd2/sg8812/morrow2026-bjacobi-matrix-20260820T070948Z/source/g-adopt
PETSC_OPTIONS: -log_view :/scratch/xd2/sg8812/morrow2026-bjacobi-matrix-20260820T070948Z/production/results/murr_vertical/smoke/run.profile
Date: 2026-08-20T07:26:32Z
Command: python /scratch/xd2/sg8812/morrow2026-bjacobi-matrix-20260820T070948Z/source/morrow/parallel_scaling/murrumbidgee_3d.py --horiz-res 1775 --layers 150 --solver bjacobi --refinement-levels 0 --dt-init 60 --dt-max 43200 --dt-growth 1.5 --dt-shrink 0.5 --t-final 2592000 --data-dir /scratch/xd2/sg8812/morrow2026-bjacobi-matrix-20260820T070948Z/source/morrow/parallel_scaling/murrumbidgee_data --profile
================
Number of degrees of freedom: 20040300
Horizontal resolution: 1775.0 m, Layers: 150, DG1
Time stepper: BackwardEuler, dt_init = 60.0 s, dt_max = 43200.0 s, growth = 1.5
Solver: bjacobi
Solver parameters: {'ksp_type': 'gmres', 'ksp_rtol': 1e-06, 'ksp_max_it': 500, 'ksp_gmres_restart': 30, 'pc_type': 'bjacobi', 'sub_ksp_type': 'preonly', 'sub_pc_type': 'ilu', 'sub_pc_factor_levels': 0, 'snes_type': 'newtonls', 'snes_linesearch_type': 'bt', 'snes_rtol': 1e-08, 'snes_atol': 1e-08, 'snes_max_it': 50}
    Linear BackwardEuler-Equation_ solve converged due to CONVERGED_RTOL iterations 33
    Linear BackwardEuler-Equation_ solve converged due to CONVERGED_RTOL iterations 32
  Nonlinear BackwardEuler-Equation_ solve converged due to CONVERGED_SNORM_RELATIVE iterations 2
t = 0.00 d | step 1/100000 | dt = 60.0 s | wall 23.80 s | NL 2 | L 65
    Linear BackwardEuler-Equation_ solve converged due to CONVERGED_RTOL iterations 26
    Linear BackwardEuler-Equation_ solve converged due to CONVERGED_RTOL iterations 32
  Nonlinear BackwardEuler-Equation_ solve converged due to CONVERGED_SNORM_RELATIVE iterations 2
t = 0.00 d | step 2/100000 | dt = 90.0 s | wall 3.98 s | NL 2 | L 58
    Linear BackwardEuler-Equation_ solve converged due to CONVERGED_RTOL iterations 25
    Linear BackwardEuler-Equation_ solve converged due to CONVERGED_RTOL iterations 31
  Nonlinear BackwardEuler-Equation_ solve converged due to CONVERGED_SNORM_RELATIVE iterations 2
t = 0.00 d | step 3/100000 | dt = 135.0 s | wall 3.82 s | NL 2 | L 56
    Linear BackwardEuler-Equation_ solve converged due to CONVERGED_RTOL iterations 24
    Linear BackwardEuler-Equation_ solve converged due to CONVERGED_RTOL iterations 31
  Nonlinear BackwardEuler-Equation_ solve converged due to CONVERGED_SNORM_RELATIVE iterations 2
t = 0.01 d | step 4/100000 | dt = 202.5 s | wall 3.76 s | NL 2 | L 55
    Linear BackwardEuler-Equation_ solve converged due to CONVERGED_RTOL iterations 23
    Linear BackwardEuler-Equation_ solve converged due to CONVERGED_RTOL iterations 30
  Nonlinear BackwardEuler-Equation_ solve converged due to CONVERGED_SNORM_RELATIVE iterations 2
t = 0.01 d | step 5/100000 | dt = 303.8 s | wall 3.63 s | NL 2 | L 53
    Linear BackwardEuler-Equation_ solve converged due to CONVERGED_RTOL iterations 23
    Linear BackwardEuler-Equation_ solve converged due to CONVERGED_RTOL iterations 29
  Nonlinear BackwardEuler-Equation_ solve converged due to CONVERGED_SNORM_RELATIVE iterations 2
t = 0.01 d | step 6/100000 | dt = 455.6 s | wall 3.57 s | NL 2 | L 52
    Linear BackwardEuler-Equation_ solve converged due to CONVERGED_RTOL iterations 22
    Linear BackwardEuler-Equation_ solve converged due to CONVERGED_RTOL iterations 29
  Nonlinear BackwardEuler-Equation_ solve converged due to CONVERGED_SNORM_RELATIVE iterations 2
t = 0.02 d | step 7/100000 | dt = 683.4 s | wall 3.52 s | NL 2 | L 51
    Linear BackwardEuler-Equation_ solve converged due to CONVERGED_RTOL iterations 22
    Linear BackwardEuler-Equation_ solve converged due to CONVERGED_RTOL iterations 29
  Nonlinear BackwardEuler-Equation_ solve converged due to CONVERGED_SNORM_RELATIVE iterations 2
t = 0.03 d | step 8/100000 | dt = 1025.2 s | wall 3.51 s | NL 2 | L 51
    Linear BackwardEuler-Equation_ solve converged due to CONVERGED_RTOL iterations 21
    Linear BackwardEuler-Equation_ solve converged due to CONVERGED_RTOL iterations 27
  Nonlinear BackwardEuler-Equation_ solve converged due to CONVERGED_SNORM_RELATIVE iterations 2
t = 0.05 d | step 9/100000 | dt = 1537.7 s | wall 3.35 s | NL 2 | L 48
    Linear BackwardEuler-Equation_ solve converged due to CONVERGED_RTOL iterations 21
    Linear BackwardEuler-Equation_ solve converged due to CONVERGED_RTOL iterations 24
  Nonlinear BackwardEuler-Equation_ solve converged due to CONVERGED_SNORM_RELATIVE iterations 2
t = 0.08 d | step 10/100000 | dt = 2306.6 s | wall 3.16 s | NL 2 | L 45
    Linear BackwardEuler-Equation_ solve converged due to CONVERGED_RTOL iterations 21
    Linear BackwardEuler-Equation_ solve converged due to CONVERGED_RTOL iterations 24
  Nonlinear BackwardEuler-Equation_ solve converged due to CONVERGED_SNORM_RELATIVE iterations 2
t = 0.12 d | step 11/100000 | dt = 3459.9 s | wall 3.17 s | NL 2 | L 45
    Linear BackwardEuler-Equation_ solve converged due to CONVERGED_RTOL iterations 21
    Linear BackwardEuler-Equation_ solve converged due to CONVERGED_RTOL iterations 27
    Linear BackwardEuler-Equation_ solve converged due to CONVERGED_RTOL iterations 29
  Nonlinear BackwardEuler-Equation_ solve converged due to CONVERGED_SNORM_RELATIVE iterations 3
t = 0.18 d | step 12/100000 | dt = 5189.9 s | wall 5.27 s | NL 3 | L 77
    Linear BackwardEuler-Equation_ solve converged due to CONVERGED_RTOL iterations 21
    Linear BackwardEuler-Equation_ solve converged due to CONVERGED_RTOL iterations 24
    Linear BackwardEuler-Equation_ solve converged due to CONVERGED_RTOL iterations 33
  Nonlinear BackwardEuler-Equation_ solve converged due to CONVERGED_SNORM_RELATIVE iterations 3
t = 0.27 d | step 13/100000 | dt = 7784.8 s | wall 5.32 s | NL 3 | L 78
    Linear BackwardEuler-Equation_ solve converged due to CONVERGED_RTOL iterations 22
    Linear BackwardEuler-Equation_ solve converged due to CONVERGED_RTOL iterations 24
    Linear BackwardEuler-Equation_ solve converged due to CONVERGED_RTOL iterations 32
  Nonlinear BackwardEuler-Equation_ solve converged due to CONVERGED_SNORM_RELATIVE iterations 3
t = 0.40 d | step 14/100000 | dt = 11677.2 s | wall 5.34 s | NL 3 | L 78
    Linear BackwardEuler-Equation_ solve converged due to CONVERGED_RTOL iterations 22
    Linear BackwardEuler-Equation_ solve converged due to CONVERGED_RTOL iterations 24
    Linear BackwardEuler-Equation_ solve converged due to CONVERGED_RTOL iterations 30
  Nonlinear BackwardEuler-Equation_ solve converged due to CONVERGED_SNORM_RELATIVE iterations 3
t = 0.61 d | step 15/100000 | dt = 17515.8 s | wall 5.22 s | NL 3 | L 76
    Linear BackwardEuler-Equation_ solve converged due to CONVERGED_RTOL iterations 22
    Linear BackwardEuler-Equation_ solve converged due to CONVERGED_RTOL iterations 23
    Linear BackwardEuler-Equation_ solve converged due to CONVERGED_RTOL iterations 33
  Nonlinear BackwardEuler-Equation_ solve converged due to CONVERGED_SNORM_RELATIVE iterations 3
t = 0.91 d | step 16/100000 | dt = 26273.6 s | wall 5.32 s | NL 3 | L 78
    Linear BackwardEuler-Equation_ solve converged due to CONVERGED_RTOL iterations 22
    Linear BackwardEuler-Equation_ solve converged due to CONVERGED_RTOL iterations 24
    Linear BackwardEuler-Equation_ solve converged due to CONVERGED_RTOL iterations 29
  Nonlinear BackwardEuler-Equation_ solve converged due to CONVERGED_SNORM_RELATIVE iterations 3
t = 1.37 d | step 17/100000 | dt = 39410.5 s | wall 5.15 s | NL 3 | L 75
    Linear BackwardEuler-Equation_ solve converged due to CONVERGED_RTOL iterations 22
    Linear BackwardEuler-Equation_ solve converged due to CONVERGED_RTOL iterations 25
    Linear BackwardEuler-Equation_ solve converged due to CONVERGED_RTOL iterations 32
  Nonlinear BackwardEuler-Equation_ solve converged due to CONVERGED_SNORM_RELATIVE iterations 3
t = 1.87 d | step 18/100000 | dt = 43200.0 s | wall 5.39 s | NL 3 | L 79
    Linear BackwardEuler-Equation_ solve converged due to CONVERGED_RTOL iterations 22
    Linear BackwardEuler-Equation_ solve converged due to CONVERGED_RTOL iterations 25
    Linear BackwardEuler-Equation_ solve converged due to CONVERGED_RTOL iterations 31
  Nonlinear BackwardEuler-Equation_ solve converged due to CONVERGED_SNORM_RELATIVE iterations 3
t = 2.37 d | step 19/100000 | dt = 43200.0 s | wall 5.35 s | NL 3 | L 78
    Linear BackwardEuler-Equation_ solve converged due to CONVERGED_RTOL iterations 22
    Linear BackwardEuler-Equation_ solve converged due to CONVERGED_RTOL iterations 25
    Linear BackwardEuler-Equation_ solve converged due to CONVERGED_RTOL iterations 31
  Nonlinear BackwardEuler-Equation_ solve converged due to CONVERGED_SNORM_RELATIVE iterations 3
t = 2.87 d | step 20/100000 | dt = 43200.0 s | wall 5.36 s | NL 3 | L 78
    Linear BackwardEuler-Equation_ solve converged due to CONVERGED_RTOL iterations 23
    Linear BackwardEuler-Equation_ solve converged due to CONVERGED_RTOL iterations 26
    Linear BackwardEuler-Equation_ solve converged due to CONVERGED_RTOL iterations 31
  Nonlinear BackwardEuler-Equation_ solve converged due to CONVERGED_SNORM_RELATIVE iterations 3
t = 3.37 d | step 21/100000 | dt = 43200.0 s | wall 5.46 s | NL 3 | L 80
    Linear BackwardEuler-Equation_ solve converged due to CONVERGED_RTOL iterations 23
    Linear BackwardEuler-Equation_ solve converged due to CONVERGED_RTOL iterations 27
    Linear BackwardEuler-Equation_ solve converged due to CONVERGED_RTOL iterations 30
  Nonlinear BackwardEuler-Equation_ solve converged due to CONVERGED_SNORM_RELATIVE iterations 3
t = 3.87 d | step 22/100000 | dt = 43200.0 s | wall 5.48 s | NL 3 | L 80
    Linear BackwardEuler-Equation_ solve converged due to CONVERGED_RTOL iterations 23
    Linear BackwardEuler-Equation_ solve converged due to CONVERGED_RTOL iterations 26
    Linear BackwardEuler-Equation_ solve converged due to CONVERGED_RTOL iterations 32
  Nonlinear BackwardEuler-Equation_ solve converged due to CONVERGED_SNORM_RELATIVE iterations 3
t = 4.37 d | step 23/100000 | dt = 43200.0 s | wall 5.51 s | NL 3 | L 81
    Linear BackwardEuler-Equation_ solve converged due to CONVERGED_RTOL iterations 23
    Linear BackwardEuler-Equation_ solve converged due to CONVERGED_RTOL iterations 27
    Linear BackwardEuler-Equation_ solve converged due to CONVERGED_RTOL iterations 30
  Nonlinear BackwardEuler-Equation_ solve converged due to CONVERGED_SNORM_RELATIVE iterations 3
t = 4.87 d | step 24/100000 | dt = 43200.0 s | wall 5.44 s | NL 3 | L 80
    Linear BackwardEuler-Equation_ solve converged due to CONVERGED_RTOL iterations 23
    Linear BackwardEuler-Equation_ solve converged due to CONVERGED_RTOL iterations 26
    Linear BackwardEuler-Equation_ solve converged due to CONVERGED_RTOL iterations 31
  Nonlinear BackwardEuler-Equation_ solve converged due to CONVERGED_SNORM_RELATIVE iterations 3
t = 5.37 d | step 25/100000 | dt = 43200.0 s | wall 5.46 s | NL 3 | L 80
    Linear BackwardEuler-Equation_ solve converged due to CONVERGED_RTOL iterations 23
    Linear BackwardEuler-Equation_ solve converged due to CONVERGED_RTOL iterations 27
    Linear BackwardEuler-Equation_ solve converged due to CONVERGED_RTOL iterations 30
  Nonlinear BackwardEuler-Equation_ solve converged due to CONVERGED_SNORM_RELATIVE iterations 3
t = 5.87 d | step 26/100000 | dt = 43200.0 s | wall 5.45 s | NL 3 | L 80
    Linear BackwardEuler-Equation_ solve converged due to CONVERGED_RTOL iterations 23
    Linear BackwardEuler-Equation_ solve converged due to CONVERGED_RTOL iterations 28
    Linear BackwardEuler-Equation_ solve converged due to CONVERGED_RTOL iterations 36
  Nonlinear BackwardEuler-Equation_ solve converged due to CONVERGED_SNORM_RELATIVE iterations 3
t = 6.37 d | step 27/100000 | dt = 43200.0 s | wall 5.79 s | NL 3 | L 87
    Linear BackwardEuler-Equation_ solve converged due to CONVERGED_RTOL iterations 23
    Linear BackwardEuler-Equation_ solve converged due to CONVERGED_RTOL iterations 27
    Linear BackwardEuler-Equation_ solve converged due to CONVERGED_RTOL iterations 33
  Nonlinear BackwardEuler-Equation_ solve converged due to CONVERGED_SNORM_RELATIVE iterations 3
t = 6.87 d | step 28/100000 | dt = 43200.0 s | wall 5.60 s | NL 3 | L 83
    Linear BackwardEuler-Equation_ solve converged due to CONVERGED_RTOL iterations 23
    Linear BackwardEuler-Equation_ solve converged due to CONVERGED_RTOL iterations 27
    Linear BackwardEuler-Equation_ solve converged due to CONVERGED_RTOL iterations 31
  Nonlinear BackwardEuler-Equation_ solve converged due to CONVERGED_SNORM_RELATIVE iterations 3
t = 7.37 d | step 29/100000 | dt = 43200.0 s | wall 5.52 s | NL 3 | L 81
    Linear BackwardEuler-Equation_ solve converged due to CONVERGED_RTOL iterations 23
    Linear BackwardEuler-Equation_ solve converged due to CONVERGED_RTOL iterations 26
    Linear BackwardEuler-Equation_ solve converged due to CONVERGED_RTOL iterations 30
  Nonlinear BackwardEuler-Equation_ solve converged due to CONVERGED_SNORM_RELATIVE iterations 3
t = 7.87 d | step 30/100000 | dt = 43200.0 s | wall 5.39 s | NL 3 | L 79
    Linear BackwardEuler-Equation_ solve converged due to CONVERGED_RTOL iterations 23
    Linear BackwardEuler-Equation_ solve converged due to CONVERGED_RTOL iterations 26
    Linear BackwardEuler-Equation_ solve converged due to CONVERGED_RTOL iterations 32
  Nonlinear BackwardEuler-Equation_ solve converged due to CONVERGED_SNORM_RELATIVE iterations 3
t = 8.37 d | step 31/100000 | dt = 43200.0 s | wall 5.51 s | NL 3 | L 81
    Linear BackwardEuler-Equation_ solve converged due to CONVERGED_RTOL iterations 23
    Linear BackwardEuler-Equation_ solve converged due to CONVERGED_RTOL iterations 28
    Linear BackwardEuler-Equation_ solve converged due to CONVERGED_RTOL iterations 33
  Nonlinear BackwardEuler-Equation_ solve converged due to CONVERGED_SNORM_RELATIVE iterations 3
t = 8.87 d | step 32/100000 | dt = 43200.0 s | wall 5.67 s | NL 3 | L 84
    Linear BackwardEuler-Equation_ solve converged due to CONVERGED_RTOL iterations 23
    Linear BackwardEuler-Equation_ solve converged due to CONVERGED_RTOL iterations 27
    Linear BackwardEuler-Equation_ solve converged due to CONVERGED_RTOL iterations 30
  Nonlinear BackwardEuler-Equation_ solve converged due to CONVERGED_SNORM_RELATIVE iterations 3
t = 9.37 d | step 33/100000 | dt = 43200.0 s | wall 5.45 s | NL 3 | L 80
    Linear BackwardEuler-Equation_ solve converged due to CONVERGED_RTOL iterations 23
    Linear BackwardEuler-Equation_ solve converged due to CONVERGED_RTOL iterations 28
    Linear BackwardEuler-Equation_ solve converged due to CONVERGED_RTOL iterations 32
  Nonlinear BackwardEuler-Equation_ solve converged due to CONVERGED_SNORM_RELATIVE iterations 3
t = 9.87 d | step 34/100000 | dt = 43200.0 s | wall 5.63 s | NL 3 | L 83
    Linear BackwardEuler-Equation_ solve converged due to CONVERGED_RTOL iterations 23
    Linear BackwardEuler-Equation_ solve converged due to CONVERGED_RTOL iterations 28
    Linear BackwardEuler-Equation_ solve converged due to CONVERGED_RTOL iterations 32
  Nonlinear BackwardEuler-Equation_ solve converged due to CONVERGED_SNORM_RELATIVE iterations 3
t = 10.37 d | step 35/100000 | dt = 43200.0 s | wall 5.63 s | NL 3 | L 83
    Linear BackwardEuler-Equation_ solve converged due to CONVERGED_RTOL iterations 23
    Linear BackwardEuler-Equation_ solve converged due to CONVERGED_RTOL iterations 28
    Linear BackwardEuler-Equation_ solve converged due to CONVERGED_RTOL iterations 29
  Nonlinear BackwardEuler-Equation_ solve converged due to CONVERGED_SNORM_RELATIVE iterations 3
t = 10.87 d | step 36/100000 | dt = 43200.0 s | wall 5.44 s | NL 3 | L 80
    Linear BackwardEuler-Equation_ solve converged due to CONVERGED_RTOL iterations 23
    Linear BackwardEuler-Equation_ solve converged due to CONVERGED_RTOL iterations 29
    Linear BackwardEuler-Equation_ solve converged due to CONVERGED_RTOL iterations 29
  Nonlinear BackwardEuler-Equation_ solve converged due to CONVERGED_SNORM_RELATIVE iterations 3
t = 11.37 d | step 37/100000 | dt = 43200.0 s | wall 5.52 s | NL 3 | L 81
    Linear BackwardEuler-Equation_ solve converged due to CONVERGED_RTOL iterations 23
    Linear BackwardEuler-Equation_ solve converged due to CONVERGED_RTOL iterations 28
    Linear BackwardEuler-Equation_ solve converged due to CONVERGED_RTOL iterations 32
  Nonlinear BackwardEuler-Equation_ solve converged due to CONVERGED_SNORM_RELATIVE iterations 3
t = 11.87 d | step 38/100000 | dt = 43200.0 s | wall 5.62 s | NL 3 | L 83
    Linear BackwardEuler-Equation_ solve converged due to CONVERGED_RTOL iterations 23
    Linear BackwardEuler-Equation_ solve converged due to CONVERGED_RTOL iterations 29
    Linear BackwardEuler-Equation_ solve converged due to CONVERGED_RTOL iterations 32
  Nonlinear BackwardEuler-Equation_ solve converged due to CONVERGED_SNORM_RELATIVE iterations 3
t = 12.37 d | step 39/100000 | dt = 43200.0 s | wall 5.68 s | NL 3 | L 84
    Linear BackwardEuler-Equation_ solve converged due to CONVERGED_RTOL iterations 23
    Linear BackwardEuler-Equation_ solve converged due to CONVERGED_RTOL iterations 27
    Linear BackwardEuler-Equation_ solve converged due to CONVERGED_RTOL iterations 30
  Nonlinear BackwardEuler-Equation_ solve converged due to CONVERGED_SNORM_RELATIVE iterations 3
t = 12.87 d | step 40/100000 | dt = 43200.0 s | wall 5.44 s | NL 3 | L 80
    Linear BackwardEuler-Equation_ solve converged due to CONVERGED_RTOL iterations 23
    Linear BackwardEuler-Equation_ solve converged due to CONVERGED_RTOL iterations 28
    Linear BackwardEuler-Equation_ solve converged due to CONVERGED_RTOL iterations 31
  Nonlinear BackwardEuler-Equation_ solve converged due to CONVERGED_SNORM_RELATIVE iterations 3
t = 13.37 d | step 41/100000 | dt = 43200.0 s | wall 5.58 s | NL 3 | L 82
    Linear BackwardEuler-Equation_ solve converged due to CONVERGED_RTOL iterations 23
    Linear BackwardEuler-Equation_ solve converged due to CONVERGED_RTOL iterations 27
    Linear BackwardEuler-Equation_ solve converged due to CONVERGED_RTOL iterations 30
  Nonlinear BackwardEuler-Equation_ solve converged due to CONVERGED_SNORM_RELATIVE iterations 3
t = 13.87 d | step 42/100000 | dt = 43200.0 s | wall 5.46 s | NL 3 | L 80
    Linear BackwardEuler-Equation_ solve converged due to CONVERGED_RTOL iterations 23
    Linear BackwardEuler-Equation_ solve converged due to CONVERGED_RTOL iterations 27
    Linear BackwardEuler-Equation_ solve converged due to CONVERGED_RTOL iterations 30
  Nonlinear BackwardEuler-Equation_ solve converged due to CONVERGED_SNORM_RELATIVE iterations 3
t = 14.37 d | step 43/100000 | dt = 43200.0 s | wall 5.44 s | NL 3 | L 80
    Linear BackwardEuler-Equation_ solve converged due to CONVERGED_RTOL iterations 23
    Linear BackwardEuler-Equation_ solve converged due to CONVERGED_RTOL iterations 27
    Linear BackwardEuler-Equation_ solve converged due to CONVERGED_RTOL iterations 29
  Nonlinear BackwardEuler-Equation_ solve converged due to CONVERGED_SNORM_RELATIVE iterations 3
t = 14.87 d | step 44/100000 | dt = 43200.0 s | wall 5.43 s | NL 3 | L 79
    Linear BackwardEuler-Equation_ solve converged due to CONVERGED_RTOL iterations 23
    Linear BackwardEuler-Equation_ solve converged due to CONVERGED_RTOL iterations 27
    Linear BackwardEuler-Equation_ solve converged due to CONVERGED_RTOL iterations 35
  Nonlinear BackwardEuler-Equation_ solve converged due to CONVERGED_SNORM_RELATIVE iterations 3
t = 15.37 d | step 45/100000 | dt = 43200.0 s | wall 5.69 s | NL 3 | L 85
    Linear BackwardEuler-Equation_ solve converged due to CONVERGED_RTOL iterations 23
    Linear BackwardEuler-Equation_ solve converged due to CONVERGED_RTOL iterations 28
    Linear BackwardEuler-Equation_ solve converged due to CONVERGED_RTOL iterations 33
  Nonlinear BackwardEuler-Equation_ solve converged due to CONVERGED_SNORM_RELATIVE iterations 3
t = 15.87 d | step 46/100000 | dt = 43200.0 s | wall 5.66 s | NL 3 | L 84
    Linear BackwardEuler-Equation_ solve converged due to CONVERGED_RTOL iterations 23
    Linear BackwardEuler-Equation_ solve converged due to CONVERGED_RTOL iterations 29
    Linear BackwardEuler-Equation_ solve converged due to CONVERGED_RTOL iterations 30
  Nonlinear BackwardEuler-Equation_ solve converged due to CONVERGED_SNORM_RELATIVE iterations 3
t = 16.37 d | step 47/100000 | dt = 43200.0 s | wall 5.56 s | NL 3 | L 82
    Linear BackwardEuler-Equation_ solve converged due to CONVERGED_RTOL iterations 23
    Linear BackwardEuler-Equation_ solve converged due to CONVERGED_RTOL iterations 28
    Linear BackwardEuler-Equation_ solve converged due to CONVERGED_RTOL iterations 31
  Nonlinear BackwardEuler-Equation_ solve converged due to CONVERGED_SNORM_RELATIVE iterations 3
t = 16.87 d | step 48/100000 | dt = 43200.0 s | wall 5.58 s | NL 3 | L 82
    Linear BackwardEuler-Equation_ solve converged due to CONVERGED_RTOL iterations 23
    Linear BackwardEuler-Equation_ solve converged due to CONVERGED_RTOL iterations 28
    Linear BackwardEuler-Equation_ solve converged due to CONVERGED_RTOL iterations 29
  Nonlinear BackwardEuler-Equation_ solve converged due to CONVERGED_SNORM_RELATIVE iterations 3
t = 17.37 d | step 49/100000 | dt = 43200.0 s | wall 5.45 s | NL 3 | L 80
    Linear BackwardEuler-Equation_ solve converged due to CONVERGED_RTOL iterations 23
    Linear BackwardEuler-Equation_ solve converged due to CONVERGED_RTOL iterations 28
    Linear BackwardEuler-Equation_ solve converged due to CONVERGED_RTOL iterations 32
  Nonlinear BackwardEuler-Equation_ solve converged due to CONVERGED_SNORM_RELATIVE iterations 3
t = 17.87 d | step 50/100000 | dt = 43200.0 s | wall 5.62 s | NL 3 | L 83
    Linear BackwardEuler-Equation_ solve converged due to CONVERGED_RTOL iterations 23
    Linear BackwardEuler-Equation_ solve converged due to CONVERGED_RTOL iterations 28
    Linear BackwardEuler-Equation_ solve converged due to CONVERGED_RTOL iterations 33
  Nonlinear BackwardEuler-Equation_ solve converged due to CONVERGED_SNORM_RELATIVE iterations 3
t = 18.37 d | step 51/100000 | dt = 43200.0 s | wall 5.66 s | NL 3 | L 84
    Linear BackwardEuler-Equation_ solve converged due to CONVERGED_RTOL iterations 23
    Linear BackwardEuler-Equation_ solve converged due to CONVERGED_RTOL iterations 27
    Linear BackwardEuler-Equation_ solve converged due to CONVERGED_RTOL iterations 33
  Nonlinear BackwardEuler-Equation_ solve converged due to CONVERGED_SNORM_RELATIVE iterations 3
t = 18.87 d | step 52/100000 | dt = 43200.0 s | wall 5.61 s | NL 3 | L 83
    Linear BackwardEuler-Equation_ solve converged due to CONVERGED_RTOL iterations 23
    Linear BackwardEuler-Equation_ solve converged due to CONVERGED_RTOL iterations 28
    Linear BackwardEuler-Equation_ solve converged due to CONVERGED_RTOL iterations 31
  Nonlinear BackwardEuler-Equation_ solve converged due to CONVERGED_SNORM_RELATIVE iterations 3
t = 19.37 d | step 53/100000 | dt = 43200.0 s | wall 5.58 s | NL 3 | L 82
    Linear BackwardEuler-Equation_ solve converged due to CONVERGED_RTOL iterations 23
    Linear BackwardEuler-Equation_ solve converged due to CONVERGED_RTOL iterations 29
    Linear BackwardEuler-Equation_ solve converged due to CONVERGED_RTOL iterations 30
  Nonlinear BackwardEuler-Equation_ solve converged due to CONVERGED_SNORM_RELATIVE iterations 3
t = 19.87 d | step 54/100000 | dt = 43200.0 s | wall 5.57 s | NL 3 | L 82
    Linear BackwardEuler-Equation_ solve converged due to CONVERGED_RTOL iterations 23
    Linear BackwardEuler-Equation_ solve converged due to CONVERGED_RTOL iterations 30
    Linear BackwardEuler-Equation_ solve converged due to CONVERGED_RTOL iterations 30
  Nonlinear BackwardEuler-Equation_ solve converged due to CONVERGED_SNORM_RELATIVE iterations 3
t = 20.37 d | step 55/100000 | dt = 43200.0 s | wall 5.62 s | NL 3 | L 83
    Linear BackwardEuler-Equation_ solve converged due to CONVERGED_RTOL iterations 23
    Linear BackwardEuler-Equation_ solve converged due to CONVERGED_RTOL iterations 28
    Linear BackwardEuler-Equation_ solve converged due to CONVERGED_RTOL iterations 33
  Nonlinear BackwardEuler-Equation_ solve converged due to CONVERGED_SNORM_RELATIVE iterations 3
t = 20.87 d | step 56/100000 | dt = 43200.0 s | wall 5.66 s | NL 3 | L 84
    Linear BackwardEuler-Equation_ solve converged due to CONVERGED_RTOL iterations 23
    Linear BackwardEuler-Equation_ solve converged due to CONVERGED_RTOL iterations 27
    Linear BackwardEuler-Equation_ solve converged due to CONVERGED_RTOL iterations 31
  Nonlinear BackwardEuler-Equation_ solve converged due to CONVERGED_SNORM_RELATIVE iterations 3
t = 21.37 d | step 57/100000 | dt = 43200.0 s | wall 5.52 s | NL 3 | L 81
    Linear BackwardEuler-Equation_ solve converged due to CONVERGED_RTOL iterations 23
    Linear BackwardEuler-Equation_ solve converged due to CONVERGED_RTOL iterations 28
    Linear BackwardEuler-Equation_ solve converged due to CONVERGED_RTOL iterations 32
  Nonlinear BackwardEuler-Equation_ solve converged due to CONVERGED_SNORM_RELATIVE iterations 3
t = 21.87 d | step 58/100000 | dt = 43200.0 s | wall 5.62 s | NL 3 | L 83
    Linear BackwardEuler-Equation_ solve converged due to CONVERGED_RTOL iterations 23
    Linear BackwardEuler-Equation_ solve converged due to CONVERGED_RTOL iterations 29
    Linear BackwardEuler-Equation_ solve converged due to CONVERGED_RTOL iterations 29
  Nonlinear BackwardEuler-Equation_ solve converged due to CONVERGED_SNORM_RELATIVE iterations 3
t = 22.37 d | step 59/100000 | dt = 43200.0 s | wall 5.50 s | NL 3 | L 81
    Linear BackwardEuler-Equation_ solve converged due to CONVERGED_RTOL iterations 24
    Linear BackwardEuler-Equation_ solve converged due to CONVERGED_RTOL iterations 28
    Linear BackwardEuler-Equation_ solve converged due to CONVERGED_RTOL iterations 29
  Nonlinear BackwardEuler-Equation_ solve converged due to CONVERGED_SNORM_RELATIVE iterations 3
t = 22.87 d | step 60/100000 | dt = 43200.0 s | wall 5.50 s | NL 3 | L 81
    Linear BackwardEuler-Equation_ solve converged due to CONVERGED_RTOL iterations 24
    Linear BackwardEuler-Equation_ solve converged due to CONVERGED_RTOL iterations 28
    Linear BackwardEuler-Equation_ solve converged due to CONVERGED_RTOL iterations 33
  Nonlinear BackwardEuler-Equation_ solve converged due to CONVERGED_SNORM_RELATIVE iterations 3
t = 23.37 d | step 61/100000 | dt = 43200.0 s | wall 5.72 s | NL 3 | L 85
    Linear BackwardEuler-Equation_ solve converged due to CONVERGED_RTOL iterations 24
    Linear BackwardEuler-Equation_ solve converged due to CONVERGED_RTOL iterations 30
    Linear BackwardEuler-Equation_ solve converged due to CONVERGED_RTOL iterations 34
  Nonlinear BackwardEuler-Equation_ solve converged due to CONVERGED_SNORM_RELATIVE iterations 3
t = 23.87 d | step 62/100000 | dt = 43200.0 s | wall 5.88 s | NL 3 | L 88
    Linear BackwardEuler-Equation_ solve converged due to CONVERGED_RTOL iterations 24
    Linear BackwardEuler-Equation_ solve converged due to CONVERGED_RTOL iterations 30
    Linear BackwardEuler-Equation_ solve converged due to CONVERGED_RTOL iterations 32
  Nonlinear BackwardEuler-Equation_ solve converged due to CONVERGED_SNORM_RELATIVE iterations 3
t = 24.37 d | step 63/100000 | dt = 43200.0 s | wall 5.80 s | NL 3 | L 86
    Linear BackwardEuler-Equation_ solve converged due to CONVERGED_RTOL iterations 24
    Linear BackwardEuler-Equation_ solve converged due to CONVERGED_RTOL iterations 29
    Linear BackwardEuler-Equation_ solve converged due to CONVERGED_RTOL iterations 31
  Nonlinear BackwardEuler-Equation_ solve converged due to CONVERGED_SNORM_RELATIVE iterations 3
t = 24.87 d | step 64/100000 | dt = 43200.0 s | wall 5.71 s | NL 3 | L 84
    Linear BackwardEuler-Equation_ solve converged due to CONVERGED_RTOL iterations 24
    Linear BackwardEuler-Equation_ solve converged due to CONVERGED_RTOL iterations 28
    Linear BackwardEuler-Equation_ solve converged due to CONVERGED_RTOL iterations 34
  Nonlinear BackwardEuler-Equation_ solve converged due to CONVERGED_SNORM_RELATIVE iterations 3
t = 25.37 d | step 65/100000 | dt = 43200.0 s | wall 5.77 s | NL 3 | L 86
    Linear BackwardEuler-Equation_ solve converged due to CONVERGED_RTOL iterations 24
    Linear BackwardEuler-Equation_ solve converged due to CONVERGED_RTOL iterations 30
    Linear BackwardEuler-Equation_ solve converged due to CONVERGED_RTOL iterations 31
  Nonlinear BackwardEuler-Equation_ solve converged due to CONVERGED_SNORM_RELATIVE iterations 3
t = 25.87 d | step 66/100000 | dt = 43200.0 s | wall 5.88 s | NL 3 | L 85
    Linear BackwardEuler-Equation_ solve converged due to CONVERGED_RTOL iterations 24
    Linear BackwardEuler-Equation_ solve converged due to CONVERGED_RTOL iterations 28
    Linear BackwardEuler-Equation_ solve converged due to CONVERGED_RTOL iterations 33
  Nonlinear BackwardEuler-Equation_ solve converged due to CONVERGED_SNORM_RELATIVE iterations 3
t = 26.37 d | step 67/100000 | dt = 43200.0 s | wall 5.72 s | NL 3 | L 85
    Linear BackwardEuler-Equation_ solve converged due to CONVERGED_RTOL iterations 24
    Linear BackwardEuler-Equation_ solve converged due to CONVERGED_RTOL iterations 30
    Linear BackwardEuler-Equation_ solve converged due to CONVERGED_RTOL iterations 32
  Nonlinear BackwardEuler-Equation_ solve converged due to CONVERGED_SNORM_RELATIVE iterations 3
t = 26.87 d | step 68/100000 | dt = 43200.0 s | wall 5.80 s | NL 3 | L 86
    Linear BackwardEuler-Equation_ solve converged due to CONVERGED_RTOL iterations 24
    Linear BackwardEuler-Equation_ solve converged due to CONVERGED_RTOL iterations 30
    Linear BackwardEuler-Equation_ solve converged due to CONVERGED_RTOL iterations 32
  Nonlinear BackwardEuler-Equation_ solve converged due to CONVERGED_SNORM_RELATIVE iterations 3
t = 27.37 d | step 69/100000 | dt = 43200.0 s | wall 5.80 s | NL 3 | L 86
    Linear BackwardEuler-Equation_ solve converged due to CONVERGED_RTOL iterations 24
    Linear BackwardEuler-Equation_ solve converged due to CONVERGED_RTOL iterations 28
  Nonlinear BackwardEuler-Equation_ solve converged due to CONVERGED_SNORM_RELATIVE iterations 2
t = 27.87 d | step 70/100000 | dt = 43200.0 s | wall 3.56 s | NL 2 | L 52
    Linear BackwardEuler-Equation_ solve converged due to CONVERGED_RTOL iterations 24
    Linear BackwardEuler-Equation_ solve converged due to CONVERGED_RTOL iterations 29
  Nonlinear BackwardEuler-Equation_ solve converged due to CONVERGED_SNORM_RELATIVE iterations 2
t = 28.37 d | step 71/100000 | dt = 43200.0 s | wall 3.62 s | NL 2 | L 53
    Linear BackwardEuler-Equation_ solve converged due to CONVERGED_RTOL iterations 24
    Linear BackwardEuler-Equation_ solve converged due to CONVERGED_RTOL iterations 29
    Linear BackwardEuler-Equation_ solve converged due to CONVERGED_RTOL iterations 30
  Nonlinear BackwardEuler-Equation_ solve converged due to CONVERGED_SNORM_RELATIVE iterations 3
t = 28.87 d | step 72/100000 | dt = 43200.0 s | wall 5.62 s | NL 3 | L 83
    Linear BackwardEuler-Equation_ solve converged due to CONVERGED_RTOL iterations 24
    Linear BackwardEuler-Equation_ solve converged due to CONVERGED_RTOL iterations 29
  Nonlinear BackwardEuler-Equation_ solve converged due to CONVERGED_SNORM_RELATIVE iterations 2
t = 29.37 d | step 73/100000 | dt = 43200.0 s | wall 3.62 s | NL 2 | L 53
    Linear BackwardEuler-Equation_ solve converged due to CONVERGED_RTOL iterations 24
    Linear BackwardEuler-Equation_ solve converged due to CONVERGED_RTOL iterations 29
  Nonlinear BackwardEuler-Equation_ solve converged due to CONVERGED_SNORM_RELATIVE iterations 2
t = 29.87 d | step 74/100000 | dt = 43200.0 s | wall 3.62 s | NL 2 | L 53
    Linear BackwardEuler-Equation_ solve converged due to CONVERGED_RTOL iterations 24
    Linear BackwardEuler-Equation_ solve converged due to CONVERGED_RTOL iterations 29
  Nonlinear BackwardEuler-Equation_ solve converged due to CONVERGED_SNORM_RELATIVE iterations 2
t = 30.37 d | step 75/100000 | dt = 43200.0 s | wall 3.63 s | NL 2 | L 53
Done | total NL 209 | total L 5665 | mean wall/step 5.40 s | peak RSS 970 MB | steps 75 | failed 0 | sim_time 30.37 d
=== Job completed: 2026-08-20T07:34:25Z ===

======================================================================================
                  Resource Usage on 2026-08-20 17:34:28:
   Job Id:             176816371.gadi-pbs
   Project:            xd2
   Exit Status:        0
   Service Units:      27.44
   NCPUs Requested:    104                 CPU Time Used: 13:25:35        
   Memory Requested:   500.0GB               Memory Used: 77.55GB         
   Walltime Requested: 06:00:00            Walltime Used: 00:07:55        
   JobFS Requested:    400.0GB                JobFS Used: 148.29MB        
======================================================================================
