=== Job info ===
Case: cockett
Solver: sor
Scale: large
Degree: 1
Nodes: 4
CPUs: 416
Date: Tue Aug 25 22:04:24 AEST 2026
G-ADOPT commit: 3ab20fabc820d68b6d1f820b80149bc8e452a7f4
Morrow commit: b153bd39bb0aa4da6fa4255ec076a2a14fc030fc
Driver SHA256: ba6abf3ce3388755b35208a104650d19c9d308d9f781cba9ec25e899ad444bb4
Solver SHA256: b8136ce5616e955b370a2afbbdf77964c4692837ee482b58dc98e7ec16c83a11
Firedrake module: singularity:intel-compiler-llvm/2024.2.1:petsc/main-20260815:firedrake/main-20260806
PETSC_OPTIONS: -log_view :/scratch/xd2/sg8812/morrow2026/parallel_scaling/results/cockett/sor/large.profile
================
Matplotlib is building the font cache; this may take a moment.
Matplotlib is building the font cache; this may take a moment.
Matplotlib is building the font cache; this may take a moment.
Matplotlib is building the font cache; this may take a moment.
Matplotlib is building the font cache; this may take a moment.
Matplotlib is building the font cache; this may take a moment.
Matplotlib is building the font cache; this may take a moment.
Matplotlib is building the font cache; this may take a moment.
Matplotlib is building the font cache; this may take a moment.
Matplotlib is building the font cache; this may take a moment.
Matplotlib is building the font cache; this may take a moment.
Matplotlib is building the font cache; this may take a moment.
Matplotlib is building the font cache; this may take a moment.
Matplotlib is building the font cache; this may take a moment.
Matplotlib is building the font cache; this may take a moment.
Matplotlib is building the font cache; this may take a moment.
Matplotlib is building the font cache; this may take a moment.
Matplotlib is building the font cache; this may take a moment.
Matplotlib is building the font cache; this may take a moment.
Matplotlib is building the font cache; this may take a moment.
Matplotlib is building the font cache; this may take a moment.
Matplotlib is building the font cache; this may take a moment.
Matplotlib is building the font cache; this may take a moment.
Matplotlib is building the font cache; this may take a moment.
Matplotlib is building the font cache; this may take a moment.
Matplotlib is building the font cache; this may take a moment.
Matplotlib is building the font cache; this may take a moment.
Matplotlib is building the font cache; this may take a moment.
Matplotlib is building the font cache; this may take a moment.
Matplotlib is building the font cache; this may take a moment.
Matplotlib is building the font cache; this may take a moment.
Matplotlib is building the font cache; this may take a moment.
Matplotlib is building the font cache; this may take a moment.
Matplotlib is building the font cache; this may take a moment.
Matplotlib is building the font cache; this may take a moment.
Matplotlib is building the font cache; this may take a moment.
Matplotlib is building the font cache; this may take a moment.
Matplotlib is building the font cache; this may take a moment.
Matplotlib is building the font cache; this may take a moment.
Matplotlib is building the font cache; this may take a moment.
Matplotlib is building the font cache; this may take a moment.
Matplotlib is building the font cache; this may take a moment.
Matplotlib is building the font cache; this may take a moment.
Matplotlib is building the font cache; this may take a moment.
Matplotlib is building the font cache; this may take a moment.
Matplotlib is building the font cache; this may take a moment.
Matplotlib is building the font cache; this may take a moment.
Matplotlib is building the font cache; this may take a moment.
Matplotlib is building the font cache; this may take a moment.
Matplotlib is building the font cache; this may take a moment.
Matplotlib is building the font cache; this may take a moment.
Matplotlib is building the font cache; this may take a moment.
Matplotlib is building the font cache; this may take a moment.
Matplotlib is building the font cache; this may take a moment.
Matplotlib is building the font cache; this may take a moment.
Matplotlib is building the font cache; this may take a moment.
Matplotlib is building the font cache; this may take a moment.
Matplotlib is building the font cache; this may take a moment.
Matplotlib is building the font cache; this may take a moment.
Matplotlib is building the font cache; this may take a moment.
Matplotlib is building the font cache; this may take a moment.
Matplotlib is building the font cache; this may take a moment.
Matplotlib is building the font cache; this may take a moment.
Matplotlib is building the font cache; this may take a moment.
Matplotlib is building the font cache; this may take a moment.
Matplotlib is building the font cache; this may take a moment.
Matplotlib is building the font cache; this may take a moment.
Matplotlib is building the font cache; this may take a moment.
Matplotlib is building the font cache; this may take a moment.
Matplotlib is building the font cache; this may take a moment.
Matplotlib is building the font cache; this may take a moment.
Matplotlib is building the font cache; this may take a moment.
Matplotlib is building the font cache; this may take a moment.
Matplotlib is building the font cache; this may take a moment.
Matplotlib is building the font cache; this may take a moment.
Matplotlib is building the font cache; this may take a moment.
Matplotlib is building the font cache; this may take a moment.
Matplotlib is building the font cache; this may take a moment.
Matplotlib is building the font cache; this may take a moment.
Matplotlib is building the font cache; this may take a moment.
Matplotlib is building the font cache; this may take a moment.
Matplotlib is building the font cache; this may take a moment.
Matplotlib is building the font cache; this may take a moment.
Matplotlib is building the font cache; this may take a moment.
Matplotlib is building the font cache; this may take a moment.
Matplotlib is building the font cache; this may take a moment.
Matplotlib is building the font cache; this may take a moment.
Matplotlib is building the font cache; this may take a moment.
Matplotlib is building the font cache; this may take a moment.
Matplotlib is building the font cache; this may take a moment.
Matplotlib is building the font cache; this may take a moment.
Matplotlib is building the font cache; this may take a moment.
Matplotlib is building the font cache; this may take a moment.
Matplotlib is building the font cache; this may take a moment.
Matplotlib is building the font cache; this may take a moment.
Matplotlib is building the font cache; this may take a moment.
Matplotlib is building the font cache; this may take a moment.
Matplotlib is building the font cache; this may take a moment.
Matplotlib is building the font cache; this may take a moment.
Matplotlib is building the font cache; this may take a moment.
Matplotlib is building the font cache; this may take a moment.
Matplotlib is building the font cache; this may take a moment.
Matplotlib is building the font cache; this may take a moment.
Matplotlib is building the font cache; this may take a moment.
Matplotlib is building the font cache; this may take a moment.
Matplotlib is building the font cache; this may take a moment.
Matplotlib is building the font cache; this may take a moment.
Matplotlib is building the font cache; this may take a moment.
Matplotlib is building the font cache; this may take a moment.
Matplotlib is building the font cache; this may take a moment.
Matplotlib is building the font cache; this may take a moment.
Matplotlib is building the font cache; this may take a moment.
Matplotlib is building the font cache; this may take a moment.
Matplotlib is building the font cache; this may take a moment.
Matplotlib is building the font cache; this may take a moment.
Matplotlib is building the font cache; this may take a moment.
Matplotlib is building the font cache; this may take a moment.
Matplotlib is building the font cache; this may take a moment.
Matplotlib is building the font cache; this may take a moment.
Matplotlib is building the font cache; this may take a moment.
Matplotlib is building the font cache; this may take a moment.
Matplotlib is building the font cache; this may take a moment.
Matplotlib is building the font cache; this may take a moment.
Matplotlib is building the font cache; this may take a moment.
Matplotlib is building the font cache; this may take a moment.
Matplotlib is building the font cache; this may take a moment.
Matplotlib is building the font cache; this may take a moment.
Matplotlib is building the font cache; this may take a moment.
Matplotlib is building the font cache; this may take a moment.
Matplotlib is building the font cache; this may take a moment.
Matplotlib is building the font cache; this may take a moment.
Matplotlib is building the font cache; this may take a moment.
Matplotlib is building the font cache; this may take a moment.
Matplotlib is building the font cache; this may take a moment.
Matplotlib is building the font cache; this may take a moment.
Matplotlib is building the font cache; this may take a moment.
Matplotlib is building the font cache; this may take a moment.
Matplotlib is building the font cache; this may take a moment.
Matplotlib is building the font cache; this may take a moment.
Matplotlib is building the font cache; this may take a moment.
Matplotlib is building the font cache; this may take a moment.
Matplotlib is building the font cache; this may take a moment.
Matplotlib is building the font cache; this may take a moment.
Matplotlib is building the font cache; this may take a moment.
Matplotlib is building the font cache; this may take a moment.
Matplotlib is building the font cache; this may take a moment.
Matplotlib is building the font cache; this may take a moment.
Matplotlib is building the font cache; this may take a moment.
Matplotlib is building the font cache; this may take a moment.
Matplotlib is building the font cache; this may take a moment.
Matplotlib is building the font cache; this may take a moment.
Matplotlib is building the font cache; this may take a moment.
Matplotlib is building the font cache; this may take a moment.
Matplotlib is building the font cache; this may take a moment.
Matplotlib is building the font cache; this may take a moment.
Matplotlib is building the font cache; this may take a moment.
Matplotlib is building the font cache; this may take a moment.
Matplotlib is building the font cache; this may take a moment.
Matplotlib is building the font cache; this may take a moment.
Matplotlib is building the font cache; this may take a moment.
Matplotlib is building the font cache; this may take a moment.
Matplotlib is building the font cache; this may take a moment.
Matplotlib is building the font cache; this may take a moment.
Matplotlib is building the font cache; this may take a moment.
Matplotlib is building the font cache; this may take a moment.
Matplotlib is building the font cache; this may take a moment.
Matplotlib is building the font cache; this may take a moment.
Matplotlib is building the font cache; this may take a moment.
Matplotlib is building the font cache; this may take a moment.
Matplotlib is building the font cache; this may take a moment.
Matplotlib is building the font cache; this may take a moment.
Matplotlib is building the font cache; this may take a moment.
Matplotlib is building the font cache; this may take a moment.
Matplotlib is building the font cache; this may take a moment.
Matplotlib is building the font cache; this may take a moment.
Matplotlib is building the font cache; this may take a moment.
Matplotlib is building the font cache; this may take a moment.
Matplotlib is building the font cache; this may take a moment.
Matplotlib is building the font cache; this may take a moment.
Matplotlib is building the font cache; this may take a moment.
Matplotlib is building the font cache; this may take a moment.
Matplotlib is building the font cache; this may take a moment.
Matplotlib is building the font cache; this may take a moment.
Matplotlib is building the font cache; this may take a moment.
Matplotlib is building the font cache; this may take a moment.
Matplotlib is building the font cache; this may take a moment.
Matplotlib is building the font cache; this may take a moment.
Matplotlib is building the font cache; this may take a moment.
Matplotlib is building the font cache; this may take a moment.
Matplotlib is building the font cache; this may take a moment.
Matplotlib is building the font cache; this may take a moment.
Matplotlib is building the font cache; this may take a moment.
Matplotlib is building the font cache; this may take a moment.
Matplotlib is building the font cache; this may take a moment.
Matplotlib is building the font cache; this may take a moment.
Matplotlib is building the font cache; this may take a moment.
Matplotlib is building the font cache; this may take a moment.
Matplotlib is building the font cache; this may take a moment.
Matplotlib is building the font cache; this may take a moment.
Matplotlib is building the font cache; this may take a moment.
Matplotlib is building the font cache; this may take a moment.
Matplotlib is building the font cache; this may take a moment.
Matplotlib is building the font cache; this may take a moment.
Matplotlib is building the font cache; this may take a moment.
Matplotlib is building the font cache; this may take a moment.
Matplotlib is building the font cache; this may take a moment.
Matplotlib is building the font cache; this may take a moment.
Matplotlib is building the font cache; this may take a moment.
Matplotlib is building the font cache; this may take a moment.
Matplotlib is building the font cache; this may take a moment.
Matplotlib is building the font cache; this may take a moment.
Matplotlib is building the font cache; this may take a moment.
Matplotlib is building the font cache; this may take a moment.
Matplotlib is building the font cache; this may take a moment.
Matplotlib is building the font cache; this may take a moment.
Matplotlib is building the font cache; this may take a moment.
Matplotlib is building the font cache; this may take a moment.
Matplotlib is building the font cache; this may take a moment.
Matplotlib is building the font cache; this may take a moment.
Matplotlib is building the font cache; this may take a moment.
Matplotlib is building the font cache; this may take a moment.
Matplotlib is building the font cache; this may take a moment.
Matplotlib is building the font cache; this may take a moment.
Matplotlib is building the font cache; this may take a moment.
Matplotlib is building the font cache; this may take a moment.
Matplotlib is building the font cache; this may take a moment.
Matplotlib is building the font cache; this may take a moment.
Matplotlib is building the font cache; this may take a moment.
Matplotlib is building the font cache; this may take a moment.
Matplotlib is building the font cache; this may take a moment.
Matplotlib is building the font cache; this may take a moment.
Matplotlib is building the font cache; this may take a moment.
Matplotlib is building the font cache; this may take a moment.
Matplotlib is building the font cache; this may take a moment.
Matplotlib is building the font cache; this may take a moment.
Matplotlib is building the font cache; this may take a moment.
Matplotlib is building the font cache; this may take a moment.
Matplotlib is building the font cache; this may take a moment.
Matplotlib is building the font cache; this may take a moment.
Matplotlib is building the font cache; this may take a moment.
Matplotlib is building the font cache; this may take a moment.
Matplotlib is building the font cache; this may take a moment.
Matplotlib is building the font cache; this may take a moment.
Matplotlib is building the font cache; this may take a moment.
Matplotlib is building the font cache; this may take a moment.
Matplotlib is building the font cache; this may take a moment.
Matplotlib is building the font cache; this may take a moment.
Matplotlib is building the font cache; this may take a moment.
Matplotlib is building the font cache; this may take a moment.
Matplotlib is building the font cache; this may take a moment.
Matplotlib is building the font cache; this may take a moment.
Matplotlib is building the font cache; this may take a moment.
Matplotlib is building the font cache; this may take a moment.
Matplotlib is building the font cache; this may take a moment.
Matplotlib is building the font cache; this may take a moment.
Matplotlib is building the font cache; this may take a moment.
Matplotlib is building the font cache; this may take a moment.
Matplotlib is building the font cache; this may take a moment.
Matplotlib is building the font cache; this may take a moment.
Matplotlib is building the font cache; this may take a moment.
Matplotlib is building the font cache; this may take a moment.
Matplotlib is building the font cache; this may take a moment.
Matplotlib is building the font cache; this may take a moment.
Matplotlib is building the font cache; this may take a moment.
Matplotlib is building the font cache; this may take a moment.
Matplotlib is building the font cache; this may take a moment.
Matplotlib is building the font cache; this may take a moment.
Matplotlib is building the font cache; this may take a moment.
Matplotlib is building the font cache; this may take a moment.
Matplotlib is building the font cache; this may take a moment.
Matplotlib is building the font cache; this may take a moment.
Matplotlib is building the font cache; this may take a moment.
Matplotlib is building the font cache; this may take a moment.
Matplotlib is building the font cache; this may take a moment.
Matplotlib is building the font cache; this may take a moment.
Matplotlib is building the font cache; this may take a moment.
Matplotlib is building the font cache; this may take a moment.
Matplotlib is building the font cache; this may take a moment.
Matplotlib is building the font cache; this may take a moment.
Matplotlib is building the font cache; this may take a moment.
Matplotlib is building the font cache; this may take a moment.
Matplotlib is building the font cache; this may take a moment.
Matplotlib is building the font cache; this may take a moment.
Matplotlib is building the font cache; this may take a moment.
Matplotlib is building the font cache; this may take a moment.
Matplotlib is building the font cache; this may take a moment.
Matplotlib is building the font cache; this may take a moment.
Matplotlib is building the font cache; this may take a moment.
Matplotlib is building the font cache; this may take a moment.
Matplotlib is building the font cache; this may take a moment.
Matplotlib is building the font cache; this may take a moment.
Matplotlib is building the font cache; this may take a moment.
Matplotlib is building the font cache; this may take a moment.
Matplotlib is building the font cache; this may take a moment.
Matplotlib is building the font cache; this may take a moment.
Matplotlib is building the font cache; this may take a moment.
Matplotlib is building the font cache; this may take a moment.
Matplotlib is building the font cache; this may take a moment.
Matplotlib is building the font cache; this may take a moment.
Matplotlib is building the font cache; this may take a moment.
Matplotlib is building the font cache; this may take a moment.
Matplotlib is building the font cache; this may take a moment.
Matplotlib is building the font cache; this may take a moment.
Matplotlib is building the font cache; this may take a moment.
Matplotlib is building the font cache; this may take a moment.
Matplotlib is building the font cache; this may take a moment.
Matplotlib is building the font cache; this may take a moment.
Matplotlib is building the font cache; this may take a moment.
Matplotlib is building the font cache; this may take a moment.
Matplotlib is building the font cache; this may take a moment.
Matplotlib is building the font cache; this may take a moment.
Matplotlib is building the font cache; this may take a moment.
Matplotlib is building the font cache; this may take a moment.
Matplotlib is building the font cache; this may take a moment.
Matplotlib is building the font cache; this may take a moment.
Matplotlib is building the font cache; this may take a moment.
Matplotlib is building the font cache; this may take a moment.
Matplotlib is building the font cache; this may take a moment.
Matplotlib is building the font cache; this may take a moment.
Matplotlib is building the font cache; this may take a moment.
Matplotlib is building the font cache; this may take a moment.
Matplotlib is building the font cache; this may take a moment.
Matplotlib is building the font cache; this may take a moment.
Matplotlib is building the font cache; this may take a moment.
Matplotlib is building the font cache; this may take a moment.
Matplotlib is building the font cache; this may take a moment.
Matplotlib is building the font cache; this may take a moment.
Matplotlib is building the font cache; this may take a moment.
Matplotlib is building the font cache; this may take a moment.
Matplotlib is building the font cache; this may take a moment.
Matplotlib is building the font cache; this may take a moment.
Matplotlib is building the font cache; this may take a moment.
Matplotlib is building the font cache; this may take a moment.
Matplotlib is building the font cache; this may take a moment.
Matplotlib is building the font cache; this may take a moment.
Matplotlib is building the font cache; this may take a moment.
Matplotlib is building the font cache; this may take a moment.
Matplotlib is building the font cache; this may take a moment.
Matplotlib is building the font cache; this may take a moment.
Matplotlib is building the font cache; this may take a moment.
Matplotlib is building the font cache; this may take a moment.
Matplotlib is building the font cache; this may take a moment.
Matplotlib is building the font cache; this may take a moment.
Matplotlib is building the font cache; this may take a moment.
Matplotlib is building the font cache; this may take a moment.
Matplotlib is building the font cache; this may take a moment.
Matplotlib is building the font cache; this may take a moment.
Number of degrees of freedom: 72843264
Mesh: 192x192x247, DQ1
Time stepper: BackwardEuler, dt = 300.0 s, steps = 30
Solver: sor
Solver parameters: {'ksp_type': 'gmres', 'ksp_pc_side': 'right', 'ksp_rtol': 0.0001, 'ksp_max_it': 200, 'pc_type': 'sor', 'snes_type': 'newtonls', 'snes_linesearch_type': 'bt', 'snes_rtol': 1e-08, 'snes_atol': 1e-12, 'snes_stol': 1e-08, 'snes_max_it': 50}
    Linear BackwardEuler-Equation_ solve converged due to CONVERGED_RTOL iterations 114
    Linear BackwardEuler-Equation_ solve converged due to CONVERGED_RTOL iterations 122
    Linear BackwardEuler-Equation_ solve converged due to CONVERGED_RTOL iterations 100
    Linear BackwardEuler-Equation_ solve converged due to CONVERGED_RTOL iterations 107
  Nonlinear BackwardEuler-Equation_ solve converged due to CONVERGED_FNORM_ABS iterations 4
t = 300.00 s | step 1/30 | wall 73.83 s | NL 4 | L 443
    Linear BackwardEuler-Equation_ solve converged due to CONVERGED_RTOL iterations 113
    Linear BackwardEuler-Equation_ solve converged due to CONVERGED_RTOL iterations 131
    Linear BackwardEuler-Equation_ solve converged due to CONVERGED_RTOL iterations 126
  Nonlinear BackwardEuler-Equation_ solve converged due to CONVERGED_FNORM_ABS iterations 3
t = 600.00 s | step 2/30 | wall 32.09 s | NL 3 | L 370
    Linear BackwardEuler-Equation_ solve converged due to CONVERGED_RTOL iterations 116
    Linear BackwardEuler-Equation_ solve converged due to CONVERGED_RTOL iterations 133
    Linear BackwardEuler-Equation_ solve converged due to CONVERGED_RTOL iterations 133
  Nonlinear BackwardEuler-Equation_ solve converged due to CONVERGED_FNORM_ABS iterations 3
t = 900.00 s | step 3/30 | wall 32.94 s | NL 3 | L 382
    Linear BackwardEuler-Equation_ solve converged due to CONVERGED_RTOL iterations 127
    Linear BackwardEuler-Equation_ solve converged due to CONVERGED_RTOL iterations 136
    Linear BackwardEuler-Equation_ solve converged due to CONVERGED_RTOL iterations 137
  Nonlinear BackwardEuler-Equation_ solve converged due to CONVERGED_FNORM_ABS iterations 3
t = 1200.00 s | step 4/30 | wall 34.40 s | NL 3 | L 400
    Linear BackwardEuler-Equation_ solve converged due to CONVERGED_RTOL iterations 132
    Linear BackwardEuler-Equation_ solve converged due to CONVERGED_RTOL iterations 137
    Linear BackwardEuler-Equation_ solve converged due to CONVERGED_RTOL iterations 140
  Nonlinear BackwardEuler-Equation_ solve converged due to CONVERGED_FNORM_ABS iterations 3
t = 1500.00 s | step 5/30 | wall 35.18 s | NL 3 | L 409
    Linear BackwardEuler-Equation_ solve converged due to CONVERGED_RTOL iterations 135
    Linear BackwardEuler-Equation_ solve converged due to CONVERGED_RTOL iterations 138
    Linear BackwardEuler-Equation_ solve converged due to CONVERGED_RTOL iterations 144
  Nonlinear BackwardEuler-Equation_ solve converged due to CONVERGED_FNORM_ABS iterations 3
t = 1800.00 s | step 6/30 | wall 35.65 s | NL 3 | L 417
    Linear BackwardEuler-Equation_ solve converged due to CONVERGED_RTOL iterations 137
    Linear BackwardEuler-Equation_ solve converged due to CONVERGED_RTOL iterations 139
    Linear BackwardEuler-Equation_ solve converged due to CONVERGED_RTOL iterations 146
  Nonlinear BackwardEuler-Equation_ solve converged due to CONVERGED_FNORM_ABS iterations 3
t = 2100.00 s | step 7/30 | wall 36.05 s | NL 3 | L 422
    Linear BackwardEuler-Equation_ solve converged due to CONVERGED_RTOL iterations 139
    Linear BackwardEuler-Equation_ solve converged due to CONVERGED_RTOL iterations 140
    Linear BackwardEuler-Equation_ solve converged due to CONVERGED_RTOL iterations 151
  Nonlinear BackwardEuler-Equation_ solve converged due to CONVERGED_FNORM_ABS iterations 3
t = 2400.00 s | step 8/30 | wall 36.86 s | NL 3 | L 430
    Linear BackwardEuler-Equation_ solve converged due to CONVERGED_RTOL iterations 142
    Linear BackwardEuler-Equation_ solve converged due to CONVERGED_RTOL iterations 142
    Linear BackwardEuler-Equation_ solve converged due to CONVERGED_RTOL iterations 155
  Nonlinear BackwardEuler-Equation_ solve converged due to CONVERGED_FNORM_ABS iterations 3
t = 2700.00 s | step 9/30 | wall 37.36 s | NL 3 | L 439
    Linear BackwardEuler-Equation_ solve converged due to CONVERGED_RTOL iterations 143
    Linear BackwardEuler-Equation_ solve converged due to CONVERGED_RTOL iterations 143
    Linear BackwardEuler-Equation_ solve converged due to CONVERGED_RTOL iterations 156
  Nonlinear BackwardEuler-Equation_ solve converged due to CONVERGED_FNORM_ABS iterations 3
t = 3000.00 s | step 10/30 | wall 37.57 s | NL 3 | L 442
    Linear BackwardEuler-Equation_ solve converged due to CONVERGED_RTOL iterations 146
    Linear BackwardEuler-Equation_ solve converged due to CONVERGED_RTOL iterations 145
    Linear BackwardEuler-Equation_ solve converged due to CONVERGED_RTOL iterations 159
  Nonlinear BackwardEuler-Equation_ solve converged due to CONVERGED_FNORM_ABS iterations 3
t = 3300.00 s | step 11/30 | wall 38.26 s | NL 3 | L 450
    Linear BackwardEuler-Equation_ solve converged due to CONVERGED_RTOL iterations 148
    Linear BackwardEuler-Equation_ solve converged due to CONVERGED_RTOL iterations 146
    Linear BackwardEuler-Equation_ solve converged due to CONVERGED_RTOL iterations 162
  Nonlinear BackwardEuler-Equation_ solve converged due to CONVERGED_FNORM_ABS iterations 3
t = 3600.00 s | step 12/30 | wall 38.83 s | NL 3 | L 456
    Linear BackwardEuler-Equation_ solve converged due to CONVERGED_RTOL iterations 152
    Linear BackwardEuler-Equation_ solve converged due to CONVERGED_RTOL iterations 147
    Linear BackwardEuler-Equation_ solve converged due to CONVERGED_RTOL iterations 163
  Nonlinear BackwardEuler-Equation_ solve converged due to CONVERGED_FNORM_ABS iterations 3
t = 3900.00 s | step 13/30 | wall 39.18 s | NL 3 | L 462
    Linear BackwardEuler-Equation_ solve converged due to CONVERGED_RTOL iterations 155
    Linear BackwardEuler-Equation_ solve converged due to CONVERGED_RTOL iterations 149
    Linear BackwardEuler-Equation_ solve converged due to CONVERGED_RTOL iterations 167
  Nonlinear BackwardEuler-Equation_ solve converged due to CONVERGED_FNORM_ABS iterations 3
t = 4200.00 s | step 14/30 | wall 39.97 s | NL 3 | L 471
    Linear BackwardEuler-Equation_ solve converged due to CONVERGED_RTOL iterations 157
    Linear BackwardEuler-Equation_ solve converged due to CONVERGED_RTOL iterations 150
    Linear BackwardEuler-Equation_ solve converged due to CONVERGED_RTOL iterations 169
  Nonlinear BackwardEuler-Equation_ solve converged due to CONVERGED_FNORM_ABS iterations 3
t = 4500.00 s | step 15/30 | wall 40.31 s | NL 3 | L 476
    Linear BackwardEuler-Equation_ solve converged due to CONVERGED_RTOL iterations 159
    Linear BackwardEuler-Equation_ solve converged due to CONVERGED_RTOL iterations 152
    Linear BackwardEuler-Equation_ solve converged due to CONVERGED_RTOL iterations 170
  Nonlinear BackwardEuler-Equation_ solve converged due to CONVERGED_FNORM_ABS iterations 3
t = 4800.00 s | step 16/30 | wall 40.64 s | NL 3 | L 481
    Linear BackwardEuler-Equation_ solve converged due to CONVERGED_RTOL iterations 161
    Linear BackwardEuler-Equation_ solve converged due to CONVERGED_RTOL iterations 153
    Linear BackwardEuler-Equation_ solve converged due to CONVERGED_RTOL iterations 172
  Nonlinear BackwardEuler-Equation_ solve converged due to CONVERGED_FNORM_ABS iterations 3
t = 5100.00 s | step 17/30 | wall 41.08 s | NL 3 | L 486
    Linear BackwardEuler-Equation_ solve converged due to CONVERGED_RTOL iterations 162
    Linear BackwardEuler-Equation_ solve converged due to CONVERGED_RTOL iterations 154
    Linear BackwardEuler-Equation_ solve converged due to CONVERGED_RTOL iterations 175
  Nonlinear BackwardEuler-Equation_ solve converged due to CONVERGED_FNORM_ABS iterations 3
t = 5400.00 s | step 18/30 | wall 41.53 s | NL 3 | L 491
    Linear BackwardEuler-Equation_ solve converged due to CONVERGED_RTOL iterations 163
    Linear BackwardEuler-Equation_ solve converged due to CONVERGED_RTOL iterations 154
    Linear BackwardEuler-Equation_ solve converged due to CONVERGED_RTOL iterations 175
  Nonlinear BackwardEuler-Equation_ solve converged due to CONVERGED_FNORM_ABS iterations 3
t = 5700.00 s | step 19/30 | wall 41.44 s | NL 3 | L 492
    Linear BackwardEuler-Equation_ solve converged due to CONVERGED_RTOL iterations 165
    Linear BackwardEuler-Equation_ solve converged due to CONVERGED_RTOL iterations 155
    Linear BackwardEuler-Equation_ solve converged due to CONVERGED_RTOL iterations 176
  Nonlinear BackwardEuler-Equation_ solve converged due to CONVERGED_FNORM_ABS iterations 3
t = 6000.00 s | step 20/30 | wall 41.83 s | NL 3 | L 496
    Linear BackwardEuler-Equation_ solve converged due to CONVERGED_RTOL iterations 166
    Linear BackwardEuler-Equation_ solve converged due to CONVERGED_RTOL iterations 156
    Linear BackwardEuler-Equation_ solve converged due to CONVERGED_RTOL iterations 179
  Nonlinear BackwardEuler-Equation_ solve converged due to CONVERGED_FNORM_ABS iterations 3
t = 6300.00 s | step 21/30 | wall 42.36 s | NL 3 | L 501
    Linear BackwardEuler-Equation_ solve converged due to CONVERGED_RTOL iterations 167
    Linear BackwardEuler-Equation_ solve converged due to CONVERGED_RTOL iterations 156
    Linear BackwardEuler-Equation_ solve converged due to CONVERGED_RTOL iterations 180
  Nonlinear BackwardEuler-Equation_ solve converged due to CONVERGED_FNORM_ABS iterations 3
t = 6600.00 s | step 22/30 | wall 42.28 s | NL 3 | L 503
    Linear BackwardEuler-Equation_ solve converged due to CONVERGED_RTOL iterations 168
    Linear BackwardEuler-Equation_ solve converged due to CONVERGED_RTOL iterations 157
    Linear BackwardEuler-Equation_ solve converged due to CONVERGED_RTOL iterations 179
  Nonlinear BackwardEuler-Equation_ solve converged due to CONVERGED_FNORM_ABS iterations 3
t = 6900.00 s | step 23/30 | wall 42.49 s | NL 3 | L 504
    Linear BackwardEuler-Equation_ solve converged due to CONVERGED_RTOL iterations 169
    Linear BackwardEuler-Equation_ solve converged due to CONVERGED_RTOL iterations 156
    Linear BackwardEuler-Equation_ solve converged due to CONVERGED_RTOL iterations 180
  Nonlinear BackwardEuler-Equation_ solve converged due to CONVERGED_FNORM_ABS iterations 3
t = 7200.00 s | step 24/30 | wall 42.51 s | NL 3 | L 505
    Linear BackwardEuler-Equation_ solve converged due to CONVERGED_RTOL iterations 170
    Linear BackwardEuler-Equation_ solve converged due to CONVERGED_RTOL iterations 157
    Linear BackwardEuler-Equation_ solve converged due to CONVERGED_RTOL iterations 183
  Nonlinear BackwardEuler-Equation_ solve converged due to CONVERGED_FNORM_ABS iterations 3
t = 7500.00 s | step 25/30 | wall 42.86 s | NL 3 | L 510
    Linear BackwardEuler-Equation_ solve converged due to CONVERGED_RTOL iterations 170
    Linear BackwardEuler-Equation_ solve converged due to CONVERGED_RTOL iterations 157
    Linear BackwardEuler-Equation_ solve converged due to CONVERGED_RTOL iterations 184
  Nonlinear BackwardEuler-Equation_ solve converged due to CONVERGED_FNORM_ABS iterations 3
t = 7800.00 s | step 26/30 | wall 43.17 s | NL 3 | L 511
    Linear BackwardEuler-Equation_ solve converged due to CONVERGED_RTOL iterations 171
    Linear BackwardEuler-Equation_ solve converged due to CONVERGED_RTOL iterations 157
    Linear BackwardEuler-Equation_ solve converged due to CONVERGED_RTOL iterations 184
  Nonlinear BackwardEuler-Equation_ solve converged due to CONVERGED_FNORM_ABS iterations 3
t = 8100.00 s | step 27/30 | wall 43.02 s | NL 3 | L 512
    Linear BackwardEuler-Equation_ solve converged due to CONVERGED_RTOL iterations 172
    Linear BackwardEuler-Equation_ solve converged due to CONVERGED_RTOL iterations 157
    Linear BackwardEuler-Equation_ solve converged due to CONVERGED_RTOL iterations 184
  Nonlinear BackwardEuler-Equation_ solve converged due to CONVERGED_FNORM_ABS iterations 3
t = 8400.00 s | step 28/30 | wall 43.19 s | NL 3 | L 513
    Linear BackwardEuler-Equation_ solve converged due to CONVERGED_RTOL iterations 173
    Linear BackwardEuler-Equation_ solve converged due to CONVERGED_RTOL iterations 155
    Linear BackwardEuler-Equation_ solve converged due to CONVERGED_RTOL iterations 184
  Nonlinear BackwardEuler-Equation_ solve converged due to CONVERGED_FNORM_ABS iterations 3
t = 8700.00 s | step 29/30 | wall 43.19 s | NL 3 | L 512
    Linear BackwardEuler-Equation_ solve converged due to CONVERGED_RTOL iterations 173
    Linear BackwardEuler-Equation_ solve converged due to CONVERGED_RTOL iterations 155
    Linear BackwardEuler-Equation_ solve converged due to CONVERGED_RTOL iterations 185
  Nonlinear BackwardEuler-Equation_ solve converged due to CONVERGED_FNORM_ABS iterations 3
t = 9000.00 s | step 30/30 | wall 43.13 s | NL 3 | L 513
Done | total NL 91 | total L 13999 | mean wall/step 40.77 s | peak RSS 873 MB
=== Job completed: Tue Aug 25 22:25:42 AEST 2026 ===

======================================================================================
                  Resource Usage on 2026-08-25 22:25:47:
   Job Id:             177412698.gadi-pbs
   Project:            xd2
   Exit Status:        0
   Service Units:      296.05
   NCPUs Requested:    416                 CPU Time Used: 144:47:47       
   Memory Requested:   1.95TB                Memory Used: 253.52GB        
   Walltime Requested: 03:00:00            Walltime Used: 00:21:21        
   JobFS Requested:    400.0GB                JobFS Used: 55.69MB         
======================================================================================
