=== Job info ===
Case: cockett
Solver: sor
Scale: medium
Degree: 1
Nodes: 2
CPUs: 208
Date: Thu Aug 20 23:29:17 AEST 2026
G-ADOPT commit: 7c88d823542349b5dfe272e69a23d79b8aca9c31
Morrow commit: 689b192257f4e1d4dab5c673542ac05744e76260
Driver SHA256: ba6abf3ce3388755b35208a104650d19c9d308d9f781cba9ec25e899ad444bb4
Solver SHA256: 69b77b05f436018db2a2c9a2b93ef39cb308c6c830d78a2b913ba36240fa6130
Firedrake module: singularity:intel-compiler-llvm/2024.2.1:petsc/main-20260815:firedrake/main-20260806
PETSC_OPTIONS: -log_view :/scratch/xd2/sg8812/morrow2026/parallel_scaling/results/cockett/sor/medium.profile
================
Number of degrees of freedom: 36227072
Mesh: 152x152x196, DQ1
Time stepper: BackwardEuler, dt = 300.0 s, steps = 30
Solver: sor
Solver parameters: {'ksp_type': 'gmres', 'pc_type': 'sor'}
    Linear BackwardEuler-Equation_ solve converged due to CONVERGED_RTOL iterations 115
    Linear BackwardEuler-Equation_ solve converged due to CONVERGED_RTOL iterations 120
    Linear BackwardEuler-Equation_ solve converged due to CONVERGED_RTOL iterations 109
    Linear BackwardEuler-Equation_ solve converged due to CONVERGED_RTOL iterations 103
  Nonlinear BackwardEuler-Equation_ solve converged due to CONVERGED_FNORM_RELATIVE iterations 4
t = 300.00 s | step 1/30 | wall 73.50 s | NL 4 | L 447
    Linear BackwardEuler-Equation_ solve converged due to CONVERGED_RTOL iterations 110
    Linear BackwardEuler-Equation_ solve converged due to CONVERGED_RTOL iterations 123
    Linear BackwardEuler-Equation_ solve converged due to CONVERGED_RTOL iterations 117
  Nonlinear BackwardEuler-Equation_ solve converged due to CONVERGED_FNORM_RELATIVE iterations 3
t = 600.00 s | step 2/30 | wall 29.67 s | NL 3 | L 350
    Linear BackwardEuler-Equation_ solve converged due to CONVERGED_RTOL iterations 114
    Linear BackwardEuler-Equation_ solve converged due to CONVERGED_RTOL iterations 124
    Linear BackwardEuler-Equation_ solve converged due to CONVERGED_RTOL iterations 124
  Nonlinear BackwardEuler-Equation_ solve converged due to CONVERGED_FNORM_RELATIVE iterations 3
t = 900.00 s | step 3/30 | wall 30.61 s | NL 3 | L 362
    Linear BackwardEuler-Equation_ solve converged due to CONVERGED_RTOL iterations 118
    Linear BackwardEuler-Equation_ solve converged due to CONVERGED_RTOL iterations 127
    Linear BackwardEuler-Equation_ solve converged due to CONVERGED_RTOL iterations 128
  Nonlinear BackwardEuler-Equation_ solve converged due to CONVERGED_FNORM_RELATIVE iterations 3
t = 1200.00 s | step 4/30 | wall 31.36 s | NL 3 | L 373
    Linear BackwardEuler-Equation_ solve converged due to CONVERGED_RTOL iterations 120
    Linear BackwardEuler-Equation_ solve converged due to CONVERGED_RTOL iterations 130
    Linear BackwardEuler-Equation_ solve converged due to CONVERGED_RTOL iterations 130
  Nonlinear BackwardEuler-Equation_ solve converged due to CONVERGED_FNORM_RELATIVE iterations 3
t = 1500.00 s | step 5/30 | wall 31.92 s | NL 3 | L 380
    Linear BackwardEuler-Equation_ solve converged due to CONVERGED_RTOL iterations 121
    Linear BackwardEuler-Equation_ solve converged due to CONVERGED_RTOL iterations 131
    Linear BackwardEuler-Equation_ solve converged due to CONVERGED_RTOL iterations 131
  Nonlinear BackwardEuler-Equation_ solve converged due to CONVERGED_FNORM_RELATIVE iterations 3
t = 1800.00 s | step 6/30 | wall 32.10 s | NL 3 | L 383
    Linear BackwardEuler-Equation_ solve converged due to CONVERGED_RTOL iterations 123
    Linear BackwardEuler-Equation_ solve converged due to CONVERGED_RTOL iterations 129
    Linear BackwardEuler-Equation_ solve converged due to CONVERGED_RTOL iterations 131
  Nonlinear BackwardEuler-Equation_ solve converged due to CONVERGED_FNORM_RELATIVE iterations 3
t = 2100.00 s | step 7/30 | wall 32.16 s | NL 3 | L 383
    Linear BackwardEuler-Equation_ solve converged due to CONVERGED_RTOL iterations 124
    Linear BackwardEuler-Equation_ solve converged due to CONVERGED_RTOL iterations 128
    Linear BackwardEuler-Equation_ solve converged due to CONVERGED_RTOL iterations 133
  Nonlinear BackwardEuler-Equation_ solve converged due to CONVERGED_FNORM_RELATIVE iterations 3
t = 2400.00 s | step 8/30 | wall 32.24 s | NL 3 | L 385
    Linear BackwardEuler-Equation_ solve converged due to CONVERGED_RTOL iterations 125
    Linear BackwardEuler-Equation_ solve converged due to CONVERGED_RTOL iterations 128
    Linear BackwardEuler-Equation_ solve converged due to CONVERGED_RTOL iterations 133
  Nonlinear BackwardEuler-Equation_ solve converged due to CONVERGED_FNORM_RELATIVE iterations 3
t = 2700.00 s | step 9/30 | wall 32.30 s | NL 3 | L 386
    Linear BackwardEuler-Equation_ solve converged due to CONVERGED_RTOL iterations 126
    Linear BackwardEuler-Equation_ solve converged due to CONVERGED_RTOL iterations 129
    Linear BackwardEuler-Equation_ solve converged due to CONVERGED_RTOL iterations 133
  Nonlinear BackwardEuler-Equation_ solve converged due to CONVERGED_FNORM_RELATIVE iterations 3
t = 3000.00 s | step 10/30 | wall 32.53 s | NL 3 | L 388
    Linear BackwardEuler-Equation_ solve converged due to CONVERGED_RTOL iterations 127
    Linear BackwardEuler-Equation_ solve converged due to CONVERGED_RTOL iterations 129
    Linear BackwardEuler-Equation_ solve converged due to CONVERGED_RTOL iterations 133
  Nonlinear BackwardEuler-Equation_ solve converged due to CONVERGED_FNORM_RELATIVE iterations 3
t = 3300.00 s | step 11/30 | wall 32.51 s | NL 3 | L 389
    Linear BackwardEuler-Equation_ solve converged due to CONVERGED_RTOL iterations 128
    Linear BackwardEuler-Equation_ solve converged due to CONVERGED_RTOL iterations 130
    Linear BackwardEuler-Equation_ solve converged due to CONVERGED_RTOL iterations 134
  Nonlinear BackwardEuler-Equation_ solve converged due to CONVERGED_FNORM_RELATIVE iterations 3
t = 3600.00 s | step 12/30 | wall 32.73 s | NL 3 | L 392
    Linear BackwardEuler-Equation_ solve converged due to CONVERGED_RTOL iterations 129
    Linear BackwardEuler-Equation_ solve converged due to CONVERGED_RTOL iterations 131
    Linear BackwardEuler-Equation_ solve converged due to CONVERGED_RTOL iterations 133
  Nonlinear BackwardEuler-Equation_ solve converged due to CONVERGED_FNORM_RELATIVE iterations 3
t = 3900.00 s | step 13/30 | wall 32.86 s | NL 3 | L 393
    Linear BackwardEuler-Equation_ solve converged due to CONVERGED_RTOL iterations 130
    Linear BackwardEuler-Equation_ solve converged due to CONVERGED_RTOL iterations 131
    Linear BackwardEuler-Equation_ solve converged due to CONVERGED_RTOL iterations 134
  Nonlinear BackwardEuler-Equation_ solve converged due to CONVERGED_FNORM_RELATIVE iterations 3
t = 4200.00 s | step 14/30 | wall 32.98 s | NL 3 | L 395
    Linear BackwardEuler-Equation_ solve converged due to CONVERGED_RTOL iterations 130
    Linear BackwardEuler-Equation_ solve converged due to CONVERGED_RTOL iterations 131
    Linear BackwardEuler-Equation_ solve converged due to CONVERGED_RTOL iterations 135
  Nonlinear BackwardEuler-Equation_ solve converged due to CONVERGED_FNORM_RELATIVE iterations 3
t = 4500.00 s | step 15/30 | wall 32.99 s | NL 3 | L 396
    Linear BackwardEuler-Equation_ solve converged due to CONVERGED_RTOL iterations 131
    Linear BackwardEuler-Equation_ solve converged due to CONVERGED_RTOL iterations 131
    Linear BackwardEuler-Equation_ solve converged due to CONVERGED_RTOL iterations 137
  Nonlinear BackwardEuler-Equation_ solve converged due to CONVERGED_FNORM_RELATIVE iterations 3
t = 4800.00 s | step 16/30 | wall 33.22 s | NL 3 | L 399
    Linear BackwardEuler-Equation_ solve converged due to CONVERGED_RTOL iterations 132
    Linear BackwardEuler-Equation_ solve converged due to CONVERGED_RTOL iterations 131
    Linear BackwardEuler-Equation_ solve converged due to CONVERGED_RTOL iterations 138
  Nonlinear BackwardEuler-Equation_ solve converged due to CONVERGED_FNORM_RELATIVE iterations 3
t = 5100.00 s | step 17/30 | wall 33.41 s | NL 3 | L 401
    Linear BackwardEuler-Equation_ solve converged due to CONVERGED_RTOL iterations 132
    Linear BackwardEuler-Equation_ solve converged due to CONVERGED_RTOL iterations 131
    Linear BackwardEuler-Equation_ solve converged due to CONVERGED_RTOL iterations 139
  Nonlinear BackwardEuler-Equation_ solve converged due to CONVERGED_FNORM_RELATIVE iterations 3
t = 5400.00 s | step 18/30 | wall 33.49 s | NL 3 | L 402
    Linear BackwardEuler-Equation_ solve converged due to CONVERGED_RTOL iterations 133
    Linear BackwardEuler-Equation_ solve converged due to CONVERGED_RTOL iterations 131
    Linear BackwardEuler-Equation_ solve converged due to CONVERGED_RTOL iterations 140
  Nonlinear BackwardEuler-Equation_ solve converged due to CONVERGED_FNORM_RELATIVE iterations 3
t = 5700.00 s | step 19/30 | wall 33.61 s | NL 3 | L 404
    Linear BackwardEuler-Equation_ solve converged due to CONVERGED_RTOL iterations 134
    Linear BackwardEuler-Equation_ solve converged due to CONVERGED_RTOL iterations 132
    Linear BackwardEuler-Equation_ solve converged due to CONVERGED_RTOL iterations 141
  Nonlinear BackwardEuler-Equation_ solve converged due to CONVERGED_FNORM_RELATIVE iterations 3
t = 6000.00 s | step 20/30 | wall 33.85 s | NL 3 | L 407
    Linear BackwardEuler-Equation_ solve converged due to CONVERGED_RTOL iterations 135
    Linear BackwardEuler-Equation_ solve converged due to CONVERGED_RTOL iterations 132
    Linear BackwardEuler-Equation_ solve converged due to CONVERGED_RTOL iterations 142
  Nonlinear BackwardEuler-Equation_ solve converged due to CONVERGED_FNORM_RELATIVE iterations 3
t = 6300.00 s | step 21/30 | wall 34.00 s | NL 3 | L 409
    Linear BackwardEuler-Equation_ solve converged due to CONVERGED_RTOL iterations 135
    Linear BackwardEuler-Equation_ solve converged due to CONVERGED_RTOL iterations 132
    Linear BackwardEuler-Equation_ solve converged due to CONVERGED_RTOL iterations 143
  Nonlinear BackwardEuler-Equation_ solve converged due to CONVERGED_FNORM_RELATIVE iterations 3
t = 6600.00 s | step 22/30 | wall 34.04 s | NL 3 | L 410
    Linear BackwardEuler-Equation_ solve converged due to CONVERGED_RTOL iterations 136
    Linear BackwardEuler-Equation_ solve converged due to CONVERGED_RTOL iterations 132
    Linear BackwardEuler-Equation_ solve converged due to CONVERGED_RTOL iterations 144
  Nonlinear BackwardEuler-Equation_ solve converged due to CONVERGED_FNORM_RELATIVE iterations 3
t = 6900.00 s | step 23/30 | wall 34.20 s | NL 3 | L 412
    Linear BackwardEuler-Equation_ solve converged due to CONVERGED_RTOL iterations 136
    Linear BackwardEuler-Equation_ solve converged due to CONVERGED_RTOL iterations 132
    Linear BackwardEuler-Equation_ solve converged due to CONVERGED_RTOL iterations 145
  Nonlinear BackwardEuler-Equation_ solve converged due to CONVERGED_FNORM_RELATIVE iterations 3
t = 7200.00 s | step 24/30 | wall 34.30 s | NL 3 | L 413
    Linear BackwardEuler-Equation_ solve converged due to CONVERGED_RTOL iterations 136
    Linear BackwardEuler-Equation_ solve converged due to CONVERGED_RTOL iterations 131
    Linear BackwardEuler-Equation_ solve converged due to CONVERGED_RTOL iterations 146
  Nonlinear BackwardEuler-Equation_ solve converged due to CONVERGED_FNORM_RELATIVE iterations 3
t = 7500.00 s | step 25/30 | wall 34.32 s | NL 3 | L 413
    Linear BackwardEuler-Equation_ solve converged due to CONVERGED_RTOL iterations 137
    Linear BackwardEuler-Equation_ solve converged due to CONVERGED_RTOL iterations 131
    Linear BackwardEuler-Equation_ solve converged due to CONVERGED_RTOL iterations 146
  Nonlinear BackwardEuler-Equation_ solve converged due to CONVERGED_FNORM_RELATIVE iterations 3
t = 7800.00 s | step 26/30 | wall 34.36 s | NL 3 | L 414
    Linear BackwardEuler-Equation_ solve converged due to CONVERGED_RTOL iterations 137
    Linear BackwardEuler-Equation_ solve converged due to CONVERGED_RTOL iterations 131
    Linear BackwardEuler-Equation_ solve converged due to CONVERGED_RTOL iterations 147
  Nonlinear BackwardEuler-Equation_ solve converged due to CONVERGED_FNORM_RELATIVE iterations 3
t = 8100.00 s | step 27/30 | wall 34.46 s | NL 3 | L 415
    Linear BackwardEuler-Equation_ solve converged due to CONVERGED_RTOL iterations 138
    Linear BackwardEuler-Equation_ solve converged due to CONVERGED_RTOL iterations 131
    Linear BackwardEuler-Equation_ solve converged due to CONVERGED_RTOL iterations 147
  Nonlinear BackwardEuler-Equation_ solve converged due to CONVERGED_FNORM_RELATIVE iterations 3
t = 8400.00 s | step 28/30 | wall 34.54 s | NL 3 | L 416
    Linear BackwardEuler-Equation_ solve converged due to CONVERGED_RTOL iterations 138
    Linear BackwardEuler-Equation_ solve converged due to CONVERGED_RTOL iterations 131
    Linear BackwardEuler-Equation_ solve converged due to CONVERGED_RTOL iterations 147
  Nonlinear BackwardEuler-Equation_ solve converged due to CONVERGED_FNORM_RELATIVE iterations 3
t = 8700.00 s | step 29/30 | wall 34.48 s | NL 3 | L 416
    Linear BackwardEuler-Equation_ solve converged due to CONVERGED_RTOL iterations 138
    Linear BackwardEuler-Equation_ solve converged due to CONVERGED_RTOL iterations 131
    Linear BackwardEuler-Equation_ solve converged due to CONVERGED_RTOL iterations 147
  Nonlinear BackwardEuler-Equation_ solve converged due to CONVERGED_FNORM_RELATIVE iterations 3
t = 9000.00 s | step 30/30 | wall 34.49 s | NL 3 | L 416
Done | total NL 91 | total L 11949 | mean wall/step 34.44 s | peak RSS 895 MB
=== Job completed: Thu Aug 20 23:47:22 AEST 2026 ===

======================================================================================
                  Resource Usage on 2026-08-20 23:47:26:
   Job Id:             176848235.gadi-pbs
   Project:            xd2
   Exit Status:        0
   Service Units:      125.84
   NCPUs Requested:    208                 CPU Time Used: 61:28:38        
   Memory Requested:   1000.0GB              Memory Used: 125.21GB        
   Walltime Requested: 03:00:00            Walltime Used: 00:18:09        
   JobFS Requested:    400.0GB                JobFS Used: 55.95MB         
======================================================================================
