=== Job info ===
Case: murr_hierarchy
Solver: gmg
Scale: L2
Degree: 1
Nodes: 8
CPUs: 832
Date: Thu Aug 20 23:29:07 AEST 2026
G-ADOPT commit: 7c88d823542349b5dfe272e69a23d79b8aca9c31
Morrow commit: 689b192257f4e1d4dab5c673542ac05744e76260
Driver SHA256: f5182d7d32b0293d79ef7050bbc979798d87c378f1525fe27f283ad0b4e5ba41
Solver SHA256: 0414e656c17744e9b0a9c4efee81ab6504ccb5232189b68b7cce59c06e8b3163
Firedrake module: singularity:intel-compiler-llvm/2024.2.1:petsc/main-20260815:firedrake/main-20260806
PETSC_OPTIONS: -log_view :/scratch/xd2/sg8812/morrow2026/parallel_scaling/results/murr_hierarchy/gmg/L2.profile
================
Matplotlib is building the font cache; this may take a moment.
Matplotlib is building the font cache; this may take a moment.
Matplotlib is building the font cache; this may take a moment.
Matplotlib is building the font cache; this may take a moment.
Matplotlib is building the font cache; this may take a moment.
Matplotlib is building the font cache; this may take a moment.
Matplotlib is building the font cache; this may take a moment.
Matplotlib is building the font cache; this may take a moment.
Matplotlib is building the font cache; this may take a moment.
Matplotlib is building the font cache; this may take a moment.
Matplotlib is building the font cache; this may take a moment.
Matplotlib is building the font cache; this may take a moment.
Matplotlib is building the font cache; this may take a moment.
Matplotlib is building the font cache; this may take a moment.
Matplotlib is building the font cache; this may take a moment.
Matplotlib is building the font cache; this may take a moment.
Matplotlib is building the font cache; this may take a moment.
Matplotlib is building the font cache; this may take a moment.
Matplotlib is building the font cache; this may take a moment.
Matplotlib is building the font cache; this may take a moment.
Matplotlib is building the font cache; this may take a moment.
Matplotlib is building the font cache; this may take a moment.
Matplotlib is building the font cache; this may take a moment.
Matplotlib is building the font cache; this may take a moment.
Matplotlib is building the font cache; this may take a moment.
Matplotlib is building the font cache; this may take a moment.
Matplotlib is building the font cache; this may take a moment.
Matplotlib is building the font cache; this may take a moment.
Matplotlib is building the font cache; this may take a moment.
Matplotlib is building the font cache; this may take a moment.
Matplotlib is building the font cache; this may take a moment.
Matplotlib is building the font cache; this may take a moment.
Matplotlib is building the font cache; this may take a moment.
Matplotlib is building the font cache; this may take a moment.
Matplotlib is building the font cache; this may take a moment.
Matplotlib is building the font cache; this may take a moment.
Matplotlib is building the font cache; this may take a moment.
Matplotlib is building the font cache; this may take a moment.
Matplotlib is building the font cache; this may take a moment.
Matplotlib is building the font cache; this may take a moment.
Matplotlib is building the font cache; this may take a moment.
Matplotlib is building the font cache; this may take a moment.
Matplotlib is building the font cache; this may take a moment.
Matplotlib is building the font cache; this may take a moment.
Matplotlib is building the font cache; this may take a moment.
Matplotlib is building the font cache; this may take a moment.
Matplotlib is building the font cache; this may take a moment.
Matplotlib is building the font cache; this may take a moment.
Matplotlib is building the font cache; this may take a moment.
Matplotlib is building the font cache; this may take a moment.
Matplotlib is building the font cache; this may take a moment.
Matplotlib is building the font cache; this may take a moment.
Matplotlib is building the font cache; this may take a moment.
Matplotlib is building the font cache; this may take a moment.
Matplotlib is building the font cache; this may take a moment.
Matplotlib is building the font cache; this may take a moment.
Matplotlib is building the font cache; this may take a moment.
Matplotlib is building the font cache; this may take a moment.
Matplotlib is building the font cache; this may take a moment.
Matplotlib is building the font cache; this may take a moment.
Matplotlib is building the font cache; this may take a moment.
Matplotlib is building the font cache; this may take a moment.
Matplotlib is building the font cache; this may take a moment.
Matplotlib is building the font cache; this may take a moment.
Matplotlib is building the font cache; this may take a moment.
Matplotlib is building the font cache; this may take a moment.
Matplotlib is building the font cache; this may take a moment.
Matplotlib is building the font cache; this may take a moment.
Matplotlib is building the font cache; this may take a moment.
Matplotlib is building the font cache; this may take a moment.
Matplotlib is building the font cache; this may take a moment.
Matplotlib is building the font cache; this may take a moment.
Matplotlib is building the font cache; this may take a moment.
Matplotlib is building the font cache; this may take a moment.
Matplotlib is building the font cache; this may take a moment.
Matplotlib is building the font cache; this may take a moment.
Matplotlib is building the font cache; this may take a moment.
Matplotlib is building the font cache; this may take a moment.
Matplotlib is building the font cache; this may take a moment.
Matplotlib is building the font cache; this may take a moment.
Matplotlib is building the font cache; this may take a moment.
Matplotlib is building the font cache; this may take a moment.
Matplotlib is building the font cache; this may take a moment.
Matplotlib is building the font cache; this may take a moment.
Matplotlib is building the font cache; this may take a moment.
Matplotlib is building the font cache; this may take a moment.
Matplotlib is building the font cache; this may take a moment.
Matplotlib is building the font cache; this may take a moment.
Matplotlib is building the font cache; this may take a moment.
Matplotlib is building the font cache; this may take a moment.
Matplotlib is building the font cache; this may take a moment.
Matplotlib is building the font cache; this may take a moment.
Matplotlib is building the font cache; this may take a moment.
Matplotlib is building the font cache; this may take a moment.
Matplotlib is building the font cache; this may take a moment.
Matplotlib is building the font cache; this may take a moment.
Matplotlib is building the font cache; this may take a moment.
Matplotlib is building the font cache; this may take a moment.
Matplotlib is building the font cache; this may take a moment.
Matplotlib is building the font cache; this may take a moment.
Matplotlib is building the font cache; this may take a moment.
Matplotlib is building the font cache; this may take a moment.
Matplotlib is building the font cache; this may take a moment.
Matplotlib is building the font cache; this may take a moment.
Matplotlib is building the font cache; this may take a moment.
Matplotlib is building the font cache; this may take a moment.
Matplotlib is building the font cache; this may take a moment.
Matplotlib is building the font cache; this may take a moment.
Matplotlib is building the font cache; this may take a moment.
Matplotlib is building the font cache; this may take a moment.
Matplotlib is building the font cache; this may take a moment.
Matplotlib is building the font cache; this may take a moment.
Matplotlib is building the font cache; this may take a moment.
Matplotlib is building the font cache; this may take a moment.
Matplotlib is building the font cache; this may take a moment.
Matplotlib is building the font cache; this may take a moment.
Matplotlib is building the font cache; this may take a moment.
Matplotlib is building the font cache; this may take a moment.
Matplotlib is building the font cache; this may take a moment.
Matplotlib is building the font cache; this may take a moment.
Matplotlib is building the font cache; this may take a moment.
Matplotlib is building the font cache; this may take a moment.
Matplotlib is building the font cache; this may take a moment.
Matplotlib is building the font cache; this may take a moment.
Matplotlib is building the font cache; this may take a moment.
Matplotlib is building the font cache; this may take a moment.
Matplotlib is building the font cache; this may take a moment.
Matplotlib is building the font cache; this may take a moment.
Matplotlib is building the font cache; this may take a moment.
Matplotlib is building the font cache; this may take a moment.
Matplotlib is building the font cache; this may take a moment.
Matplotlib is building the font cache; this may take a moment.
Matplotlib is building the font cache; this may take a moment.
Matplotlib is building the font cache; this may take a moment.
Matplotlib is building the font cache; this may take a moment.
Matplotlib is building the font cache; this may take a moment.
Matplotlib is building the font cache; this may take a moment.
Matplotlib is building the font cache; this may take a moment.
Matplotlib is building the font cache; this may take a moment.
Matplotlib is building the font cache; this may take a moment.
Matplotlib is building the font cache; this may take a moment.
Matplotlib is building the font cache; this may take a moment.
Matplotlib is building the font cache; this may take a moment.
Matplotlib is building the font cache; this may take a moment.
Matplotlib is building the font cache; this may take a moment.
Matplotlib is building the font cache; this may take a moment.
Matplotlib is building the font cache; this may take a moment.
Matplotlib is building the font cache; this may take a moment.
Matplotlib is building the font cache; this may take a moment.
Matplotlib is building the font cache; this may take a moment.
Matplotlib is building the font cache; this may take a moment.
Matplotlib is building the font cache; this may take a moment.
Matplotlib is building the font cache; this may take a moment.
Matplotlib is building the font cache; this may take a moment.
Matplotlib is building the font cache; this may take a moment.
Matplotlib is building the font cache; this may take a moment.
Matplotlib is building the font cache; this may take a moment.
Matplotlib is building the font cache; this may take a moment.
Matplotlib is building the font cache; this may take a moment.
Matplotlib is building the font cache; this may take a moment.
Matplotlib is building the font cache; this may take a moment.
Matplotlib is building the font cache; this may take a moment.
Matplotlib is building the font cache; this may take a moment.
Matplotlib is building the font cache; this may take a moment.
Matplotlib is building the font cache; this may take a moment.
Matplotlib is building the font cache; this may take a moment.
Matplotlib is building the font cache; this may take a moment.
Matplotlib is building the font cache; this may take a moment.
Matplotlib is building the font cache; this may take a moment.
Matplotlib is building the font cache; this may take a moment.
Matplotlib is building the font cache; this may take a moment.
Matplotlib is building the font cache; this may take a moment.
Matplotlib is building the font cache; this may take a moment.
Matplotlib is building the font cache; this may take a moment.
Matplotlib is building the font cache; this may take a moment.
Matplotlib is building the font cache; this may take a moment.
Matplotlib is building the font cache; this may take a moment.
Matplotlib is building the font cache; this may take a moment.
Matplotlib is building the font cache; this may take a moment.
Matplotlib is building the font cache; this may take a moment.
Matplotlib is building the font cache; this may take a moment.
Matplotlib is building the font cache; this may take a moment.
Matplotlib is building the font cache; this may take a moment.
Matplotlib is building the font cache; this may take a moment.
Matplotlib is building the font cache; this may take a moment.
Matplotlib is building the font cache; this may take a moment.
Matplotlib is building the font cache; this may take a moment.
Matplotlib is building the font cache; this may take a moment.
Matplotlib is building the font cache; this may take a moment.
Matplotlib is building the font cache; this may take a moment.
Matplotlib is building the font cache; this may take a moment.
Matplotlib is building the font cache; this may take a moment.
Matplotlib is building the font cache; this may take a moment.
Matplotlib is building the font cache; this may take a moment.
Matplotlib is building the font cache; this may take a moment.
Matplotlib is building the font cache; this may take a moment.
Matplotlib is building the font cache; this may take a moment.
Matplotlib is building the font cache; this may take a moment.
Matplotlib is building the font cache; this may take a moment.
Matplotlib is building the font cache; this may take a moment.
Matplotlib is building the font cache; this may take a moment.
Matplotlib is building the font cache; this may take a moment.
Matplotlib is building the font cache; this may take a moment.
Matplotlib is building the font cache; this may take a moment.
Matplotlib is building the font cache; this may take a moment.
Matplotlib is building the font cache; this may take a moment.
Matplotlib is building the font cache; this may take a moment.
Matplotlib is building the font cache; this may take a moment.
Matplotlib is building the font cache; this may take a moment.
Matplotlib is building the font cache; this may take a moment.
Matplotlib is building the font cache; this may take a moment.
Matplotlib is building the font cache; this may take a moment.
Matplotlib is building the font cache; this may take a moment.
Matplotlib is building the font cache; this may take a moment.
Matplotlib is building the font cache; this may take a moment.
Matplotlib is building the font cache; this may take a moment.
Matplotlib is building the font cache; this may take a moment.
Matplotlib is building the font cache; this may take a moment.
Matplotlib is building the font cache; this may take a moment.
Matplotlib is building the font cache; this may take a moment.
Matplotlib is building the font cache; this may take a moment.
Matplotlib is building the font cache; this may take a moment.
Matplotlib is building the font cache; this may take a moment.
Matplotlib is building the font cache; this may take a moment.
Matplotlib is building the font cache; this may take a moment.
Matplotlib is building the font cache; this may take a moment.
Matplotlib is building the font cache; this may take a moment.
Matplotlib is building the font cache; this may take a moment.
Matplotlib is building the font cache; this may take a moment.
Matplotlib is building the font cache; this may take a moment.
Matplotlib is building the font cache; this may take a moment.
Matplotlib is building the font cache; this may take a moment.
Matplotlib is building the font cache; this may take a moment.
Matplotlib is building the font cache; this may take a moment.
Matplotlib is building the font cache; this may take a moment.
Matplotlib is building the font cache; this may take a moment.
Matplotlib is building the font cache; this may take a moment.
Matplotlib is building the font cache; this may take a moment.
Matplotlib is building the font cache; this may take a moment.
Matplotlib is building the font cache; this may take a moment.
Matplotlib is building the font cache; this may take a moment.
Matplotlib is building the font cache; this may take a moment.
Matplotlib is building the font cache; this may take a moment.
Matplotlib is building the font cache; this may take a moment.
Matplotlib is building the font cache; this may take a moment.
Matplotlib is building the font cache; this may take a moment.
Matplotlib is building the font cache; this may take a moment.
Matplotlib is building the font cache; this may take a moment.
Matplotlib is building the font cache; this may take a moment.
Matplotlib is building the font cache; this may take a moment.
Matplotlib is building the font cache; this may take a moment.
Matplotlib is building the font cache; this may take a moment.
Matplotlib is building the font cache; this may take a moment.
Matplotlib is building the font cache; this may take a moment.
Matplotlib is building the font cache; this may take a moment.
Matplotlib is building the font cache; this may take a moment.
Matplotlib is building the font cache; this may take a moment.
Matplotlib is building the font cache; this may take a moment.
Matplotlib is building the font cache; this may take a moment.
Matplotlib is building the font cache; this may take a moment.
Matplotlib is building the font cache; this may take a moment.
Matplotlib is building the font cache; this may take a moment.
Matplotlib is building the font cache; this may take a moment.
Matplotlib is building the font cache; this may take a moment.
Matplotlib is building the font cache; this may take a moment.
Matplotlib is building the font cache; this may take a moment.
Matplotlib is building the font cache; this may take a moment.
Matplotlib is building the font cache; this may take a moment.
Matplotlib is building the font cache; this may take a moment.
Matplotlib is building the font cache; this may take a moment.
Matplotlib is building the font cache; this may take a moment.
Matplotlib is building the font cache; this may take a moment.
Matplotlib is building the font cache; this may take a moment.
Matplotlib is building the font cache; this may take a moment.
Matplotlib is building the font cache; this may take a moment.
Matplotlib is building the font cache; this may take a moment.
Matplotlib is building the font cache; this may take a moment.
Matplotlib is building the font cache; this may take a moment.
Matplotlib is building the font cache; this may take a moment.
Matplotlib is building the font cache; this may take a moment.
Matplotlib is building the font cache; this may take a moment.
Matplotlib is building the font cache; this may take a moment.
Matplotlib is building the font cache; this may take a moment.
Matplotlib is building the font cache; this may take a moment.
Matplotlib is building the font cache; this may take a moment.
Matplotlib is building the font cache; this may take a moment.
Matplotlib is building the font cache; this may take a moment.
Matplotlib is building the font cache; this may take a moment.
Matplotlib is building the font cache; this may take a moment.
Matplotlib is building the font cache; this may take a moment.
Matplotlib is building the font cache; this may take a moment.
Matplotlib is building the font cache; this may take a moment.
Matplotlib is building the font cache; this may take a moment.
Matplotlib is building the font cache; this may take a moment.
Matplotlib is building the font cache; this may take a moment.
Matplotlib is building the font cache; this may take a moment.
Matplotlib is building the font cache; this may take a moment.
Matplotlib is building the font cache; this may take a moment.
Matplotlib is building the font cache; this may take a moment.
Matplotlib is building the font cache; this may take a moment.
Matplotlib is building the font cache; this may take a moment.
Matplotlib is building the font cache; this may take a moment.
Matplotlib is building the font cache; this may take a moment.
Matplotlib is building the font cache; this may take a moment.
Matplotlib is building the font cache; this may take a moment.
Matplotlib is building the font cache; this may take a moment.
Matplotlib is building the font cache; this may take a moment.
Matplotlib is building the font cache; this may take a moment.
Matplotlib is building the font cache; this may take a moment.
Matplotlib is building the font cache; this may take a moment.
Matplotlib is building the font cache; this may take a moment.
Matplotlib is building the font cache; this may take a moment.
Matplotlib is building the font cache; this may take a moment.
Matplotlib is building the font cache; this may take a moment.
Matplotlib is building the font cache; this may take a moment.
Matplotlib is building the font cache; this may take a moment.
Matplotlib is building the font cache; this may take a moment.
Matplotlib is building the font cache; this may take a moment.
Matplotlib is building the font cache; this may take a moment.
Matplotlib is building the font cache; this may take a moment.
Matplotlib is building the font cache; this may take a moment.
Matplotlib is building the font cache; this may take a moment.
Matplotlib is building the font cache; this may take a moment.
Matplotlib is building the font cache; this may take a moment.
Matplotlib is building the font cache; this may take a moment.
Matplotlib is building the font cache; this may take a moment.
Matplotlib is building the font cache; this may take a moment.
Matplotlib is building the font cache; this may take a moment.
Matplotlib is building the font cache; this may take a moment.
Matplotlib is building the font cache; this may take a moment.
Matplotlib is building the font cache; this may take a moment.
Matplotlib is building the font cache; this may take a moment.
Matplotlib is building the font cache; this may take a moment.
Matplotlib is building the font cache; this may take a moment.
Matplotlib is building the font cache; this may take a moment.
Matplotlib is building the font cache; this may take a moment.
Matplotlib is building the font cache; this may take a moment.
Matplotlib is building the font cache; this may take a moment.
Matplotlib is building the font cache; this may take a moment.
Matplotlib is building the font cache; this may take a moment.
Matplotlib is building the font cache; this may take a moment.
Matplotlib is building the font cache; this may take a moment.
Matplotlib is building the font cache; this may take a moment.
Matplotlib is building the font cache; this may take a moment.
Matplotlib is building the font cache; this may take a moment.
Matplotlib is building the font cache; this may take a moment.
Matplotlib is building the font cache; this may take a moment.
Matplotlib is building the font cache; this may take a moment.
Matplotlib is building the font cache; this may take a moment.
Matplotlib is building the font cache; this may take a moment.
Matplotlib is building the font cache; this may take a moment.
Matplotlib is building the font cache; this may take a moment.
Matplotlib is building the font cache; this may take a moment.
Matplotlib is building the font cache; this may take a moment.
Matplotlib is building the font cache; this may take a moment.
Matplotlib is building the font cache; this may take a moment.
Matplotlib is building the font cache; this may take a moment.
Matplotlib is building the font cache; this may take a moment.
Matplotlib is building the font cache; this may take a moment.
Matplotlib is building the font cache; this may take a moment.
Matplotlib is building the font cache; this may take a moment.
Matplotlib is building the font cache; this may take a moment.
Matplotlib is building the font cache; this may take a moment.
Matplotlib is building the font cache; this may take a moment.
Matplotlib is building the font cache; this may take a moment.
Matplotlib is building the font cache; this may take a moment.
Matplotlib is building the font cache; this may take a moment.
Matplotlib is building the font cache; this may take a moment.
Matplotlib is building the font cache; this may take a moment.
Matplotlib is building the font cache; this may take a moment.
Matplotlib is building the font cache; this may take a moment.
Matplotlib is building the font cache; this may take a moment.
Matplotlib is building the font cache; this may take a moment.
Matplotlib is building the font cache; this may take a moment.
Matplotlib is building the font cache; this may take a moment.
Matplotlib is building the font cache; this may take a moment.
Matplotlib is building the font cache; this may take a moment.
Matplotlib is building the font cache; this may take a moment.
Matplotlib is building the font cache; this may take a moment.
Matplotlib is building the font cache; this may take a moment.
Matplotlib is building the font cache; this may take a moment.
Matplotlib is building the font cache; this may take a moment.
Matplotlib is building the font cache; this may take a moment.
Matplotlib is building the font cache; this may take a moment.
Matplotlib is building the font cache; this may take a moment.
Matplotlib is building the font cache; this may take a moment.
Matplotlib is building the font cache; this may take a moment.
Matplotlib is building the font cache; this may take a moment.
Matplotlib is building the font cache; this may take a moment.
Matplotlib is building the font cache; this may take a moment.
Matplotlib is building the font cache; this may take a moment.
Matplotlib is building the font cache; this may take a moment.
Matplotlib is building the font cache; this may take a moment.
Matplotlib is building the font cache; this may take a moment.
Matplotlib is building the font cache; this may take a moment.
Matplotlib is building the font cache; this may take a moment.
Matplotlib is building the font cache; this may take a moment.
Matplotlib is building the font cache; this may take a moment.
Matplotlib is building the font cache; this may take a moment.
Matplotlib is building the font cache; this may take a moment.
Matplotlib is building the font cache; this may take a moment.
Matplotlib is building the font cache; this may take a moment.
Matplotlib is building the font cache; this may take a moment.
Matplotlib is building the font cache; this may take a moment.
Matplotlib is building the font cache; this may take a moment.
Matplotlib is building the font cache; this may take a moment.
Matplotlib is building the font cache; this may take a moment.
Matplotlib is building the font cache; this may take a moment.
Matplotlib is building the font cache; this may take a moment.
Matplotlib is building the font cache; this may take a moment.
Matplotlib is building the font cache; this may take a moment.
Matplotlib is building the font cache; this may take a moment.
Matplotlib is building the font cache; this may take a moment.
Matplotlib is building the font cache; this may take a moment.
Matplotlib is building the font cache; this may take a moment.
Matplotlib is building the font cache; this may take a moment.
Matplotlib is building the font cache; this may take a moment.
Matplotlib is building the font cache; this may take a moment.
Matplotlib is building the font cache; this may take a moment.
Matplotlib is building the font cache; this may take a moment.
Matplotlib is building the font cache; this may take a moment.
Matplotlib is building the font cache; this may take a moment.
Matplotlib is building the font cache; this may take a moment.
Matplotlib is building the font cache; this may take a moment.
Matplotlib is building the font cache; this may take a moment.
Matplotlib is building the font cache; this may take a moment.
Matplotlib is building the font cache; this may take a moment.
Matplotlib is building the font cache; this may take a moment.
Matplotlib is building the font cache; this may take a moment.
Matplotlib is building the font cache; this may take a moment.
Matplotlib is building the font cache; this may take a moment.
Matplotlib is building the font cache; this may take a moment.
Matplotlib is building the font cache; this may take a moment.
Matplotlib is building the font cache; this may take a moment.
Matplotlib is building the font cache; this may take a moment.
Matplotlib is building the font cache; this may take a moment.
Matplotlib is building the font cache; this may take a moment.
Matplotlib is building the font cache; this may take a moment.
Matplotlib is building the font cache; this may take a moment.
Matplotlib is building the font cache; this may take a moment.
Matplotlib is building the font cache; this may take a moment.
Matplotlib is building the font cache; this may take a moment.
Matplotlib is building the font cache; this may take a moment.
Matplotlib is building the font cache; this may take a moment.
Matplotlib is building the font cache; this may take a moment.
Matplotlib is building the font cache; this may take a moment.
Matplotlib is building the font cache; this may take a moment.
Matplotlib is building the font cache; this may take a moment.
Matplotlib is building the font cache; this may take a moment.
Matplotlib is building the font cache; this may take a moment.
Matplotlib is building the font cache; this may take a moment.
Matplotlib is building the font cache; this may take a moment.
Matplotlib is building the font cache; this may take a moment.
Matplotlib is building the font cache; this may take a moment.
Matplotlib is building the font cache; this may take a moment.
Matplotlib is building the font cache; this may take a moment.
Matplotlib is building the font cache; this may take a moment.
Matplotlib is building the font cache; this may take a moment.
Matplotlib is building the font cache; this may take a moment.
Matplotlib is building the font cache; this may take a moment.
Matplotlib is building the font cache; this may take a moment.
Matplotlib is building the font cache; this may take a moment.
Matplotlib is building the font cache; this may take a moment.
Matplotlib is building the font cache; this may take a moment.
Matplotlib is building the font cache; this may take a moment.
Matplotlib is building the font cache; this may take a moment.
Matplotlib is building the font cache; this may take a moment.
Matplotlib is building the font cache; this may take a moment.
Matplotlib is building the font cache; this may take a moment.
Matplotlib is building the font cache; this may take a moment.
Matplotlib is building the font cache; this may take a moment.
Matplotlib is building the font cache; this may take a moment.
Matplotlib is building the font cache; this may take a moment.
Matplotlib is building the font cache; this may take a moment.
Matplotlib is building the font cache; this may take a moment.
Matplotlib is building the font cache; this may take a moment.
Matplotlib is building the font cache; this may take a moment.
Matplotlib is building the font cache; this may take a moment.
Matplotlib is building the font cache; this may take a moment.
Matplotlib is building the font cache; this may take a moment.
Matplotlib is building the font cache; this may take a moment.
Matplotlib is building the font cache; this may take a moment.
Matplotlib is building the font cache; this may take a moment.
Matplotlib is building the font cache; this may take a moment.
Matplotlib is building the font cache; this may take a moment.
Matplotlib is building the font cache; this may take a moment.
Matplotlib is building the font cache; this may take a moment.
Matplotlib is building the font cache; this may take a moment.
Matplotlib is building the font cache; this may take a moment.
Matplotlib is building the font cache; this may take a moment.
Matplotlib is building the font cache; this may take a moment.
Matplotlib is building the font cache; this may take a moment.
Matplotlib is building the font cache; this may take a moment.
Matplotlib is building the font cache; this may take a moment.
Matplotlib is building the font cache; this may take a moment.
Matplotlib is building the font cache; this may take a moment.
Matplotlib is building the font cache; this may take a moment.
Matplotlib is building the font cache; this may take a moment.
Matplotlib is building the font cache; this may take a moment.
Matplotlib is building the font cache; this may take a moment.
Matplotlib is building the font cache; this may take a moment.
Matplotlib is building the font cache; this may take a moment.
Matplotlib is building the font cache; this may take a moment.
Matplotlib is building the font cache; this may take a moment.
Matplotlib is building the font cache; this may take a moment.
Matplotlib is building the font cache; this may take a moment.
Matplotlib is building the font cache; this may take a moment.
Matplotlib is building the font cache; this may take a moment.
Matplotlib is building the font cache; this may take a moment.
Matplotlib is building the font cache; this may take a moment.
Matplotlib is building the font cache; this may take a moment.
Matplotlib is building the font cache; this may take a moment.
Matplotlib is building the font cache; this may take a moment.
Matplotlib is building the font cache; this may take a moment.
Matplotlib is building the font cache; this may take a moment.
Matplotlib is building the font cache; this may take a moment.
Matplotlib is building the font cache; this may take a moment.
Matplotlib is building the font cache; this may take a moment.
Matplotlib is building the font cache; this may take a moment.
Matplotlib is building the font cache; this may take a moment.
Matplotlib is building the font cache; this may take a moment.
Matplotlib is building the font cache; this may take a moment.
Matplotlib is building the font cache; this may take a moment.
Matplotlib is building the font cache; this may take a moment.
Matplotlib is building the font cache; this may take a moment.
Matplotlib is building the font cache; this may take a moment.
Matplotlib is building the font cache; this may take a moment.
Matplotlib is building the font cache; this may take a moment.
Matplotlib is building the font cache; this may take a moment.
Matplotlib is building the font cache; this may take a moment.
Matplotlib is building the font cache; this may take a moment.
Matplotlib is building the font cache; this may take a moment.
Number of degrees of freedom: 334540800
Horizontal resolution: 620.0 m, Layers: 300, DG1
Time stepper: BackwardEuler, dt_init = 60.0 s, dt_max = 43200.0 s, growth = 1.5
Solver: gmg
Solver parameters: {'ksp_type': 'fgmres', 'ksp_rtol': 1e-06, 'ksp_max_it': 200, 'ksp_gmres_restart': 30, 'pc_type': 'mg', 'pc_mg_type': 'multiplicative', 'pc_mg_cycle_type': 'v', 'mg_levels_ksp_type': 'chebyshev', 'mg_levels_ksp_max_it': 1, 'mg_levels_ksp_convergence_test': 'skip', 'mg_levels_pc_type': 'bjacobi', 'mg_levels_sub_pc_type': 'ilu', 'mg_levels_sub_pc_factor_levels': 0, 'mg_coarse_ksp_type': 'gmres', 'mg_coarse_ksp_max_it': 30, 'mg_coarse_pc_type': 'bjacobi', 'mg_coarse_sub_pc_type': 'ilu', 'snes_type': 'newtonls', 'snes_linesearch_type': 'bt', 'snes_rtol': 1e-08, 'snes_atol': 1e-08, 'snes_max_it': 50}
[491]PETSC ERROR: --------------------- Error Message --------------------------------------------------------------
[491]PETSC ERROR: Argument out of range
[491]PETSC ERROR: New nonzero at (65283,65290) caused a malloc. Use MatSetOption(A, MAT_NEW_NONZERO_ALLOCATION_ERR, PETSC_FALSE) to turn off this check
[491]PETSC ERROR: WARNING! There are unused option(s) set! Could be the program crashed before usage or a spelling mistake, etc!
[491]PETSC ERROR:   Option left: name:-BackwardEuler-Equation_ksp_converged_reason (no value) source: code
[491]PETSC ERROR:   Option left: name:-BackwardEuler-Equation_ksp_gmres_restart value: 30 source: code
[491]PETSC ERROR:   Option left: name:-BackwardEuler-Equation_ksp_max_it value: 200 source: code
[491]PETSC ERROR:   Option left: name:-BackwardEuler-Equation_ksp_rtol value: 1e-06 source: code
[491]PETSC ERROR:   Option left: name:-BackwardEuler-Equation_ksp_type value: fgmres source: code
[491]PETSC ERROR:   Option left: name:-BackwardEuler-Equation_mat_type value: aij source: code
[491]PETSC ERROR:   Option left: name:-BackwardEuler-Equation_mg_coarse_sub_pc_type value: ilu source: code
[491]PETSC ERROR:   Option left: name:-BackwardEuler-Equation_mg_levels_sub_pc_factor_levels value: 0 source: code
[491]PETSC ERROR:   Option left: name:-BackwardEuler-Equation_mg_levels_sub_pc_type value: ilu source: code
[491]PETSC ERROR:   Option left: name:-BackwardEuler-Equation_pc_factor_mat_mumps_icntl_14 value: 200 source: code
[491]PETSC ERROR:   Option left: name:-BackwardEuler-Equation_pc_mg_cycle_type value: v source: code
[491]PETSC ERROR:   Option left: name:-BackwardEuler-Equation_pc_mg_type value: multiplicative source: code
[491]PETSC ERROR:   Option left: name:-BackwardEuler-Equation_pc_type value: mg source: code
[491]PETSC ERROR:   Option left: name:-BackwardEuler-Equation_snes_atol value: 1e-08 source: code
[491]PETSC ERROR:   Option left: name:-BackwardEuler-Equation_snes_converged_reason (no value) source: code
[491]PETSC ERROR:   Option left: name:-BackwardEuler-Equation_snes_linesearch_type value: bt source: code
[491]PETSC ERROR:   Option left: name:-BackwardEuler-Equation_snes_max_it value: 50 source: code
[491]PETSC ERROR:   Option left: name:-BackwardEuler-Equation_snes_rtol value: 1e-08 source: code
[491]PETSC ERROR: See https://petsc.org/release/faq/ for trouble shooting.
[491]PETSC ERROR: PETSc Development Git Revision: ab02c5218b841d6dcf87fa7163a72e0278009638 Git Date: 2026-08-15 17:25:53 +0000
[491]PETSC ERROR: /scratch/xd2/sg8812/morrow2026/parallel_scaling/murrumbidgee_3d.py with 832 MPI process(es) and PETSC_ARCH default on gadi-cpu-spr-0581.gadi.nci.org.au by sg8812 Thu Aug 20 23:29:29 2026
[491]PETSC ERROR: Configure options: PETSC_DIR=/g/data/fp50/apps/petsc/main-20260815 PETSC_ARCH=default --with-cc=mpicc --with-cxx=mpicxx --with-fc=mpif90 --with-mpiexec=mpirun COPTFLAGS="-O3 -g -xCASCADELAKE" CXXOPTFLAGS="-O3 -g -xCASCADELAKE" FOPTFLAGS="-O3 -g -xCASCADELAKE" --download-parmmg --with-c2html=0 --with-debugging=0 --with-fortran-bindings=0 --with-shared-libraries=1 --with-strict-petscerrorcode --download-bison --download-hdf5 --with-hwloc --download-mumps --download-netcdf --download-pnetcdf --download-ptscotch --download-suitesparse --download-superlu_dist --with-zlib --download-hypre --download-eigen --download-metis --download-parmetis --download-mmg --with-scalapack-include=/apps/intel-tools/intel-mkl/2024.2.1/include --with-scalapack-lib="-lmkl_scalapack_lp64 -lmkl_intel_lp64 -lmkl_sequential -lmkl_core -lmkl_blacs_openmpi_lp64 -lpthread -lm -ldl" --with-make-np=12
[491]PETSC ERROR: #1 MatSetValues_MPIAIJ() at /g/data/fp50/apps/petsc/main-20260815/src/mat/impls/aij/mpi/mpiaij.c:572
[491]PETSC ERROR: #2 MatSetValues() at /g/data/fp50/apps/petsc/main-20260815/src/mat/interface/matrix.c:1606
[491]PETSC ERROR: #3 MatSetValuesBlocked() at /g/data/fp50/apps/petsc/main-20260815/src/mat/interface/matrix.c:2152
[491]PETSC ERROR: #4 MatSetValuesBlockedLocal() at /g/data/fp50/apps/petsc/main-20260815/src/mat/interface/matrix.c:2631
[491]PETSC ERROR: #5 KSPSetUp() at /g/data/fp50/apps/petsc/main-20260815/src/ksp/ksp/interface/itfunc.c:369
[491]PETSC ERROR: #6 PCSetUp_MG() at /g/data/fp50/apps/petsc/main-20260815/src/ksp/pc/impls/mg/mg.c:1199
[491]PETSC ERROR: #7 PCSetUp() at /g/data/fp50/apps/petsc/main-20260815/src/ksp/pc/interface/precon.c:1138
[491]PETSC ERROR: #8 KSPSetUp() at /g/data/fp50/apps/petsc/main-20260815/src/ksp/ksp/interface/itfunc.c:447
[491]PETSC ERROR: #9 KSPSolve_Private() at /g/data/fp50/apps/petsc/main-20260815/src/ksp/ksp/interface/itfunc.c:858
[491]PETSC ERROR: #10 KSPSolve() at /g/data/fp50/apps/petsc/main-20260815/src/ksp/ksp/interface/itfunc.c:1113
[491]PETSC ERROR: #11 SNESSolve_NEWTONLS() at /g/data/fp50/apps/petsc/main-20260815/src/snes/impls/ls/ls.c:220
[491]PETSC ERROR: #12 SNESSolve() at /g/data/fp50/apps/petsc/main-20260815/src/snes/interface/snes.c:5004

======================================================================================
                  Resource Usage on 2026-08-21 02:30:35:
   Job Id:             176848305.gadi-pbs
   Project:            xd2
   Exit Status:        -29 (Job failed due to exceeding walltime)
   Service Units:      5031.29
   NCPUs Requested:    832                 CPU Time Used: 2506:45:24      
   Memory Requested:   3.91TB                Memory Used: 843.24GB        
   Walltime Requested: 03:00:00            Walltime Used: 03:01:25        
   JobFS Requested:    400.0GB                JobFS Used: 94.13MB         
======================================================================================
