=== Job info ===
Phase: smoke
Solver: vlumping_linesmooth
Scale: smoke
Nodes: 1
CPUs: 104
Firedrake module: firedrake/main-20260806
G-ADOPT source: /scratch/xd2/sg8812/morrow2026-profile-stage2-20260820T053301Z/source/g-adopt
PETSC_OPTIONS: -log_view :/scratch/xd2/sg8812/morrow2026-profile-stage2-20260820T053301Z/smoke/results/vlumping_linesmooth/smoke.profile -BackwardEuler-Equation_lumped_pc_mg_log
Date: 2026-08-20T05:48:47Z
Command: python /scratch/xd2/sg8812/morrow2026-profile-stage2-20260820T053301Z/source/morrow/parallel_scaling/murrumbidgee_3d.py --horiz-res 1775 --layers 150 --solver vlumping_linesmooth --refinement-levels 0 --dt-init 60 --dt-max 43200 --dt-growth 1.5 --dt-shrink 0.5 --t-final 150 --data-dir /scratch/xd2/sg8812/morrow2026-profile-stage2-20260820T053301Z/source/morrow/parallel_scaling/murrumbidgee_data --profile
================
Number of degrees of freedom: 20040300
Horizontal resolution: 1775.0 m, Layers: 150, DG1
Time stepper: BackwardEuler, dt_init = 60.0 s, dt_max = 43200.0 s, growth = 1.5
Solver: vlumping_linesmooth
Solver parameters: {'ksp_type': 'fgmres', 'ksp_rtol': 0.0001, 'ksp_max_it': 200, 'ksp_gmres_restart': 30, 'pc_type': 'python', 'pc_python_type': 'solvers.vlumping.VerticallyLumpedPC', 'lumped_mg_levels_ksp_type': 'chebyshev', 'lumped_mg_levels_ksp_max_it': 1, 'lumped_mg_levels_ksp_convergence_test': 'skip', 'lumped_mg_levels_pc_type': 'python', 'lumped_mg_levels_pc_python_type': 'firedrake.ASMLinesmoothPC', 'lumped_mg_levels_pc_linesmooth_codims': '0', 'lumped_mg_levels_pc_linesmooth_sub_sub_pc_type': 'lu', 'lumped_mg_levels_pc_linesmooth_sub_sub_pc_factor_mat_ordering_type': 'natural', 'lumped_mg_coarse_ksp_type': 'preonly', 'lumped_mg_coarse_pc_type': 'lu', 'lumped_mg_coarse_pc_factor_mat_solver_type': 'mumps', 'snes_type': 'newtonls', 'snes_linesearch_type': 'bt', 'snes_rtol': 1e-08, 'snes_atol': 1e-08, 'snes_max_it': 50}
          Linear BackwardEuler-Equation_lumped_mg_coarse_ solve converged due to CONVERGED_ITS iterations 1
          Linear BackwardEuler-Equation_lumped_mg_coarse_ solve converged due to CONVERGED_ITS iterations 1
    Linear BackwardEuler-Equation_ solve converged due to CONVERGED_RTOL iterations 2
          Linear BackwardEuler-Equation_lumped_mg_coarse_ solve converged due to CONVERGED_ITS iterations 1
          Linear BackwardEuler-Equation_lumped_mg_coarse_ solve converged due to CONVERGED_ITS iterations 1
          Linear BackwardEuler-Equation_lumped_mg_coarse_ solve converged due to CONVERGED_ITS iterations 1
          Linear BackwardEuler-Equation_lumped_mg_coarse_ solve converged due to CONVERGED_ITS iterations 1
          Linear BackwardEuler-Equation_lumped_mg_coarse_ solve converged due to CONVERGED_ITS iterations 1
          Linear BackwardEuler-Equation_lumped_mg_coarse_ solve converged due to CONVERGED_ITS iterations 1
          Linear BackwardEuler-Equation_lumped_mg_coarse_ solve converged due to CONVERGED_ITS iterations 1
          Linear BackwardEuler-Equation_lumped_mg_coarse_ solve converged due to CONVERGED_ITS iterations 1
          Linear BackwardEuler-Equation_lumped_mg_coarse_ solve converged due to CONVERGED_ITS iterations 1
    Linear BackwardEuler-Equation_ solve converged due to CONVERGED_RTOL iterations 9
          Linear BackwardEuler-Equation_lumped_mg_coarse_ solve converged due to CONVERGED_ITS iterations 1
          Linear BackwardEuler-Equation_lumped_mg_coarse_ solve converged due to CONVERGED_ITS iterations 1
          Linear BackwardEuler-Equation_lumped_mg_coarse_ solve converged due to CONVERGED_ITS iterations 1
          Linear BackwardEuler-Equation_lumped_mg_coarse_ solve converged due to CONVERGED_ITS iterations 1
    Linear BackwardEuler-Equation_ solve converged due to CONVERGED_RTOL iterations 4
  Nonlinear BackwardEuler-Equation_ solve converged due to CONVERGED_SNORM_RELATIVE iterations 3
t = 0.00 d | step 1/100000 | dt = 60.0 s | wall 25.77 s | NL 3 | L 15
          Linear BackwardEuler-Equation_lumped_mg_coarse_ solve converged due to CONVERGED_ITS iterations 1
          Linear BackwardEuler-Equation_lumped_mg_coarse_ solve converged due to CONVERGED_ITS iterations 1
    Linear BackwardEuler-Equation_ solve converged due to CONVERGED_RTOL iterations 2
          Linear BackwardEuler-Equation_lumped_mg_coarse_ solve converged due to CONVERGED_ITS iterations 1
          Linear BackwardEuler-Equation_lumped_mg_coarse_ solve converged due to CONVERGED_ITS iterations 1
          Linear BackwardEuler-Equation_lumped_mg_coarse_ solve converged due to CONVERGED_ITS iterations 1
          Linear BackwardEuler-Equation_lumped_mg_coarse_ solve converged due to CONVERGED_ITS iterations 1
          Linear BackwardEuler-Equation_lumped_mg_coarse_ solve converged due to CONVERGED_ITS iterations 1
          Linear BackwardEuler-Equation_lumped_mg_coarse_ solve converged due to CONVERGED_ITS iterations 1
          Linear BackwardEuler-Equation_lumped_mg_coarse_ solve converged due to CONVERGED_ITS iterations 1
    Linear BackwardEuler-Equation_ solve converged due to CONVERGED_RTOL iterations 7
          Linear BackwardEuler-Equation_lumped_mg_coarse_ solve converged due to CONVERGED_ITS iterations 1
          Linear BackwardEuler-Equation_lumped_mg_coarse_ solve converged due to CONVERGED_ITS iterations 1
          Linear BackwardEuler-Equation_lumped_mg_coarse_ solve converged due to CONVERGED_ITS iterations 1
          Linear BackwardEuler-Equation_lumped_mg_coarse_ solve converged due to CONVERGED_ITS iterations 1
          Linear BackwardEuler-Equation_lumped_mg_coarse_ solve converged due to CONVERGED_ITS iterations 1
          Linear BackwardEuler-Equation_lumped_mg_coarse_ solve converged due to CONVERGED_ITS iterations 1
    Linear BackwardEuler-Equation_ solve converged due to CONVERGED_RTOL iterations 6
  Nonlinear BackwardEuler-Equation_ solve converged due to CONVERGED_SNORM_RELATIVE iterations 3
t = 0.00 d | step 2/100000 | dt = 90.0 s | wall 4.96 s | NL 3 | L 15
Done | total NL 6 | total L 30 | mean wall/step 15.36 s | peak RSS 1079 MB | steps 2 | failed 0 | sim_time 0.00 d
=== Job completed: 2026-08-20T05:50:24Z ===

======================================================================================
                  Resource Usage on 2026-08-20 15:50:28:
   Job Id:             176801493.gadi-pbs
   Project:            xd2
   Exit Status:        0
   Service Units:      5.72
   NCPUs Requested:    104                 CPU Time Used: 02:35:44        
   Memory Requested:   500.0GB               Memory Used: 84.96GB         
   Walltime Requested: 01:00:00            Walltime Used: 00:01:39        
   JobFS Requested:    400.0GB                JobFS Used: 140.13MB        
======================================================================================
