=== Job info ===
Phase: production
Case: murr_horizontal
Scale: h1
Solver: bjacobi
Nodes: 1
CPUs: 104
Walltime limit: 06:00:00
Firedrake module: firedrake/main-20260806
G-ADOPT source: /scratch/xd2/sg8812/morrow2026-bjacobi-matrix-20260820T070948Z/source/g-adopt
PETSC_OPTIONS: -log_view :/scratch/xd2/sg8812/morrow2026-bjacobi-matrix-20260820T070948Z/production/results/murr_horizontal/h1/run.profile
Date: 2026-08-20T07:26:32Z
Command: python /scratch/xd2/sg8812/morrow2026-bjacobi-matrix-20260820T070948Z/source/morrow/parallel_scaling/murrumbidgee_3d.py --horiz-res 1775 --layers 300 --solver bjacobi --refinement-levels 0 --dt-init 60 --dt-max 43200 --dt-growth 1.5 --dt-shrink 0.5 --t-final 2592000 --data-dir /scratch/xd2/sg8812/morrow2026-bjacobi-matrix-20260820T070948Z/source/morrow/parallel_scaling/murrumbidgee_data --profile
================
Number of degrees of freedom: 40080600
Horizontal resolution: 1775.0 m, Layers: 300, DG1
Time stepper: BackwardEuler, dt_init = 60.0 s, dt_max = 43200.0 s, growth = 1.5
Solver: bjacobi
Solver parameters: {'ksp_type': 'gmres', 'ksp_rtol': 1e-06, 'ksp_max_it': 500, 'ksp_gmres_restart': 30, 'pc_type': 'bjacobi', 'sub_ksp_type': 'preonly', 'sub_pc_type': 'ilu', 'sub_pc_factor_levels': 0, 'snes_type': 'newtonls', 'snes_linesearch_type': 'bt', 'snes_rtol': 1e-08, 'snes_atol': 1e-08, 'snes_max_it': 50}
    Linear BackwardEuler-Equation_ solve converged due to CONVERGED_RTOL iterations 33
    Linear BackwardEuler-Equation_ solve converged due to CONVERGED_RTOL iterations 33
  Nonlinear BackwardEuler-Equation_ solve converged due to CONVERGED_SNORM_RELATIVE iterations 2
t = 0.00 d | step 1/100000 | dt = 60.0 s | wall 28.73 s | NL 2 | L 66
    Linear BackwardEuler-Equation_ solve converged due to CONVERGED_RTOL iterations 25
    Linear BackwardEuler-Equation_ solve converged due to CONVERGED_RTOL iterations 30
  Nonlinear BackwardEuler-Equation_ solve converged due to CONVERGED_SNORM_RELATIVE iterations 2
t = 0.00 d | step 2/100000 | dt = 90.0 s | wall 8.05 s | NL 2 | L 55
    Linear BackwardEuler-Equation_ solve converged due to CONVERGED_RTOL iterations 24
    Linear BackwardEuler-Equation_ solve converged due to CONVERGED_RTOL iterations 30
  Nonlinear BackwardEuler-Equation_ solve converged due to CONVERGED_SNORM_RELATIVE iterations 2
t = 0.00 d | step 3/100000 | dt = 135.0 s | wall 7.84 s | NL 2 | L 54
    Linear BackwardEuler-Equation_ solve converged due to CONVERGED_RTOL iterations 23
    Linear BackwardEuler-Equation_ solve converged due to CONVERGED_RTOL iterations 30
  Nonlinear BackwardEuler-Equation_ solve converged due to CONVERGED_SNORM_RELATIVE iterations 2
t = 0.01 d | step 4/100000 | dt = 202.5 s | wall 7.61 s | NL 2 | L 53
    Linear BackwardEuler-Equation_ solve converged due to CONVERGED_RTOL iterations 22
    Linear BackwardEuler-Equation_ solve converged due to CONVERGED_RTOL iterations 30
  Nonlinear BackwardEuler-Equation_ solve converged due to CONVERGED_SNORM_RELATIVE iterations 2
t = 0.01 d | step 5/100000 | dt = 303.8 s | wall 7.69 s | NL 2 | L 52
    Linear BackwardEuler-Equation_ solve converged due to CONVERGED_RTOL iterations 21
    Linear BackwardEuler-Equation_ solve converged due to CONVERGED_RTOL iterations 26
  Nonlinear BackwardEuler-Equation_ solve converged due to CONVERGED_SNORM_RELATIVE iterations 2
t = 0.01 d | step 6/100000 | dt = 455.6 s | wall 6.95 s | NL 2 | L 47
    Linear BackwardEuler-Equation_ solve converged due to CONVERGED_RTOL iterations 20
    Linear BackwardEuler-Equation_ solve converged due to CONVERGED_RTOL iterations 25
  Nonlinear BackwardEuler-Equation_ solve converged due to CONVERGED_SNORM_RELATIVE iterations 2
t = 0.02 d | step 7/100000 | dt = 683.4 s | wall 6.68 s | NL 2 | L 45
    Linear BackwardEuler-Equation_ solve converged due to CONVERGED_RTOL iterations 20
    Linear BackwardEuler-Equation_ solve converged due to CONVERGED_RTOL iterations 24
  Nonlinear BackwardEuler-Equation_ solve converged due to CONVERGED_SNORM_RELATIVE iterations 2
t = 0.03 d | step 8/100000 | dt = 1025.2 s | wall 6.62 s | NL 2 | L 44
    Linear BackwardEuler-Equation_ solve converged due to CONVERGED_RTOL iterations 20
    Linear BackwardEuler-Equation_ solve converged due to CONVERGED_RTOL iterations 24
  Nonlinear BackwardEuler-Equation_ solve converged due to CONVERGED_SNORM_RELATIVE iterations 2
t = 0.05 d | step 9/100000 | dt = 1537.7 s | wall 6.64 s | NL 2 | L 44
    Linear BackwardEuler-Equation_ solve converged due to CONVERGED_RTOL iterations 20
    Linear BackwardEuler-Equation_ solve converged due to CONVERGED_RTOL iterations 24
  Nonlinear BackwardEuler-Equation_ solve converged due to CONVERGED_SNORM_RELATIVE iterations 2
t = 0.08 d | step 10/100000 | dt = 2306.6 s | wall 6.61 s | NL 2 | L 44
    Linear BackwardEuler-Equation_ solve converged due to CONVERGED_RTOL iterations 21
    Linear BackwardEuler-Equation_ solve converged due to CONVERGED_RTOL iterations 23
  Nonlinear BackwardEuler-Equation_ solve converged due to CONVERGED_SNORM_RELATIVE iterations 2
t = 0.12 d | step 11/100000 | dt = 3459.9 s | wall 6.61 s | NL 2 | L 44
    Linear BackwardEuler-Equation_ solve converged due to CONVERGED_RTOL iterations 21
    Linear BackwardEuler-Equation_ solve converged due to CONVERGED_RTOL iterations 23
    Linear BackwardEuler-Equation_ solve converged due to CONVERGED_RTOL iterations 35
  Nonlinear BackwardEuler-Equation_ solve converged due to CONVERGED_SNORM_RELATIVE iterations 3
t = 0.18 d | step 12/100000 | dt = 5189.9 s | wall 11.29 s | NL 3 | L 79
    Linear BackwardEuler-Equation_ solve converged due to CONVERGED_RTOL iterations 21
    Linear BackwardEuler-Equation_ solve converged due to CONVERGED_RTOL iterations 24
    Linear BackwardEuler-Equation_ solve converged due to CONVERGED_RTOL iterations 34
  Nonlinear BackwardEuler-Equation_ solve converged due to CONVERGED_SNORM_RELATIVE iterations 3
t = 0.27 d | step 13/100000 | dt = 7784.8 s | wall 11.32 s | NL 3 | L 79
    Linear BackwardEuler-Equation_ solve converged due to CONVERGED_RTOL iterations 21
    Linear BackwardEuler-Equation_ solve converged due to CONVERGED_RTOL iterations 23
    Linear BackwardEuler-Equation_ solve converged due to CONVERGED_RTOL iterations 34
  Nonlinear BackwardEuler-Equation_ solve converged due to CONVERGED_SNORM_RELATIVE iterations 3
t = 0.40 d | step 14/100000 | dt = 11677.2 s | wall 11.26 s | NL 3 | L 78
    Linear BackwardEuler-Equation_ solve converged due to CONVERGED_RTOL iterations 21
    Linear BackwardEuler-Equation_ solve converged due to CONVERGED_RTOL iterations 23
    Linear BackwardEuler-Equation_ solve converged due to CONVERGED_RTOL iterations 35
  Nonlinear BackwardEuler-Equation_ solve converged due to CONVERGED_SNORM_RELATIVE iterations 3
t = 0.61 d | step 15/100000 | dt = 17515.8 s | wall 11.26 s | NL 3 | L 79
    Linear BackwardEuler-Equation_ solve converged due to CONVERGED_RTOL iterations 21
    Linear BackwardEuler-Equation_ solve converged due to CONVERGED_RTOL iterations 22
    Linear BackwardEuler-Equation_ solve converged due to CONVERGED_RTOL iterations 33
  Nonlinear BackwardEuler-Equation_ solve converged due to CONVERGED_SNORM_RELATIVE iterations 3
t = 0.91 d | step 16/100000 | dt = 26273.6 s | wall 11.10 s | NL 3 | L 76
    Linear BackwardEuler-Equation_ solve converged due to CONVERGED_RTOL iterations 21
    Linear BackwardEuler-Equation_ solve converged due to CONVERGED_RTOL iterations 23
    Linear BackwardEuler-Equation_ solve converged due to CONVERGED_RTOL iterations 35
  Nonlinear BackwardEuler-Equation_ solve converged due to CONVERGED_SNORM_RELATIVE iterations 3
t = 1.37 d | step 17/100000 | dt = 39410.5 s | wall 11.34 s | NL 3 | L 79
    Linear BackwardEuler-Equation_ solve converged due to CONVERGED_RTOL iterations 21
    Linear BackwardEuler-Equation_ solve converged due to CONVERGED_RTOL iterations 24
    Linear BackwardEuler-Equation_ solve converged due to CONVERGED_RTOL iterations 34
  Nonlinear BackwardEuler-Equation_ solve converged due to CONVERGED_SNORM_RELATIVE iterations 3
t = 1.87 d | step 18/100000 | dt = 43200.0 s | wall 11.48 s | NL 3 | L 79
    Linear BackwardEuler-Equation_ solve converged due to CONVERGED_RTOL iterations 21
    Linear BackwardEuler-Equation_ solve converged due to CONVERGED_RTOL iterations 24
    Linear BackwardEuler-Equation_ solve converged due to CONVERGED_RTOL iterations 34
  Nonlinear BackwardEuler-Equation_ solve converged due to CONVERGED_SNORM_RELATIVE iterations 3
t = 2.37 d | step 19/100000 | dt = 43200.0 s | wall 11.41 s | NL 3 | L 79
    Linear BackwardEuler-Equation_ solve converged due to CONVERGED_RTOL iterations 21
    Linear BackwardEuler-Equation_ solve converged due to CONVERGED_RTOL iterations 24
    Linear BackwardEuler-Equation_ solve converged due to CONVERGED_RTOL iterations 35
  Nonlinear BackwardEuler-Equation_ solve converged due to CONVERGED_SNORM_RELATIVE iterations 3
t = 2.87 d | step 20/100000 | dt = 43200.0 s | wall 11.44 s | NL 3 | L 80
    Linear BackwardEuler-Equation_ solve converged due to CONVERGED_RTOL iterations 21
    Linear BackwardEuler-Equation_ solve converged due to CONVERGED_RTOL iterations 24
    Linear BackwardEuler-Equation_ solve converged due to CONVERGED_RTOL iterations 34
  Nonlinear BackwardEuler-Equation_ solve converged due to CONVERGED_SNORM_RELATIVE iterations 3
t = 3.37 d | step 21/100000 | dt = 43200.0 s | wall 11.28 s | NL 3 | L 79
    Linear BackwardEuler-Equation_ solve converged due to CONVERGED_RTOL iterations 21
    Linear BackwardEuler-Equation_ solve converged due to CONVERGED_RTOL iterations 24
    Linear BackwardEuler-Equation_ solve converged due to CONVERGED_RTOL iterations 34
  Nonlinear BackwardEuler-Equation_ solve converged due to CONVERGED_SNORM_RELATIVE iterations 3
t = 3.87 d | step 22/100000 | dt = 43200.0 s | wall 11.39 s | NL 3 | L 79
    Linear BackwardEuler-Equation_ solve converged due to CONVERGED_RTOL iterations 21
    Linear BackwardEuler-Equation_ solve converged due to CONVERGED_RTOL iterations 25
    Linear BackwardEuler-Equation_ solve converged due to CONVERGED_RTOL iterations 34
  Nonlinear BackwardEuler-Equation_ solve converged due to CONVERGED_SNORM_RELATIVE iterations 3
t = 4.37 d | step 23/100000 | dt = 43200.0 s | wall 11.53 s | NL 3 | L 80
    Linear BackwardEuler-Equation_ solve converged due to CONVERGED_RTOL iterations 22
    Linear BackwardEuler-Equation_ solve converged due to CONVERGED_RTOL iterations 25
    Linear BackwardEuler-Equation_ solve converged due to CONVERGED_RTOL iterations 33
  Nonlinear BackwardEuler-Equation_ solve converged due to CONVERGED_SNORM_RELATIVE iterations 3
t = 4.87 d | step 24/100000 | dt = 43200.0 s | wall 11.56 s | NL 3 | L 80
    Linear BackwardEuler-Equation_ solve converged due to CONVERGED_RTOL iterations 22
    Linear BackwardEuler-Equation_ solve converged due to CONVERGED_RTOL iterations 25
    Linear BackwardEuler-Equation_ solve converged due to CONVERGED_RTOL iterations 33
  Nonlinear BackwardEuler-Equation_ solve converged due to CONVERGED_SNORM_RELATIVE iterations 3
t = 5.37 d | step 25/100000 | dt = 43200.0 s | wall 11.66 s | NL 3 | L 80
    Linear BackwardEuler-Equation_ solve converged due to CONVERGED_RTOL iterations 22
    Linear BackwardEuler-Equation_ solve converged due to CONVERGED_RTOL iterations 25
    Linear BackwardEuler-Equation_ solve converged due to CONVERGED_RTOL iterations 33
  Nonlinear BackwardEuler-Equation_ solve converged due to CONVERGED_SNORM_RELATIVE iterations 3
t = 5.87 d | step 26/100000 | dt = 43200.0 s | wall 11.51 s | NL 3 | L 80
    Linear BackwardEuler-Equation_ solve converged due to CONVERGED_RTOL iterations 22
    Linear BackwardEuler-Equation_ solve converged due to CONVERGED_RTOL iterations 25
    Linear BackwardEuler-Equation_ solve converged due to CONVERGED_RTOL iterations 33
  Nonlinear BackwardEuler-Equation_ solve converged due to CONVERGED_SNORM_RELATIVE iterations 3
t = 6.37 d | step 27/100000 | dt = 43200.0 s | wall 11.57 s | NL 3 | L 80
    Linear BackwardEuler-Equation_ solve converged due to CONVERGED_RTOL iterations 22
    Linear BackwardEuler-Equation_ solve converged due to CONVERGED_RTOL iterations 25
    Linear BackwardEuler-Equation_ solve converged due to CONVERGED_RTOL iterations 36
  Nonlinear BackwardEuler-Equation_ solve converged due to CONVERGED_SNORM_RELATIVE iterations 3
t = 6.87 d | step 28/100000 | dt = 43200.0 s | wall 11.74 s | NL 3 | L 83
    Linear BackwardEuler-Equation_ solve converged due to CONVERGED_RTOL iterations 22
    Linear BackwardEuler-Equation_ solve converged due to CONVERGED_RTOL iterations 25
    Linear BackwardEuler-Equation_ solve converged due to CONVERGED_RTOL iterations 34
  Nonlinear BackwardEuler-Equation_ solve converged due to CONVERGED_SNORM_RELATIVE iterations 3
t = 7.37 d | step 29/100000 | dt = 43200.0 s | wall 11.73 s | NL 3 | L 81
    Linear BackwardEuler-Equation_ solve converged due to CONVERGED_RTOL iterations 22
    Linear BackwardEuler-Equation_ solve converged due to CONVERGED_RTOL iterations 26
    Linear BackwardEuler-Equation_ solve converged due to CONVERGED_RTOL iterations 34
  Nonlinear BackwardEuler-Equation_ solve converged due to CONVERGED_SNORM_RELATIVE iterations 3
t = 7.87 d | step 30/100000 | dt = 43200.0 s | wall 11.76 s | NL 3 | L 82
    Linear BackwardEuler-Equation_ solve converged due to CONVERGED_RTOL iterations 22
    Linear BackwardEuler-Equation_ solve converged due to CONVERGED_RTOL iterations 27
    Linear BackwardEuler-Equation_ solve converged due to CONVERGED_RTOL iterations 33
  Nonlinear BackwardEuler-Equation_ solve converged due to CONVERGED_SNORM_RELATIVE iterations 3
t = 8.37 d | step 31/100000 | dt = 43200.0 s | wall 11.73 s | NL 3 | L 82
    Linear BackwardEuler-Equation_ solve converged due to CONVERGED_RTOL iterations 22
    Linear BackwardEuler-Equation_ solve converged due to CONVERGED_RTOL iterations 26
    Linear BackwardEuler-Equation_ solve converged due to CONVERGED_RTOL iterations 35
  Nonlinear BackwardEuler-Equation_ solve converged due to CONVERGED_SNORM_RELATIVE iterations 3
t = 8.87 d | step 32/100000 | dt = 43200.0 s | wall 11.92 s | NL 3 | L 83
    Linear BackwardEuler-Equation_ solve converged due to CONVERGED_RTOL iterations 22
    Linear BackwardEuler-Equation_ solve converged due to CONVERGED_RTOL iterations 26
    Linear BackwardEuler-Equation_ solve converged due to CONVERGED_RTOL iterations 34
  Nonlinear BackwardEuler-Equation_ solve converged due to CONVERGED_SNORM_RELATIVE iterations 3
t = 9.37 d | step 33/100000 | dt = 43200.0 s | wall 11.66 s | NL 3 | L 82
    Linear BackwardEuler-Equation_ solve converged due to CONVERGED_RTOL iterations 22
    Linear BackwardEuler-Equation_ solve converged due to CONVERGED_RTOL iterations 26
    Linear BackwardEuler-Equation_ solve converged due to CONVERGED_RTOL iterations 34
  Nonlinear BackwardEuler-Equation_ solve converged due to CONVERGED_SNORM_RELATIVE iterations 3
t = 9.87 d | step 34/100000 | dt = 43200.0 s | wall 11.76 s | NL 3 | L 82
    Linear BackwardEuler-Equation_ solve converged due to CONVERGED_RTOL iterations 22
    Linear BackwardEuler-Equation_ solve converged due to CONVERGED_RTOL iterations 26
    Linear BackwardEuler-Equation_ solve converged due to CONVERGED_RTOL iterations 34
  Nonlinear BackwardEuler-Equation_ solve converged due to CONVERGED_SNORM_RELATIVE iterations 3
t = 10.37 d | step 35/100000 | dt = 43200.0 s | wall 11.89 s | NL 3 | L 82
    Linear BackwardEuler-Equation_ solve converged due to CONVERGED_RTOL iterations 22
    Linear BackwardEuler-Equation_ solve converged due to CONVERGED_RTOL iterations 26
    Linear BackwardEuler-Equation_ solve converged due to CONVERGED_RTOL iterations 35
  Nonlinear BackwardEuler-Equation_ solve converged due to CONVERGED_SNORM_RELATIVE iterations 3
t = 10.87 d | step 36/100000 | dt = 43200.0 s | wall 11.75 s | NL 3 | L 83
    Linear BackwardEuler-Equation_ solve converged due to CONVERGED_RTOL iterations 22
    Linear BackwardEuler-Equation_ solve converged due to CONVERGED_RTOL iterations 26
    Linear BackwardEuler-Equation_ solve converged due to CONVERGED_RTOL iterations 35
  Nonlinear BackwardEuler-Equation_ solve converged due to CONVERGED_SNORM_RELATIVE iterations 3
t = 11.37 d | step 37/100000 | dt = 43200.0 s | wall 11.83 s | NL 3 | L 83
    Linear BackwardEuler-Equation_ solve converged due to CONVERGED_RTOL iterations 22
    Linear BackwardEuler-Equation_ solve converged due to CONVERGED_RTOL iterations 27
    Linear BackwardEuler-Equation_ solve converged due to CONVERGED_RTOL iterations 33
  Nonlinear BackwardEuler-Equation_ solve converged due to CONVERGED_SNORM_RELATIVE iterations 3
t = 11.87 d | step 38/100000 | dt = 43200.0 s | wall 11.82 s | NL 3 | L 82
    Linear BackwardEuler-Equation_ solve converged due to CONVERGED_RTOL iterations 22
    Linear BackwardEuler-Equation_ solve converged due to CONVERGED_RTOL iterations 26
    Linear BackwardEuler-Equation_ solve converged due to CONVERGED_RTOL iterations 36
  Nonlinear BackwardEuler-Equation_ solve converged due to CONVERGED_SNORM_RELATIVE iterations 3
t = 12.37 d | step 39/100000 | dt = 43200.0 s | wall 11.97 s | NL 3 | L 84
    Linear BackwardEuler-Equation_ solve converged due to CONVERGED_RTOL iterations 22
    Linear BackwardEuler-Equation_ solve converged due to CONVERGED_RTOL iterations 26
    Linear BackwardEuler-Equation_ solve converged due to CONVERGED_RTOL iterations 34
  Nonlinear BackwardEuler-Equation_ solve converged due to CONVERGED_SNORM_RELATIVE iterations 3
t = 12.87 d | step 40/100000 | dt = 43200.0 s | wall 11.70 s | NL 3 | L 82
    Linear BackwardEuler-Equation_ solve converged due to CONVERGED_RTOL iterations 22
    Linear BackwardEuler-Equation_ solve converged due to CONVERGED_RTOL iterations 27
    Linear BackwardEuler-Equation_ solve converged due to CONVERGED_RTOL iterations 35
  Nonlinear BackwardEuler-Equation_ solve converged due to CONVERGED_SNORM_RELATIVE iterations 3
t = 13.37 d | step 41/100000 | dt = 43200.0 s | wall 11.97 s | NL 3 | L 84
    Linear BackwardEuler-Equation_ solve converged due to CONVERGED_RTOL iterations 22
    Linear BackwardEuler-Equation_ solve converged due to CONVERGED_RTOL iterations 27
    Linear BackwardEuler-Equation_ solve converged due to CONVERGED_RTOL iterations 35
  Nonlinear BackwardEuler-Equation_ solve converged due to CONVERGED_SNORM_RELATIVE iterations 3
t = 13.87 d | step 42/100000 | dt = 43200.0 s | wall 11.96 s | NL 3 | L 84
    Linear BackwardEuler-Equation_ solve converged due to CONVERGED_RTOL iterations 22
    Linear BackwardEuler-Equation_ solve converged due to CONVERGED_RTOL iterations 26
    Linear BackwardEuler-Equation_ solve converged due to CONVERGED_RTOL iterations 33
  Nonlinear BackwardEuler-Equation_ solve converged due to CONVERGED_SNORM_RELATIVE iterations 3
t = 14.37 d | step 43/100000 | dt = 43200.0 s | wall 11.60 s | NL 3 | L 81
    Linear BackwardEuler-Equation_ solve converged due to CONVERGED_RTOL iterations 22
    Linear BackwardEuler-Equation_ solve converged due to CONVERGED_RTOL iterations 26
    Linear BackwardEuler-Equation_ solve converged due to CONVERGED_RTOL iterations 35
  Nonlinear BackwardEuler-Equation_ solve converged due to CONVERGED_SNORM_RELATIVE iterations 3
t = 14.87 d | step 44/100000 | dt = 43200.0 s | wall 11.82 s | NL 3 | L 83
    Linear BackwardEuler-Equation_ solve converged due to CONVERGED_RTOL iterations 22
    Linear BackwardEuler-Equation_ solve converged due to CONVERGED_RTOL iterations 27
    Linear BackwardEuler-Equation_ solve converged due to CONVERGED_RTOL iterations 34
  Nonlinear BackwardEuler-Equation_ solve converged due to CONVERGED_SNORM_RELATIVE iterations 3
t = 15.37 d | step 45/100000 | dt = 43200.0 s | wall 11.88 s | NL 3 | L 83
    Linear BackwardEuler-Equation_ solve converged due to CONVERGED_RTOL iterations 22
    Linear BackwardEuler-Equation_ solve converged due to CONVERGED_RTOL iterations 26
    Linear BackwardEuler-Equation_ solve converged due to CONVERGED_RTOL iterations 34
  Nonlinear BackwardEuler-Equation_ solve converged due to CONVERGED_SNORM_RELATIVE iterations 3
t = 15.87 d | step 46/100000 | dt = 43200.0 s | wall 11.77 s | NL 3 | L 82
    Linear BackwardEuler-Equation_ solve converged due to CONVERGED_RTOL iterations 22
    Linear BackwardEuler-Equation_ solve converged due to CONVERGED_RTOL iterations 26
    Linear BackwardEuler-Equation_ solve converged due to CONVERGED_RTOL iterations 36
  Nonlinear BackwardEuler-Equation_ solve converged due to CONVERGED_SNORM_RELATIVE iterations 3
t = 16.37 d | step 47/100000 | dt = 43200.0 s | wall 11.99 s | NL 3 | L 84
    Linear BackwardEuler-Equation_ solve converged due to CONVERGED_RTOL iterations 22
    Linear BackwardEuler-Equation_ solve converged due to CONVERGED_RTOL iterations 26
    Linear BackwardEuler-Equation_ solve converged due to CONVERGED_RTOL iterations 35
  Nonlinear BackwardEuler-Equation_ solve converged due to CONVERGED_SNORM_RELATIVE iterations 3
t = 16.87 d | step 48/100000 | dt = 43200.0 s | wall 11.92 s | NL 3 | L 83
    Linear BackwardEuler-Equation_ solve converged due to CONVERGED_RTOL iterations 22
    Linear BackwardEuler-Equation_ solve converged due to CONVERGED_RTOL iterations 27
    Linear BackwardEuler-Equation_ solve converged due to CONVERGED_RTOL iterations 34
  Nonlinear BackwardEuler-Equation_ solve converged due to CONVERGED_SNORM_RELATIVE iterations 3
t = 17.37 d | step 49/100000 | dt = 43200.0 s | wall 11.85 s | NL 3 | L 83
    Linear BackwardEuler-Equation_ solve converged due to CONVERGED_RTOL iterations 22
    Linear BackwardEuler-Equation_ solve converged due to CONVERGED_RTOL iterations 27
    Linear BackwardEuler-Equation_ solve converged due to CONVERGED_RTOL iterations 35
  Nonlinear BackwardEuler-Equation_ solve converged due to CONVERGED_SNORM_RELATIVE iterations 3
t = 17.87 d | step 50/100000 | dt = 43200.0 s | wall 11.95 s | NL 3 | L 84
    Linear BackwardEuler-Equation_ solve converged due to CONVERGED_RTOL iterations 22
    Linear BackwardEuler-Equation_ solve converged due to CONVERGED_RTOL iterations 27
    Linear BackwardEuler-Equation_ solve converged due to CONVERGED_RTOL iterations 32
  Nonlinear BackwardEuler-Equation_ solve converged due to CONVERGED_SNORM_RELATIVE iterations 3
t = 18.37 d | step 51/100000 | dt = 43200.0 s | wall 11.81 s | NL 3 | L 81
    Linear BackwardEuler-Equation_ solve converged due to CONVERGED_RTOL iterations 22
    Linear BackwardEuler-Equation_ solve converged due to CONVERGED_RTOL iterations 27
    Linear BackwardEuler-Equation_ solve converged due to CONVERGED_RTOL iterations 34
  Nonlinear BackwardEuler-Equation_ solve converged due to CONVERGED_SNORM_RELATIVE iterations 3
t = 18.87 d | step 52/100000 | dt = 43200.0 s | wall 11.83 s | NL 3 | L 83
    Linear BackwardEuler-Equation_ solve converged due to CONVERGED_RTOL iterations 22
    Linear BackwardEuler-Equation_ solve converged due to CONVERGED_RTOL iterations 28
    Linear BackwardEuler-Equation_ solve converged due to CONVERGED_RTOL iterations 32
  Nonlinear BackwardEuler-Equation_ solve converged due to CONVERGED_SNORM_RELATIVE iterations 3
t = 19.37 d | step 53/100000 | dt = 43200.0 s | wall 11.85 s | NL 3 | L 82
    Linear BackwardEuler-Equation_ solve converged due to CONVERGED_RTOL iterations 22
    Linear BackwardEuler-Equation_ solve converged due to CONVERGED_RTOL iterations 27
    Linear BackwardEuler-Equation_ solve converged due to CONVERGED_RTOL iterations 31
  Nonlinear BackwardEuler-Equation_ solve converged due to CONVERGED_SNORM_RELATIVE iterations 3
t = 19.87 d | step 54/100000 | dt = 43200.0 s | wall 11.60 s | NL 3 | L 80
    Linear BackwardEuler-Equation_ solve converged due to CONVERGED_RTOL iterations 23
    Linear BackwardEuler-Equation_ solve converged due to CONVERGED_RTOL iterations 28
    Linear BackwardEuler-Equation_ solve converged due to CONVERGED_RTOL iterations 34
  Nonlinear BackwardEuler-Equation_ solve converged due to CONVERGED_SNORM_RELATIVE iterations 3
t = 20.37 d | step 55/100000 | dt = 43200.0 s | wall 12.13 s | NL 3 | L 85
    Linear BackwardEuler-Equation_ solve converged due to CONVERGED_RTOL iterations 23
    Linear BackwardEuler-Equation_ solve converged due to CONVERGED_RTOL iterations 28
    Linear BackwardEuler-Equation_ solve converged due to CONVERGED_RTOL iterations 34
  Nonlinear BackwardEuler-Equation_ solve converged due to CONVERGED_SNORM_RELATIVE iterations 3
t = 20.87 d | step 56/100000 | dt = 43200.0 s | wall 12.10 s | NL 3 | L 85
    Linear BackwardEuler-Equation_ solve converged due to CONVERGED_RTOL iterations 23
    Linear BackwardEuler-Equation_ solve converged due to CONVERGED_RTOL iterations 27
    Linear BackwardEuler-Equation_ solve converged due to CONVERGED_RTOL iterations 35
  Nonlinear BackwardEuler-Equation_ solve converged due to CONVERGED_SNORM_RELATIVE iterations 3
t = 21.37 d | step 57/100000 | dt = 43200.0 s | wall 11.97 s | NL 3 | L 85
    Linear BackwardEuler-Equation_ solve converged due to CONVERGED_RTOL iterations 23
    Linear BackwardEuler-Equation_ solve converged due to CONVERGED_RTOL iterations 27
    Linear BackwardEuler-Equation_ solve converged due to CONVERGED_RTOL iterations 34
  Nonlinear BackwardEuler-Equation_ solve converged due to CONVERGED_SNORM_RELATIVE iterations 3
t = 21.87 d | step 58/100000 | dt = 43200.0 s | wall 11.99 s | NL 3 | L 84
    Linear BackwardEuler-Equation_ solve converged due to CONVERGED_RTOL iterations 23
    Linear BackwardEuler-Equation_ solve converged due to CONVERGED_RTOL iterations 27
    Linear BackwardEuler-Equation_ solve converged due to CONVERGED_RTOL iterations 34
  Nonlinear BackwardEuler-Equation_ solve converged due to CONVERGED_SNORM_RELATIVE iterations 3
t = 22.37 d | step 59/100000 | dt = 43200.0 s | wall 12.06 s | NL 3 | L 84
    Linear BackwardEuler-Equation_ solve converged due to CONVERGED_RTOL iterations 23
    Linear BackwardEuler-Equation_ solve converged due to CONVERGED_RTOL iterations 28
    Linear BackwardEuler-Equation_ solve converged due to CONVERGED_RTOL iterations 33
  Nonlinear BackwardEuler-Equation_ solve converged due to CONVERGED_SNORM_RELATIVE iterations 3
t = 22.87 d | step 60/100000 | dt = 43200.0 s | wall 12.06 s | NL 3 | L 84
    Linear BackwardEuler-Equation_ solve converged due to CONVERGED_RTOL iterations 23
    Linear BackwardEuler-Equation_ solve converged due to CONVERGED_RTOL iterations 27
    Linear BackwardEuler-Equation_ solve converged due to CONVERGED_RTOL iterations 34
  Nonlinear BackwardEuler-Equation_ solve converged due to CONVERGED_SNORM_RELATIVE iterations 3
t = 23.37 d | step 61/100000 | dt = 43200.0 s | wall 11.99 s | NL 3 | L 84
    Linear BackwardEuler-Equation_ solve converged due to CONVERGED_RTOL iterations 23
    Linear BackwardEuler-Equation_ solve converged due to CONVERGED_RTOL iterations 27
    Linear BackwardEuler-Equation_ solve converged due to CONVERGED_RTOL iterations 34
  Nonlinear BackwardEuler-Equation_ solve converged due to CONVERGED_SNORM_RELATIVE iterations 3
t = 23.87 d | step 62/100000 | dt = 43200.0 s | wall 12.06 s | NL 3 | L 84
    Linear BackwardEuler-Equation_ solve converged due to CONVERGED_RTOL iterations 23
    Linear BackwardEuler-Equation_ solve converged due to CONVERGED_RTOL iterations 27
    Linear BackwardEuler-Equation_ solve converged due to CONVERGED_RTOL iterations 34
  Nonlinear BackwardEuler-Equation_ solve converged due to CONVERGED_SNORM_RELATIVE iterations 3
t = 24.37 d | step 63/100000 | dt = 43200.0 s | wall 11.96 s | NL 3 | L 84
    Linear BackwardEuler-Equation_ solve converged due to CONVERGED_RTOL iterations 23
    Linear BackwardEuler-Equation_ solve converged due to CONVERGED_RTOL iterations 27
    Linear BackwardEuler-Equation_ solve converged due to CONVERGED_RTOL iterations 34
  Nonlinear BackwardEuler-Equation_ solve converged due to CONVERGED_SNORM_RELATIVE iterations 3
t = 24.87 d | step 64/100000 | dt = 43200.0 s | wall 11.96 s | NL 3 | L 84
    Linear BackwardEuler-Equation_ solve converged due to CONVERGED_RTOL iterations 23
    Linear BackwardEuler-Equation_ solve converged due to CONVERGED_RTOL iterations 27
    Linear BackwardEuler-Equation_ solve converged due to CONVERGED_RTOL iterations 34
  Nonlinear BackwardEuler-Equation_ solve converged due to CONVERGED_SNORM_RELATIVE iterations 3
t = 25.37 d | step 65/100000 | dt = 43200.0 s | wall 12.01 s | NL 3 | L 84
    Linear BackwardEuler-Equation_ solve converged due to CONVERGED_RTOL iterations 23
    Linear BackwardEuler-Equation_ solve converged due to CONVERGED_RTOL iterations 27
  Nonlinear BackwardEuler-Equation_ solve converged due to CONVERGED_SNORM_RELATIVE iterations 2
t = 25.87 d | step 66/100000 | dt = 43200.0 s | wall 7.36 s | NL 2 | L 50
    Linear BackwardEuler-Equation_ solve converged due to CONVERGED_RTOL iterations 23
    Linear BackwardEuler-Equation_ solve converged due to CONVERGED_RTOL iterations 27
  Nonlinear BackwardEuler-Equation_ solve converged due to CONVERGED_SNORM_RELATIVE iterations 2
t = 26.37 d | step 67/100000 | dt = 43200.0 s | wall 7.32 s | NL 2 | L 50
    Linear BackwardEuler-Equation_ solve converged due to CONVERGED_RTOL iterations 23
    Linear BackwardEuler-Equation_ solve converged due to CONVERGED_RTOL iterations 28
  Nonlinear BackwardEuler-Equation_ solve converged due to CONVERGED_SNORM_RELATIVE iterations 2
t = 26.87 d | step 68/100000 | dt = 43200.0 s | wall 7.53 s | NL 2 | L 51
    Linear BackwardEuler-Equation_ solve converged due to CONVERGED_RTOL iterations 23
    Linear BackwardEuler-Equation_ solve converged due to CONVERGED_RTOL iterations 28
  Nonlinear BackwardEuler-Equation_ solve converged due to CONVERGED_SNORM_RELATIVE iterations 2
t = 27.37 d | step 69/100000 | dt = 43200.0 s | wall 7.55 s | NL 2 | L 51
    Linear BackwardEuler-Equation_ solve converged due to CONVERGED_RTOL iterations 23
    Linear BackwardEuler-Equation_ solve converged due to CONVERGED_RTOL iterations 27
  Nonlinear BackwardEuler-Equation_ solve converged due to CONVERGED_SNORM_RELATIVE iterations 2
t = 27.87 d | step 70/100000 | dt = 43200.0 s | wall 7.28 s | NL 2 | L 50
    Linear BackwardEuler-Equation_ solve converged due to CONVERGED_RTOL iterations 23
    Linear BackwardEuler-Equation_ solve converged due to CONVERGED_RTOL iterations 28
  Nonlinear BackwardEuler-Equation_ solve converged due to CONVERGED_SNORM_RELATIVE iterations 2
t = 28.37 d | step 71/100000 | dt = 43200.0 s | wall 7.45 s | NL 2 | L 51
    Linear BackwardEuler-Equation_ solve converged due to CONVERGED_RTOL iterations 23
    Linear BackwardEuler-Equation_ solve converged due to CONVERGED_RTOL iterations 28
  Nonlinear BackwardEuler-Equation_ solve converged due to CONVERGED_SNORM_RELATIVE iterations 2
t = 28.87 d | step 72/100000 | dt = 43200.0 s | wall 7.49 s | NL 2 | L 51
    Linear BackwardEuler-Equation_ solve converged due to CONVERGED_RTOL iterations 23
    Linear BackwardEuler-Equation_ solve converged due to CONVERGED_RTOL iterations 27
  Nonlinear BackwardEuler-Equation_ solve converged due to CONVERGED_SNORM_RELATIVE iterations 2
t = 29.37 d | step 73/100000 | dt = 43200.0 s | wall 7.34 s | NL 2 | L 50
    Linear BackwardEuler-Equation_ solve converged due to CONVERGED_RTOL iterations 23
    Linear BackwardEuler-Equation_ solve converged due to CONVERGED_RTOL iterations 27
  Nonlinear BackwardEuler-Equation_ solve converged due to CONVERGED_SNORM_RELATIVE iterations 2
t = 29.87 d | step 74/100000 | dt = 43200.0 s | wall 7.42 s | NL 2 | L 50
    Linear BackwardEuler-Equation_ solve converged due to CONVERGED_RTOL iterations 23
    Linear BackwardEuler-Equation_ solve converged due to CONVERGED_RTOL iterations 27
  Nonlinear BackwardEuler-Equation_ solve converged due to CONVERGED_SNORM_RELATIVE iterations 2
t = 30.37 d | step 75/100000 | dt = 43200.0 s | wall 7.31 s | NL 2 | L 50
Done | total NL 204 | total L 5473 | mean wall/step 10.77 s | peak RSS 1215 MB | steps 75 | failed 0 | sim_time 30.37 d
=== Job completed: 2026-08-20T07:41:11Z ===

======================================================================================
                  Resource Usage on 2026-08-20 17:41:14:
   Job Id:             176816375.gadi-pbs
   Project:            xd2
   Exit Status:        0
   Service Units:      50.84
   NCPUs Requested:    104                 CPU Time Used: 25:06:38        
   Memory Requested:   500.0GB               Memory Used: 103.69GB        
   Walltime Requested: 06:00:00            Walltime Used: 00:14:40        
   JobFS Requested:    400.0GB                JobFS Used: 148.3MB         
======================================================================================
